| *********************************************************************************************************
| **                                                                                                     **
| **           888888888888                                                                              **
| **         8888888888888888                                                                            **
| **      888888888888888888                                                                             **
| **     888888888888888888                                                                              **
| **    888888888888888                                                                                  **
| **   88888888888888888888                               88888                       8888:              **
| **   8888888888888888888888Z                            88888                       8888:              **
| **   888888888888888888888888?                          88888                       8888:              **
| **   8888888888888      8888888                                        888888       8888:              **
| **    88888888888         888888     8888:     88888    88888        888888888I     8888:    888888    **
| **    8888888888           88888:    8888:     88888    88888      $888888888888    8888:   888888     **
| **    I8Z 88888             88888    8888:     88888    88888    .888888     8888   8888: 888888       **
| **    .8Z 88888             88888    8888:     88888    88888    $88888             8888:88888         **
| **     8I 88888      .=88. .88888    8888:     88888    88888    88888              8888888888         **
| **    :8  88888      888888$8888$    8888:     88888    88888    8888O              88888888888        **
| **   ,7   +88888.     8888888888.    8888:     88888    88888    888888             88888O888888       **
| **         $888888:.   .8888888      88888....888888    88888     888888     8888   8888:  888888      **
| **          I8888888888888888888     888888888888888    88888     O888888888888O    8888:   888888     **
| **            O888888888888888888     88888888888888    88888       88888888888$    8888:    888888    **
| **               8888888Z     888      .8888I  88888    88888         8888888       8888:     888888   **
| **                                                                                                     **
| **                                                                                                     **
| **                                         Copyright (c) 2026                                          **
| **                          Regents of the University of California San Diego                          **
| **                                    & Michigan State University                                      **
| **                                        All Rights Reserved.                                         **
| **                                                                                                     **
| **             This software is subject to the terms of the Mozilla Public License, v. 2.0.            **
| **                                                                                                     **
| *********************************************************************************************************
|                                                                                                          
| Cite this work as:                                                                                       
| Manathunga, M.; O'Hearn, K. A.; Shajan, A.; Smith, J.; Miao, Y.; He, X.; Ayers, K.;                      
| Brothers, E.; Palos, E.; Tripathy, V.; Goetz, A.W.; Merz, K.M. QUICK-26.03.                              
| University of California,San Diego, CA and                                                               
| Michigan State University, East Lansing, MI, 2026                                                        
|                                                                                                          
| If you have any comments or queries, please reach out to us on GitHub issues or discussion sections:     
| https://github.com/merzlab/QUICK.                                                                        
|                                                                                                          
| TASK STARTS ON: Wed Jul 22 18:39:27 2026
| INPUT FILE :    /work2/11707/msun12/stampede3/quickruns/3337069/mph1/morphine_6-31G.in
| OUTPUT FILE:    /work2/11707/msun12/stampede3/quickruns/3337069/mph1/morphine_6-31G.out
| BASIS SET PATH: /home1/11707/msun12/QUICK-install/basis

|------------ GPU INFORMATION ---------------
| CUDA ENABLED DEVICE         :        1
| CUDA DEVICE IN USE          :        0
| CUDA DEVICE NAME            : NVIDIA H100
| CUDA DEVICE PM              :      132
| CUDA DEVICE CORE FREQ(GHZ)  :     1.98
| CUDA DEVICE MEMORY SIZE (MB):    95321
| SUPPORTING CUDA VERSION     :      9.0
|--------------------------------------------

 @ Read Job And Atom

  KEYWORD=DFT B3LYP BASIS=6-31G CUTOFF=1.0E-10 DENSERMS=1.0E-6 ENERGY
 ============== JOB CARD =============
 METHOD = DENSITY FUNCTIONAL THEORY
 DENSITY FUNCTIONAL = B3LYP
 DIRECT SCF 
 SAD INITAL GUESS 
 USE DIIS SCF
 PRINT ENERGY EVERY CYCLE
 READ SAD GUESS FROM FILE
 STANDARD GRID = SG1
 Level shifting allowed after cycle    3
 DIIS error must exceed 0.100 for level shifting
 Max HOMO-LUMO gap to allow level shifting = 0.200
 MAX SCF CYCLES =    200
 MAX DIIS CYCLES =   10
 DELTA DENSITY START CYCLE =    3
 COMPUTATIONAL CUTOFF: 
      TWO-e INTEGRAL         =  0.100E-09
      BASIS SET PRIME        =  0.100E-10
      MATRIX ELEMENTS        =  0.100E-09
      BASIS FUNCTION         =  0.100E-05
      NEAR-LINEAR DEPENDENCY =  0.100E-04
 DENSITY MATRIX MAXIMUM RMS FOR CONVERGENCE  =  0.100E-05
 BASIS SET = 6-31G,  TYPE = CARTESIAN
| BASIS FILE = /home1/11707/msun12/QUICK-install/basis/6-31G.BAS
| DATA FILE  =    /work2/11707/msun12/stampede3/quickruns/3337069/mph1/morphine_6-31G.dat

 @ Finish reading job


 @ Begin SAD initial guess

 For Atom Kind =    1
 ELEMENT = O 
 BASIS FUNCTIONS =    9
 For Atom Kind =    2
 ELEMENT = N 
 BASIS FUNCTIONS =    9
 For Atom Kind =    3
 ELEMENT = C 
 BASIS FUNCTIONS =    9
 For Atom Kind =    4
 ELEMENT = H 
 BASIS FUNCTIONS =    2

 @ Finish SAD initial guess


 @ Begin Reading Molecular Information


 =========== Molecule Input ==========
 TOTAL MOLECULAR CHARGE  =    0    MULTIPLICITY                =    1
 TOTAL ATOM NUMBER       =   40    NUMBER OF ATOM TYPES        =    4
 NUMBER OF HYDROGEN ATOM =   19    NUMBER OF NON-HYDROGEN ATOM =   21
 NUMBER OF ELECTRONS     =  152

 -- INPUT GEOMETRY -- :
    O          -1.9930      -0.4740       1.2005
    O          -2.7826      -2.5168      -0.2218
    O          -3.6220       1.8421       0.5579
    N           3.1777      -0.0101       0.4474
    C           0.3699      -0.7149       0.6616
    C           1.2913      -1.3046      -0.4170
    C           2.3441      -0.2023      -0.7640
    C          -0.9377      -1.4750       0.9848
    C           1.1988      -0.3907       1.9201
    C          -0.2516       0.5302       0.1205
    C           1.6887       1.1052      -1.3279
    C           2.4315       0.4754       1.6126
    C           0.3384       1.4306      -0.7480
    C          -1.3631      -2.5067      -0.0924
    C           0.5066      -1.8183      -1.5971
    C          -1.5672       0.6306       0.5136
    C          -0.7155      -2.3492      -1.4425
    C           4.3733       0.7916       0.2084
    C          -0.4184       2.5415      -1.1246
    C          -2.3310       1.7217       0.1620
    C          -1.7382       2.6936      -0.6541
    H           1.8278      -2.1759      -0.0118
    H           3.0029      -0.6035      -1.5465
    H          -0.8451      -2.0128       1.9373
    H           1.5366      -1.3335       2.3712
    H           0.5899       0.1174       2.6790
    H           1.5474       0.9596      -2.4075
    H           2.3530       1.9680      -1.2194
    H           2.1271       1.5205       1.4760
    H           3.0801       0.4584       2.4975
    H          -1.0772      -3.5067       0.2593
    H           0.9601      -1.7947      -2.5831
    H          -1.2300      -2.7505      -2.3109
    H           4.1500       1.8479       0.0287
    H           4.9380       0.4055      -0.6472
    H           5.0444       0.7352       1.0730
    H          -0.0062       3.2824      -1.8043
    H          -2.3121       3.5638      -0.9645
    H          -3.1557      -2.6446       0.6672
    H          -3.8483       1.0686       1.1031

============== BASIS INFOS ==============
 BASIS FUNCTIONS =  227
 NSHELL =  101 NPRIM  =  538
 JSHELL =  101 JBASIS =  286


 @ End Reading Molecular Information 


 @ Begin XC Quadrature Formation

 OCTAGO: OCTree Algorithm for Grid Operations 
   PRUNING CUTOFF       = 0.100E-06
   INITIAL GRID POINTS  =      151424
|   FINAL GRID POINTS    =       95460
|   SIGNIFICANT NUMBER OF BASIS FUNCTIONS     =      117920
|   SIGNIFICANT NUMBER OF PRIMITIVE FUNCTIONS =      134189

 @ End XC Quadrature Formation


 @ Begin Energy Calculation

| condition number of overlap matrix:    1.492E+04
| Smallest eigenvalue of overlap matrix:    4.406E-04

                                         SCF ENERGY
| ------------------------------------------------------------------------------------------------------------------------
| NCYC       ENERGY         DELTA_E      SCF_TIME  DII_CYC   DII_TIME   O_TIME  DIAG_TIME    MAX_ERR    RMS_CHG    MAX_CHG
| ------------------------------------------------------------------------------------------------------------------------
|  1   -943.997104374      ------         0.256     1        0.01      0.25      0.00    0.2019E+01  0.3178E-01  0.4962E+00
|  2   -938.900373451  -.509673E+01       0.234     2        0.01      0.23      0.00    0.2462E+00  0.1783E-01  0.5792E+00
|  3   -938.750364454  -.150009E+00       0.232     3        0.01      0.23      0.00    0.3399E+00  0.1049E-01  0.4015E+00
|   ***  Level shifting applied  ( HOMO-LUMO gap =  0.153 au ) ***
|  4   -939.327281598  0.576917E+00       0.230     4        0.01      0.22      0.00    0.3881E-01  0.1907E-02  0.4245E-01
|  5   -939.336965256  0.968366E-02       0.227     5        0.01      0.22      0.00    0.1205E-01  0.7157E-03  0.1967E-01
|  6   -939.338526746  0.156149E-02       0.225     6        0.01      0.22      0.00    0.3772E-02  0.1865E-03  0.4418E-02
|  7   -939.338640854  0.114108E-03       0.221     7        0.01      0.21      0.00    0.2459E-02  0.7650E-04  0.2078E-02
|  8   -939.338668773  0.279189E-04       0.218     8        0.01      0.21      0.00    0.5713E-03  0.2128E-04  0.5010E-03
|  9   -939.338671014  0.224166E-05       0.215     9        0.01      0.21      0.00    0.1684E-03  0.7445E-05  0.1640E-03
| 10   -939.338671166  0.151865E-06       0.212    10        0.01      0.21      0.00    0.3710E-04  0.2628E-05  0.5693E-04
| 11   -939.338671187  0.207215E-07       0.210     1        0.01      0.20      0.00    0.1574E-04  0.7144E-06  0.2106E-04
| ------------------------------------------------------------------------------------------------------------------------
| REACH CONVERGENCE AFTER  11 CYCLES
| MAX ERROR = 0.157356E-04   RMS CHANGE = 0.714421E-06   MAX CHANGE = 0.210573E-04
| -----------------------------------------------
 ALPHA ELECTRON DENSITY    =    75.9993430164
 BETA ELECTRON DENSITY     =    75.9993430164
 ELECTRONIC ENERGY    =  -2768.645941667
 CORE_CORE REPULSION  =   1829.307270481
 TOTAL ENERGY         =   -939.338671187

 @ End Energy calculation

  Skipping one-electron property calculation.

 @ Output Timing Information

------------- TIMING ---------------
| INITIAL GUESS TIME  =     1.320625000( 26.90%)
| DFT GRID OPERATIONS =     0.149860000(  3.05%)
| TOTAL SCF TIME      =     2.510376000( 51.13%)
|       TOTAL OP TIME      =     2.439186000( 49.68%)
|             TOTAL 1e TIME      =     0.031980000(  0.65%)
|             TOTAL 2e TIME      =     0.524082000( 10.67%)
|             TOTAL EXC TIME     =     1.844822000( 37.57%)
|       TOTAL DII TIME      =     0.070006000(  1.43%)
|             TOTAL DIAG TIME    =     0.031580000(  0.64%)
| TOTAL TIME          =     4.909988000
------------------------------------
| Job cpu time:  0 days  0 hours  0 minutes  4.9 seconds.

 @ Finish Output Timing Information

| Normal Termination. Task Finished on: Wed Jul 22 18:39:31 2026
