| *********************************************************************************************************
| **                                                                                                     **
| **           888888888888                                                                              **
| **         8888888888888888                                                                            **
| **      888888888888888888                                                                             **
| **     888888888888888888                                                                              **
| **    888888888888888                                                                                  **
| **   88888888888888888888                               88888                       8888:              **
| **   8888888888888888888888Z                            88888                       8888:              **
| **   888888888888888888888888?                          88888                       8888:              **
| **   8888888888888      8888888                                        888888       8888:              **
| **    88888888888         888888     8888:     88888    88888        888888888I     8888:    888888    **
| **    8888888888           88888:    8888:     88888    88888      $888888888888    8888:   888888     **
| **    I8Z 88888             88888    8888:     88888    88888    .888888     8888   8888: 888888       **
| **    .8Z 88888             88888    8888:     88888    88888    $88888             8888:88888         **
| **     8I 88888      .=88. .88888    8888:     88888    88888    88888              8888888888         **
| **    :8  88888      888888$8888$    8888:     88888    88888    8888O              88888888888        **
| **   ,7   +88888.     8888888888.    8888:     88888    88888    888888             88888O888888       **
| **         $888888:.   .8888888      88888....888888    88888     888888     8888   8888:  888888      **
| **          I8888888888888888888     888888888888888    88888     O888888888888O    8888:   888888     **
| **            O888888888888888888     88888888888888    88888       88888888888$    8888:    888888    **
| **               8888888Z     888      .8888I  88888    88888         8888888       8888:     888888   **
| **                                                                                                     **
| **                                                                                                     **
| **                                         Copyright (c) 2026                                          **
| **                          Regents of the University of California San Diego                          **
| **                                    & Michigan State University                                      **
| **                                        All Rights Reserved.                                         **
| **                                                                                                     **
| **             This software is subject to the terms of the Mozilla Public License, v. 2.0.            **
| **                                                                                                     **
| *********************************************************************************************************
|                                                                                                          
| Cite this work as:                                                                                       
| Manathunga, M.; O'Hearn, K. A.; Shajan, A.; Smith, J.; Miao, Y.; He, X.; Ayers, K.;                      
| Brothers, E.; Palos, E.; Tripathy, V.; Goetz, A.W.; Merz, K.M. QUICK-26.03.                              
| University of California,San Diego, CA and                                                               
| Michigan State University, East Lansing, MI, 2026                                                        
|                                                                                                          
| If you have any comments or queries, please reach out to us on GitHub issues or discussion sections:     
| https://github.com/merzlab/QUICK.                                                                        
|                                                                                                          
| TASK STARTS ON: Sat Aug 29 07:27:20 2026
| INPUT FILE :    /work2/11707/msun12/stampede3/quickruns/3447189/txl1/taxol_blyp_def2-TZVP.in
| OUTPUT FILE:    /work2/11707/msun12/stampede3/quickruns/3447189/txl1/taxol_blyp_def2-TZVP.out
| BASIS SET PATH: /home1/11707/msun12/QUICK-cuEST-install/basis

|------------ GPU INFORMATION ---------------
| CUDA ENABLED DEVICE         :        1
| CUDA DEVICE IN USE          :        0
| CUDA DEVICE NAME            : NVIDIA H100
| CUDA DEVICE PM              :      132
| CUDA DEVICE CORE FREQ(GHZ)  :     1.98
| CUDA DEVICE MEMORY SIZE (MB):    95321
| SUPPORTING CUDA VERSION     :      9.0
|--------------------------------------------

 @ Read Job And Atom

  KEYWORD=BLYP BASIS=DEF2-TZVP CUTOFF=1.0E-10 DENSERMS=1.0E-6 GRADIENT CUEST
 ============== JOB CARD =============
 METHOD = DENSITY FUNCTIONAL THEORY
 USING LIBXC VERSION: 4.3.4
 FUNCTIONAL INFORMATION:
 NAME = Becke 88 FAMILY = GGA KIND = EXCHANGE
 NAME = Lee, Yang & Parr FAMILY = GGA KIND = CORRELATION
 DIRECT SCF 
 SAD INITAL GUESS 
 USE DIIS SCF
 PRINT ENERGY EVERY CYCLE
 READ SAD GUESS FROM FILE
 STANDARD GRID = SG1
 Level shifting allowed after cycle    3
 DIIS error must exceed 0.100 for level shifting
 Max HOMO-LUMO gap to allow level shifting = 0.200
 GRADIENT CALCULATION
 MAX SCF CYCLES =    200
 MAX DIIS CYCLES =   10
 DELTA DENSITY START CYCLE =    3
 COMPUTATIONAL CUTOFF: 
      TWO-e INTEGRAL         =  0.100E-09
      BASIS SET PRIME        =  0.100E-10
      MATRIX ELEMENTS        =  0.100E-09
      BASIS FUNCTION         =  0.100E-05
      NEAR-LINEAR DEPENDENCY =  0.100E-04
      GRADIENT CUTOFF  =  0.100E-06
 DENSITY MATRIX MAXIMUM RMS FOR CONVERGENCE  =  0.100E-05
 BASIS SET = DEF2-TZVP,  TYPE = CARTESIAN
| BASIS FILE = /home1/11707/msun12/QUICK-cuEST-install/basis/DEF2-TZVP.BAS
| DATA FILE  =    /work2/11707/msun12/stampede3/quickruns/3447189/txl1/taxol_blyp_def2-TZVP.dat

 @ Finish reading job


 @ Begin SAD initial guess

 For Atom Kind =    1
 ELEMENT = C 
 BASIS FUNCTIONS =   36
 For Atom Kind =    2
 ELEMENT = O 
 BASIS FUNCTIONS =   36
 For Atom Kind =    3
 ELEMENT = N 
 BASIS FUNCTIONS =   36
 For Atom Kind =    4
 ELEMENT = H 
 BASIS FUNCTIONS =    6

 @ Finish SAD initial guess


 @ Begin Reading Molecular Information


 =========== Molecule Input ==========
 TOTAL MOLECULAR CHARGE  =    0    MULTIPLICITY                =    1
 TOTAL ATOM NUMBER       =  110    NUMBER OF ATOM TYPES        =    4
 NUMBER OF HYDROGEN ATOM =   49    NUMBER OF NON-HYDROGEN ATOM =   61
 NUMBER OF ELECTRONS     =  446

 -- INPUT GEOMETRY -- :
    C          -6.3961       1.6376      -1.0167
    C          -5.5976       1.9480       0.3157
    C          -4.1358       1.3889       0.3062
    C          -4.0900      -0.2069       0.0760
    C          -5.3005      -0.5560      -0.7831
    C          -5.6408       0.5560      -1.7454
    C          -2.8203      -0.7723      -0.5951
    C          -3.4405       1.9810       1.5955
    C          -1.5723      -0.0770      -0.1719
    O          -2.6953      -2.1590      -0.1698
    O          -1.8693       1.2309      -0.7751
    C          -1.3334      -0.1176       1.4102
    C          -0.8881       1.2875       1.4845
    C           0.3196       1.5771       0.9641
    O          -4.0361       2.4498       2.5048
    O          -1.9505       2.1871       1.7492
    C          -0.2199      -0.3744      -0.8072
    C           0.8361       0.5393      -0.0882
    O          -6.3706      -0.7461       0.1815
    C          -7.5080      -1.5313       0.1764
    O          -7.7343      -2.1872       1.1532
    C          -8.4523      -1.4158      -0.9939
    C          -5.4161      -1.5091      -2.0070
    O          -6.2193      -0.4454      -2.6903
    O          -5.4268       3.3774       0.3776
    O          -1.6122       4.1801       0.0344
    C          -0.7941       5.2258       0.2991
    O          -0.3049       5.8646      -0.5895
    C          -0.5432       5.4737       1.7764
    C           1.2299       2.7853       1.0315
    O           1.9361      -0.3334       0.3600
    C           3.1924       0.0393       0.0732
    O           3.4565       1.0474      -0.5230
    C           4.1742      -1.0075       0.5409
    C           5.5923      -0.5508       0.2305
    C           6.6535      -1.6277       0.4268
    C           6.3531      -2.9590       0.6578
    C           7.3484      -3.9223       0.5946
    C           8.6553      -3.5578       0.3263
    C           8.9721      -2.2174       0.1751
    C           7.9781      -1.2615       0.2323
    O           4.0118      -1.2781       1.9326
    N           5.9708       0.6810       0.8873
    C           6.1083       1.9571       0.3956
    O           6.3193       2.8804       1.1683
    C           5.8856       2.2295      -1.0684
    C           6.1183       1.3531      -2.1154
    C           5.5666       1.5986      -3.3628
    C           4.8505       2.7661      -3.5881
    C           4.7601       3.7103      -2.5860
    C           5.2758       3.4420      -1.3327
    C          -2.1367      -3.0476      -1.0301
    O          -2.1452      -2.8534      -2.2329
    C          -1.5034      -4.2030      -0.3691
    C          -1.4396      -4.3267       1.0054
    C          -0.7639      -5.3990       1.5627
    C          -0.1729      -6.3469       0.7428
    C          -0.2556      -6.2275      -0.6353
    C          -0.9156      -5.1510      -1.1911
    C          -0.2097      -1.1547       1.8364
    C          -2.4301      -0.4562       2.4708
    H          -3.6492       1.8683      -0.5156
    H          -4.2442      -0.7298       0.9946
    H          -6.1319       1.5762       1.1739
    H          -6.4278       2.5627      -1.5682
    H          -7.3896       1.3053      -0.7745
    H          -4.7466       0.9454      -2.2120
    H          -2.8856      -0.7190      -1.6683
    H          -1.1756       1.8958      -0.6851
    H          -1.8482       3.6442       0.8092
    H          -0.3040      -0.0417      -1.8339
    H           0.0915      -1.3953      -0.8029
    H           1.2665       1.1760      -0.8368
    H          -7.9448      -1.4088      -1.9397
    H          -8.9861      -0.4737      -0.9254
    H          -9.1715      -2.2206      -0.9250
    H          -5.9697      -2.4207      -1.8715
    H          -4.4957      -1.6916      -2.5342
    H          -6.1859       3.7990       0.8058
    H          -0.4047       4.5303       2.2919
    H          -1.4092       5.9590       2.2202
    H           0.3171       6.0932       1.8872
    H           1.4833       3.0343       2.0569
    H           0.8689       3.6688       0.5366
    H           2.1685       2.5342       0.5368
    H           3.9670      -1.8925      -0.0573
    H           5.5542      -0.3517      -0.8218
    H           5.3545      -3.2557       0.9039
    H           7.0989      -4.9514       0.7469
    H           9.4172      -4.3037       0.2408
    H           9.9857      -1.9178       0.0023
    H           8.2255      -0.2253       0.1253
    H           3.1299      -1.6338       2.1084
    H           6.0936       0.6251       1.8860
    H           6.7084       0.4705      -1.9833
    H           5.6744       0.8728      -4.1413
    H           4.3798       2.9274      -4.5336
    H           4.2564       4.6442      -2.7661
    H           5.1747       4.1495      -0.5327
    H          -1.9016      -3.5962       1.6316
    H          -0.6960      -5.4955       2.6284
    H           0.3482      -7.1761       1.1766
    H           0.1935      -6.9648      -1.2689
    H          -0.9826      -5.0259      -2.2518
    H           0.6895      -0.6503       2.1318
    H           0.0409      -1.8507       1.0571
    H          -0.5497      -1.7388       2.6731
    H          -2.6865      -1.5071       2.3903
    H          -3.3390       0.1001       2.4689
    H          -1.9770      -0.2959       3.4410

============== BASIS INFOS ==============
 BASIS FUNCTIONS = 2490
 NSHELL =  867 NPRIM  = 3503
 JSHELL =  867 JBASIS = 1514


 @ End Reading Molecular Information 


 @ Begin cuEST Initialization


 @ End cuEST Initialization


 @ Begin XC Quadrature Formation

 OCTAGO: OCTree Algorithm for Grid Operations 
   PRUNING CUTOFF       = 0.100E-06
   INITIAL GRID POINTS  =      416624
|   FINAL GRID POINTS    =           0
|   SIGNIFICANT NUMBER OF BASIS FUNCTIONS     =           0
|   SIGNIFICANT NUMBER OF PRIMITIVE FUNCTIONS =           0

 @ End XC Quadrature Formation


 @ Begin Energy Calculation

| Number of total basis functions:   2490
| Number of linearly independent basis functions:   2484
| condition number of overlap matrix:    6.017E+06
| Smallest eigenvalue of overlap matrix:    3.159E-06

                                         SCF ENERGY
| ------------------------------------------------------------------------------------------------------------------------
| NCYC       ENERGY         DELTA_E      SCF_TIME  DII_CYC   DII_TIME   O_TIME  DIAG_TIME    MAX_ERR    RMS_CHG    MAX_CHG
| ------------------------------------------------------------------------------------------------------------------------
|  1  -2891.674152459      ------         1.063     1        0.34      0.70      0.05    0.5800E+00  0.9437E+00  0.7083E+03
|  2  -1416.814052437  -.147486E+04       0.682     2        0.32      0.34      0.05    0.2915E+01  0.9353E+00  0.7030E+03
|  3  -2698.777299289  0.128196E+04       0.770     3        0.39      0.36      0.05    0.1662E+01  0.3571E-01  0.1447E+02
|   ***  Level shifting applied  ( HOMO-LUMO gap =  0.002 au ) ***
|  4  -2830.283181238  0.131506E+03       0.787     4        0.40      0.36      0.05    0.1033E+01  0.7207E+00  0.4626E+03
|   ***  Level shifting applied  ( HOMO-LUMO gap =  0.002 au ) ***
|  5  -1399.018131241  -.143127E+04       0.796     5        0.41      0.36      0.05    0.2259E+01  0.5082E+00  0.3299E+03
|   ***  Level shifting applied  ( HOMO-LUMO gap =  0.001 au ) ***
|  6  -1800.501629603  0.401483E+03       0.814     6        0.43      0.36      0.05    0.1991E+01  0.1221E+00  0.5152E+02
|   ***  Level shifting applied  ( HOMO-LUMO gap =  0.008 au ) ***
|  7  -2020.656560935  0.220155E+03       0.833     7        0.45      0.36      0.05    0.1875E+01  0.4415E-01  0.1582E+02
|   ***  Level shifting applied  ( HOMO-LUMO gap =  0.001 au ) ***
|  8  -2082.084435582  0.614279E+02       0.850     8        0.46      0.36      0.05    0.2053E+01  0.4318E-01  0.2354E+02
|   ***  Level shifting applied  ( HOMO-LUMO gap =  0.011 au ) ***
|  9  -2154.125532742  0.720411E+02       0.867     9        0.48      0.36      0.05    0.1784E+01  0.4531E-01  0.2193E+02
|   ***  Level shifting applied  ( HOMO-LUMO gap =  0.012 au ) ***
| 10  -2223.546169174  0.694206E+02       0.882    10        0.50      0.36      0.05    0.1863E+01  0.5901E-01  0.2634E+02
|   ***  Level shifting applied  ( HOMO-LUMO gap =  0.017 au ) ***
| 11  -2300.970396378  0.774242E+02       0.995     1        0.61      0.36      0.05    0.2190E+01  0.4618E+00  0.4525E+03
|   ***  Level shifting applied  ( HOMO-LUMO gap =  0.016 au ) ***
| 12  -1888.060906963  -.412909E+03       1.001     2        0.61      0.37      0.05    0.2212E+01  0.5567E-01  0.2102E+02
|   ***  Level shifting applied  ( HOMO-LUMO gap =  0.004 au ) ***
| 13  -1852.838425045  -.352225E+02       1.001     3        0.62      0.36      0.05    0.2410E+01  0.6476E+00  0.4474E+03
|   ***  Level shifting applied  ( HOMO-LUMO gap =  0.016 au ) ***
| 14  -1228.585919924  -.624253E+03       1.003     4        0.62      0.36      0.05    0.2618E+01  0.2130E+01  0.1550E+04
|   ***  Level shifting applied  ( HOMO-LUMO gap =  0.003 au ) ***
| 15   6551.248547463  -.777983E+04       1.002     5        0.61      0.37      0.05    0.5640E+01  0.1382E+01  0.1226E+04
|   ***  Level shifting applied  ( HOMO-LUMO gap =  0.012 au ) ***
| 16   3964.336008661  0.258691E+04       1.004     6        0.61      0.37      0.05    0.5144E+01  0.4007E+00  0.2101E+03
|   ***  Level shifting applied  ( HOMO-LUMO gap =  0.006 au ) ***
| 17   3197.143983478  0.767192E+03       1.007     7        0.62      0.37      0.05    0.4780E+01  0.5095E+00  0.4708E+03
|   ***  Level shifting applied  ( HOMO-LUMO gap =  0.009 au ) ***
| 18   2408.214572484  0.788929E+03       1.006     8        0.62      0.37      0.05    0.4531E+01  0.1822E+00  0.8779E+02
|   ***  Level shifting applied  ( HOMO-LUMO gap =  0.016 au ) ***
| 19   2035.469684184  0.372745E+03       0.996     9        0.61      0.36      0.05    0.4777E+01  0.2933E+00  0.1719E+03
|   ***  Level shifting applied  ( HOMO-LUMO gap =  0.005 au ) ***
| 20   1367.761288896  0.667708E+03       1.000    10        0.61      0.37      0.05    0.4011E+01  0.1919E+00  0.7599E+02
|   ***  Level shifting applied  ( HOMO-LUMO gap =  0.006 au ) ***
| 21    820.823914667  0.546937E+03       1.009     1        0.62      0.37      0.05    0.3775E+01  0.9502E+00  0.6362E+03
|   ***  Level shifting applied  ( HOMO-LUMO gap =  0.007 au ) ***
| 22    -65.926284399  0.886750E+03       1.005     2        0.62      0.36      0.05    0.3899E+01  0.7448E+00  0.5062E+03
|   ***  Level shifting applied  ( HOMO-LUMO gap =  0.011 au ) ***
| 23  -1870.905896384  0.180498E+04       0.996     3        0.61      0.36      0.05    0.2364E+01  0.1825E+01  0.1848E+04
|   ***  Level shifting applied  ( HOMO-LUMO gap =  0.010 au ) ***
| 24   1735.318190847  -.360622E+04       1.007     4        0.61      0.37      0.05    0.4587E+01  0.2002E+01  0.1431E+04
|   ***  Level shifting applied  ( HOMO-LUMO gap =  0.008 au ) ***
| 25   6026.406350481  -.429109E+04       1.001     5        0.61      0.37      0.05    0.5852E+01  0.8657E+00  0.5818E+03
|   ***  Level shifting applied  ( HOMO-LUMO gap =  0.008 au ) ***
| 26   4131.004515793  0.189540E+04       1.006     6        0.62      0.36      0.05    0.4818E+01  0.4612E+00  0.4171E+03
|   ***  Level shifting applied  ( HOMO-LUMO gap =  0.027 au ) ***
| 27   3471.952275796  0.659052E+03       0.998     7        0.61      0.36      0.05    0.4559E+01  0.1340E+00  0.8789E+02
|   ***  Level shifting applied  ( HOMO-LUMO gap =  0.010 au ) ***
| 28   3288.022630153  0.183930E+03       1.006     8        0.61      0.37      0.05    0.4483E+01  0.1948E+00  0.7825E+02
|   ***  Level shifting applied  ( HOMO-LUMO gap =  0.021 au ) ***
| 29   3106.155566270  0.181867E+03       0.999     9        0.61      0.36      0.05    0.4420E+01  0.1198E+00  0.3170E+02
|   ***  Level shifting applied  ( HOMO-LUMO gap =  0.005 au ) ***
| 30   2980.300327805  0.125855E+03       1.003    10        0.62      0.36      0.05    0.4352E+01  0.1497E+00  0.6339E+02
|   ***  Level shifting applied  ( HOMO-LUMO gap =  0.018 au ) ***
| 31   2862.370610952  0.117930E+03       0.999     1        0.61      0.36      0.05    0.4306E+01  0.5150E+00  0.2712E+03
|   ***  Level shifting applied  ( HOMO-LUMO gap =  0.005 au ) ***
| 32   1446.186990386  0.141618E+04       1.004     2        0.61      0.37      0.05    0.4171E+01  0.3671E+01  0.2215E+04
|   ***  Level shifting applied  ( HOMO-LUMO gap =  0.016 au ) ***
| 33   7001.549965084  -.555536E+04       1.003     3        0.61      0.37      0.05    0.6605E+01  0.3861E+01  0.2227E+04
|   ***  Level shifting applied  ( HOMO-LUMO gap =  0.012 au ) ***
| 34   6827.719260994  0.173831E+03       1.008     4        0.62      0.36      0.05    0.5314E+01  0.1814E+01  0.1532E+04
|   ***  Level shifting applied  ( HOMO-LUMO gap =  0.015 au ) ***
| 35   1106.451998042  0.572127E+04       1.004     5        0.62      0.37      0.05    0.4077E+01  0.2905E+01  0.1657E+04
|   ***  Level shifting applied  ( HOMO-LUMO gap =  0.008 au ) ***
| 36   1376.365279553  -.269913E+03       1.000     6        0.61      0.36      0.05    0.4639E+01  0.3573E+01  0.2271E+04
|   ***  Level shifting applied  ( HOMO-LUMO gap =  0.002 au ) ***
| 37   -659.433549605  0.203580E+04       1.002     7        0.61      0.37      0.05    0.2951E+01  0.3127E+01  0.2387E+04
|   ***  Level shifting applied  ( HOMO-LUMO gap =  0.008 au ) ***
| 38   1609.227868570  -.226866E+04       1.004     8        0.61      0.37      0.05    0.4585E+01  0.1807E+01  0.1414E+04
|   ***  Level shifting applied  ( HOMO-LUMO gap =  0.006 au ) ***
| 39  -1387.747645901  0.299698E+04       1.005     9        0.62      0.37      0.05    0.2850E+01  0.1609E+01  0.1050E+04
|   ***  Level shifting applied  ( HOMO-LUMO gap =  0.005 au ) ***
| 40   -203.790276421  -.118396E+04       1.009    10        0.61      0.37      0.05    0.3781E+01  0.1575E+01  0.1050E+04
|   ***  Level shifting applied  ( HOMO-LUMO gap =  0.005 au ) ***
| 41  -2163.596677728  0.195981E+04       1.000     1        0.61      0.37      0.05    0.2480E+01  0.5392E+00  0.3167E+03
|   ***  Level shifting applied  ( HOMO-LUMO gap =  0.007 au ) ***
| 42  -1075.300772997  -.108830E+04       1.000     2        0.61      0.37      0.05    0.3473E+01  0.3596E+00  0.3192E+03
|   ***  Level shifting applied  ( HOMO-LUMO gap =  0.001 au ) ***
| 43  -2328.678029321  0.125338E+04       1.003     3        0.62      0.36      0.05    0.2492E+01  0.1748E+01  0.1153E+04
|   ***  Level shifting applied  ( HOMO-LUMO gap =  0.006 au ) ***
| 44   -413.568233476  -.191511E+04       1.005     4        0.62      0.36      0.05    0.3750E+01  0.1597E+01  0.1072E+04
|   ***  Level shifting applied  ( HOMO-LUMO gap =  0.001 au ) ***
| 45  -1748.261529963  0.133469E+04       0.998     5        0.61      0.36      0.05    0.2397E+01  0.3071E+00  0.1105E+03
|   ***  Level shifting applied  ( HOMO-LUMO gap =  0.012 au ) ***
| 46  -2353.267034107  0.605006E+03       1.001     6        0.61      0.37      0.05    0.2539E+01  0.1065E+01  0.7029E+03
|   ***  Level shifting applied  ( HOMO-LUMO gap =  0.005 au ) ***
| 47  -1583.880607726  -.769386E+03       1.002     7        0.62      0.36      0.05    0.3361E+01  0.2290E+01  0.2596E+04
|   ***  Level shifting applied  ( HOMO-LUMO gap =  0.005 au ) ***
| 48  -1180.861057753  -.403020E+03       1.001     8        0.62      0.36      0.05    0.3305E+01  0.2039E+01  0.2595E+04
|   ***  Level shifting applied  ( HOMO-LUMO gap =  0.004 au ) ***
| 49  -2865.032196391  0.168417E+04       1.003     9        0.62      0.36      0.05    0.1082E+01  0.5015E+00  0.5736E+03
|   ***  Level shifting applied  ( HOMO-LUMO gap =  0.007 au ) ***
| 50  -1922.462837105  -.942569E+03       0.998    10        0.61      0.36      0.05    0.2725E+01  0.4064E+00  0.5517E+03
|   ***  Level shifting applied  ( HOMO-LUMO gap =  0.003 au ) ***
| 51  -2340.989889676  0.418527E+03       1.001     1        0.61      0.37      0.05    0.1899E+01  0.2132E+00  0.1590E+03
|   ***  Level shifting applied  ( HOMO-LUMO gap =  0.007 au ) ***
| 52  -2607.264561259  0.266275E+03       1.002     2        0.62      0.36      0.05    0.2356E+01  0.8134E-01  0.5409E+02
|   ***  Level shifting applied  ( HOMO-LUMO gap =  0.002 au ) ***
| 53  -2797.150417721  0.189886E+03       1.002     3        0.61      0.37      0.05    0.1218E+01  0.2499E-01  0.1384E+02
|   ***  Level shifting applied  ( HOMO-LUMO gap =  0.007 au ) ***
| 54  -2891.524558851  0.943741E+02       0.998     4        0.61      0.36      0.05    0.9432E+00  0.1335E+00  0.1338E+03
|   ***  Level shifting applied  ( HOMO-LUMO gap =  0.003 au ) ***
| 55  -2680.185793630  -.211339E+03       1.004     5        0.61      0.37      0.05    0.1341E+01  0.1280E+00  0.1271E+03
|   ***  Level shifting applied  ( HOMO-LUMO gap =  0.004 au ) ***
| 56  -2894.506635078  0.214321E+03       1.004     6        0.62      0.36      0.05    0.9479E+00  0.1471E-01  0.5783E+01
|   ***  Level shifting applied  ( HOMO-LUMO gap =  0.010 au ) ***
| 57  -2901.220358393  0.671372E+01       1.003     7        0.62      0.36      0.05    0.7155E+00  0.1200E-01  0.1054E+02
|   ***  Level shifting applied  ( HOMO-LUMO gap =  0.016 au ) ***
| 58  -2926.175119085  0.249548E+02       0.999     8        0.61      0.36      0.05    0.4164E+00  0.2965E-02  0.1167E+01
|   ***  Level shifting applied  ( HOMO-LUMO gap =  0.060 au ) ***
| 59  -2926.274970899  0.998518E-01       1.008     9        0.62      0.36      0.05    0.5245E+00  0.1247E-02  0.5187E+00
|   ***  Level shifting applied  ( HOMO-LUMO gap =  0.024 au ) ***
| 60  -2927.283043829  0.100807E+01       0.939    10        0.55      0.37      0.05    0.6540E-01  0.8119E-03  0.3541E+00
| 61  -2927.322344541  0.393007E-01       0.940     1        0.56      0.36      0.05    0.8676E-01  0.2922E-03  0.8265E-01
| 62  -2927.352491711  0.301472E-01       0.940     2        0.56      0.36      0.05    0.2506E-01  0.1562E-03  0.4673E-01
| 63  -2927.358163448  0.567174E-02       0.954     3        0.56      0.38      0.05    0.2310E-01  0.6997E-04  0.1797E-01
| 64  -2927.360612893  0.244945E-02       0.950     4        0.57      0.36      0.05    0.1535E-01  0.4615E-04  0.1220E-01
| 65  -2927.361031672  0.418778E-03       0.951     5        0.56      0.36      0.05    0.5320E-02  0.2594E-04  0.7675E-02
| 66  -2927.361166772  0.135101E-03       0.944     6        0.56      0.36      0.05    0.1770E-02  0.1329E-04  0.5001E-02
| 67  -2927.361216399  0.496272E-04       0.948     7        0.56      0.37      0.05    0.7887E-03  0.3896E-05  0.1026E-02
| 68  -2927.361221552  0.515234E-05       0.954     8        0.56      0.36      0.05    0.3627E-03  0.1604E-05  0.4080E-03
| 69  -2927.361222548  0.996766E-06       0.948     9        0.56      0.36      0.05    0.1338E-03  0.8196E-06  0.1560E-03
| 70  -2927.361222700  0.151465E-06       0.944    10        0.56      0.36      0.05    0.5501E-04  0.3954E-06  0.1076E-03
| 71  -2927.361222740  0.401888E-07       0.948     1        0.55      0.37      0.05    0.2576E-04  0.1574E-06  0.4992E-04
| ------------------------------------------------------------------------------------------------------------------------
| REACH CONVERGENCE AFTER  71 CYCLES
| MAX ERROR = 0.257613E-04   RMS CHANGE = 0.157409E-06   MAX CHANGE = 0.499249E-04
| -----------------------------------------------
 ALPHA ELECTRON DENSITY    =   223.0011423298
 BETA ELECTRON DENSITY     =   223.0011423298
 ELECTRONIC ENERGY    = -12594.431098064
 CORE_CORE REPULSION  =   9667.069875324
 TOTAL ENERGY         =  -2927.361222740

 @ End Energy calculation


 @ Begin Gradient Calculation

 ANALYTICAL GRADIENT: 
----------------------------------------
 COORDINATE    XYZ            GRADIENT
----------------------------------------
    1X    -6.3960620484     0.3969286513
    1Y     1.6375501950    -0.9086804585
    1Z    -1.0167391376    -0.2469456837
    2X    -5.5976016175     1.5397071001
    2Y     1.9479657588     0.8545091095
    2Z     0.3156763941     0.6179639316
    3X    -4.1358426958    -0.8446598507
    3Y     1.3888886961    -1.0326303994
    3Z     0.3061559434    -0.5564747150
    4X    -4.0900119523     1.3025255241
    4Y    -0.2069339958     0.4974924563
    4Z     0.0759908158     0.1758980667
    5X    -5.3005248048    -0.5097938476
    5Y    -0.5559696325     0.8294642023
    5Z    -0.7831189998    -0.3332954996
    6X    -5.6408357108    -0.4749983793
    6Y     0.5560152125    -0.3831650350
    6Z    -1.7454175833     0.9261861204
    7X    -2.8203121254    -0.9099848629
    7Y    -0.7723427990    -1.0795589778
    7Z    -0.5951161554     1.0544145620
    8X    -3.4405170127     0.1370837564
    8Y     1.9809802613     0.9876423384
    8Z     1.5954933618    -0.1794555413
    9X    -1.5722955801     0.8192430093
    9Y    -0.0769638959     1.4092974314
    9Z    -0.1719253231    -0.8865791184
   10X    -2.6953277358     0.6603571250
   10Y    -2.1590275449     1.1695795771
   10Z    -0.1697708530    -0.6418024112
   11X    -1.8693494728    -0.1271410865
   11Y     1.2308627640    -2.1014797971
   11Z    -0.7751224092     1.2260784477
   12X    -1.3334065318     0.9673909029
   12Y    -0.1176307990     0.2769991946
   12Z     1.4101577377     0.6753813815
   13X    -0.8881045478    -1.1399120628
   13Y     1.2874585683    -0.0333066097
   13Z     1.4845317434    -1.4669856446
   14X     0.3196037144    -0.2456308020
   14Y     1.5770568504    -0.7636297126
   14Z     0.9640606036     0.1649861594
   15X    -4.0360630582     0.1240669254
   15Y     2.4497905671    -1.2762724782
   15Z     2.5047991213    -0.4979424598
   16X    -1.9504981989     0.6897428440
   16Y     2.1870801370    -1.7305902160
   16Z     1.7492358836     0.6864514452
   17X    -0.2198636968    -0.8799820419
   17Y    -0.3744037186     0.2410714715
   17Z    -0.8072270516     0.6561164712
   18X     0.8361322639     0.4678546460
   18Y     0.5392960612     0.4983446939
   18Z    -0.0882305667     0.6621148550
   19X    -6.3705655165     0.2440264314
   19Y    -0.7461437470    -0.5600346053
   19Z     0.1814962939    -0.5802520694
   20X    -7.5079891033    -0.0156479516
   20Y    -1.5312545569    -0.2103444351
   20Z     0.1764442435     0.3648790081
   21X    -7.7343174206     0.7885380203
   21Y    -2.1872431170     0.9800582892
   21Z     1.1532460581    -0.9421163281
   22X    -8.4523256355     0.1823111368
   22Y    -1.4157501381     0.1889739263
   22Z    -0.9939260359     0.0157369399
   23X    -5.4161060936     0.5583533912
   23Y    -1.5091024852     1.3056680550
   23Z    -2.0070004333     0.3144142277
   24X    -6.2192576349     0.6555162164
   24Y    -0.4454467640    -0.4567789952
   24Z    -2.6902952054     0.9970479062
   25X    -5.4267630344    -0.4841413298
   25Y     3.3774439679    -1.5492706008
   25Z     0.3776243788    -0.3638299442
   26X    -1.6122442331     0.4100339094
   26Y     4.1801173692     0.5476046494
   26Z     0.0343779426     0.2852542839
   27X    -0.7940924306     0.1726089933
   27Y     5.2257743591    -0.2857438171
   27Z     0.2990567328    -0.6384882508
   28X    -0.3048947533    -0.4474014109
   28Y     5.8645770378    -0.8477796495
   28Z    -0.5895333050     0.7474678925
   29X    -0.5432142115    -0.2648023199
   29Y     5.4736988580    -0.2437870883
   29Z     1.7763875257    -0.1659176971
   30X     1.2298581039    -0.4596628923
   30Y     2.7852910627    -0.6295937692
   30Z     1.0315035488    -0.3236308855
   31X     1.9361231978     0.1204544291
   31Y    -0.3334212455     0.7638400300
   31Z     0.3599506875    -1.1140365063
   32X     3.1923973838     1.3293591741
   32Y     0.0392867930     0.6262260720
   32Z     0.0732008056     0.5660073560
   33X     3.4564615139    -1.8730834032
   33Y     1.0474090400    -1.7350927514
   33Z    -0.5229789999     0.5852204708
   34X     4.1741653088    -0.0643767707
   34Y    -1.0074733869     0.9642070762
   34Z     0.5409361113     0.0306750046
   35X     5.5923107171     0.3873508861
   35Y    -0.5507792521    -0.2008013456
   35Z     0.2305424976     1.1970039062
   36X     6.6535037881    -0.8480240500
   36Y    -1.6276655543     0.1155477362
   36Z     0.4267850326    -0.4760476878
   37X     6.3531150051     1.0322039964
   37Y    -2.9590429360     0.3900405120
   37Z     0.6578478902     0.1054968653
   38X     7.3484382612    -0.1724725509
   38Y    -3.9223477295     1.0715421231
   38Z     0.5946433254    -0.5766796725
   39X     8.6553271210    -0.0852236447
   39Y    -3.5577624717     0.6794664004
   39Z     0.3262773549     0.1584039110
   40X     8.9721243751    -1.1494429357
   40Y    -2.2174055893     0.0489835014
   40Z     0.1751067634    -0.2266679742
   41X     7.9780886392    -0.3211791897
   41Y    -1.2615409463    -0.8578868560
   41Z     0.2323472177     0.4307579606
   42X     4.0117557664     0.0251987069
   42Y    -1.2781154276     0.0896509450
   42Z     1.9325733176    -0.8039753584
   43X     5.9708271360     0.0813864385
   43Y     0.6810003920     0.6701937086
   43Z     0.8873416378    -1.3854177669
   44X     6.1083015365    -0.7036748914
   44Y     1.9571430895    -0.7684045363
   44Z     0.3956142302     0.3354625761
   45X     6.3193162726    -0.4638173231
   45Y     2.8803622800    -0.9373749161
   45Z     1.1682892292    -0.5429710324
   46X     5.8856240794    -0.5814970707
   46Y     2.2294773203     0.0775219076
   46Z    -1.0684369316    -0.3861317449
   47X     6.1182760772     0.1163676988
   47Y     1.3530946933     0.4850773175
   47Z    -2.1154263515     0.2868169014
   48X     5.5666096951    -0.2284633660
   48Y     1.5985928121     0.6502480426
   48Z    -3.3627524368    -0.1300900390
   49X     4.8504996604     0.2751778395
   49Y     2.7660993212    -0.3402498514
   49Z    -3.5880647940     0.7229602896
   50X     4.7600527335    -0.2304050412
   50Y     3.7102514633    -0.4635548111
   50Z    -2.5859740575     0.1560534582
   51X     5.2758312329     0.2186297532
   51Y     3.4419996328    -1.1246339709
   51Z    -1.3326645918     0.4701188420
   52X    -2.1366951232    -0.1309950852
   52Y    -3.0476308227     1.0120848762
   52Z    -1.0300506687     0.3602264610
   53X    -2.1451656838     0.2435624684
   53Y    -2.8533799779    -0.0368853609
   53Z    -2.2328872205     0.6797373506
   54X    -1.5033715748    -0.2667902411
   54Y    -4.2030090710     0.1338393207
   54Z    -0.3691075382    -0.1825171115
   55X    -1.4395727999     0.0479874185
   55Y    -4.3266984404    -0.1507149147
   55Z     1.0054186368    -0.1465414594
   56X    -0.7638830383    -0.0964311299
   56Y    -5.3989755623    -0.1054751662
   56Z     1.5627243193    -0.6620966419
   57X    -0.1728504332     0.0110236574
   57Y    -6.3468611347     0.7874728452
   57Z     0.7427716867    -0.2148465227
   58X    -0.2555829795     0.0063376713
   58Y    -6.2275391756     0.5171642333
   58Z    -0.6353203685    -0.0822655476
   59X    -0.9155594699     0.1110058728
   59Y    -5.1509647533     0.5636838175
   59Z    -1.1911104510     0.6851724149
   60X    -0.2097392960    -0.8664171606
   60Y    -1.1547475382     0.8388795850
   60Z     1.8364341802    -0.7658655461
   61X    -2.4300503956     0.4983410403
   61Y    -0.4562313148     0.2471739257
   61Z     2.4707643087    -1.0160089810
   62X    -3.6491745187    -0.1348550028
   62Y     1.8683153927    -0.1014478157
   62Z    -0.5155830594     0.1430495006
   63X    -4.2442042941     0.2336529416
   63Y    -0.7298029557    -0.0139345539
   63Z     0.9946071660    -0.2335808895
   64X    -6.1319130983     0.0885932546
   64Y     1.5761652304    -0.0128698879
   64Z     1.1739417496    -0.1570328196
   65X    -6.4278100209    -0.1427525153
   65Y     2.5627464257    -0.1534652258
   65Z    -1.5682089798     0.1628235546
   66X    -7.3896389443     0.1749930002
   66Y     1.3053382297    -0.0008450415
   66Z    -0.7744957191     0.1137322112
   67X    -4.7465709525    -0.1780205114
   67Y     0.9454138022     0.0581098347
   67Z    -2.2120482489     0.0591735935
   68X    -2.8855556304     0.0293690314
   68Y    -0.7190312849     0.0482944567
   68Z    -1.6682582674     0.1232434489
   69X    -1.1756472598    -0.0700434434
   69Y     1.8958447948    -0.0352844634
   69Z    -0.6850815723    -0.0640263546
   70X    -1.8481633811     0.1011131028
   70Y     3.6442038083     0.0895852632
   70Z     0.8091516318    -0.2264615005
   71X    -0.3040223032    -0.0495122916
   71Y    -0.0416779132     0.0321125814
   71Z    -1.8339006500     0.2172095574
   72X     0.0915191370     0.0068957302
   72Y    -1.3952922665     0.3242604712
   72Z    -0.8028716213    -0.1752988117
   73X     1.2665208967    -0.1258754723
   73Y     1.1759764098    -0.0577566352
   73Z    -0.8367613039     0.2340357988
   74X    -7.9447757667    -0.0144580407
   74Y    -1.4087837076     0.0317370940
   74Z    -1.9396808281    -0.0026646366
   75X    -8.9860731662     0.0545487208
   75Y    -0.4736978662    -0.0498828119
   75Z    -0.9254125307    -0.0015086588
   76X    -9.1714810604     0.1492044662
   76Y    -2.2205725696     0.0051469892
   76Z    -0.9250167206     0.0600185245
   77X    -5.9696663559     0.1741378796
   77Y    -2.4206610149     0.0413479264
   77Z    -1.8715271229    -0.0094657335
   78X    -4.4956991333    -0.2520647621
   78Y    -1.6916168492     0.0599356408
   78Z    -2.5341524535    -0.0417347076
   79X    -6.1859311524     0.1442414473
   79Y     3.7990295001    -0.2094507681
   79Z     0.8057985915     0.0662785290
   80X    -0.4047348909     0.0262506118
   80Y     4.5302822759     0.0809150909
   80Z     2.2918681450    -0.0322986028
   81X    -1.4092254776     0.0845398635
   81Y     5.9590269651    -0.0940083755
   81Z     2.2201989695     0.0664921241
   82X     0.3171041142    -0.0558116474
   82Y     6.0931668053    -0.0312560892
   82Z     1.8871610341    -0.0480812202
   83X     1.4832825233    -0.1121369229
   83Y     3.0343297417     0.0446582760
   83Z     2.0569032671    -0.0233203834
   84X     0.8689347864    -0.0425000587
   84Y     3.6687759202    -0.1252693790
   84Z     0.5365847410     0.1377940293
   85X     2.1684890256    -0.1541124051
   85Y     2.5341565935     0.0166739518
   85Z     0.5367745110    -0.0727966683
   86X     3.9669616429     0.1570358254
   86Y    -1.8924970245     0.0928356666
   86Z    -0.0572581044     0.0689064241
   87X     5.5541776341    -0.1602118736
   87Y    -0.3516751969     0.0546743309
   87Z    -0.8217997928     0.2591626336
   88X     5.3544978589     0.0990376205
   88Y    -3.2557102186     0.0189251351
   88Z     0.9038848590     0.0730152774
   89X     7.0989144921     0.1138097217
   89Y    -4.9513961981     0.1848889023
   89Z     0.7469288470     0.0019884765
   90X     9.4171946391    -0.0969684417
   90Y    -4.3036937586     0.1018737303
   90Z     0.2407856384    -0.0820075423
   91X     9.9857451625    -0.0818772193
   91Y    -1.9177654664    -0.0027155302
   91Z     0.0023467702    -0.0498175438
   92X     8.2254739781    -0.1579809514
   92Y    -0.2253064972    -0.2012989070
   92Z     0.1253413196    -0.0351786981
   93X     3.1299497190     0.1378648968
   93Y    -1.6337869448     0.0824683139
   93Z     2.1083780410    -0.0461279846
   94X     6.0936142953     0.0278031219
   94Y     0.6250744177    -0.0611565213
   94Z     1.8859549340    -0.0602898681
   95X     6.7084385023    -0.1016487299
   95Y     0.4705180859     0.1686481898
   95Z    -1.9833353715    -0.1060632961
   96X     5.6743955033     0.0791857870
   96Y     0.8727860166     0.0717387231
   96Z    -4.1412753062     0.1190665585
   97X     4.3798459545    -0.0283090363
   97Y     2.9274162635     0.0033333634
   97Z    -4.5335959262     0.0926401925
   98X     4.2563846850     0.0616395216
   98Y     4.6442142246    -0.2252423988
   98Z    -2.7660689312     0.1174622991
   99X     5.1747309752    -0.1005783946
   99Y     4.1495329469    -0.0784161733
   99Z    -0.5327311807    -0.1158661812
  100X    -1.9015966152     0.0442423569
  100Y    -3.5961884646    -0.1903813482
  100Z     1.6316251146    -0.0498373170
  101X    -0.6959961231     0.0238757486
  101Y    -5.4955301297     0.0050983069
  101Z     2.6284273507    -0.0356617821
  102X     0.3482320666    -0.0272614806
  102Y    -7.1761497180     0.1599523560
  102Z     1.1766068899    -0.1235385905
  103X     0.1934856248    -0.0321098396
  103Y    -6.9647955319     0.1781661950
  103Z    -1.2689412269     0.0466045903
  104X    -0.9826070850    -0.0105166384
  104Y    -5.0258756638     0.0023933186
  104Z    -2.2518210920     0.0307312173
  105X     0.6895305627    -0.0180585295
  105Y    -0.6503325997    -0.0168576225
  105Z     2.1318040128    -0.0958593952
  106X     0.0408559131     0.1002928383
  106Y    -1.8507204713     0.0938815318
  106Z     1.0570934807     0.1266360116
  107X    -0.5497152620     0.1311407701
  107Y    -1.7387967528    -0.0673052797
  107Z     2.6730564641    -0.2461290833
  108X    -2.6864695851     0.1430236826
  108Y    -1.5071205751     0.0926296151
  108Z     2.3903168925     0.0163223492
  109X    -3.3390145450     0.0243451140
  109Y     0.1000510676    -0.0180017229
  109Z     2.4688671085     0.1048871977
  110X    -1.9770021010     0.0022042109
  110Y    -0.2959025626    -0.1032669499
  110Z     3.4410103628    -0.1112554565
----------------------------------------

 @ End Gradient Calculation

  Skipping one-electron property calculation.

 @ Output cuEST Memory Footprint

------------- cuEST MEMORY USAGE ---------------
| Peak Host Footprint =    76.08 kB
| Host Allocations =    41
| Peak Device Footprint =    42.10 GB
| Device Allocations =    34
------------------------------------------------

 @ Finish Output cuEST Memory Footprint


 @ Output Timing Information

------------- TIMING ---------------
| CUEST INITIALIZATION TIME =     3.087090000(  1.42%)
| INITIAL GUESS TIME  =    95.069440000( 43.71%)
| DFT GRID OPERATIONS =     0.005540000(  0.00%)
| TOTAL SCF TIME      =    69.100663000( 31.77%)
|       TOTAL OP TIME      =    26.542384000( 12.20%)
|             TOTAL 1e TIME      =     0.284505000(  0.13%)
|             TOTAL 2e TIME      =     6.174010000(  2.84%)
|             TOTAL EXC TIME     =    13.495493000(  6.21%)
|       TOTAL DII TIME      =    40.954755000( 18.83%)
|             TOTAL DIAG TIME    =     3.544690000(  1.63%)
| TOTAL GRADIENT TIME      =    46.196744000( 21.24%)
|       TOTAL 1e GRADIENT TIME      =    13.757901000(19.25%)
|       TOTAL 2e GRADIENT TIME      =     3.740446000( 1.72%)
|       TOTAL EXC GRADIENT TIME     =     0.561353000(  0.26%)
| TOTAL TIME          =   217.492847000
------------------------------------
| Job cpu time:  0 days  0 hours  3 minutes 37.5 seconds.

 @ Finish Output Timing Information

| Normal Termination. Task Finished on: Sat Aug 29 07:30:57 2026
