| *********************************************************************************************************
| **                                                                                                     **
| **           888888888888                                                                              **
| **         8888888888888888                                                                            **
| **      888888888888888888                                                                             **
| **     888888888888888888                                                                              **
| **    888888888888888                                                                                  **
| **   88888888888888888888                               88888                       8888:              **
| **   8888888888888888888888Z                            88888                       8888:              **
| **   888888888888888888888888?                          88888                       8888:              **
| **   8888888888888      8888888                                        888888       8888:              **
| **    88888888888         888888     8888:     88888    88888        888888888I     8888:    888888    **
| **    8888888888           88888:    8888:     88888    88888      $888888888888    8888:   888888     **
| **    I8Z 88888             88888    8888:     88888    88888    .888888     8888   8888: 888888       **
| **    .8Z 88888             88888    8888:     88888    88888    $88888             8888:88888         **
| **     8I 88888      .=88. .88888    8888:     88888    88888    88888              8888888888         **
| **    :8  88888      888888$8888$    8888:     88888    88888    8888O              88888888888        **
| **   ,7   +88888.     8888888888.    8888:     88888    88888    888888             88888O888888       **
| **         $888888:.   .8888888      88888....888888    88888     888888     8888   8888:  888888      **
| **          I8888888888888888888     888888888888888    88888     O888888888888O    8888:   888888     **
| **            O888888888888888888     88888888888888    88888       88888888888$    8888:    888888    **
| **               8888888Z     888      .8888I  88888    88888         8888888       8888:     888888   **
| **                                                                                                     **
| **                                                                                                     **
| **                                         Copyright (c) 2026                                          **
| **                          Regents of the University of California San Diego                          **
| **                                    & Michigan State University                                      **
| **                                        All Rights Reserved.                                         **
| **                                                                                                     **
| **             This software is subject to the terms of the Mozilla Public License, v. 2.0.            **
| **                                                                                                     **
| *********************************************************************************************************
|                                                                                                          
| Cite this work as:                                                                                       
| Manathunga, M.; O'Hearn, K. A.; Shajan, A.; Smith, J.; Miao, Y.; He, X.; Ayers, K.;                      
| Brothers, E.; Palos, E.; Tripathy, V.; Goetz, A.W.; Merz, K.M. QUICK-26.03.                              
| University of California,San Diego, CA and                                                               
| Michigan State University, East Lansing, MI, 2026                                                        
|                                                                                                          
| If you have any comments or queries, please reach out to us on GitHub issues or discussion sections:     
| https://github.com/merzlab/QUICK.                                                                        
|                                                                                                          
| TASK STARTS ON: Fri Aug  7 20:50:48 2026
| INPUT FILE :    quickruns/0/morphine/morphine_def2-TZVPP.in
| OUTPUT FILE:    quickruns/0/morphine/morphine_def2-TZVPP.out
| BASIS SET PATH: /home/msun26/QUICK-cuEST-install-ffun/basis

|------------ GPU INFORMATION ---------------
| CUDA ENABLED DEVICE         :        1
| CUDA DEVICE IN USE          :        0
| CUDA DEVICE NAME            : NVIDIA GeForce RTX 5080
| CUDA DEVICE PM              :       84
| CUDA DEVICE CORE FREQ(GHZ)  :     2.73
| CUDA DEVICE MEMORY SIZE (MB):    15808
| SUPPORTING CUDA VERSION     :     12.0
|--------------------------------------------

 @ Read Job And Atom

  KEYWORD=DFT BLYP BASIS=DEF2-TZVPP CUTOFF=1.0E-10 DENSERMS=1.0E-6 ENERGY
 ============== JOB CARD =============
 METHOD = DENSITY FUNCTIONAL THEORY
 USING LIBXC VERSION: 4.3.4
 FUNCTIONAL INFORMATION:
 NAME = Becke 88 FAMILY = GGA KIND = EXCHANGE
 NAME = Lee, Yang & Parr FAMILY = GGA KIND = CORRELATION
 DIRECT SCF 
 SAD INITAL GUESS 
 USE DIIS SCF
 PRINT ENERGY EVERY CYCLE
 READ SAD GUESS FROM FILE
 STANDARD GRID = SG1
 Level shifting allowed after cycle    3
 DIIS error must exceed 0.100 for level shifting
 Max HOMO-LUMO gap to allow level shifting = 0.200
 MAX SCF CYCLES =    200
 MAX DIIS CYCLES =   10
 DELTA DENSITY START CYCLE =    3
 COMPUTATIONAL CUTOFF: 
      TWO-e INTEGRAL         =  0.100E-09
      BASIS SET PRIME        =  0.100E-10
      MATRIX ELEMENTS        =  0.100E-09
      BASIS FUNCTION         =  0.100E-05
      NEAR-LINEAR DEPENDENCY =  0.100E-04
 DENSITY MATRIX MAXIMUM RMS FOR CONVERGENCE  =  0.100E-05
 BASIS SET = DEF2-TZVPP,  TYPE = CARTESIAN
| BASIS FILE = /home/msun26/QUICK-cuEST-install-ffun/basis/DEF2-TZVPP.BAS
| DATA FILE  =    quickruns/0/morphine/morphine_def2-TZVPP.dat

 @ Finish reading job


 @ Begin SAD initial guess

 For Atom Kind =    1
 ELEMENT = O 
 BASIS FUNCTIONS =   36
 For Atom Kind =    2
 ELEMENT = N 
 BASIS FUNCTIONS =   36
 For Atom Kind =    3
 ELEMENT = C 
 BASIS FUNCTIONS =   36
 For Atom Kind =    4
 ELEMENT = H 
 BASIS FUNCTIONS =   15

 @ Finish SAD initial guess


 @ Begin Reading Molecular Information


 =========== Molecule Input ==========
 TOTAL MOLECULAR CHARGE  =    0    MULTIPLICITY                =    1
 TOTAL ATOM NUMBER       =   40    NUMBER OF ATOM TYPES        =    4
 NUMBER OF HYDROGEN ATOM =   19    NUMBER OF NON-HYDROGEN ATOM =   21
 NUMBER OF ELECTRONS     =  152

 -- INPUT GEOMETRY -- :
    O          -1.9930      -0.4740       1.2005
    O          -2.7826      -2.5168      -0.2218
    O          -3.6220       1.8421       0.5579
    N           3.1777      -0.0101       0.4474
    C           0.3699      -0.7149       0.6616
    C           1.2913      -1.3046      -0.4170
    C           2.3441      -0.2023      -0.7640
    C          -0.9377      -1.4750       0.9848
    C           1.1988      -0.3907       1.9201
    C          -0.2516       0.5302       0.1205
    C           1.6887       1.1052      -1.3279
    C           2.4315       0.4754       1.6126
    C           0.3384       1.4306      -0.7480
    C          -1.3631      -2.5067      -0.0924
    C           0.5066      -1.8183      -1.5971
    C          -1.5672       0.6306       0.5136
    C          -0.7155      -2.3492      -1.4425
    C           4.3733       0.7916       0.2084
    C          -0.4184       2.5415      -1.1246
    C          -2.3310       1.7217       0.1620
    C          -1.7382       2.6936      -0.6541
    H           1.8278      -2.1759      -0.0118
    H           3.0029      -0.6035      -1.5465
    H          -0.8451      -2.0128       1.9373
    H           1.5366      -1.3335       2.3712
    H           0.5899       0.1174       2.6790
    H           1.5474       0.9596      -2.4075
    H           2.3530       1.9680      -1.2194
    H           2.1271       1.5205       1.4760
    H           3.0801       0.4584       2.4975
    H          -1.0772      -3.5067       0.2593
    H           0.9601      -1.7947      -2.5831
    H          -1.2300      -2.7505      -2.3109
    H           4.1500       1.8479       0.0287
    H           4.9380       0.4055      -0.6472
    H           5.0444       0.7352       1.0730
    H          -0.0062       3.2824      -1.8043
    H          -2.3121       3.5638      -0.9645
    H          -3.1557      -2.6446       0.6672
    H          -3.8483       1.0686       1.1031

============== BASIS INFOS ==============
 BASIS FUNCTIONS = 1041
 NSHELL =  345 NPRIM  = 1394
 JSHELL =  345 JBASIS =  572


 @ End Reading Molecular Information 


 @ Begin XC Quadrature Formation

 OCTAGO: OCTree Algorithm for Grid Operations 
   PRUNING CUTOFF       = 0.100E-06
   INITIAL GRID POINTS  =      151424
|   FINAL GRID POINTS    =           0
|   SIGNIFICANT NUMBER OF BASIS FUNCTIONS     =           0
|   SIGNIFICANT NUMBER OF PRIMITIVE FUNCTIONS =           0

 @ End XC Quadrature Formation


 @ Begin Energy Calculation

| Number of total basis functions:   1041
| Number of linearly independent basis functions:   1038
| condition number of overlap matrix:    5.946E+06
| Smallest eigenvalue of overlap matrix:    3.306E-06

                                         SCF ENERGY
| ------------------------------------------------------------------------------------------------------------------------
| NCYC       ENERGY         DELTA_E      SCF_TIME  DII_CYC   DII_TIME   O_TIME  DIAG_TIME    MAX_ERR    RMS_CHG    MAX_CHG
| ------------------------------------------------------------------------------------------------------------------------
|  1   -929.998117699      ------         0.722     1        0.08      0.64      0.03    0.2181E+01  0.6008E-02  0.2618E+00
|  2   -937.531405824  0.753329E+01       0.447     2        0.09      0.36      0.03    0.3984E+00  0.1526E+00  0.5037E+02
|  3   -931.163538806  -.636787E+01       0.466     3        0.10      0.36      0.03    0.6735E+00  0.1430E+00  0.4572E+02
|   ***  Level shifting applied  ( HOMO-LUMO gap =  0.009 au ) ***
|  4   -939.114224462  0.795069E+01       0.466     4        0.10      0.36      0.03    0.2079E+00  0.1468E-01  0.4696E+01
|   ***  Level shifting applied  ( HOMO-LUMO gap =  0.187 au ) ***
|  5   -939.502486036  0.388262E+00       0.468     5        0.11      0.36      0.03    0.1922E+00  0.1014E-02  0.8706E-01
|   ***  Level shifting applied  ( HOMO-LUMO gap =  0.077 au ) ***
|  6   -939.606080819  0.103595E+00       0.453     6        0.09      0.36      0.03    0.2305E-01  0.4671E-03  0.5852E-01
|  7   -939.612313073  0.623225E-02       0.455     7        0.09      0.36      0.03    0.1764E-01  0.1617E-03  0.1791E-01
|  8   -939.614835864  0.252279E-02       0.455     8        0.09      0.36      0.03    0.5011E-02  0.6780E-04  0.6693E-02
|  9   -939.615059394  0.223530E-03       0.458     9        0.09      0.36      0.03    0.3164E-02  0.3561E-04  0.5569E-02
| 10   -939.615137130  0.777356E-04       0.457    10        0.09      0.36      0.03    0.9502E-03  0.8908E-05  0.1418E-02
| 11   -939.615141281  0.415143E-05       0.466     1        0.10      0.36      0.03    0.3495E-03  0.2816E-05  0.5248E-03
| 12   -939.615141942  0.660722E-06       0.465     2        0.10      0.36      0.03    0.1038E-03  0.1026E-05  0.1169E-03
| 13   -939.615142024  0.820069E-07       0.465     3        0.10      0.36      0.03    0.4157E-04  0.4442E-06  0.4978E-04
| ------------------------------------------------------------------------------------------------------------------------
| REACH CONVERGENCE AFTER  13 CYCLES
| MAX ERROR = 0.415675E-04   RMS CHANGE = 0.444155E-06   MAX CHANGE = 0.497797E-04
| -----------------------------------------------
 ALPHA ELECTRON DENSITY    =    76.0000000000
 BETA ELECTRON DENSITY     =    76.0000000000
 ELECTRONIC ENERGY    =  -2768.922412505
 CORE_CORE REPULSION  =   1829.307270481
 TOTAL ENERGY         =   -939.615142024

 @ End Energy calculation

  Skipping one-electron property calculation.

 @ Output cuEST Memory Footprint

------------- cuEST MEMORY USAGE ---------------
| Peak Host Footprint =    28.69 kB
| Host Allocations =    35
| Peak Device Footprint =     6.06 GB
| Device Allocations =    25
------------------------------------------------

 @ Finish Output cuEST Memory Footprint


 @ Output Timing Information

------------- TIMING ---------------
| CUEST INITIALIZATION TIME =     2.686826000( 22.99%)
| INITIAL GUESS TIME  =     2.484658000( 21.26%)
| DFT GRID OPERATIONS =     0.000363000(  0.00%)
| TOTAL SCF TIME      =     6.493369000( 55.55%)
|       TOTAL OP TIME      =     5.212408000( 44.59%)
|             TOTAL 1e TIME      =     0.250827000(  2.15%)
|             TOTAL 2e TIME      =     0.178107000(  1.52%)
|             TOTAL EXC TIME     =     4.440279000( 37.99%)
|       TOTAL DII TIME      =     1.258334000( 10.77%)
|             TOTAL DIAG TIME    =     0.400453000(  3.43%)
| TOTAL TIME          =    11.688981000
------------------------------------
| Job cpu time:  0 days  0 hours  0 minutes 11.7 seconds.

 @ Finish Output Timing Information

| Normal Termination. Task Finished on: Fri Aug  7 20:51:00 2026
