| *********************************************************************************************************
| **                                                                                                     **
| **           888888888888                                                                              **
| **         8888888888888888                                                                            **
| **      888888888888888888                                                                             **
| **     888888888888888888                                                                              **
| **    888888888888888                                                                                  **
| **   88888888888888888888                               88888                       8888:              **
| **   8888888888888888888888Z                            88888                       8888:              **
| **   888888888888888888888888?                          88888                       8888:              **
| **   8888888888888      8888888                                        888888       8888:              **
| **    88888888888         888888     8888:     88888    88888        888888888I     8888:    888888    **
| **    8888888888           88888:    8888:     88888    88888      $888888888888    8888:   888888     **
| **    I8Z 88888             88888    8888:     88888    88888    .888888     8888   8888: 888888       **
| **    .8Z 88888             88888    8888:     88888    88888    $88888             8888:88888         **
| **     8I 88888      .=88. .88888    8888:     88888    88888    88888              8888888888         **
| **    :8  88888      888888$8888$    8888:     88888    88888    8888O              88888888888        **
| **   ,7   +88888.     8888888888.    8888:     88888    88888    888888             88888O888888       **
| **         $888888:.   .8888888      88888....888888    88888     888888     8888   8888:  888888      **
| **          I8888888888888888888     888888888888888    88888     O888888888888O    8888:   888888     **
| **            O888888888888888888     88888888888888    88888       88888888888$    8888:    888888    **
| **               8888888Z     888      .8888I  88888    88888         8888888       8888:     888888   **
| **                                                                                                     **
| **                                                                                                     **
| **                                         Copyright (c) 2026                                          **
| **                          Regents of the University of California San Diego                          **
| **                                    & Michigan State University                                      **
| **                                        All Rights Reserved.                                         **
| **                                                                                                     **
| **             This software is subject to the terms of the Mozilla Public License, v. 2.0.            **
| **                                                                                                     **
| *********************************************************************************************************
|                                                                                                          
| Cite this work as:                                                                                       
| Manathunga, M.; O'Hearn, K. A.; Shajan, A.; Smith, J.; Miao, Y.; He, X.; Ayers, K.;                      
| Brothers, E.; Palos, E.; Tripathy, V.; Goetz, A.W.; Merz, K.M. QUICK-26.03.                              
| University of California,San Diego, CA and                                                               
| Michigan State University, East Lansing, MI, 2026                                                        
|                                                                                                          
| If you have any comments or queries, please reach out to us on GitHub issues or discussion sections:     
| https://github.com/merzlab/QUICK.                                                                        
|                                                                                                          
| TASK STARTS ON: Wed Aug 19 15:18:28 2026
| INPUT FILE :    quickruns/0/morphine/morphine_def2-SV(P).in
| OUTPUT FILE:    quickruns/0/morphine/morphine_def2-SV(P).out
| BASIS SET PATH: /home/michaelsun/QUICK-cuEST-install-release/basis

|------------ GPU INFORMATION ---------------
| CUDA ENABLED DEVICE         :        1
| CUDA DEVICE IN USE          :        0
| CUDA DEVICE NAME            : NVIDIA GB10
| CUDA DEVICE PM              :       48
| CUDA DEVICE CORE FREQ(GHZ)  :     2.42
| CUDA DEVICE MEMORY SIZE (MB):   124609
| SUPPORTING CUDA VERSION     :     12.1
|--------------------------------------------

 @ Read Job And Atom

  KEYWORD=BLYP BASIS=DEF2-SV(P) CUTOFF=1.0E-10 DENSERMS=1.0E-6 ENERGY CUEST
 ============== JOB CARD =============
 METHOD = DENSITY FUNCTIONAL THEORY
 USING LIBXC VERSION: 4.3.4
 FUNCTIONAL INFORMATION:
 NAME = Becke 88 FAMILY = GGA KIND = EXCHANGE
 NAME = Lee, Yang & Parr FAMILY = GGA KIND = CORRELATION
 DIRECT SCF 
 SAD INITAL GUESS 
 USE DIIS SCF
 PRINT ENERGY EVERY CYCLE
 READ SAD GUESS FROM FILE
 STANDARD GRID = SG1
 Level shifting allowed after cycle    3
 DIIS error must exceed 0.100 for level shifting
 Max HOMO-LUMO gap to allow level shifting = 0.200
 MAX SCF CYCLES =    200
 MAX DIIS CYCLES =   10
 DELTA DENSITY START CYCLE =    3
 COMPUTATIONAL CUTOFF: 
      TWO-e INTEGRAL         =  0.100E-09
      BASIS SET PRIME        =  0.100E-10
      MATRIX ELEMENTS        =  0.100E-09
      BASIS FUNCTION         =  0.100E-05
      NEAR-LINEAR DEPENDENCY =  0.100E-04
 DENSITY MATRIX MAXIMUM RMS FOR CONVERGENCE  =  0.100E-05
 BASIS SET = DEF2-SV(P),  TYPE = CARTESIAN
| BASIS FILE = /home/michaelsun/QUICK-cuEST-install-release/basis/DEF2-SV_P.BAS
| DATA FILE  =    quickruns/0/morphine/morphine_def2-SV(P).dat

 @ Finish reading job


 @ Begin SAD initial guess

 For Atom Kind =    1
 ELEMENT = O 
 BASIS FUNCTIONS =   15
 For Atom Kind =    2
 ELEMENT = N 
 BASIS FUNCTIONS =   15
 For Atom Kind =    3
 ELEMENT = C 
 BASIS FUNCTIONS =   15
 For Atom Kind =    4
 ELEMENT = H 
 BASIS FUNCTIONS =    2

 @ Finish SAD initial guess


 @ Begin Reading Molecular Information


 =========== Molecule Input ==========
 TOTAL MOLECULAR CHARGE  =    0    MULTIPLICITY                =    1
 TOTAL ATOM NUMBER       =   40    NUMBER OF ATOM TYPES        =    4
 NUMBER OF HYDROGEN ATOM =   19    NUMBER OF NON-HYDROGEN ATOM =   21
 NUMBER OF ELECTRONS     =  152

 -- INPUT GEOMETRY -- :
    O          -1.9930      -0.4740       1.2005
    O          -2.7826      -2.5168      -0.2218
    O          -3.6220       1.8421       0.5579
    N           3.1777      -0.0101       0.4474
    C           0.3699      -0.7149       0.6616
    C           1.2913      -1.3046      -0.4170
    C           2.3441      -0.2023      -0.7640
    C          -0.9377      -1.4750       0.9848
    C           1.1988      -0.3907       1.9201
    C          -0.2516       0.5302       0.1205
    C           1.6887       1.1052      -1.3279
    C           2.4315       0.4754       1.6126
    C           0.3384       1.4306      -0.7480
    C          -1.3631      -2.5067      -0.0924
    C           0.5066      -1.8183      -1.5971
    C          -1.5672       0.6306       0.5136
    C          -0.7155      -2.3492      -1.4425
    C           4.3733       0.7916       0.2084
    C          -0.4184       2.5415      -1.1246
    C          -2.3310       1.7217       0.1620
    C          -1.7382       2.6936      -0.6541
    H           1.8278      -2.1759      -0.0118
    H           3.0029      -0.6035      -1.5465
    H          -0.8451      -2.0128       1.9373
    H           1.5366      -1.3335       2.3712
    H           0.5899       0.1174       2.6790
    H           1.5474       0.9596      -2.4075
    H           2.3530       1.9680      -1.2194
    H           2.1271       1.5205       1.4760
    H           3.0801       0.4584       2.4975
    H          -1.0772      -3.5067       0.2593
    H           0.9601      -1.7947      -2.5831
    H          -1.2300      -2.7505      -2.3109
    H           4.1500       1.8479       0.0287
    H           4.9380       0.4055      -0.6472
    H           5.0444       0.7352       1.0730
    H          -0.0062       3.2824      -1.8043
    H          -2.3121       3.5638      -0.9645
    H          -3.1557      -2.6446       0.6672
    H          -3.8483       1.0686       1.1031

============== BASIS INFOS ==============
 BASIS FUNCTIONS =  353
 NSHELL =  164 NPRIM  =  601
 JSHELL =  164 JBASIS =  328


 @ End Reading Molecular Information 


 @ Begin XC Quadrature Formation

 OCTAGO: OCTree Algorithm for Grid Operations 
   PRUNING CUTOFF       = 0.100E-06
   INITIAL GRID POINTS  =      151424
|   FINAL GRID POINTS    =           0
|   SIGNIFICANT NUMBER OF BASIS FUNCTIONS     =           0
|   SIGNIFICANT NUMBER OF PRIMITIVE FUNCTIONS =           0

 @ End XC Quadrature Formation


 @ Begin Energy Calculation

| condition number of overlap matrix:    6.993E+04
| Smallest eigenvalue of overlap matrix:    1.421E-04

                                         SCF ENERGY
| ------------------------------------------------------------------------------------------------------------------------
| NCYC       ENERGY         DELTA_E      SCF_TIME  DII_CYC   DII_TIME   O_TIME  DIAG_TIME    MAX_ERR    RMS_CHG    MAX_CHG
| ------------------------------------------------------------------------------------------------------------------------
|  1   -930.239115713      ------         0.267     1        0.02      0.25      0.01    0.5838E+00  0.9416E-01  0.8025E+01
|  2   -897.952367966  -.322867E+02       0.233     2        0.02      0.21      0.01    0.1549E+01  0.1078E+00  0.7660E+01
|  3   -888.435946213  -.951642E+01       0.235     3        0.02      0.21      0.01    0.1016E+01  0.6139E-01  0.5803E+01
|   ***  Level shifting applied  ( HOMO-LUMO gap =  0.002 au ) ***
|  4   -937.304988253  0.488690E+02       0.271     4        0.02      0.25      0.01    0.4268E+00  0.2202E-01  0.1048E+01
|   ***  Level shifting applied  ( HOMO-LUMO gap =  0.056 au ) ***
|  5   -935.585447646  -.171954E+01       0.278     5        0.02      0.26      0.01    0.4171E+00  0.1899E-01  0.1034E+01
|   ***  Level shifting applied  ( HOMO-LUMO gap =  0.030 au ) ***
|  6   -938.308150037  0.272270E+01       0.242     6        0.02      0.22      0.01    0.1780E+00  0.5216E-02  0.1877E+00
|   ***  Level shifting applied  ( HOMO-LUMO gap =  0.105 au ) ***
|  7   -938.467364561  0.159215E+00       0.269     7        0.02      0.24      0.01    0.1149E+00  0.2328E-02  0.8793E-01
|   ***  Level shifting applied  ( HOMO-LUMO gap =  0.198 au ) ***
|  8   -938.513363351  0.459988E-01       0.255     8        0.02      0.23      0.01    0.3639E-01  0.1243E-02  0.5036E-01
|  9   -938.521638230  0.827488E-02       0.263     9        0.02      0.24      0.01    0.2461E-01  0.4969E-03  0.2335E-01
| 10   -938.524559985  0.292176E-02       0.258    10        0.02      0.24      0.01    0.8335E-02  0.2188E-03  0.9772E-02
| 11   -938.524900324  0.340339E-03       0.252     1        0.02      0.23      0.01    0.4547E-02  0.1059E-03  0.3750E-02
| 12   -938.525024772  0.124448E-03       0.258     2        0.02      0.24      0.01    0.1323E-02  0.4674E-04  0.1147E-02
| 13   -938.525040508  0.157355E-04       0.255     3        0.02      0.23      0.01    0.5879E-03  0.1974E-04  0.4888E-03
| 14   -938.525043986  0.347866E-05       0.266     4        0.02      0.24      0.01    0.1394E-03  0.6481E-05  0.1935E-03
| 15   -938.525044194  0.207496E-06       0.254     5        0.02      0.23      0.01    0.1449E-03  0.3462E-05  0.1334E-03
| 16   -938.525044313  0.118718E-06       0.260     6        0.02      0.24      0.01    0.3538E-04  0.1365E-05  0.4188E-04
| 17   -938.525044320  0.776436E-08       0.268     7        0.03      0.24      0.01    0.1654E-04  0.6600E-06  0.1788E-04
| ------------------------------------------------------------------------------------------------------------------------
| REACH CONVERGENCE AFTER  17 CYCLES
| MAX ERROR = 0.165401E-04   RMS CHANGE = 0.659999E-06   MAX CHANGE = 0.178801E-04
| -----------------------------------------------
 ALPHA ELECTRON DENSITY    =    75.9992277258
 BETA ELECTRON DENSITY     =    75.9992277258
 ELECTRONIC ENERGY    =  -2767.832314801
 CORE_CORE REPULSION  =   1829.307270481
 TOTAL ENERGY         =   -938.525044320

 @ End Energy calculation

  Skipping one-electron property calculation.

 @ Output cuEST Memory Footprint

------------- cuEST MEMORY USAGE ---------------
| Peak Host Footprint =    22.39 kB
| Host Allocations =    38
| Peak Device Footprint =     4.58 GB
| Device Allocations =    29
------------------------------------------------

 @ Finish Output cuEST Memory Footprint


 @ Output Timing Information

------------- TIMING ---------------
| CUEST INITIALIZATION TIME =     1.072300000( 14.15%)
| INITIAL GUESS TIME  =     1.295062000( 17.08%)
| DFT GRID OPERATIONS =     0.000571000(  0.01%)
| TOTAL SCF TIME      =     4.411432000( 58.19%)
|       TOTAL OP TIME      =     4.034960000( 53.23%)
|             TOTAL 1e TIME      =     0.027630000(  0.36%)
|             TOTAL 2e TIME      =     0.104714000(  1.38%)
|             TOTAL EXC TIME     =     3.857001000( 50.88%)
|       TOTAL DII TIME      =     0.370573000(  4.89%)
|             TOTAL DIAG TIME    =     0.213628000(  2.82%)
| TOTAL TIME          =     7.580741000
------------------------------------
| Job cpu time:  0 days  0 hours  0 minutes  7.6 seconds.

 @ Finish Output Timing Information

| Normal Termination. Task Finished on: Wed Aug 19 15:18:36 2026
