| *********************************************************************************************************
| **                                                                                                     **
| **           888888888888                                                                              **
| **         8888888888888888                                                                            **
| **      888888888888888888                                                                             **
| **     888888888888888888                                                                              **
| **    888888888888888                                                                                  **
| **   88888888888888888888                               88888                       8888:              **
| **   8888888888888888888888Z                            88888                       8888:              **
| **   888888888888888888888888?                          88888                       8888:              **
| **   8888888888888      8888888                                        888888       8888:              **
| **    88888888888         888888     8888:     88888    88888        888888888I     8888:    888888    **
| **    8888888888           88888:    8888:     88888    88888      $888888888888    8888:   888888     **
| **    I8Z 88888             88888    8888:     88888    88888    .888888     8888   8888: 888888       **
| **    .8Z 88888             88888    8888:     88888    88888    $88888             8888:88888         **
| **     8I 88888      .=88. .88888    8888:     88888    88888    88888              8888888888         **
| **    :8  88888      888888$8888$    8888:     88888    88888    8888O              88888888888        **
| **   ,7   +88888.     8888888888.    8888:     88888    88888    888888             88888O888888       **
| **         $888888:.   .8888888      88888....888888    88888     888888     8888   8888:  888888      **
| **          I8888888888888888888     888888888888888    88888     O888888888888O    8888:   888888     **
| **            O888888888888888888     88888888888888    88888       88888888888$    8888:    888888    **
| **               8888888Z     888      .8888I  88888    88888         8888888       8888:     888888   **
| **                                                                                                     **
| **                                                                                                     **
| **                                         Copyright (c) 2026                                          **
| **                          Regents of the University of California San Diego                          **
| **                                    & Michigan State University                                      **
| **                                        All Rights Reserved.                                         **
| **                                                                                                     **
| **             This software is subject to the terms of the Mozilla Public License, v. 2.0.            **
| **                                                                                                     **
| *********************************************************************************************************
|                                                                                                          
| Cite this work as:                                                                                       
| Manathunga, M.; O'Hearn, K. A.; Shajan, A.; Smith, J.; Miao, Y.; He, X.; Ayers, K.;                      
| Brothers, E.; Palos, E.; Tripathy, V.; Goetz, A.W.; Merz, K.M. QUICK-26.03.                              
| University of California,San Diego, CA and                                                               
| Michigan State University, East Lansing, MI, 2026                                                        
|                                                                                                          
| If you have any comments or queries, please reach out to us on GitHub issues or discussion sections:     
| https://github.com/merzlab/QUICK.                                                                        
|                                                                                                          
| TASK STARTS ON: Wed Aug 19 15:18:17 2026
| INPUT FILE :    quickruns/0/morphine/morphine_6-31+G**.in
| OUTPUT FILE:    quickruns/0/morphine/morphine_6-31+G**.out
| BASIS SET PATH: /home/michaelsun/QUICK-cuEST-install-release/basis

|------------ GPU INFORMATION ---------------
| CUDA ENABLED DEVICE         :        1
| CUDA DEVICE IN USE          :        0
| CUDA DEVICE NAME            : NVIDIA GB10
| CUDA DEVICE PM              :       48
| CUDA DEVICE CORE FREQ(GHZ)  :     2.42
| CUDA DEVICE MEMORY SIZE (MB):   124609
| SUPPORTING CUDA VERSION     :     12.1
|--------------------------------------------

 @ Read Job And Atom

  KEYWORD=BLYP BASIS=6-31+G** CUTOFF=1.0E-10 DENSERMS=1.0E-6 ENERGY CUEST
 ============== JOB CARD =============
 METHOD = DENSITY FUNCTIONAL THEORY
 USING LIBXC VERSION: 4.3.4
 FUNCTIONAL INFORMATION:
 NAME = Becke 88 FAMILY = GGA KIND = EXCHANGE
 NAME = Lee, Yang & Parr FAMILY = GGA KIND = CORRELATION
 DIRECT SCF 
 SAD INITAL GUESS 
 USE DIIS SCF
 PRINT ENERGY EVERY CYCLE
 READ SAD GUESS FROM FILE
 STANDARD GRID = SG1
 Level shifting allowed after cycle    3
 DIIS error must exceed 0.100 for level shifting
 Max HOMO-LUMO gap to allow level shifting = 0.200
 MAX SCF CYCLES =    200
 MAX DIIS CYCLES =   10
 DELTA DENSITY START CYCLE =    3
 COMPUTATIONAL CUTOFF: 
      TWO-e INTEGRAL         =  0.100E-09
      BASIS SET PRIME        =  0.100E-10
      MATRIX ELEMENTS        =  0.100E-09
      BASIS FUNCTION         =  0.100E-05
      NEAR-LINEAR DEPENDENCY =  0.100E-04
 DENSITY MATRIX MAXIMUM RMS FOR CONVERGENCE  =  0.100E-05
 BASIS SET = 6-31+G**,  TYPE = CARTESIAN
| BASIS FILE = /home/michaelsun/QUICK-cuEST-install-release/basis/6-31PLGDP.BAS
| DATA FILE  =    quickruns/0/morphine/morphine_6-31+G**.dat

 @ Finish reading job


 @ Begin SAD initial guess

 For Atom Kind =    1
 ELEMENT = O 
 BASIS FUNCTIONS =   19
 For Atom Kind =    2
 ELEMENT = N 
 BASIS FUNCTIONS =   19
 For Atom Kind =    3
 ELEMENT = C 
 BASIS FUNCTIONS =   19
 For Atom Kind =    4
 ELEMENT = H 
 BASIS FUNCTIONS =    5

 @ Finish SAD initial guess


 @ Begin Reading Molecular Information


 =========== Molecule Input ==========
 TOTAL MOLECULAR CHARGE  =    0    MULTIPLICITY                =    1
 TOTAL ATOM NUMBER       =   40    NUMBER OF ATOM TYPES        =    4
 NUMBER OF HYDROGEN ATOM =   19    NUMBER OF NON-HYDROGEN ATOM =   21
 NUMBER OF ELECTRONS     =  152

 -- INPUT GEOMETRY -- :
    O          -1.9930      -0.4740       1.2005
    O          -2.7826      -2.5168      -0.2218
    O          -3.6220       1.8421       0.5579
    N           3.1777      -0.0101       0.4474
    C           0.3699      -0.7149       0.6616
    C           1.2913      -1.3046      -0.4170
    C           2.3441      -0.2023      -0.7640
    C          -0.9377      -1.4750       0.9848
    C           1.1988      -0.3907       1.9201
    C          -0.2516       0.5302       0.1205
    C           1.6887       1.1052      -1.3279
    C           2.4315       0.4754       1.6126
    C           0.3384       1.4306      -0.7480
    C          -1.3631      -2.5067      -0.0924
    C           0.5066      -1.8183      -1.5971
    C          -1.5672       0.6306       0.5136
    C          -0.7155      -2.3492      -1.4425
    C           4.3733       0.7916       0.2084
    C          -0.4184       2.5415      -1.1246
    C          -2.3310       1.7217       0.1620
    C          -1.7382       2.6936      -0.6541
    H           1.8278      -2.1759      -0.0118
    H           3.0029      -0.6035      -1.5465
    H          -0.8451      -2.0128       1.9373
    H           1.5366      -1.3335       2.3712
    H           0.5899       0.1174       2.6790
    H           1.5474       0.9596      -2.4075
    H           2.3530       1.9680      -1.2194
    H           2.1271       1.5205       1.4760
    H           3.0801       0.4584       2.4975
    H          -1.0772      -3.5067       0.2593
    H           0.9601      -1.7947      -2.5831
    H          -1.2300      -2.7505      -2.3109
    H           4.1500       1.8479       0.0287
    H           4.9380       0.4055      -0.6472
    H           5.0444       0.7352       1.0730
    H          -0.0062       3.2824      -1.8043
    H          -2.3121       3.5638      -0.9645
    H          -3.1557      -2.6446       0.6672
    H          -3.8483       1.0686       1.1031

============== BASIS INFOS ==============
 BASIS FUNCTIONS =  494
 NSHELL =  162 NPRIM  =  805
 JSHELL =  162 JBASIS =  347


 @ End Reading Molecular Information 


 @ Begin XC Quadrature Formation

 OCTAGO: OCTree Algorithm for Grid Operations 
   PRUNING CUTOFF       = 0.100E-07
   INITIAL GRID POINTS  =      151424
|   FINAL GRID POINTS    =           0
|   SIGNIFICANT NUMBER OF BASIS FUNCTIONS     =           0
|   SIGNIFICANT NUMBER OF PRIMITIVE FUNCTIONS =           0

 @ End XC Quadrature Formation


 @ Begin Energy Calculation

| Number of total basis functions:    494
| Number of linearly independent basis functions:    484
| condition number of overlap matrix:    9.530E+07
| Smallest eigenvalue of overlap matrix:    2.230E-07

                                         SCF ENERGY
| ------------------------------------------------------------------------------------------------------------------------
| NCYC       ENERGY         DELTA_E      SCF_TIME  DII_CYC   DII_TIME   O_TIME  DIAG_TIME    MAX_ERR    RMS_CHG    MAX_CHG
| ------------------------------------------------------------------------------------------------------------------------
|  1   -928.657006038      ------         0.511     1        0.03      0.48      0.02    0.5342E+00  0.3216E+00  0.2311E+02
|  2   -801.936821772  -.126720E+03       0.403     2        0.03      0.37      0.02    0.2426E+01  0.3108E+00  0.2163E+02
|  3   -934.354674062  0.132418E+03       0.453     3        0.04      0.42      0.02    0.5200E+00  0.1543E+00  0.1154E+02
|   ***  Level shifting applied  ( HOMO-LUMO gap =  0.048 au ) ***
|  4   -914.621491766  -.197332E+02       0.415     4        0.04      0.38      0.02    0.1043E+01  0.1603E+00  0.8700E+01
|   ***  Level shifting applied  ( HOMO-LUMO gap =  0.009 au ) ***
|  5   -937.348920115  0.227274E+02       0.458     5        0.04      0.42      0.02    0.2942E+00  0.2503E+00  0.1572E+02
|   ***  Level shifting applied  ( HOMO-LUMO gap =  0.004 au ) ***
|  6   -938.972009124  0.162309E+01       0.454     6        0.04      0.42      0.02    0.2050E+00  0.7356E-02  0.2631E+00
|   ***  Level shifting applied  ( HOMO-LUMO gap =  0.107 au ) ***
|  7   -939.257521432  0.285512E+00       0.453     7        0.03      0.42      0.02    0.4189E-01  0.6293E-02  0.3323E+00
|  8   -939.264114858  0.659343E-02       0.449     8        0.03      0.42      0.02    0.3761E-01  0.2966E-02  0.1152E+00
|  9   -939.283661319  0.195465E-01       0.444     9        0.03      0.41      0.02    0.2094E-01  0.9471E-03  0.7426E-01
| 10   -939.287561711  0.390039E-02       0.457    10        0.03      0.42      0.02    0.7182E-02  0.3567E-03  0.2723E-01
| 11   -939.287800932  0.239222E-03       0.450     1        0.04      0.41      0.02    0.2055E-02  0.8283E-04  0.7131E-02
| 12   -939.287823039  0.221069E-04       0.457     2        0.04      0.42      0.02    0.5514E-03  0.3109E-04  0.1218E-02
| 13   -939.287826173  0.313380E-05       0.447     3        0.04      0.41      0.02    0.1213E-03  0.1228E-04  0.5106E-03
| 14   -939.287826403  0.230008E-06       0.454     4        0.04      0.42      0.02    0.9340E-04  0.5787E-05  0.2393E-03
| 15   -939.287826515  0.112458E-06       0.456     5        0.04      0.42      0.02    0.2006E-04  0.3293E-05  0.1662E-03
| 16   -939.287826515  0.295586E-09       0.452     6        0.03      0.42      0.02    0.1909E-04  0.1420E-05  0.5772E-04
| 17   -939.287826521  0.591854E-08       0.458     7        0.04      0.42      0.02    0.1851E-04  0.2665E-06  0.1770E-04
| ------------------------------------------------------------------------------------------------------------------------
| REACH CONVERGENCE AFTER  17 CYCLES
| MAX ERROR = 0.185086E-04   RMS CHANGE = 0.266506E-06   MAX CHANGE = 0.176991E-04
| -----------------------------------------------
 ALPHA ELECTRON DENSITY    =    75.9989166222
 BETA ELECTRON DENSITY     =    75.9989166222
 ELECTRONIC ENERGY    =  -2768.595097002
 CORE_CORE REPULSION  =   1829.307270481
 TOTAL ENERGY         =   -939.287826521

 @ End Energy calculation

  Skipping one-electron property calculation.

 @ Output cuEST Memory Footprint

------------- cuEST MEMORY USAGE ---------------
| Peak Host Footprint =    24.34 kB
| Host Allocations =    38
| Peak Device Footprint =     5.09 GB
| Device Allocations =    29
------------------------------------------------

 @ Finish Output cuEST Memory Footprint


 @ Output Timing Information

------------- TIMING ---------------
| CUEST INITIALIZATION TIME =     1.684005000( 14.61%)
| INITIAL GUESS TIME  =     1.310501000( 11.37%)
| DFT GRID OPERATIONS =     0.000582000(  0.01%)
| TOTAL SCF TIME      =     7.734261000( 67.08%)
|       TOTAL OP TIME      =     7.126846000( 61.81%)
|             TOTAL 1e TIME      =     0.062043000(  0.54%)
|             TOTAL 2e TIME      =     0.188610000(  1.64%)
|             TOTAL EXC TIME     =     6.779483000( 58.80%)
|       TOTAL DII TIME      =     0.599393000(  5.20%)
|             TOTAL DIAG TIME    =     0.287386000(  2.49%)
| TOTAL TIME          =    11.530120000
------------------------------------
| Job cpu time:  0 days  0 hours  0 minutes 11.5 seconds.

 @ Finish Output Timing Information

| Normal Termination. Task Finished on: Wed Aug 19 15:18:28 2026
