| *********************************************************************************************************
| **                                                                                                     **
| **           888888888888                                                                              **
| **         8888888888888888                                                                            **
| **      888888888888888888                                                                             **
| **     888888888888888888                                                                              **
| **    888888888888888                                                                                  **
| **   88888888888888888888                               88888                       8888:              **
| **   8888888888888888888888Z                            88888                       8888:              **
| **   888888888888888888888888?                          88888                       8888:              **
| **   8888888888888      8888888                                        888888       8888:              **
| **    88888888888         888888     8888:     88888    88888        888888888I     8888:    888888    **
| **    8888888888           88888:    8888:     88888    88888      $888888888888    8888:   888888     **
| **    I8Z 88888             88888    8888:     88888    88888    .888888     8888   8888: 888888       **
| **    .8Z 88888             88888    8888:     88888    88888    $88888             8888:88888         **
| **     8I 88888      .=88. .88888    8888:     88888    88888    88888              8888888888         **
| **    :8  88888      888888$8888$    8888:     88888    88888    8888O              88888888888        **
| **   ,7   +88888.     8888888888.    8888:     88888    88888    888888             88888O888888       **
| **         $888888:.   .8888888      88888....888888    88888     888888     8888   8888:  888888      **
| **          I8888888888888888888     888888888888888    88888     O888888888888O    8888:   888888     **
| **            O888888888888888888     88888888888888    88888       88888888888$    8888:    888888    **
| **               8888888Z     888      .8888I  88888    88888         8888888       8888:     888888   **
| **                                                                                                     **
| **                                                                                                     **
| **                                         Copyright (c) 2026                                          **
| **                          Regents of the University of California San Diego                          **
| **                                    & Michigan State University                                      **
| **                                        All Rights Reserved.                                         **
| **                                                                                                     **
| **             This software is subject to the terms of the Mozilla Public License, v. 2.0.            **
| **                                                                                                     **
| *********************************************************************************************************
|                                                                                                          
| Cite this work as:                                                                                       
| Manathunga, M.; O'Hearn, K. A.; Shajan, A.; Smith, J.; Miao, Y.; He, X.; Ayers, K.;                      
| Brothers, E.; Palos, E.; Tripathy, V.; Goetz, A.W.; Merz, K.M. QUICK-26.03.                              
| University of California,San Diego, CA and                                                               
| Michigan State University, East Lansing, MI, 2026                                                        
|                                                                                                          
| If you have any comments or queries, please reach out to us on GitHub issues or discussion sections:     
| https://github.com/merzlab/QUICK.                                                                        
|                                                                                                          
| TASK STARTS ON: Wed Aug 19 12:12:42 2026
| INPUT FILE :    quickruns/0/valinomycin/valinomycin_def2-SVP.in
| OUTPUT FILE:    quickruns/0/valinomycin/valinomycin_def2-SVP.out
| BASIS SET PATH: /home/michaelsun/QUICK-cuEST-install-release/basis

|------------ GPU INFORMATION ---------------
| CUDA ENABLED DEVICE         :        1
| CUDA DEVICE IN USE          :        0
| CUDA DEVICE NAME            : NVIDIA GB10
| CUDA DEVICE PM              :       48
| CUDA DEVICE CORE FREQ(GHZ)  :     2.42
| CUDA DEVICE MEMORY SIZE (MB):   124609
| SUPPORTING CUDA VERSION     :     12.1
|--------------------------------------------

 @ Read Job And Atom

  KEYWORD=BLYP BASIS=DEF2-SVP CUTOFF=1.0E-10 DENSERMS=1.0E-6 ENERGY CUEST
 ============== JOB CARD =============
 METHOD = DENSITY FUNCTIONAL THEORY
 USING LIBXC VERSION: 4.3.4
 FUNCTIONAL INFORMATION:
 NAME = Becke 88 FAMILY = GGA KIND = EXCHANGE
 NAME = Lee, Yang & Parr FAMILY = GGA KIND = CORRELATION
 DIRECT SCF 
 SAD INITAL GUESS 
 USE DIIS SCF
 PRINT ENERGY EVERY CYCLE
 READ SAD GUESS FROM FILE
 STANDARD GRID = SG1
 Level shifting allowed after cycle    3
 DIIS error must exceed 0.100 for level shifting
 Max HOMO-LUMO gap to allow level shifting = 0.200
 MAX SCF CYCLES =    200
 MAX DIIS CYCLES =   10
 DELTA DENSITY START CYCLE =    3
 COMPUTATIONAL CUTOFF: 
      TWO-e INTEGRAL         =  0.100E-09
      BASIS SET PRIME        =  0.100E-10
      MATRIX ELEMENTS        =  0.100E-09
      BASIS FUNCTION         =  0.100E-05
      NEAR-LINEAR DEPENDENCY =  0.100E-04
 DENSITY MATRIX MAXIMUM RMS FOR CONVERGENCE  =  0.100E-05
 BASIS SET = DEF2-SVP,  TYPE = CARTESIAN
| BASIS FILE = /home/michaelsun/QUICK-cuEST-install-release/basis/DEF2-SVP.BAS
| DATA FILE  =    quickruns/0/valinomycin/valinomycin_def2-SVP.dat

 @ Finish reading job


 @ Begin SAD initial guess

 For Atom Kind =    1
 ELEMENT = N 
 BASIS FUNCTIONS =   15
 For Atom Kind =    2
 ELEMENT = C 
 BASIS FUNCTIONS =   15
 For Atom Kind =    3
 ELEMENT = O 
 BASIS FUNCTIONS =   15
 For Atom Kind =    4
 ELEMENT = H 
 BASIS FUNCTIONS =    5

 @ Finish SAD initial guess


 @ Begin Reading Molecular Information


 =========== Molecule Input ==========
 TOTAL MOLECULAR CHARGE  =    0    MULTIPLICITY                =    1
 TOTAL ATOM NUMBER       =  168    NUMBER OF ATOM TYPES        =    4
 NUMBER OF HYDROGEN ATOM =   90    NUMBER OF NON-HYDROGEN ATOM =   78
 NUMBER OF ELECTRONS     =  600

 -- INPUT GEOMETRY -- :
    N           2.9800       2.9840       1.2240
    C           2.2880       3.5120       2.4000
    C           0.8080       3.2680       2.1760
    C           2.7680       2.8320       3.6640
    C           4.2720       3.1480       3.9560
    C           1.9200       3.2480       4.8760
    O           0.3120       2.2080       1.8600
    O           0.0880       4.3720       2.4400
    C          -1.3720       4.2040       2.3960
    C          -1.8280       4.1440       0.9200
    C          -1.9440       5.4680       3.0400
    O          -3.0120       3.7040       0.7680
    N          -1.0680       4.4560      -0.0640
    C          -1.5280       4.3400      -1.4480
    C          -1.9240       2.9000      -1.6760
    C          -0.4880       4.7600      -2.5000
    C          -0.2360       6.2760      -2.2840
    C          -0.9160       4.4400      -3.8760
    O          -1.2600       1.9440      -1.3600
    O          -3.1360       2.7840      -2.2440
    C          -3.6120       1.4760      -2.6240
    C          -4.1440       0.6920      -1.4800
    C          -4.6440       1.6520      -3.7280
    C          -5.8360       2.4480      -3.2080
    C          -4.0520       2.3040      -4.9480
    O          -4.5840      -0.4440      -1.7320
    N          -4.2200       1.2120      -0.2720
    C          -4.7400       0.4080       0.8280
    C          -3.8920      -0.8400       0.9360
    C          -4.7640       1.1800       2.1680
    C          -5.7160       2.3520       2.0520
    C          -5.1760       0.3040       3.3160
    O          -2.6640      -0.8640       1.0200
    O          -4.6360      -1.9640       0.9600
    C          -3.9600      -3.2480       1.1320
    C          -3.0760      -3.5640      -0.0560
    C          -5.0360      -4.3200       1.2560
    O          -2.1320      -4.3560       0.0920
    N          -3.3400      -3.0360      -1.2520
    C          -2.5160      -3.3880      -2.4080
    C          -1.0920      -2.9840      -2.1120
    C          -3.0320      -2.7320      -3.6720
    C          -4.4760      -3.1640      -3.9840
    C          -2.1640      -3.1160      -4.8720
    O          -0.7520      -1.9040      -1.6720
    O          -0.2240      -3.9680      -2.4080
    C           1.1840      -3.6560      -2.2360
    C           1.6680      -3.8880      -0.8600
    C           1.9600      -4.5480      -3.2240
    C           1.7400      -6.0080      -3.0520
    C           1.7280      -4.1000      -4.6520
    O           2.8600      -3.6720      -0.5800
    N           0.8400      -4.2480       0.1440
    C           1.3160      -4.2600       1.5320
    C           1.8160      -2.8440       1.8560
    C           0.2600      -4.7280       2.5120
    C          -0.1240      -6.1960       2.2360
    C           0.7360      -4.5520       3.9560
    O           1.2000      -1.8400       1.6440
    O           3.0280      -2.8800       2.4240
    C           3.5760      -1.6040       2.8560
    C           4.0320      -0.7360       1.6720
    C           4.7280      -1.9320       3.8200
    O           4.3440       0.4360       1.8880
    N           4.1840      -1.3400       0.4800
    C           4.5960      -0.4920      -0.6560
    C           3.5680       0.6160      -0.8000
    C           4.7040      -1.3400      -1.9280
    C           5.7440      -2.4280      -1.7560
    C           5.1000      -0.4520      -3.0920
    O           2.4040       0.4680      -0.8240
    O           4.1880       1.7960      -0.9360
    C           3.3600       2.9560      -1.2520
    C           2.6520       3.4920       0.0160
    C           4.2560       3.9920      -1.9000
    C           5.2640       4.5120      -0.9480
    C           3.4440       5.0920      -2.5680
    O           1.8280       4.3920      -0.1080
    H           3.9600       3.1400       1.3560
    H           2.4760       4.4880       2.5160
    H           2.6680       1.8480       3.5160
    H           4.5520       2.6840       4.7960
    H           4.3880       4.1360       4.0640
    H           4.8320       2.8280       3.1920
    H           2.2560       2.7840       5.6960
    H           0.9640       2.9920       4.7200
    H           1.9840       4.2400       5.0040
    H          -1.6720       3.3720       2.8640
    H          -2.9440       5.4160       3.0440
    H          -1.6520       6.2680       2.5200
    H          -1.6120       5.5440       3.9800
    H          -0.8160       5.4160       0.0680
    H          -2.2960       4.9680      -1.5680
    H           0.3640       4.2440      -2.3880
    H           0.4400       6.6000      -2.9480
    H           0.1080       6.4280      -1.3600
    H          -1.0920       6.7760      -2.4080
    H          -0.2120       4.7280      -4.5240
    H          -1.7720       4.9200      -4.0800
    H          -1.0600       3.4520      -3.9600
    H          -2.8400       0.9360      -2.9600
    H          -4.9600       0.7440      -4.0040
    H          -6.5080       2.5600      -3.9360
    H          -5.5280       3.3480      -2.9000
    H          -6.2560       1.9600      -2.4400
    H          -4.7560       2.4040      -5.6520
    H          -3.3080       1.7320      -5.3040
    H          -3.6920       3.2040      -4.7040
    H          -3.2960       1.4880      -0.0160
    H          -5.6920       0.1720       0.6320
    H          -3.8360       1.5000       2.3520
    H          -5.7320       2.8520       2.9200
    H          -6.6320       2.0160       1.8440
    H          -5.4080       2.9600       1.3240
    H          -5.1800       0.8440       4.1600
    H          -4.5320      -0.4520       3.4080
    H          -6.0920      -0.0560       3.1480
    H          -3.3800      -3.2160       1.9480
    H          -4.6040      -5.2160       1.3760
    H          -5.5960      -4.3320       0.4280
    H          -5.6160      -4.1240       2.0440
    H          -4.2800      -3.2880      -1.4800
    H          -2.5600      -4.3760      -2.5640
    H          -3.0000      -1.7480      -3.5120
    H          -4.7840      -2.7120      -4.8240
    H          -5.0760      -2.9000      -3.2280
    H          -4.5120      -4.1560      -4.1080
    H          -2.5200      -2.6720      -5.6960
    H          -2.1800      -4.1080      -4.9960
    H          -1.2240      -2.8160      -4.7160
    H           1.3280      -2.6800      -2.4080
    H           2.9240      -4.4160      -3.0040
    H           2.2800      -6.5080      -3.7320
    H           0.7720      -6.2160      -3.1760
    H           2.0280      -6.2800      -2.1320
    H           2.2400      -4.6920      -5.2760
    H           2.0360      -3.1560      -4.7600
    H           0.7520      -4.1600      -4.8640
    H           0.0640      -3.6200       0.1120
    H           2.0560      -4.9240       1.6280
    H          -0.5560      -4.1600       2.3880
    H          -0.8200      -6.4920       2.8920
    H           0.6880      -6.7760       2.3320
    H          -0.4840      -6.2800       1.3080
    H           0.0240      -4.8680       4.5840
    H           0.9280      -3.5880       4.1280
    H           1.5680      -5.0880       4.1000
    H           2.8760      -1.0560       3.3160
    H           5.1440      -1.0840       4.1480
    H           5.4200      -2.4760       3.3400
    H           4.3760      -2.4520       4.5960
    H           4.8760      -2.0520       0.5920
    H           5.5000      -0.0880      -0.4960
    H           3.8160      -1.7640      -2.1080
    H           5.8000      -2.9720      -2.5920
    H           5.4840      -3.0200      -0.9920
    H           6.6360      -2.0120      -1.5680
    H           5.1680      -1.0040      -3.9240
    H           5.9840      -0.0240      -2.9040
    H           4.4080       0.2600      -3.2240
    H           2.6280       2.7080      -1.8880
    H           4.7680       3.5440      -2.6320
    H           5.8360       5.1920      -1.4040
    H           5.8360       3.7600      -0.6240
    H           4.8040       4.9400      -0.1680
    H           4.0640       5.7600      -2.9840
    H           2.8760       5.5480      -1.8840
    H           2.8600       4.6920      -3.2760

============== BASIS INFOS ==============
 BASIS FUNCTIONS = 1620
 NSHELL =  738 NPRIM  = 2580
 JSHELL =  738 JBASIS = 1386


 @ End Reading Molecular Information 


 @ Begin XC Quadrature Formation

 OCTAGO: OCTree Algorithm for Grid Operations 
   PRUNING CUTOFF       = 0.100E-06
   INITIAL GRID POINTS  =      635328
|   FINAL GRID POINTS    =           0
|   SIGNIFICANT NUMBER OF BASIS FUNCTIONS     =           0
|   SIGNIFICANT NUMBER OF PRIMITIVE FUNCTIONS =           0

 @ End XC Quadrature Formation


 @ Begin Energy Calculation

| condition number of overlap matrix:    1.250E+04
| Smallest eigenvalue of overlap matrix:    7.390E-04

                                         SCF ENERGY
| ------------------------------------------------------------------------------------------------------------------------
| NCYC       ENERGY         DELTA_E      SCF_TIME  DII_CYC   DII_TIME   O_TIME  DIAG_TIME    MAX_ERR    RMS_CHG    MAX_CHG
| ------------------------------------------------------------------------------------------------------------------------
|  1  -3745.824345608      ------         4.197     1        0.39      3.80      0.13    0.6064E+00  0.7818E-01  0.2945E+02
|  2  -2969.544088612  -.776280E+03       3.640     2        0.39      3.24      0.13    0.2468E+01  0.8871E-01  0.2963E+02
|  3  -3260.827177559  0.291283E+03       3.732     3        0.48      3.24      0.13    0.1725E+01  0.1068E+00  0.3841E+02
|   ***  Level shifting applied  ( HOMO-LUMO gap =  0.001 au ) ***
|  4  -2641.994416150  -.618833E+03       3.734     4        0.48      3.24      0.13    0.2186E+01  0.9440E-01  0.3824E+02
|   ***  Level shifting applied  ( HOMO-LUMO gap =  0.002 au ) ***
|  5  -3768.185424215  0.112619E+04       3.737     5        0.49      3.24      0.13    0.7231E+00  0.6230E-01  0.2542E+02
|   ***  Level shifting applied  ( HOMO-LUMO gap =  0.004 au ) ***
|  6  -3581.056919432  -.187129E+03       3.740     6        0.49      3.24      0.13    0.1827E+01  0.5873E-01  0.2474E+02
|   ***  Level shifting applied  ( HOMO-LUMO gap =  0.006 au ) ***
|  7  -3767.026557211  0.185970E+03       3.743     7        0.49      3.24      0.13    0.6912E+00  0.1389E-01  0.3028E+01
|   ***  Level shifting applied  ( HOMO-LUMO gap =  0.004 au ) ***
|  8  -3745.528019009  -.214985E+02       3.748     8        0.50      3.24      0.13    0.8673E+00  0.1148E-01  0.2986E+01
|   ***  Level shifting applied  ( HOMO-LUMO gap =  0.012 au ) ***
|  9  -3788.113417094  0.425854E+02       3.753     9        0.50      3.24      0.13    0.5316E+00  0.2345E-02  0.4751E+00
|   ***  Level shifting applied  ( HOMO-LUMO gap =  0.061 au ) ***
| 10  -3789.423710581  0.131029E+01       3.669    10        0.42      3.24      0.13    0.2306E+00  0.1155E-02  0.2137E+00
| 11  -3789.486881271  0.631707E-01       3.773     1        0.52      3.24      0.13    0.1464E+00  0.6237E-03  0.9764E-01
|   ***  Level shifting applied  ( HOMO-LUMO gap =  0.126 au ) ***
| 12  -3789.657211514  0.170330E+00       3.692     2        0.44      3.24      0.13    0.2499E-01  0.2298E-03  0.3190E-01
| 13  -3789.662664902  0.545339E-02       3.690     3        0.44      3.24      0.13    0.2574E-01  0.1277E-03  0.2574E-01
| 14  -3789.666808077  0.414317E-02       3.690     4        0.44      3.24      0.13    0.1169E-01  0.5537E-04  0.8693E-02
| 15  -3789.667647653  0.839576E-03       3.687     5        0.44      3.24      0.13    0.3832E-02  0.3031E-04  0.3842E-02
| 16  -3789.667697616  0.499629E-04       3.688     6        0.44      3.24      0.13    0.3407E-02  0.1888E-04  0.2853E-02
| 17  -3789.667790747  0.931310E-04       3.687     7        0.44      3.24      0.13    0.1822E-02  0.1042E-04  0.1364E-02
| 18  -3789.667806913  0.161658E-04       3.686     8        0.44      3.24      0.13    0.1096E-02  0.7767E-05  0.8154E-03
| 19  -3789.667813611  0.669768E-05       3.687     9        0.44      3.24      0.13    0.7137E-03  0.3809E-05  0.7245E-03
| 20  -3789.667816294  0.268295E-05       3.686    10        0.44      3.24      0.13    0.4236E-03  0.2009E-05  0.2867E-03
| 21  -3789.667817530  0.123676E-05       3.686     1        0.44      3.24      0.13    0.6479E-04  0.6428E-06  0.7356E-04
| ------------------------------------------------------------------------------------------------------------------------
| REACH CONVERGENCE AFTER  21 CYCLES
| MAX ERROR = 0.647949E-04   RMS CHANGE = 0.642764E-06   MAX CHANGE = 0.735562E-04
| -----------------------------------------------
 ALPHA ELECTRON DENSITY    =   300.0004549912
 BETA ELECTRON DENSITY     =   300.0004549912
 ELECTRONIC ENERGY    = -20391.493118613
 CORE_CORE REPULSION  =  16601.825301083
 TOTAL ENERGY         =  -3789.667817530

 @ End Energy calculation

  Skipping one-electron property calculation.

 @ Output cuEST Memory Footprint

------------- cuEST MEMORY USAGE ---------------
| Peak Host Footprint =    91.34 kB
| Host Allocations =    38
| Peak Device Footprint =    27.81 GB
| Device Allocations =    29
------------------------------------------------

 @ Finish Output cuEST Memory Footprint


 @ Output Timing Information

------------- TIMING ---------------
| CUEST INITIALIZATION TIME =    37.671064000( 30.76%)
| INITIAL GUESS TIME  =     3.370022000(  2.75%)
| DFT GRID OPERATIONS =     0.002429000(  0.00%)
| TOTAL SCF TIME      =    78.720520000( 64.28%)
|       TOTAL OP TIME      =    68.973496000( 56.32%)
|             TOTAL 1e TIME      =     0.376307000(  0.31%)
|             TOTAL 2e TIME      =     4.130503000(  3.37%)
|             TOTAL EXC TIME     =    63.413964000( 51.78%)
|       TOTAL DII TIME      =     9.554813000(  7.80%)
|             TOTAL DIAG TIME    =     2.657006000(  2.17%)
| TOTAL TIME          =   122.459344000
------------------------------------
| Job cpu time:  0 days  0 hours  2 minutes  2.5 seconds.

 @ Finish Output Timing Information

| Normal Termination. Task Finished on: Wed Aug 19 12:14:45 2026
