| *********************************************************************************************************
| **                                                                                                     **
| **           888888888888                                                                              **
| **         8888888888888888                                                                            **
| **      888888888888888888                                                                             **
| **     888888888888888888                                                                              **
| **    888888888888888                                                                                  **
| **   88888888888888888888                               88888                       8888:              **
| **   8888888888888888888888Z                            88888                       8888:              **
| **   888888888888888888888888?                          88888                       8888:              **
| **   8888888888888      8888888                                        888888       8888:              **
| **    88888888888         888888     8888:     88888    88888        888888888I     8888:    888888    **
| **    8888888888           88888:    8888:     88888    88888      $888888888888    8888:   888888     **
| **    I8Z 88888             88888    8888:     88888    88888    .888888     8888   8888: 888888       **
| **    .8Z 88888             88888    8888:     88888    88888    $88888             8888:88888         **
| **     8I 88888      .=88. .88888    8888:     88888    88888    88888              8888888888         **
| **    :8  88888      888888$8888$    8888:     88888    88888    8888O              88888888888        **
| **   ,7   +88888.     8888888888.    8888:     88888    88888    888888             88888O888888       **
| **         $888888:.   .8888888      88888....888888    88888     888888     8888   8888:  888888      **
| **          I8888888888888888888     888888888888888    88888     O888888888888O    8888:   888888     **
| **            O888888888888888888     88888888888888    88888       88888888888$    8888:    888888    **
| **               8888888Z     888      .8888I  88888    88888         8888888       8888:     888888   **
| **                                                                                                     **
| **                                                                                                     **
| **                                         Copyright (c) 2026                                          **
| **                          Regents of the University of California San Diego                          **
| **                                    & Michigan State University                                      **
| **                                        All Rights Reserved.                                         **
| **                                                                                                     **
| **             This software is subject to the terms of the Mozilla Public License, v. 2.0.            **
| **                                                                                                     **
| *********************************************************************************************************
|                                                                                                          
| Cite this work as:                                                                                       
| Manathunga, M.; O'Hearn, K. A.; Shajan, A.; Smith, J.; Miao, Y.; He, X.; Ayers, K.;                      
| Brothers, E.; Palos, E.; Tripathy, V.; Goetz, A.W.; Merz, K.M. QUICK-26.03.                              
| University of California,San Diego, CA and                                                               
| Michigan State University, East Lansing, MI, 2026                                                        
|                                                                                                          
| If you have any comments or queries, please reach out to us on GitHub issues or discussion sections:     
| https://github.com/merzlab/QUICK.                                                                        
|                                                                                                          
| TASK STARTS ON: Wed Aug 19 12:06:58 2026
| INPUT FILE :    quickruns/0/valinomycin/valinomycin_6-31+G**.in
| OUTPUT FILE:    quickruns/0/valinomycin/valinomycin_6-31+G**.out
| BASIS SET PATH: /home/michaelsun/QUICK-cuEST-install-release/basis

|------------ GPU INFORMATION ---------------
| CUDA ENABLED DEVICE         :        1
| CUDA DEVICE IN USE          :        0
| CUDA DEVICE NAME            : NVIDIA GB10
| CUDA DEVICE PM              :       48
| CUDA DEVICE CORE FREQ(GHZ)  :     2.42
| CUDA DEVICE MEMORY SIZE (MB):   124609
| SUPPORTING CUDA VERSION     :     12.1
|--------------------------------------------

 @ Read Job And Atom

  KEYWORD=BLYP BASIS=6-31+G** CUTOFF=1.0E-10 DENSERMS=1.0E-6 ENERGY CUEST
 ============== JOB CARD =============
 METHOD = DENSITY FUNCTIONAL THEORY
 USING LIBXC VERSION: 4.3.4
 FUNCTIONAL INFORMATION:
 NAME = Becke 88 FAMILY = GGA KIND = EXCHANGE
 NAME = Lee, Yang & Parr FAMILY = GGA KIND = CORRELATION
 DIRECT SCF 
 SAD INITAL GUESS 
 USE DIIS SCF
 PRINT ENERGY EVERY CYCLE
 READ SAD GUESS FROM FILE
 STANDARD GRID = SG1
 Level shifting allowed after cycle    3
 DIIS error must exceed 0.100 for level shifting
 Max HOMO-LUMO gap to allow level shifting = 0.200
 MAX SCF CYCLES =    200
 MAX DIIS CYCLES =   10
 DELTA DENSITY START CYCLE =    3
 COMPUTATIONAL CUTOFF: 
      TWO-e INTEGRAL         =  0.100E-09
      BASIS SET PRIME        =  0.100E-10
      MATRIX ELEMENTS        =  0.100E-09
      BASIS FUNCTION         =  0.100E-05
      NEAR-LINEAR DEPENDENCY =  0.100E-04
 DENSITY MATRIX MAXIMUM RMS FOR CONVERGENCE  =  0.100E-05
 BASIS SET = 6-31+G**,  TYPE = CARTESIAN
| BASIS FILE = /home/michaelsun/QUICK-cuEST-install-release/basis/6-31PLGDP.BAS
| DATA FILE  =    quickruns/0/valinomycin/valinomycin_6-31+G**.dat

 @ Finish reading job


 @ Begin SAD initial guess

 For Atom Kind =    1
 ELEMENT = N 
 BASIS FUNCTIONS =   19
 For Atom Kind =    2
 ELEMENT = C 
 BASIS FUNCTIONS =   19
 For Atom Kind =    3
 ELEMENT = O 
 BASIS FUNCTIONS =   19
 For Atom Kind =    4
 ELEMENT = H 
 BASIS FUNCTIONS =    5

 @ Finish SAD initial guess


 @ Begin Reading Molecular Information


 =========== Molecule Input ==========
 TOTAL MOLECULAR CHARGE  =    0    MULTIPLICITY                =    1
 TOTAL ATOM NUMBER       =  168    NUMBER OF ATOM TYPES        =    4
 NUMBER OF HYDROGEN ATOM =   90    NUMBER OF NON-HYDROGEN ATOM =   78
 NUMBER OF ELECTRONS     =  600

 -- INPUT GEOMETRY -- :
    N           2.9800       2.9840       1.2240
    C           2.2880       3.5120       2.4000
    C           0.8080       3.2680       2.1760
    C           2.7680       2.8320       3.6640
    C           4.2720       3.1480       3.9560
    C           1.9200       3.2480       4.8760
    O           0.3120       2.2080       1.8600
    O           0.0880       4.3720       2.4400
    C          -1.3720       4.2040       2.3960
    C          -1.8280       4.1440       0.9200
    C          -1.9440       5.4680       3.0400
    O          -3.0120       3.7040       0.7680
    N          -1.0680       4.4560      -0.0640
    C          -1.5280       4.3400      -1.4480
    C          -1.9240       2.9000      -1.6760
    C          -0.4880       4.7600      -2.5000
    C          -0.2360       6.2760      -2.2840
    C          -0.9160       4.4400      -3.8760
    O          -1.2600       1.9440      -1.3600
    O          -3.1360       2.7840      -2.2440
    C          -3.6120       1.4760      -2.6240
    C          -4.1440       0.6920      -1.4800
    C          -4.6440       1.6520      -3.7280
    C          -5.8360       2.4480      -3.2080
    C          -4.0520       2.3040      -4.9480
    O          -4.5840      -0.4440      -1.7320
    N          -4.2200       1.2120      -0.2720
    C          -4.7400       0.4080       0.8280
    C          -3.8920      -0.8400       0.9360
    C          -4.7640       1.1800       2.1680
    C          -5.7160       2.3520       2.0520
    C          -5.1760       0.3040       3.3160
    O          -2.6640      -0.8640       1.0200
    O          -4.6360      -1.9640       0.9600
    C          -3.9600      -3.2480       1.1320
    C          -3.0760      -3.5640      -0.0560
    C          -5.0360      -4.3200       1.2560
    O          -2.1320      -4.3560       0.0920
    N          -3.3400      -3.0360      -1.2520
    C          -2.5160      -3.3880      -2.4080
    C          -1.0920      -2.9840      -2.1120
    C          -3.0320      -2.7320      -3.6720
    C          -4.4760      -3.1640      -3.9840
    C          -2.1640      -3.1160      -4.8720
    O          -0.7520      -1.9040      -1.6720
    O          -0.2240      -3.9680      -2.4080
    C           1.1840      -3.6560      -2.2360
    C           1.6680      -3.8880      -0.8600
    C           1.9600      -4.5480      -3.2240
    C           1.7400      -6.0080      -3.0520
    C           1.7280      -4.1000      -4.6520
    O           2.8600      -3.6720      -0.5800
    N           0.8400      -4.2480       0.1440
    C           1.3160      -4.2600       1.5320
    C           1.8160      -2.8440       1.8560
    C           0.2600      -4.7280       2.5120
    C          -0.1240      -6.1960       2.2360
    C           0.7360      -4.5520       3.9560
    O           1.2000      -1.8400       1.6440
    O           3.0280      -2.8800       2.4240
    C           3.5760      -1.6040       2.8560
    C           4.0320      -0.7360       1.6720
    C           4.7280      -1.9320       3.8200
    O           4.3440       0.4360       1.8880
    N           4.1840      -1.3400       0.4800
    C           4.5960      -0.4920      -0.6560
    C           3.5680       0.6160      -0.8000
    C           4.7040      -1.3400      -1.9280
    C           5.7440      -2.4280      -1.7560
    C           5.1000      -0.4520      -3.0920
    O           2.4040       0.4680      -0.8240
    O           4.1880       1.7960      -0.9360
    C           3.3600       2.9560      -1.2520
    C           2.6520       3.4920       0.0160
    C           4.2560       3.9920      -1.9000
    C           5.2640       4.5120      -0.9480
    C           3.4440       5.0920      -2.5680
    O           1.8280       4.3920      -0.1080
    H           3.9600       3.1400       1.3560
    H           2.4760       4.4880       2.5160
    H           2.6680       1.8480       3.5160
    H           4.5520       2.6840       4.7960
    H           4.3880       4.1360       4.0640
    H           4.8320       2.8280       3.1920
    H           2.2560       2.7840       5.6960
    H           0.9640       2.9920       4.7200
    H           1.9840       4.2400       5.0040
    H          -1.6720       3.3720       2.8640
    H          -2.9440       5.4160       3.0440
    H          -1.6520       6.2680       2.5200
    H          -1.6120       5.5440       3.9800
    H          -0.8160       5.4160       0.0680
    H          -2.2960       4.9680      -1.5680
    H           0.3640       4.2440      -2.3880
    H           0.4400       6.6000      -2.9480
    H           0.1080       6.4280      -1.3600
    H          -1.0920       6.7760      -2.4080
    H          -0.2120       4.7280      -4.5240
    H          -1.7720       4.9200      -4.0800
    H          -1.0600       3.4520      -3.9600
    H          -2.8400       0.9360      -2.9600
    H          -4.9600       0.7440      -4.0040
    H          -6.5080       2.5600      -3.9360
    H          -5.5280       3.3480      -2.9000
    H          -6.2560       1.9600      -2.4400
    H          -4.7560       2.4040      -5.6520
    H          -3.3080       1.7320      -5.3040
    H          -3.6920       3.2040      -4.7040
    H          -3.2960       1.4880      -0.0160
    H          -5.6920       0.1720       0.6320
    H          -3.8360       1.5000       2.3520
    H          -5.7320       2.8520       2.9200
    H          -6.6320       2.0160       1.8440
    H          -5.4080       2.9600       1.3240
    H          -5.1800       0.8440       4.1600
    H          -4.5320      -0.4520       3.4080
    H          -6.0920      -0.0560       3.1480
    H          -3.3800      -3.2160       1.9480
    H          -4.6040      -5.2160       1.3760
    H          -5.5960      -4.3320       0.4280
    H          -5.6160      -4.1240       2.0440
    H          -4.2800      -3.2880      -1.4800
    H          -2.5600      -4.3760      -2.5640
    H          -3.0000      -1.7480      -3.5120
    H          -4.7840      -2.7120      -4.8240
    H          -5.0760      -2.9000      -3.2280
    H          -4.5120      -4.1560      -4.1080
    H          -2.5200      -2.6720      -5.6960
    H          -2.1800      -4.1080      -4.9960
    H          -1.2240      -2.8160      -4.7160
    H           1.3280      -2.6800      -2.4080
    H           2.9240      -4.4160      -3.0040
    H           2.2800      -6.5080      -3.7320
    H           0.7720      -6.2160      -3.1760
    H           2.0280      -6.2800      -2.1320
    H           2.2400      -4.6920      -5.2760
    H           2.0360      -3.1560      -4.7600
    H           0.7520      -4.1600      -4.8640
    H           0.0640      -3.6200       0.1120
    H           2.0560      -4.9240       1.6280
    H          -0.5560      -4.1600       2.3880
    H          -0.8200      -6.4920       2.8920
    H           0.6880      -6.7760       2.3320
    H          -0.4840      -6.2800       1.3080
    H           0.0240      -4.8680       4.5840
    H           0.9280      -3.5880       4.1280
    H           1.5680      -5.0880       4.1000
    H           2.8760      -1.0560       3.3160
    H           5.1440      -1.0840       4.1480
    H           5.4200      -2.4760       3.3400
    H           4.3760      -2.4520       4.5960
    H           4.8760      -2.0520       0.5920
    H           5.5000      -0.0880      -0.4960
    H           3.8160      -1.7640      -2.1080
    H           5.8000      -2.9720      -2.5920
    H           5.4840      -3.0200      -0.9920
    H           6.6360      -2.0120      -1.5680
    H           5.1680      -1.0040      -3.9240
    H           5.9840      -0.0240      -2.9040
    H           4.4080       0.2600      -3.2240
    H           2.6280       2.7080      -1.8880
    H           4.7680       3.5440      -2.6320
    H           5.8360       5.1920      -1.4040
    H           5.8360       3.7600      -0.6240
    H           4.8040       4.9400      -0.1680
    H           4.0640       5.7600      -2.9840
    H           2.8760       5.5480      -1.8840
    H           2.8600       4.6920      -3.2760

============== BASIS INFOS ==============
 BASIS FUNCTIONS = 1932
 NSHELL =  660 NPRIM  = 3126
 JSHELL =  660 JBASIS = 1386


 @ End Reading Molecular Information 


 @ Begin XC Quadrature Formation

 OCTAGO: OCTree Algorithm for Grid Operations 
   PRUNING CUTOFF       = 0.100E-07
   INITIAL GRID POINTS  =      635328
|   FINAL GRID POINTS    =           0
|   SIGNIFICANT NUMBER OF BASIS FUNCTIONS     =           0
|   SIGNIFICANT NUMBER OF PRIMITIVE FUNCTIONS =           0

 @ End XC Quadrature Formation


 @ Begin Energy Calculation

| Number of total basis functions:   1932
| Number of linearly independent basis functions:   1908
| condition number of overlap matrix:    4.158E+07
| Smallest eigenvalue of overlap matrix:    4.570E-07

                                         SCF ENERGY
| ------------------------------------------------------------------------------------------------------------------------
| NCYC       ENERGY         DELTA_E      SCF_TIME  DII_CYC   DII_TIME   O_TIME  DIAG_TIME    MAX_ERR    RMS_CHG    MAX_CHG
| ------------------------------------------------------------------------------------------------------------------------
|  1  -3746.979698298      ------         7.912     1        1.09      6.81      0.19    0.5813E+00  0.1147E+01  0.3292E+03
|  2  -2926.278048320  -.820702E+03       6.813     2        0.64      6.16      0.19    0.2225E+01  0.1140E+01  0.3274E+03
|  3  -3385.833247095  0.459555E+03       6.956     3        0.78      6.17      0.19    0.1704E+01  0.5634E+00  0.1857E+03
|   ***  Level shifting applied  ( HOMO-LUMO gap =  0.003 au ) ***
|  4  -3065.555669974  -.320278E+03       6.959     4        0.78      6.16      0.19    0.1930E+01  0.5428E+00  0.1848E+03
|   ***  Level shifting applied  ( HOMO-LUMO gap =  0.005 au ) ***
|  5  -3777.082816583  0.711527E+03       6.964     5        0.79      6.16      0.19    0.6186E+00  0.4454E+00  0.1913E+03
|   ***  Level shifting applied  ( HOMO-LUMO gap =  0.010 au ) ***
|  6  -3373.488664285  -.403594E+03       6.974     6        0.79      6.17      0.19    0.1654E+01  0.4189E+00  0.1861E+03
|   ***  Level shifting applied  ( HOMO-LUMO gap =  0.005 au ) ***
|  7  -3741.181500387  0.367693E+03       6.977     7        0.80      6.16      0.19    0.1037E+01  0.5043E-01  0.1646E+02
|   ***  Level shifting applied  ( HOMO-LUMO gap =  0.004 au ) ***
|  8  -3782.067724576  0.408862E+02       6.981     8        0.80      6.16      0.19    0.6151E+00  0.2472E-01  0.8979E+01
|   ***  Level shifting applied  ( HOMO-LUMO gap =  0.006 au ) ***
|  9  -3789.657188610  0.758946E+01       6.989     9        0.81      6.17      0.19    0.6283E+00  0.5648E-02  0.9248E+00
|   ***  Level shifting applied  ( HOMO-LUMO gap =  0.009 au ) ***
| 10  -3792.145238706  0.248805E+01       6.993    10        0.81      6.16      0.19    0.3913E+00  0.3017E-02  0.4790E+00
|   ***  Level shifting applied  ( HOMO-LUMO gap =  0.086 au ) ***
| 11  -3792.610879200  0.465640E+00       6.891     1        0.71      6.17      0.19    0.8285E-01  0.1636E-02  0.2506E+00
| 12  -3792.592487869  -.183913E-01       7.020     2        0.84      6.16      0.19    0.1544E+00  0.7353E-03  0.8813E-01
|   ***  Level shifting applied  ( HOMO-LUMO gap =  0.117 au ) ***
| 13  -3792.658625950  0.661381E-01       6.891     3        0.71      6.17      0.19    0.1294E-01  0.4089E-03  0.8419E-01
| 14  -3792.660939875  0.231393E-02       6.885     4        0.71      6.17      0.19    0.1672E-01  0.2016E-03  0.3267E-01
| 15  -3792.662341407  0.140153E-02       6.885     5        0.71      6.16      0.19    0.7090E-02  0.1171E-03  0.2166E-01
| 16  -3792.662733384  0.391977E-03       6.885     6        0.71      6.16      0.19    0.3551E-02  0.6983E-04  0.1412E-01
| 17  -3792.662835765  0.102381E-03       6.885     7        0.71      6.16      0.19    0.2132E-02  0.3162E-04  0.2720E-02
| 18  -3792.662870442  0.346771E-04       6.887     8        0.71      6.16      0.19    0.1118E-02  0.1464E-04  0.2835E-02
| 19  -3792.662879717  0.927498E-05       6.885     9        0.71      6.16      0.19    0.4619E-03  0.4560E-05  0.6081E-03
| 20  -3792.662881017  0.130040E-05       6.887    10        0.71      6.16      0.19    0.1920E-03  0.2237E-05  0.6062E-03
| 21  -3792.662881171  0.153846E-06       6.887     1        0.71      6.16      0.19    0.7810E-04  0.9758E-06  0.1232E-03
| 22  -3792.662881226  0.546133E-07       6.885     2        0.71      6.16      0.19    0.2133E-04  0.4954E-06  0.9176E-04
| ------------------------------------------------------------------------------------------------------------------------
| REACH CONVERGENCE AFTER  22 CYCLES
| MAX ERROR = 0.213257E-04   RMS CHANGE = 0.495445E-06   MAX CHANGE = 0.917610E-04
| -----------------------------------------------
 ALPHA ELECTRON DENSITY    =   300.0006061554
 BETA ELECTRON DENSITY     =   300.0006061554
 ELECTRONIC ENERGY    = -20394.488182309
 CORE_CORE REPULSION  =  16601.825301083
 TOTAL ENERGY         =  -3792.662881226

 @ End Energy calculation

  Skipping one-electron property calculation.

 @ Output cuEST Memory Footprint

------------- cuEST MEMORY USAGE ---------------
| Peak Host Footprint =    96.33 kB
| Host Allocations =    38
| Peak Device Footprint =    61.62 GB
| Device Allocations =    29
------------------------------------------------

 @ Finish Output cuEST Memory Footprint


 @ Output Timing Information

------------- TIMING ---------------
| CUEST INITIALIZATION TIME =    75.005014000( 31.50%)
| INITIAL GUESS TIME  =     6.034800000(  2.53%)
| DFT GRID OPERATIONS =     0.002411000(  0.00%)
| TOTAL SCF TIME      =   153.906902000( 64.64%)
|       TOTAL OP TIME      =   136.876447000( 57.49%)
|             TOTAL 1e TIME      =     0.614326000(  0.26%)
|             TOTAL 2e TIME      =     8.352902000(  3.51%)
|             TOTAL EXC TIME     =   126.458813000( 53.11%)
|       TOTAL DII TIME      =    16.721061000(  7.02%)
|             TOTAL DIAG TIME    =     4.231685000(  1.78%)
| TOTAL TIME          =   238.096760000
------------------------------------
| Job cpu time:  0 days  0 hours  3 minutes 58.1 seconds.

 @ Finish Output Timing Information

| Normal Termination. Task Finished on: Wed Aug 19 12:10:57 2026
