| *********************************************************************************************************
| **                                                                                                     **
| **           888888888888                                                                              **
| **         8888888888888888                                                                            **
| **      888888888888888888                                                                             **
| **     888888888888888888                                                                              **
| **    888888888888888                                                                                  **
| **   88888888888888888888                               88888                       8888:              **
| **   8888888888888888888888Z                            88888                       8888:              **
| **   888888888888888888888888?                          88888                       8888:              **
| **   8888888888888      8888888                                        888888       8888:              **
| **    88888888888         888888     8888:     88888    88888        888888888I     8888:    888888    **
| **    8888888888           88888:    8888:     88888    88888      $888888888888    8888:   888888     **
| **    I8Z 88888             88888    8888:     88888    88888    .888888     8888   8888: 888888       **
| **    .8Z 88888             88888    8888:     88888    88888    $88888             8888:88888         **
| **     8I 88888      .=88. .88888    8888:     88888    88888    88888              8888888888         **
| **    :8  88888      888888$8888$    8888:     88888    88888    8888O              88888888888        **
| **   ,7   +88888.     8888888888.    8888:     88888    88888    888888             88888O888888       **
| **         $888888:.   .8888888      88888....888888    88888     888888     8888   8888:  888888      **
| **          I8888888888888888888     888888888888888    88888     O888888888888O    8888:   888888     **
| **            O888888888888888888     88888888888888    88888       88888888888$    8888:    888888    **
| **               8888888Z     888      .8888I  88888    88888         8888888       8888:     888888   **
| **                                                                                                     **
| **                                                                                                     **
| **                                         Copyright (c) 2026                                          **
| **                          Regents of the University of California San Diego                          **
| **                                    & Michigan State University                                      **
| **                                        All Rights Reserved.                                         **
| **                                                                                                     **
| **             This software is subject to the terms of the Mozilla Public License, v. 2.0.            **
| **                                                                                                     **
| *********************************************************************************************************
|                                                                                                          
| Cite this work as:                                                                                       
| Manathunga, M.; O'Hearn, K. A.; Shajan, A.; Smith, J.; Miao, Y.; He, X.; Ayers, K.;                      
| Brothers, E.; Palos, E.; Tripathy, V.; Goetz, A.W.; Merz, K.M. QUICK-26.03.                              
| University of California,San Diego, CA and                                                               
| Michigan State University, East Lansing, MI, 2026                                                        
|                                                                                                          
| If you have any comments or queries, please reach out to us on GitHub issues or discussion sections:     
| https://github.com/merzlab/QUICK.                                                                        
|                                                                                                          
| TASK STARTS ON: Fri Aug 28 18:48:09 2026
| INPUT FILE :    /work2/11707/msun12/stampede3/quickruns/3446277/txl2/taxol_6-31G*.in
| OUTPUT FILE:    /work2/11707/msun12/stampede3/quickruns/3446277/txl2/taxol_6-31G*.out
| BASIS SET PATH: /home1/11707/msun12/QUICK-cuEST-install/basis

|------------ GPU INFORMATION ---------------
| CUDA ENABLED DEVICE         :        1
| CUDA DEVICE IN USE          :        0
| CUDA DEVICE NAME            : NVIDIA H100
| CUDA DEVICE PM              :      132
| CUDA DEVICE CORE FREQ(GHZ)  :     1.98
| CUDA DEVICE MEMORY SIZE (MB):    95321
| SUPPORTING CUDA VERSION     :      9.0
|--------------------------------------------

 @ Read Job And Atom

  KEYWORD=B3LYP BASIS=6-31G* CUTOFF=1.0E-10 DENSERMS=1.0E-6 GRADIENT CUEST
 ============== JOB CARD =============
 METHOD = DENSITY FUNCTIONAL THEORY
 DENSITY FUNCTIONAL = B3LYP
 DIRECT SCF 
 SAD INITAL GUESS 
 USE DIIS SCF
 PRINT ENERGY EVERY CYCLE
 READ SAD GUESS FROM FILE
 STANDARD GRID = SG1
 Level shifting allowed after cycle    3
 DIIS error must exceed 0.100 for level shifting
 Max HOMO-LUMO gap to allow level shifting = 0.200
 GRADIENT CALCULATION
 MAX SCF CYCLES =    200
 MAX DIIS CYCLES =   10
 DELTA DENSITY START CYCLE =    3
 COMPUTATIONAL CUTOFF: 
      TWO-e INTEGRAL         =  0.100E-09
      BASIS SET PRIME        =  0.100E-10
      MATRIX ELEMENTS        =  0.100E-09
      BASIS FUNCTION         =  0.100E-05
      NEAR-LINEAR DEPENDENCY =  0.100E-04
      GRADIENT CUTOFF  =  0.100E-06
 DENSITY MATRIX MAXIMUM RMS FOR CONVERGENCE  =  0.100E-05
 BASIS SET = 6-31G*,  TYPE = CARTESIAN
| BASIS FILE = /home1/11707/msun12/QUICK-cuEST-install/basis/6-31GD.BAS
| DATA FILE  =    /work2/11707/msun12/stampede3/quickruns/3446277/txl2/taxol_6-31G*.dat

 @ Finish reading job


 @ Begin SAD initial guess

 For Atom Kind =    1
 ELEMENT = C 
 BASIS FUNCTIONS =   15
 For Atom Kind =    2
 ELEMENT = O 
 BASIS FUNCTIONS =   15
 For Atom Kind =    3
 ELEMENT = N 
 BASIS FUNCTIONS =   15
 For Atom Kind =    4
 ELEMENT = H 
 BASIS FUNCTIONS =    2

 @ Finish SAD initial guess


 @ Begin Reading Molecular Information


 =========== Molecule Input ==========
 TOTAL MOLECULAR CHARGE  =    0    MULTIPLICITY                =    1
 TOTAL ATOM NUMBER       =  110    NUMBER OF ATOM TYPES        =    4
 NUMBER OF HYDROGEN ATOM =   49    NUMBER OF NON-HYDROGEN ATOM =   61
 NUMBER OF ELECTRONS     =  446

 -- INPUT GEOMETRY -- :
    C          -6.3961       1.6376      -1.0167
    C          -5.5976       1.9480       0.3157
    C          -4.1358       1.3889       0.3062
    C          -4.0900      -0.2069       0.0760
    C          -5.3005      -0.5560      -0.7831
    C          -5.6408       0.5560      -1.7454
    C          -2.8203      -0.7723      -0.5951
    C          -3.4405       1.9810       1.5955
    C          -1.5723      -0.0770      -0.1719
    O          -2.6953      -2.1590      -0.1698
    O          -1.8693       1.2309      -0.7751
    C          -1.3334      -0.1176       1.4102
    C          -0.8881       1.2875       1.4845
    C           0.3196       1.5771       0.9641
    O          -4.0361       2.4498       2.5048
    O          -1.9505       2.1871       1.7492
    C          -0.2199      -0.3744      -0.8072
    C           0.8361       0.5393      -0.0882
    O          -6.3706      -0.7461       0.1815
    C          -7.5080      -1.5313       0.1764
    O          -7.7343      -2.1872       1.1532
    C          -8.4523      -1.4158      -0.9939
    C          -5.4161      -1.5091      -2.0070
    O          -6.2193      -0.4454      -2.6903
    O          -5.4268       3.3774       0.3776
    O          -1.6122       4.1801       0.0344
    C          -0.7941       5.2258       0.2991
    O          -0.3049       5.8646      -0.5895
    C          -0.5432       5.4737       1.7764
    C           1.2299       2.7853       1.0315
    O           1.9361      -0.3334       0.3600
    C           3.1924       0.0393       0.0732
    O           3.4565       1.0474      -0.5230
    C           4.1742      -1.0075       0.5409
    C           5.5923      -0.5508       0.2305
    C           6.6535      -1.6277       0.4268
    C           6.3531      -2.9590       0.6578
    C           7.3484      -3.9223       0.5946
    C           8.6553      -3.5578       0.3263
    C           8.9721      -2.2174       0.1751
    C           7.9781      -1.2615       0.2323
    O           4.0118      -1.2781       1.9326
    N           5.9708       0.6810       0.8873
    C           6.1083       1.9571       0.3956
    O           6.3193       2.8804       1.1683
    C           5.8856       2.2295      -1.0684
    C           6.1183       1.3531      -2.1154
    C           5.5666       1.5986      -3.3628
    C           4.8505       2.7661      -3.5881
    C           4.7601       3.7103      -2.5860
    C           5.2758       3.4420      -1.3327
    C          -2.1367      -3.0476      -1.0301
    O          -2.1452      -2.8534      -2.2329
    C          -1.5034      -4.2030      -0.3691
    C          -1.4396      -4.3267       1.0054
    C          -0.7639      -5.3990       1.5627
    C          -0.1729      -6.3469       0.7428
    C          -0.2556      -6.2275      -0.6353
    C          -0.9156      -5.1510      -1.1911
    C          -0.2097      -1.1547       1.8364
    C          -2.4301      -0.4562       2.4708
    H          -3.6492       1.8683      -0.5156
    H          -4.2442      -0.7298       0.9946
    H          -6.1319       1.5762       1.1739
    H          -6.4278       2.5627      -1.5682
    H          -7.3896       1.3053      -0.7745
    H          -4.7466       0.9454      -2.2120
    H          -2.8856      -0.7190      -1.6683
    H          -1.1756       1.8958      -0.6851
    H          -1.8482       3.6442       0.8092
    H          -0.3040      -0.0417      -1.8339
    H           0.0915      -1.3953      -0.8029
    H           1.2665       1.1760      -0.8368
    H          -7.9448      -1.4088      -1.9397
    H          -8.9861      -0.4737      -0.9254
    H          -9.1715      -2.2206      -0.9250
    H          -5.9697      -2.4207      -1.8715
    H          -4.4957      -1.6916      -2.5342
    H          -6.1859       3.7990       0.8058
    H          -0.4047       4.5303       2.2919
    H          -1.4092       5.9590       2.2202
    H           0.3171       6.0932       1.8872
    H           1.4833       3.0343       2.0569
    H           0.8689       3.6688       0.5366
    H           2.1685       2.5342       0.5368
    H           3.9670      -1.8925      -0.0573
    H           5.5542      -0.3517      -0.8218
    H           5.3545      -3.2557       0.9039
    H           7.0989      -4.9514       0.7469
    H           9.4172      -4.3037       0.2408
    H           9.9857      -1.9178       0.0023
    H           8.2255      -0.2253       0.1253
    H           3.1299      -1.6338       2.1084
    H           6.0936       0.6251       1.8860
    H           6.7084       0.4705      -1.9833
    H           5.6744       0.8728      -4.1413
    H           4.3798       2.9274      -4.5336
    H           4.2564       4.6442      -2.7661
    H           5.1747       4.1495      -0.5327
    H          -1.9016      -3.5962       1.6316
    H          -0.6960      -5.4955       2.6284
    H           0.3482      -7.1761       1.1766
    H           0.1935      -6.9648      -1.2689
    H          -0.9826      -5.0259      -2.2518
    H           0.6895      -0.6503       2.1318
    H           0.0409      -1.8507       1.0571
    H          -0.5497      -1.7388       2.6731
    H          -2.6865      -1.5071       2.3903
    H          -3.3390       0.1001       2.4689
    H          -1.9770      -0.2959       3.4410

============== BASIS INFOS ==============
 BASIS FUNCTIONS = 1013
 NSHELL =  342 NPRIM  = 1904
 JSHELL =  342 JBASIS =  867


 @ End Reading Molecular Information 


 @ Begin XC Quadrature Formation

 OCTAGO: OCTree Algorithm for Grid Operations 
   PRUNING CUTOFF       = 0.100E-06
   INITIAL GRID POINTS  =      416624
|   FINAL GRID POINTS    =           0
|   SIGNIFICANT NUMBER OF BASIS FUNCTIONS     =           0
|   SIGNIFICANT NUMBER OF PRIMITIVE FUNCTIONS =           0

 @ End XC Quadrature Formation


 @ Begin Energy Calculation

| condition number of overlap matrix:    2.115E+04
| Smallest eigenvalue of overlap matrix:    4.024E-04

                                         SCF ENERGY
| ------------------------------------------------------------------------------------------------------------------------
| NCYC       ENERGY         DELTA_E      SCF_TIME  DII_CYC   DII_TIME   O_TIME  DIAG_TIME    MAX_ERR    RMS_CHG    MAX_CHG
| ------------------------------------------------------------------------------------------------------------------------
|  1  -2891.720538731      ------         0.303     1        0.05      0.25      0.01    0.5502E+00  0.1132E+00  0.2592E+02
|  2  -1863.101064817  -.102862E+04       0.252     2        0.05      0.19      0.01    0.2097E+01  0.1185E+00  0.2583E+02
|  3  -2720.522596801  0.857422E+03       0.277     3        0.07      0.20      0.01    0.1513E+01  0.1364E+00  0.2287E+02
|   ***  Level shifting applied  ( HOMO-LUMO gap =  0.007 au ) ***
|  4  -2122.129327244  -.598393E+03       0.286     4        0.07      0.21      0.01    0.1894E+01  0.1294E+00  0.2287E+02
|   ***  Level shifting applied  ( HOMO-LUMO gap =  0.004 au ) ***
|  5  -2925.096312866  0.802967E+03       0.289     5        0.08      0.21      0.01    0.3497E+00  0.8188E-02  0.1956E+01
|   ***  Level shifting applied  ( HOMO-LUMO gap =  0.036 au ) ***
|  6  -2922.208506276  -.288781E+01       0.291     6        0.08      0.21      0.01    0.6904E+00  0.5977E-02  0.1645E+01
|   ***  Level shifting applied  ( HOMO-LUMO gap =  0.025 au ) ***
|  7  -2926.795422019  0.458692E+01       0.285     7        0.07      0.21      0.01    0.2877E+00  0.1778E-02  0.2701E+00
|  8  -2927.078018861  0.282597E+00       0.299     8        0.09      0.21      0.01    0.1749E+00  0.6485E-03  0.1175E+00
|   ***  Level shifting applied  ( HOMO-LUMO gap =  0.160 au ) ***
|  9  -2927.136454449  0.584356E-01       0.293     9        0.08      0.21      0.01    0.4394E-01  0.2571E-03  0.2812E-01
| 10  -2927.146921738  0.104673E-01       0.291    10        0.08      0.21      0.01    0.1156E-01  0.8498E-04  0.8606E-02
| 11  -2927.147786275  0.864537E-03       0.310     1        0.10      0.21      0.01    0.4600E-02  0.3145E-04  0.3715E-02
| 12  -2927.147946916  0.160641E-03       0.310     2        0.10      0.21      0.01    0.1834E-02  0.1319E-04  0.1722E-02
| 13  -2927.147964963  0.180468E-04       0.315     3        0.10      0.21      0.02    0.8770E-03  0.5453E-05  0.6544E-03
| 14  -2927.147969256  0.429358E-05       0.520     4        0.31      0.21      0.20    0.2885E-03  0.2143E-05  0.2745E-03
| 15  -2927.147969705  0.448636E-06       0.559     5        0.29      0.27      0.01    0.9170E-04  0.8822E-06  0.8010E-04
| ------------------------------------------------------------------------------------------------------------------------
| REACH CONVERGENCE AFTER  15 CYCLES
| MAX ERROR = 0.916995E-04   RMS CHANGE = 0.882169E-06   MAX CHANGE = 0.801041E-04
| -----------------------------------------------
 ALPHA ELECTRON DENSITY    =   223.0009306066
 BETA ELECTRON DENSITY     =   223.0009306066
 ELECTRONIC ENERGY    = -12594.217845028
 CORE_CORE REPULSION  =   9667.069875324
 TOTAL ENERGY         =  -2927.147969705

 @ End Energy calculation


 @ Begin Gradient Calculation

 ANALYTICAL GRADIENT: 
----------------------------------------
 COORDINATE    XYZ            GRADIENT
----------------------------------------
    1X    -6.3960620484    -0.0110832084
    1Y     1.6375501950     0.0029861623
    1Z    -1.0167391376    -0.0016960843
    2X    -5.5976016175    -0.0038764877
    2Y     1.9479657588    -0.0178104807
    2Z     0.3156763941     0.0115830572
    3X    -4.1358426958     0.0089112939
    3Y     1.3888886961     0.0043749263
    3Z     0.3061559434    -0.0164070156
    4X    -4.0900119523    -0.0021874241
    4Y    -0.2069339958    -0.0080337054
    4Z     0.0759908158     0.0126808390
    5X    -5.3005248048     0.0086805518
    5Y    -0.5559696325     0.0040057071
    5Z    -0.7831189998     0.0023463235
    6X    -5.6408357108     0.0109033747
    6Y     0.5560152125     0.0197271095
    6Z    -1.7454175833     0.0055264680
    7X    -2.8203121254     0.0016720334
    7Y    -0.7723427990     0.0151671095
    7Z    -0.5951161554    -0.0052268279
    8X    -3.4405170127    -0.0093014443
    8Y     1.9809802613     0.0111032586
    8Z     1.5954933618     0.0020666812
    9X    -1.5722955801    -0.0067043959
    9Y    -0.0769638959    -0.0162029944
    9Z    -0.1719253231     0.0073206919
   10X    -2.6953277358     0.0042975779
   10Y    -2.1590275449    -0.0004987066
   10Z    -0.1697708530    -0.0075971802
   11X    -1.8693494728     0.0075304509
   11Y     1.2308627640     0.0105409411
   11Z    -0.7751224092     0.0043792951
   12X    -1.3334065318     0.0001937408
   12Y    -0.1176307990     0.0145473491
   12Z     1.4101577377    -0.0078445192
   13X    -0.8881045478     0.0215497604
   13Y     1.2874585683    -0.0126919029
   13Z     1.4845317434    -0.0049379727
   14X     0.3196037144    -0.0205262593
   14Y     1.5770568504     0.0018551968
   14Z     0.9640606036     0.0122925693
   15X    -4.0360630582     0.0064611814
   15Y     2.4497905671    -0.0039000465
   15Z     2.5047991213    -0.0069719170
   16X    -1.9504981989    -0.0094339077
   16Y     2.1870801370     0.0020734438
   16Z     1.7492358836    -0.0067314009
   17X    -0.2198636968     0.0002330211
   17Y    -0.3744037186    -0.0142237622
   17Z    -0.8072270516    -0.0066340728
   18X     0.8361322639    -0.0002963370
   18Y     0.5392960612     0.0059389356
   18Z    -0.0882305667    -0.0124859645
   19X    -6.3705655165    -0.0054539969
   19Y    -0.7461437470     0.0031144653
   19Z     0.1814962939    -0.0079281041
   20X    -7.5079891033    -0.0043206513
   20Y    -1.5312545569    -0.0021276947
   20Z     0.1764442435     0.0119793970
   21X    -7.7343174206     0.0028563328
   21Y    -2.1872431170     0.0046969027
   21Z     1.1532460581    -0.0098195661
   22X    -8.4523256355     0.0000838311
   22Y    -1.4157501381     0.0039074762
   22Z    -0.9939260359    -0.0088298769
   23X    -5.4161060936     0.0112193759
   23Y    -1.5091024852    -0.0333517109
   23Z    -2.0070004333    -0.0047496044
   24X    -6.2192576349    -0.0106287664
   24Y    -0.4454467640     0.0002122143
   24Z    -2.6902952054    -0.0063943108
   25X    -5.4267630344    -0.0029092734
   25Y     3.3774439679     0.0038277336
   25Z     0.3776243788     0.0015562398
   26X    -1.6122442331     0.0020436489
   26Y     4.1801173692    -0.0045661239
   26Z     0.0343779426     0.0198090535
   27X    -0.7940924306     0.0034445040
   27Y     5.2257743591     0.0072553736
   27Z     0.2990567328    -0.0148534257
   28X    -0.3048947533    -0.0033694364
   28Y     5.8645770378    -0.0082988770
   28Z    -0.5895333050     0.0110974748
   29X    -0.5432142115     0.0137953098
   29Y     5.4736988580     0.0065855876
   29Z     1.7763875257     0.0066170516
   30X     1.2298581039    -0.0003971769
   30Y     2.7852910627     0.0079817933
   30Z     1.0315035488    -0.0004497619
   31X     1.9361231978     0.0071714299
   31Y    -0.3334212455     0.0030020441
   31Z     0.3599506875    -0.0026155298
   32X     3.1923973838     0.0127060103
   32Y     0.0392867930     0.0011977777
   32Z     0.0732008056     0.0008607206
   33X     3.4564615139    -0.0053725108
   33Y     1.0474090400    -0.0113019908
   33Z    -0.5229789999     0.0093624269
   34X     4.1741653088     0.0032208246
   34Y    -1.0074733869    -0.0008801719
   34Z     0.5409361113    -0.0131957935
   35X     5.5923107171    -0.0033651679
   35Y    -0.5507792521     0.0069843446
   35Z     0.2305424976    -0.0112079732
   36X     6.6535037881     0.0075608147
   36Y    -1.6276655543    -0.0088466322
   36Z     0.4267850326     0.0016261349
   37X     6.3531150051     0.0004765430
   37Y    -2.9590429360     0.0041948274
   37Z     0.6578478902     0.0001144253
   38X     7.3484382612    -0.0001347062
   38Y    -3.9223477295    -0.0011147539
   38Z     0.5946433254    -0.0001601570
   39X     8.6553271210    -0.0002698901
   39Y    -3.5577624717    -0.0000828010
   39Z     0.3262773549    -0.0002831781
   40X     8.9721243751    -0.0017035136
   40Y    -2.2174055893     0.0013184238
   40Z     0.1751067634    -0.0000555621
   41X     7.9780886392    -0.0025935866
   41Y    -1.2615409463     0.0001623427
   41Z     0.2323472177     0.0007958294
   42X     4.0117557664    -0.0094704230
   42Y    -1.2781154276    -0.0018776642
   42Z     1.9325733176     0.0006504557
   43X     5.9708271360    -0.0011033980
   43Y     0.6810003920     0.0015791756
   43Z     0.8873416378     0.0024089539
   44X     6.1083015365    -0.0000195294
   44Y     1.9571430895    -0.0006787001
   44Z     0.3956142302     0.0048208444
   45X     6.3193162726    -0.0038917454
   45Y     2.8803622800    -0.0051841674
   45Z     1.1682892292    -0.0075782684
   46X     5.8856240794    -0.0063483626
   46Y     2.2294773203     0.0030326350
   46Z    -1.0684369316    -0.0147643194
   47X     6.1182760772    -0.0000996288
   47Y     1.3530946933     0.0022407430
   47Z    -2.1154263515     0.0076105944
   48X     5.5666096951    -0.0010453117
   48Y     1.5985928121    -0.0036122266
   48Z    -3.3627524368    -0.0014519585
   49X     4.8504996604    -0.0030697377
   49Y     2.7660993212     0.0056371111
   49Z    -3.5880647940     0.0019997977
   50X     4.7600527335     0.0026343853
   50Y     3.7102514633    -0.0073898267
   50Z    -2.5859740575    -0.0008684214
   51X     5.2758312329     0.0030498827
   51Y     3.4419996328    -0.0070995014
   51Z    -1.3326645918     0.0010746553
   52X    -2.1366951232     0.0058732827
   52Y    -3.0476308227    -0.0124944655
   52Z    -1.0300506687     0.0134295156
   53X    -2.1451656838    -0.0028242657
   53Y    -2.8533799779     0.0042236093
   53Z    -2.2328872205     0.0004134915
   54X    -1.5033715748     0.0078257536
   54Y    -4.2030090710    -0.0089892828
   54Z    -0.3691075382     0.0081096588
   55X    -1.4395727999    -0.0017960304
   55Y    -4.3266984404     0.0044857328
   55Z     1.0054186368    -0.0083865394
   56X    -0.7638830383     0.0004686991
   56Y    -5.3989755623     0.0000280304
   56Z     1.5627243193    -0.0009609491
   57X    -0.1728504332    -0.0002160162
   57Y    -6.3468611347     0.0010084164
   57Z     0.7427716867    -0.0014764613
   58X    -0.2555829795    -0.0006014040
   58Y    -6.2275391756     0.0006470955
   58Z    -0.6353203685     0.0009819034
   59X    -0.9155594699    -0.0019870233
   59Y    -5.1509647533     0.0048627553
   59Z    -1.1911104510     0.0032125013
   60X    -0.2097392960     0.0113316705
   60Y    -1.1547475382    -0.0075596756
   60Z     1.8364341802     0.0043183780
   61X    -2.4300503956    -0.0080364069
   61Y    -0.4562313148     0.0032581944
   61Z     2.4707643087     0.0092159397
   62X    -3.6491745187    -0.0039984133
   62Y     1.8683153927    -0.0040189287
   62Z    -0.5155830594     0.0076393377
   63X    -4.2442042941     0.0007029496
   63Y    -0.7298029557     0.0035911601
   63Z     0.9946071660    -0.0106883832
   64X    -6.1319130983     0.0056168690
   64Y     1.5761652304     0.0023255361
   64Z     1.1739417496    -0.0081270167
   65X    -6.4278100209     0.0024682452
   65Y     2.5627464257    -0.0074938102
   65Z    -1.5682089798     0.0062425241
   66X    -7.3896389443     0.0108761745
   66Y     1.3053382297     0.0007664220
   66Z    -0.7744957191    -0.0016294246
   67X    -4.7465709525    -0.0074349243
   67Y     0.9454138022    -0.0049071075
   67Z    -2.2120482489     0.0051025174
   68X    -2.8855556304     0.0011078330
   68Y    -0.7190312849     0.0029956808
   68Z    -1.6682582674     0.0084797480
   69X    -1.1756472598    -0.0068281621
   69Y     1.8958447948    -0.0003543079
   69Z    -0.6850815723    -0.0044706852
   70X    -1.8481633811    -0.0024692943
   70Y     3.6442038083    -0.0012131612
   70Z     0.8091516318    -0.0092336360
   71X    -0.3040223032    -0.0020311401
   71Y    -0.0416779132     0.0027133105
   71Z    -1.8339006500     0.0079229067
   72X     0.0915191370    -0.0051439661
   72Y    -1.3952922665     0.0142620280
   72Z    -0.8028716213    -0.0009047457
   73X     1.2665208967    -0.0078137561
   73Y     1.1759764098    -0.0061300628
   73Z    -0.8367613039     0.0087654858
   74X    -7.9447757667    -0.0035768124
   74Y    -1.4087837076    -0.0008319718
   74Z    -1.9396808281     0.0096218566
   75X    -8.9860731662     0.0038781257
   75Y    -0.4736978662    -0.0073303091
   75Z    -0.9254125307    -0.0012397077
   76X    -9.1714810604     0.0046674266
   76Y    -2.2205725696     0.0049143221
   76Z    -0.9250167206     0.0001205622
   77X    -5.9696663559     0.0065738446
   77Y    -2.4206610149     0.0100194018
   77Z    -1.8715271229    -0.0013591557
   78X    -4.4956991333    -0.0086024929
   78Y    -1.6916168492     0.0029760561
   78Z    -2.5341524535     0.0055318156
   79X    -6.1859311524     0.0012302185
   79Y     3.7990295001     0.0046417866
   79Z     0.8057985915    -0.0017922818
   80X    -0.4047348909    -0.0010442141
   80Y     4.5302822759     0.0029357626
   80Z     2.2918681450    -0.0053222241
   81X    -1.4092254776     0.0044008014
   81Y     5.9590269651    -0.0040829403
   81Z     2.2201989695    -0.0021778800
   82X     0.3171041142    -0.0136765670
   82Y     6.0931668053    -0.0108080226
   82Z     1.8871610341    -0.0030011235
   83X     1.4832825233     0.0016122088
   83Y     3.0343297417    -0.0028934732
   83Z     2.0569032671    -0.0068905627
   84X     0.8689347864     0.0039428030
   84Y     3.6687759202    -0.0081620282
   84Z     0.5365847410     0.0047694662
   85X     2.1684890256    -0.0006082514
   85Y     2.5341565935    -0.0008882143
   85Z     0.5367745110    -0.0011237883
   86X     3.9669616429     0.0005259544
   86Y    -1.8924970245     0.0084465869
   86Z    -0.0572581044     0.0034810829
   87X     5.5541776341     0.0009683513
   87Y    -0.3516751969    -0.0019307875
   87Z    -0.8217997928     0.0097027914
   88X     5.3544978589     0.0098100275
   88Y    -3.2557102186     0.0029858423
   88Z     0.9038848590    -0.0008719930
   89X     7.0989144921     0.0028604567
   89Y    -4.9513961981     0.0118912672
   89Z     0.7469288470    -0.0022910075
   90X     9.4171946391    -0.0089358824
   90Y    -4.3036937586     0.0086614323
   90Z     0.2407856384    -0.0002517084
   91X     9.9857451625    -0.0109585674
   91Y    -1.9177654664    -0.0028578991
   91Z     0.0023467702     0.0017951553
   92X     8.2254739781    -0.0025800586
   92Y    -0.2253064972    -0.0103765047
   92Z     0.1253413196     0.0023733749
   93X     3.1299497190     0.0035346135
   93Y    -1.6337869448    -0.0007620430
   93Z     2.1083780410     0.0045976437
   94X     6.0936142953    -0.0003317425
   94Y     0.6250744177    -0.0015179357
   94Z     1.8859549340    -0.0056836041
   95X     6.7084385023    -0.0067140220
   95Y     0.4705180859     0.0086836953
   95Z    -1.9833353715    -0.0013798777
   96X     5.6743955033    -0.0030583532
   96Y     0.8727860166     0.0073493116
   96Z    -4.1412753062     0.0097202777
   97X     4.3798459545     0.0046936897
   97Y     2.9274162635    -0.0032879230
   97Z    -4.5335959262     0.0122405407
   98X     4.2563846850     0.0038111897
   98Y     4.6442142246    -0.0064838865
   98Z    -2.7660689312     0.0012134716
   99X     5.1747309752     0.0019152302
   99Y     4.1495329469    -0.0049957668
   99Z    -0.5327311807    -0.0067847038
  100X    -1.9015966152     0.0052143207
  100Y    -3.5961884646    -0.0075234648
  100Z     1.6316251146    -0.0064051024
  101X    -0.6959961231    -0.0000732133
  101Y    -5.4955301297     0.0008811750
  101Z     2.6284273507    -0.0101216164
  102X     0.3482320666    -0.0054246304
  102Y    -7.1761497180     0.0087838400
  102Z     1.1766068899    -0.0045890445
  103X     0.1934856248    -0.0049462971
  103Y    -6.9647955319     0.0076434654
  103Z    -1.2689412269     0.0064431281
  104X    -0.9826070850     0.0006083987
  104Y    -5.0258756638    -0.0012068565
  104Z    -2.2518210920     0.0105259986
  105X     0.6895305627    -0.0073544618
  105Y    -0.6503325997    -0.0044855252
  105Z     2.1318040128    -0.0046433912
  106X     0.0408559131    -0.0016016609
  106Y    -1.8507204713     0.0055715181
  106Z     1.0570934807     0.0043335696
  107X    -0.5497152620     0.0039367326
  107Y    -1.7387967528     0.0053776609
  107Z     2.6730564641    -0.0084520220
  108X    -2.6864695851     0.0020948382
  108Y    -1.5071205751     0.0041455650
  108Z     2.3903168925    -0.0003552731
  109X    -3.3390145450     0.0094682006
  109Y     0.1000510676    -0.0057649835
  109Z     2.4688671085    -0.0012399184
  110X    -1.9770021010    -0.0030704808
  110Y    -0.2959025626    -0.0012019925
  110Z     3.4410103628    -0.0072920305
----------------------------------------

 @ End Gradient Calculation

  Skipping one-electron property calculation.

 @ Output cuEST Memory Footprint

------------- cuEST MEMORY USAGE ---------------
| Peak Host Footprint =    89.54 kB
| Host Allocations =    43
| Peak Device Footprint =    36.87 GB
| Device Allocations =    36
------------------------------------------------

 @ Finish Output cuEST Memory Footprint


 @ Output Timing Information

------------- TIMING ---------------
| CUEST INITIALIZATION TIME =     1.830643000( 10.55%)
| INITIAL GUESS TIME  =     4.076659000( 23.50%)
| DFT GRID OPERATIONS =     0.003004000(  0.02%)
| TOTAL SCF TIME      =     4.913415000( 28.32%)
|       TOTAL OP TIME      =     3.250468000( 18.74%)
|             TOTAL 1e TIME      =     0.033532000(  0.19%)
|             TOTAL 2e TIME      =     1.674429000(  9.65%)
|             TOTAL EXC TIME     =     1.254964000(  7.23%)
|       TOTAL DII TIME      =     1.610058000(  9.28%)
|             TOTAL DIAG TIME    =     0.387369000(  2.23%)
| TOTAL GRADIENT TIME      =     4.621266000( 26.64%)
|       TOTAL 1e GRADIENT TIME      =     2.322613000(13.79%)
|       TOTAL 2e GRADIENT TIME      =     1.843654000(10.63%)
|       TOTAL EXC GRADIENT TIME     =     0.382237000(  2.20%)
| TOTAL TIME          =    17.349457000
------------------------------------
| Job cpu time:  0 days  0 hours  0 minutes 17.3 seconds.

 @ Finish Output Timing Information

| Normal Termination. Task Finished on: Fri Aug 28 18:48:26 2026
