| *********************************************************************************************************
| **                                                                                                     **
| **           888888888888                                                                              **
| **         8888888888888888                                                                            **
| **      888888888888888888                                                                             **
| **     888888888888888888                                                                              **
| **    888888888888888                                                                                  **
| **   88888888888888888888                               88888                       8888:              **
| **   8888888888888888888888Z                            88888                       8888:              **
| **   888888888888888888888888?                          88888                       8888:              **
| **   8888888888888      8888888                                        888888       8888:              **
| **    88888888888         888888     8888:     88888    88888        888888888I     8888:    888888    **
| **    8888888888           88888:    8888:     88888    88888      $888888888888    8888:   888888     **
| **    I8Z 88888             88888    8888:     88888    88888    .888888     8888   8888: 888888       **
| **    .8Z 88888             88888    8888:     88888    88888    $88888             8888:88888         **
| **     8I 88888      .=88. .88888    8888:     88888    88888    88888              8888888888         **
| **    :8  88888      888888$8888$    8888:     88888    88888    8888O              88888888888        **
| **   ,7   +88888.     8888888888.    8888:     88888    88888    888888             88888O888888       **
| **         $888888:.   .8888888      88888....888888    88888     888888     8888   8888:  888888      **
| **          I8888888888888888888     888888888888888    88888     O888888888888O    8888:   888888     **
| **            O888888888888888888     88888888888888    88888       88888888888$    8888:    888888    **
| **               8888888Z     888      .8888I  88888    88888         8888888       8888:     888888   **
| **                                                                                                     **
| **                                                                                                     **
| **                                         Copyright (c) 2026                                          **
| **                          Regents of the University of California San Diego                          **
| **                                    & Michigan State University                                      **
| **                                        All Rights Reserved.                                         **
| **                                                                                                     **
| **             This software is subject to the terms of the Mozilla Public License, v. 2.0.            **
| **                                                                                                     **
| *********************************************************************************************************
|                                                                                                          
| Cite this work as:                                                                                       
| Manathunga, M.; O'Hearn, K. A.; Shajan, A.; Smith, J.; Miao, Y.; He, X.; Ayers, K.;                      
| Brothers, E.; Palos, E.; Tripathy, V.; Goetz, A.W.; Merz, K.M. QUICK-26.03.                              
| University of California,San Diego, CA and                                                               
| Michigan State University, East Lansing, MI, 2026                                                        
|                                                                                                          
| If you have any comments or queries, please reach out to us on GitHub issues or discussion sections:     
| https://github.com/merzlab/QUICK.                                                                        
|                                                                                                          
| TASK STARTS ON: Fri Aug 28 18:48:26 2026
| INPUT FILE :    /work2/11707/msun12/stampede3/quickruns/3446277/txl2/taxol_6-31G**.in
| OUTPUT FILE:    /work2/11707/msun12/stampede3/quickruns/3446277/txl2/taxol_6-31G**.out
| BASIS SET PATH: /home1/11707/msun12/QUICK-cuEST-install/basis

|------------ GPU INFORMATION ---------------
| CUDA ENABLED DEVICE         :        1
| CUDA DEVICE IN USE          :        0
| CUDA DEVICE NAME            : NVIDIA H100
| CUDA DEVICE PM              :      132
| CUDA DEVICE CORE FREQ(GHZ)  :     1.98
| CUDA DEVICE MEMORY SIZE (MB):    95321
| SUPPORTING CUDA VERSION     :      9.0
|--------------------------------------------

 @ Read Job And Atom

  KEYWORD=B3LYP BASIS=6-31G** CUTOFF=1.0E-10 DENSERMS=1.0E-6 GRADIENT CUEST
 ============== JOB CARD =============
 METHOD = DENSITY FUNCTIONAL THEORY
 DENSITY FUNCTIONAL = B3LYP
 DIRECT SCF 
 SAD INITAL GUESS 
 USE DIIS SCF
 PRINT ENERGY EVERY CYCLE
 READ SAD GUESS FROM FILE
 STANDARD GRID = SG1
 Level shifting allowed after cycle    3
 DIIS error must exceed 0.100 for level shifting
 Max HOMO-LUMO gap to allow level shifting = 0.200
 GRADIENT CALCULATION
 MAX SCF CYCLES =    200
 MAX DIIS CYCLES =   10
 DELTA DENSITY START CYCLE =    3
 COMPUTATIONAL CUTOFF: 
      TWO-e INTEGRAL         =  0.100E-09
      BASIS SET PRIME        =  0.100E-10
      MATRIX ELEMENTS        =  0.100E-09
      BASIS FUNCTION         =  0.100E-05
      NEAR-LINEAR DEPENDENCY =  0.100E-04
      GRADIENT CUTOFF  =  0.100E-06
 DENSITY MATRIX MAXIMUM RMS FOR CONVERGENCE  =  0.100E-05
 BASIS SET = 6-31G**,  TYPE = CARTESIAN
| BASIS FILE = /home1/11707/msun12/QUICK-cuEST-install/basis/6-31GDP.BAS
| DATA FILE  =    /work2/11707/msun12/stampede3/quickruns/3446277/txl2/taxol_6-31G**.dat

 @ Finish reading job


 @ Begin SAD initial guess

 For Atom Kind =    1
 ELEMENT = C 
 BASIS FUNCTIONS =   15
 For Atom Kind =    2
 ELEMENT = O 
 BASIS FUNCTIONS =   15
 For Atom Kind =    3
 ELEMENT = N 
 BASIS FUNCTIONS =   15
 For Atom Kind =    4
 ELEMENT = H 
 BASIS FUNCTIONS =    5

 @ Finish SAD initial guess


 @ Begin Reading Molecular Information


 =========== Molecule Input ==========
 TOTAL MOLECULAR CHARGE  =    0    MULTIPLICITY                =    1
 TOTAL ATOM NUMBER       =  110    NUMBER OF ATOM TYPES        =    4
 NUMBER OF HYDROGEN ATOM =   49    NUMBER OF NON-HYDROGEN ATOM =   61
 NUMBER OF ELECTRONS     =  446

 -- INPUT GEOMETRY -- :
    C          -6.3961       1.6376      -1.0167
    C          -5.5976       1.9480       0.3157
    C          -4.1358       1.3889       0.3062
    C          -4.0900      -0.2069       0.0760
    C          -5.3005      -0.5560      -0.7831
    C          -5.6408       0.5560      -1.7454
    C          -2.8203      -0.7723      -0.5951
    C          -3.4405       1.9810       1.5955
    C          -1.5723      -0.0770      -0.1719
    O          -2.6953      -2.1590      -0.1698
    O          -1.8693       1.2309      -0.7751
    C          -1.3334      -0.1176       1.4102
    C          -0.8881       1.2875       1.4845
    C           0.3196       1.5771       0.9641
    O          -4.0361       2.4498       2.5048
    O          -1.9505       2.1871       1.7492
    C          -0.2199      -0.3744      -0.8072
    C           0.8361       0.5393      -0.0882
    O          -6.3706      -0.7461       0.1815
    C          -7.5080      -1.5313       0.1764
    O          -7.7343      -2.1872       1.1532
    C          -8.4523      -1.4158      -0.9939
    C          -5.4161      -1.5091      -2.0070
    O          -6.2193      -0.4454      -2.6903
    O          -5.4268       3.3774       0.3776
    O          -1.6122       4.1801       0.0344
    C          -0.7941       5.2258       0.2991
    O          -0.3049       5.8646      -0.5895
    C          -0.5432       5.4737       1.7764
    C           1.2299       2.7853       1.0315
    O           1.9361      -0.3334       0.3600
    C           3.1924       0.0393       0.0732
    O           3.4565       1.0474      -0.5230
    C           4.1742      -1.0075       0.5409
    C           5.5923      -0.5508       0.2305
    C           6.6535      -1.6277       0.4268
    C           6.3531      -2.9590       0.6578
    C           7.3484      -3.9223       0.5946
    C           8.6553      -3.5578       0.3263
    C           8.9721      -2.2174       0.1751
    C           7.9781      -1.2615       0.2323
    O           4.0118      -1.2781       1.9326
    N           5.9708       0.6810       0.8873
    C           6.1083       1.9571       0.3956
    O           6.3193       2.8804       1.1683
    C           5.8856       2.2295      -1.0684
    C           6.1183       1.3531      -2.1154
    C           5.5666       1.5986      -3.3628
    C           4.8505       2.7661      -3.5881
    C           4.7601       3.7103      -2.5860
    C           5.2758       3.4420      -1.3327
    C          -2.1367      -3.0476      -1.0301
    O          -2.1452      -2.8534      -2.2329
    C          -1.5034      -4.2030      -0.3691
    C          -1.4396      -4.3267       1.0054
    C          -0.7639      -5.3990       1.5627
    C          -0.1729      -6.3469       0.7428
    C          -0.2556      -6.2275      -0.6353
    C          -0.9156      -5.1510      -1.1911
    C          -0.2097      -1.1547       1.8364
    C          -2.4301      -0.4562       2.4708
    H          -3.6492       1.8683      -0.5156
    H          -4.2442      -0.7298       0.9946
    H          -6.1319       1.5762       1.1739
    H          -6.4278       2.5627      -1.5682
    H          -7.3896       1.3053      -0.7745
    H          -4.7466       0.9454      -2.2120
    H          -2.8856      -0.7190      -1.6683
    H          -1.1756       1.8958      -0.6851
    H          -1.8482       3.6442       0.8092
    H          -0.3040      -0.0417      -1.8339
    H           0.0915      -1.3953      -0.8029
    H           1.2665       1.1760      -0.8368
    H          -7.9448      -1.4088      -1.9397
    H          -8.9861      -0.4737      -0.9254
    H          -9.1715      -2.2206      -0.9250
    H          -5.9697      -2.4207      -1.8715
    H          -4.4957      -1.6916      -2.5342
    H          -6.1859       3.7990       0.8058
    H          -0.4047       4.5303       2.2919
    H          -1.4092       5.9590       2.2202
    H           0.3171       6.0932       1.8872
    H           1.4833       3.0343       2.0569
    H           0.8689       3.6688       0.5366
    H           2.1685       2.5342       0.5368
    H           3.9670      -1.8925      -0.0573
    H           5.5542      -0.3517      -0.8218
    H           5.3545      -3.2557       0.9039
    H           7.0989      -4.9514       0.7469
    H           9.4172      -4.3037       0.2408
    H           9.9857      -1.9178       0.0023
    H           8.2255      -0.2253       0.1253
    H           3.1299      -1.6338       2.1084
    H           6.0936       0.6251       1.8860
    H           6.7084       0.4705      -1.9833
    H           5.6744       0.8728      -4.1413
    H           4.3798       2.9274      -4.5336
    H           4.2564       4.6442      -2.7661
    H           5.1747       4.1495      -0.5327
    H          -1.9016      -3.5962       1.6316
    H          -0.6960      -5.4955       2.6284
    H           0.3482      -7.1761       1.1766
    H           0.1935      -6.9648      -1.2689
    H          -0.9826      -5.0259      -2.2518
    H           0.6895      -0.6503       2.1318
    H           0.0409      -1.8507       1.0571
    H          -0.5497      -1.7388       2.6731
    H          -2.6865      -1.5071       2.3903
    H          -3.3390       0.1001       2.4689
    H          -1.9770      -0.2959       3.4410

============== BASIS INFOS ==============
 BASIS FUNCTIONS = 1160
 NSHELL =  391 NPRIM  = 2051
 JSHELL =  391 JBASIS =  916


 @ End Reading Molecular Information 


 @ Begin XC Quadrature Formation

 OCTAGO: OCTree Algorithm for Grid Operations 
   PRUNING CUTOFF       = 0.100E-06
   INITIAL GRID POINTS  =      416624
|   FINAL GRID POINTS    =           0
|   SIGNIFICANT NUMBER OF BASIS FUNCTIONS     =           0
|   SIGNIFICANT NUMBER OF PRIMITIVE FUNCTIONS =           0

 @ End XC Quadrature Formation


 @ Begin Energy Calculation

| condition number of overlap matrix:    2.135E+04
| Smallest eigenvalue of overlap matrix:    3.999E-04

                                         SCF ENERGY
| ------------------------------------------------------------------------------------------------------------------------
| NCYC       ENERGY         DELTA_E      SCF_TIME  DII_CYC   DII_TIME   O_TIME  DIAG_TIME    MAX_ERR    RMS_CHG    MAX_CHG
| ------------------------------------------------------------------------------------------------------------------------
|  1  -2891.720538721      ------         0.349     1        0.06      0.28      0.02    0.5502E+00  0.9694E-01  0.2497E+02
|  2  -1862.833479901  -.102889E+04       0.300     2        0.07      0.23      0.02    0.2094E+01  0.1014E+00  0.2489E+02
|  3  -2720.409748388  0.857576E+03       0.320     3        0.08      0.23      0.02    0.1513E+01  0.1173E+00  0.2230E+02
|   ***  Level shifting applied  ( HOMO-LUMO gap =  0.007 au ) ***
|  4  -2090.181341501  -.630228E+03       0.326     4        0.09      0.23      0.02    0.2108E+01  0.1114E+00  0.2229E+02
|   ***  Level shifting applied  ( HOMO-LUMO gap =  0.003 au ) ***
|  5  -2924.959657207  0.834778E+03       0.333     5        0.09      0.23      0.02    0.3546E+00  0.6405E-02  0.1497E+01
|   ***  Level shifting applied  ( HOMO-LUMO gap =  0.005 au ) ***
|  6  -2922.781552864  -.217810E+01       0.335     6        0.10      0.23      0.02    0.5892E+00  0.4482E-02  0.1208E+01
|   ***  Level shifting applied  ( HOMO-LUMO gap =  0.014 au ) ***
|  7  -2926.873616467  0.409206E+01       0.335     7        0.10      0.23      0.02    0.3299E+00  0.1495E-02  0.2839E+00
|   ***  Level shifting applied  ( HOMO-LUMO gap =  0.180 au ) ***
|  8  -2927.180209067  0.306593E+00       0.340     8        0.10      0.23      0.02    0.1513E+00  0.5774E-03  0.1120E+00
|   ***  Level shifting applied  ( HOMO-LUMO gap =  0.173 au ) ***
|  9  -2927.225996432  0.457874E-01       0.330     9        0.09      0.23      0.02    0.5399E-01  0.2459E-03  0.3485E-01
| 10  -2927.239221609  0.132252E-01       0.341    10        0.10      0.24      0.02    0.1189E-01  0.8173E-04  0.9000E-02
| 11  -2927.240220168  0.998559E-03       0.360     1        0.12      0.23      0.02    0.5173E-02  0.3039E-04  0.4138E-02
| 12  -2927.240400799  0.180631E-03       0.360     2        0.12      0.23      0.02    0.2095E-02  0.1251E-04  0.2008E-02
| 13  -2927.240419646  0.188473E-04       0.361     3        0.12      0.23      0.02    0.1068E-02  0.4792E-05  0.8004E-03
| 14  -2927.240424705  0.505876E-05       0.361     4        0.12      0.23      0.02    0.2815E-03  0.1838E-05  0.2544E-03
| 15  -2927.240425231  0.526374E-06       0.367     5        0.12      0.24      0.02    0.7890E-04  0.6477E-06  0.7224E-04
| ------------------------------------------------------------------------------------------------------------------------
| REACH CONVERGENCE AFTER  15 CYCLES
| MAX ERROR = 0.788973E-04   RMS CHANGE = 0.647729E-06   MAX CHANGE = 0.722422E-04
| -----------------------------------------------
 ALPHA ELECTRON DENSITY    =   223.0009213403
 BETA ELECTRON DENSITY     =   223.0009213403
 ELECTRONIC ENERGY    = -12594.310300555
 CORE_CORE REPULSION  =   9667.069875324
 TOTAL ENERGY         =  -2927.240425231

 @ End Energy calculation


 @ Begin Gradient Calculation

 ANALYTICAL GRADIENT: 
----------------------------------------
 COORDINATE    XYZ            GRADIENT
----------------------------------------
    1X    -6.3960620484    -0.0107142472
    1Y     1.6375501950     0.0028984382
    1Z    -1.0167391376    -0.0013663545
    2X    -5.5976016175    -0.0038990580
    2Y     1.9479657588    -0.0182708808
    2Z     0.3156763941     0.0115045624
    3X    -4.1358426958     0.0090902199
    3Y     1.3888886961     0.0044930494
    3Z     0.3061559434    -0.0164054121
    4X    -4.0900119523    -0.0023774149
    4Y    -0.2069339958    -0.0080713962
    4Z     0.0759908158     0.0127071894
    5X    -5.3005248048     0.0086036079
    5Y    -0.5559696325     0.0039804732
    5Z    -0.7831189998     0.0023123073
    6X    -5.6408357108     0.0108816450
    6Y     0.5560152125     0.0194008685
    6Z    -1.7454175833     0.0054054694
    7X    -2.8203121254     0.0018887359
    7Y    -0.7723427990     0.0152491368
    7Z    -0.5951161554    -0.0051988698
    8X    -3.4405170127    -0.0093408636
    8Y     1.9809802613     0.0116165546
    8Z     1.5954933618     0.0021879325
    9X    -1.5722955801    -0.0062858602
    9Y    -0.0769638959    -0.0162427506
    9Z    -0.1719253231     0.0079213573
   10X    -2.6953277358     0.0042013841
   10Y    -2.1590275449    -0.0002264075
   10Z    -0.1697708530    -0.0079251461
   11X    -1.8693494728     0.0045264420
   11Y     1.2308627640     0.0086016941
   11Z    -0.7751224092     0.0037720951
   12X    -1.3334065318     0.0000422871
   12Y    -0.1176307990     0.0146819464
   12Z     1.4101577377    -0.0081138449
   13X    -0.8881045478     0.0214738905
   13Y     1.2874585683    -0.0127942052
   13Z     1.4845317434    -0.0048852428
   14X     0.3196037144    -0.0208638075
   14Y     1.5770568504     0.0016078620
   14Z     0.9640606036     0.0126550529
   15X    -4.0360630582     0.0065340532
   15Y     2.4497905671    -0.0039170343
   15Z     2.5047991213    -0.0070126607
   16X    -1.9504981989    -0.0093873748
   16Y     2.1870801370     0.0014789761
   16Z     1.7492358836    -0.0063966921
   17X    -0.2198636968     0.0000277911
   17Y    -0.3744037186    -0.0136785809
   17Z    -0.8072270516    -0.0063851405
   18X     0.8361322639    -0.0001577207
   18Y     0.5392960612     0.0060807191
   18Z    -0.0882305667    -0.0123069113
   19X    -6.3705655165    -0.0054729078
   19Y    -0.7461437470     0.0029393168
   19Z     0.1814962939    -0.0079876992
   20X    -7.5079891033    -0.0038243413
   20Y    -1.5312545569    -0.0022059111
   20Z     0.1764442435     0.0124014975
   21X    -7.7343174206     0.0028385655
   21Y    -2.1872431170     0.0046977293
   21Z     1.1532460581    -0.0097860229
   22X    -8.4523256355     0.0004662124
   22Y    -1.4157501381     0.0040394770
   22Z    -0.9939260359    -0.0084766034
   23X    -5.4161060936     0.0111276276
   23Y    -1.5091024852    -0.0327028959
   23Z    -2.0070004333    -0.0045374072
   24X    -6.2192576349    -0.0101916535
   24Y    -0.4454467640    -0.0000954391
   24Z    -2.6902952054    -0.0063022794
   25X    -5.4267630344     0.0001301586
   25Y     3.3774439679     0.0026929486
   25Z     0.3776243788     0.0001136306
   26X    -1.6122442331     0.0021978042
   26Y     4.1801173692    -0.0038517725
   26Z     0.0343779426     0.0171212317
   27X    -0.7940924306     0.0040341903
   27Y     5.2257743591     0.0078518533
   27Z     0.2990567328    -0.0150511261
   28X    -0.3048947533    -0.0036079673
   28Y     5.8645770378    -0.0084064477
   28Z    -0.5895333050     0.0110490775
   29X    -0.5432142115     0.0134015421
   29Y     5.4736988580     0.0061773631
   29Z     1.7763875257     0.0060402932
   30X     1.2298581039    -0.0005125523
   30Y     2.7852910627     0.0074410615
   30Z     1.0315035488    -0.0006213832
   31X     1.9361231978     0.0069463079
   31Y    -0.3334212455     0.0031780781
   31Z     0.3599506875    -0.0027087351
   32X     3.1923973838     0.0128045165
   32Y     0.0392867930     0.0018512610
   32Z     0.0732008056     0.0007040158
   33X     3.4564615139    -0.0054368584
   33Y     1.0474090400    -0.0114561388
   33Z    -0.5229789999     0.0095212275
   34X     4.1741653088     0.0029149261
   34Y    -1.0074733869    -0.0007029725
   34Z     0.5409361113    -0.0136857895
   35X     5.5923107171    -0.0034634933
   35Y    -0.5507792521     0.0065877409
   35Z     0.2305424976    -0.0112864953
   36X     6.6535037881     0.0075679894
   36Y    -1.6276655543    -0.0088666621
   36Z     0.4267850326     0.0018731893
   37X     6.3531150051     0.0007144382
   37Y    -2.9590429360     0.0043678742
   37Z     0.6578478902     0.0000768403
   38X     7.3484382612    -0.0000863386
   38Y    -3.9223477295    -0.0009366449
   38Z     0.5946433254    -0.0002040611
   39X     8.6553271210    -0.0004183058
   39Y    -3.5577624717     0.0000751976
   39Z     0.3262773549    -0.0002667731
   40X     8.9721243751    -0.0018514581
   40Y    -2.2174055893     0.0012558421
   40Z     0.1751067634    -0.0000416838
   41X     7.9780886392    -0.0028049537
   41Y    -1.2615409463    -0.0000762826
   41Z     0.2323472177     0.0008441926
   42X     4.0117557664    -0.0061855075
   42Y    -1.2781154276    -0.0007408015
   42Z     1.9325733176     0.0004609483
   43X     5.9708271360    -0.0012082760
   43Y     0.6810003920     0.0015751234
   43Z     0.8873416378     0.0013442496
   44X     6.1083015365    -0.0000527423
   44Y     1.9571430895    -0.0001496949
   44Z     0.3956142302     0.0045931545
   45X     6.3193162726    -0.0038362340
   45Y     2.8803622800    -0.0051553066
   45Z     1.1682892292    -0.0074516993
   46X     5.8856240794    -0.0062056846
   46Y     2.2294773203     0.0028389212
   46Z    -1.0684369316    -0.0145459214
   47X     6.1182760772    -0.0002358364
   47Y     1.3530946933     0.0026900043
   47Z    -2.1154263515     0.0075149622
   48X     5.5666096951    -0.0010446036
   48Y     1.5985928121    -0.0034455172
   48Z    -3.3627524368    -0.0012851751
   49X     4.8504996604    -0.0029675279
   49Y     2.7660993212     0.0056039609
   49Z    -3.5880647940     0.0021840679
   50X     4.7600527335     0.0026762544
   50Y     3.7102514633    -0.0075066749
   50Z    -2.5859740575    -0.0008003308
   51X     5.2758312329     0.0032459782
   51Y     3.4419996328    -0.0073377841
   51Z    -1.3326645918     0.0010586255
   52X    -2.1366951232     0.0059513127
   52Y    -3.0476308227    -0.0126002977
   52Z    -1.0300506687     0.0132677059
   53X    -2.1451656838    -0.0027478864
   53Y    -2.8533799779     0.0041308511
   53Z    -2.2328872205     0.0004901523
   54X    -1.5033715748     0.0076533818
   54Y    -4.2030090710    -0.0087545632
   54Z    -0.3691075382     0.0080285865
   55X    -1.4395727999    -0.0016991039
   55Y    -4.3266984404     0.0043502532
   55Z     1.0054186368    -0.0087004821
   56X    -0.7638830383     0.0004272865
   56Y    -5.3989755623     0.0000871768
   56Z     1.5627243193    -0.0011287484
   57X    -0.1728504332    -0.0002997729
   57Y    -6.3468611347     0.0011441708
   57Z     0.7427716867    -0.0015547877
   58X    -0.2555829795    -0.0006761173
   58Y    -6.2275391756     0.0007778280
   58Z    -0.6353203685     0.0010386319
   59X    -0.9155594699    -0.0020727153
   59Y    -5.1509647533     0.0050018599
   59Z    -1.1911104510     0.0034445316
   60X    -0.2097392960     0.0109564787
   60Y    -1.1547475382    -0.0070719657
   60Z     1.8364341802     0.0040503932
   61X    -2.4300503956    -0.0074259088
   61Y    -0.4562313148     0.0032429388
   61Z     2.4707643087     0.0088448345
   62X    -3.6491745187    -0.0040418365
   62Y     1.8683153927    -0.0039820583
   62Z    -0.5155830594     0.0074617880
   63X    -4.2442042941     0.0006496981
   63Y    -0.7298029557     0.0035044107
   63Z     0.9946071660    -0.0105566471
   64X    -6.1319130983     0.0055265191
   64Y     1.5761652304     0.0026371657
   64Z     1.1739417496    -0.0079078016
   65X    -6.4278100209     0.0022842037
   65Y     2.5627464257    -0.0071327702
   65Z    -1.5682089798     0.0058167083
   66X    -7.3896389443     0.0102378811
   66Y     1.3053382297     0.0007708493
   66Z    -0.7744957191    -0.0016026777
   67X    -4.7465709525    -0.0073959199
   67Y     0.9454138022    -0.0049301220
   67Z    -2.2120482489     0.0048368527
   68X    -2.8855556304     0.0010266393
   68Y    -0.7190312849     0.0027713620
   68Z    -1.6682582674     0.0084677176
   69X    -1.1756472598    -0.0043058552
   69Y     1.8958447948     0.0016573368
   69Z    -0.6850815723    -0.0041861618
   70X    -1.8481633811    -0.0031368511
   70Y     3.6442038083    -0.0017932858
   70Z     0.8091516318    -0.0073857391
   71X    -0.3040223032    -0.0019452911
   71Y    -0.0416779132     0.0026808479
   71Z    -1.8339006500     0.0072950863
   72X     0.0915191370    -0.0050282954
   72Y    -1.3952922665     0.0137439349
   72Z    -0.8028716213    -0.0011799238
   73X     1.2665208967    -0.0075750403
   73Y     1.1759764098    -0.0063383141
   73Z    -0.8367613039     0.0086599091
   74X    -7.9447757667    -0.0034424421
   74Y    -1.4087837076    -0.0009692020
   74Z    -1.9396808281     0.0090473203
   75X    -8.9860731662     0.0034039399
   75Y    -0.4736978662    -0.0066442947
   75Z    -0.9254125307    -0.0012765796
   76X    -9.1714810604     0.0041332295
   76Y    -2.2205725696     0.0043166670
   76Z    -0.9250167206    -0.0000584297
   77X    -5.9696663559     0.0062050216
   77Y    -2.4206610149     0.0097402929
   77Z    -1.8715271229    -0.0014308257
   78X    -4.4956991333    -0.0085705752
   78Y    -1.6916168492     0.0030328377
   78Z    -2.5341524535     0.0051807873
   79X    -6.1859311524    -0.0016327911
   79Y     3.7990295001     0.0059799378
   79Z     0.8057985915    -0.0001834840
   80X    -0.4047348909    -0.0007795602
   80Y     4.5302822759     0.0023956850
   80Z     2.2918681450    -0.0047649148
   81X    -1.4092254776     0.0038331973
   81Y     5.9590269651    -0.0036578451
   81Z     2.2201989695    -0.0017317899
   82X     0.3171041142    -0.0129885326
   82Y     6.0931668053    -0.0103523565
   82Z     1.8871610341    -0.0027508092
   83X     1.4832825233     0.0017616234
   83Y     3.0343297417    -0.0026386891
   83Z     2.0569032671    -0.0061827713
   84X     0.8689347864     0.0037517316
   84Y     3.6687759202    -0.0075427105
   84Z     0.5365847410     0.0045304519
   85X     2.1684890256    -0.0000160109
   85Y     2.5341565935    -0.0009983920
   85Z     0.5367745110    -0.0013778958
   86X     3.9669616429     0.0005343218
   86Y    -1.8924970245     0.0080007979
   86Z    -0.0572581044     0.0037116190
   87X     5.5541776341     0.0007855690
   87Y    -0.3516751969    -0.0019275692
   87Z    -0.8217997928     0.0100619301
   88X     5.3544978589     0.0094421703
   88Y    -3.2557102186     0.0027956057
   88Z     0.9038848590    -0.0008161576
   89X     7.0989144921     0.0027080762
   89Y    -4.9513961981     0.0113682473
   89Z     0.7469288470    -0.0022053409
   90X     9.4171946391    -0.0085359187
   90Y    -4.3036937586     0.0082712882
   90Z     0.2407856384    -0.0002900315
   91X     9.9857451625    -0.0104457330
   91Y    -1.9177654664    -0.0026898818
   91Z     0.0023467702     0.0017122509
   92X     8.2254739781    -0.0024273400
   92Y    -0.2253064972    -0.0099184947
   92Z     0.1253413196     0.0022819405
   93X     3.1299497190     0.0003255231
   93Y    -1.6337869448    -0.0019544438
   93Z     2.1083780410     0.0050261495
   94X     6.0936142953    -0.0002195086
   94Y     0.6250744177    -0.0017151643
   94Z     1.8859549340    -0.0046297464
   95X     6.7084385023    -0.0062337846
   95Y     0.4705180859     0.0083932466
   95Z    -1.9833353715    -0.0015108151
   96X     5.6743955033    -0.0029843403
   96Y     0.8727860166     0.0069599218
   96Z    -4.1412753062     0.0093325581
   97X     4.3798459545     0.0044510102
   97Y     2.9274162635    -0.0031839158
   97Z    -4.5335959262     0.0117407509
   98X     4.2563846850     0.0035674563
   98Y     4.6442142246    -0.0060248505
   98Z    -2.7660689312     0.0011395003
   99X     5.1747309752     0.0017715161
   99Y     4.1495329469    -0.0046456531
   99Z    -0.5327311807    -0.0065912182
  100X    -1.9015966152     0.0050320158
  100Y    -3.5961884646    -0.0072534467
  100Z     1.6316251146    -0.0060036777
  101X    -0.6959961231    -0.0000606031
  101Y    -5.4955301297     0.0008598619
  101Z     2.6284273507    -0.0095878417
  102X     0.3482320666    -0.0051727118
  102Y    -7.1761497180     0.0083768077
  102Z     1.1766068899    -0.0043811315
  103X     0.1934856248    -0.0047272747
  103Y    -6.9647955319     0.0072817018
  103Z    -1.2689412269     0.0061075630
  104X    -0.9826070850     0.0006550196
  104Y    -5.0258756638    -0.0012787699
  104Z    -2.2518210920     0.0101102662
  105X     0.6895305627    -0.0067488390
  105Y    -0.6503325997    -0.0042235836
  105Z     2.1318040128    -0.0044081537
  106X     0.0408559131    -0.0015044289
  106Y    -1.8507204713     0.0050859169
  106Z     1.0570934807     0.0040601206
  107X    -0.5497152620     0.0037269434
  107Y    -1.7387967528     0.0048852928
  107Z     2.6730564641    -0.0077514794
  108X    -2.6864695851     0.0018467372
  108Y    -1.5071205751     0.0034794259
  108Z     2.3903168925    -0.0003231321
  109X    -3.3390145450     0.0090716774
  109Y     0.1000510676    -0.0055302880
  109Z     2.4688671085    -0.0010815746
  110X    -1.9770021010    -0.0027821707
  110Y    -0.2959025626    -0.0010868621
  110Z     3.4410103628    -0.0065370462
----------------------------------------

 @ End Gradient Calculation

  Skipping one-electron property calculation.

 @ Output cuEST Memory Footprint

------------- cuEST MEMORY USAGE ---------------
| Peak Host Footprint =    91.11 kB
| Host Allocations =    43
| Peak Device Footprint =    41.68 GB
| Device Allocations =    36
------------------------------------------------

 @ Finish Output cuEST Memory Footprint


 @ Output Timing Information

------------- TIMING ---------------
| CUEST INITIALIZATION TIME =     1.587821000(  8.25%)
| INITIAL GUESS TIME  =     4.429644000( 23.02%)
| DFT GRID OPERATIONS =     0.002985000(  0.02%)
| TOTAL SCF TIME      =     5.156002000( 26.80%)
|       TOTAL OP TIME      =     3.597056000( 18.70%)
|             TOTAL 1e TIME      =     0.036586000(  0.19%)
|             TOTAL 2e TIME      =     2.089518000( 10.86%)
|             TOTAL EXC TIME     =     1.181932000(  6.14%)
|       TOTAL DII TIME      =     1.494521000(  7.77%)
|             TOTAL DIAG TIME    =     0.245727000(  1.28%)
| TOTAL GRADIENT TIME      =     5.198782000( 27.02%)
|       TOTAL 1e GRADIENT TIME      =     2.712159000(14.53%)
|       TOTAL 2e GRADIENT TIME      =     2.024684000(10.52%)
|       TOTAL EXC GRADIENT TIME     =     0.373596000(  1.94%)
| TOTAL TIME          =    19.240548000
------------------------------------
| Job cpu time:  0 days  0 hours  0 minutes 19.2 seconds.

 @ Finish Output Timing Information

| Normal Termination. Task Finished on: Fri Aug 28 18:48:46 2026
