| *********************************************************************************************************
| **                                                                                                     **
| **           888888888888                                                                              **
| **         8888888888888888                                                                            **
| **      888888888888888888                                                                             **
| **     888888888888888888                                                                              **
| **    888888888888888                                                                                  **
| **   88888888888888888888                               88888                       8888:              **
| **   8888888888888888888888Z                            88888                       8888:              **
| **   888888888888888888888888?                          88888                       8888:              **
| **   8888888888888      8888888                                        888888       8888:              **
| **    88888888888         888888     8888:     88888    88888        888888888I     8888:    888888    **
| **    8888888888           88888:    8888:     88888    88888      $888888888888    8888:   888888     **
| **    I8Z 88888             88888    8888:     88888    88888    .888888     8888   8888: 888888       **
| **    .8Z 88888             88888    8888:     88888    88888    $88888             8888:88888         **
| **     8I 88888      .=88. .88888    8888:     88888    88888    88888              8888888888         **
| **    :8  88888      888888$8888$    8888:     88888    88888    8888O              88888888888        **
| **   ,7   +88888.     8888888888.    8888:     88888    88888    888888             88888O888888       **
| **         $888888:.   .8888888      88888....888888    88888     888888     8888   8888:  888888      **
| **          I8888888888888888888     888888888888888    88888     O888888888888O    8888:   888888     **
| **            O888888888888888888     88888888888888    88888       88888888888$    8888:    888888    **
| **               8888888Z     888      .8888I  88888    88888         8888888       8888:     888888   **
| **                                                                                                     **
| **                                                                                                     **
| **                                         Copyright (c) 2026                                          **
| **                          Regents of the University of California San Diego                          **
| **                                    & Michigan State University                                      **
| **                                        All Rights Reserved.                                         **
| **                                                                                                     **
| **             This software is subject to the terms of the Mozilla Public License, v. 2.0.            **
| **                                                                                                     **
| *********************************************************************************************************
|                                                                                                          
| Cite this work as:                                                                                       
| Manathunga, M.; O'Hearn, K. A.; Shajan, A.; Smith, J.; Miao, Y.; He, X.; Ayers, K.;                      
| Brothers, E.; Palos, E.; Tripathy, V.; Goetz, A.W.; Merz, K.M. QUICK-26.03.                              
| University of California,San Diego, CA and                                                               
| Michigan State University, East Lansing, MI, 2026                                                        
|                                                                                                          
| If you have any comments or queries, please reach out to us on GitHub issues or discussion sections:     
| https://github.com/merzlab/QUICK.                                                                        
|                                                                                                          
| TASK STARTS ON: Wed Jul  1 18:46:35 2026
| INPUT FILE :    gen/morphine_def2-TZVP.in
| OUTPUT FILE:    gen/morphine_def2-TZVP.out
| BASIS SET PATH: /home/msun26/QUICK-install-release/basis

|------------ GPU INFORMATION ---------------
| CUDA ENABLED DEVICE         :        1
| CUDA DEVICE IN USE          :        0
| CUDA DEVICE NAME            : NVIDIA GeForce RTX 5080
| CUDA DEVICE PM              :       84
| CUDA DEVICE CORE FREQ(GHZ)  :     2.73
| CUDA DEVICE MEMORY SIZE (MB):    15808
| SUPPORTING CUDA VERSION     :     12.0
|--------------------------------------------

 @ Read Job And Atom

  KEYWORD=DFT BLYP BASIS=DEF2-TZVP CUTOFF=1.0E-7 DENSERMS=1.0E-6 ENERGY
 ============== JOB CARD =============
 METHOD = DENSITY FUNCTIONAL THEORY
 USING LIBXC VERSION: 4.3.4
 FUNCTIONAL INFORMATION:
 NAME = Becke 88 FAMILY = GGA KIND = EXCHANGE
 NAME = Lee, Yang & Parr FAMILY = GGA KIND = CORRELATION
 DIRECT SCF 
 SAD INITAL GUESS 
 USE DIIS SCF
 PRINT ENERGY EVERY CYCLE
 READ SAD GUESS FROM FILE
 STANDARD GRID = SG1
 Level shifting allowed after cycle    3
 DIIS error must exceed 0.100 for level shifting
 Max HOMO-LUMO gap to allow level shifting = 0.200
 MAX SCF CYCLES =    200
 MAX DIIS CYCLES =   10
 DELTA DENSITY START CYCLE =    3
 COMPUTATIONAL CUTOFF: 
      TWO-e INTEGRAL         =  0.100E-06
      BASIS SET PRIME        =  0.100E-07
      MATRIX ELEMENTS        =  0.100E-09
      BASIS FUNCTION         =  0.100E-05
      NEAR-LINEAR DEPENDENCY =  0.100E-04
 DENSITY MATRIX MAXIMUM RMS FOR CONVERGENCE  =  0.100E-05
 BASIS SET = DEF2-TZVP,  TYPE = CARTESIAN
| BASIS FILE = /home/msun26/QUICK-install-release/basis/DEF2-TZVP.BAS
| DATA FILE  =    gen/morphine_def2-TZVP.dat

 @ Finish reading job


 @ Begin SAD initial guess

 For Atom Kind =    1
 ELEMENT = O 
 BASIS FUNCTIONS =   36
 For Atom Kind =    2
 ELEMENT = N 
 BASIS FUNCTIONS =   36
 For Atom Kind =    3
 ELEMENT = C 
 BASIS FUNCTIONS =   36
 For Atom Kind =    4
 ELEMENT = H 
 BASIS FUNCTIONS =    6

 @ Finish SAD initial guess


 @ Begin Reading Molecular Information


 =========== Molecule Input ==========
 TOTAL MOLECULAR CHARGE  =    0    MULTIPLICITY                =    1
 TOTAL ATOM NUMBER       =   40    NUMBER OF ATOM TYPES        =    4
 NUMBER OF HYDROGEN ATOM =   19    NUMBER OF NON-HYDROGEN ATOM =   21
 NUMBER OF ELECTRONS     =  152

 -- INPUT GEOMETRY -- :
    O          -1.9930      -0.4740       1.2005
    O          -2.7826      -2.5168      -0.2218
    O          -3.6220       1.8421       0.5579
    N           3.1777      -0.0101       0.4474
    C           0.3699      -0.7149       0.6616
    C           1.2913      -1.3046      -0.4170
    C           2.3441      -0.2023      -0.7640
    C          -0.9377      -1.4750       0.9848
    C           1.1988      -0.3907       1.9201
    C          -0.2516       0.5302       0.1205
    C           1.6887       1.1052      -1.3279
    C           2.4315       0.4754       1.6126
    C           0.3384       1.4306      -0.7480
    C          -1.3631      -2.5067      -0.0924
    C           0.5066      -1.8183      -1.5971
    C          -1.5672       0.6306       0.5136
    C          -0.7155      -2.3492      -1.4425
    C           4.3733       0.7916       0.2084
    C          -0.4184       2.5415      -1.1246
    C          -2.3310       1.7217       0.1620
    C          -1.7382       2.6936      -0.6541
    H           1.8278      -2.1759      -0.0118
    H           3.0029      -0.6035      -1.5465
    H          -0.8451      -2.0128       1.9373
    H           1.5366      -1.3335       2.3712
    H           0.5899       0.1174       2.6790
    H           1.5474       0.9596      -2.4075
    H           2.3530       1.9680      -1.2194
    H           2.1271       1.5205       1.4760
    H           3.0801       0.4584       2.4975
    H          -1.0772      -3.5067       0.2593
    H           0.9601      -1.7947      -2.5831
    H          -1.2300      -2.7505      -2.3109
    H           4.1500       1.8479       0.0287
    H           4.9380       0.4055      -0.6472
    H           5.0444       0.7352       1.0730
    H          -0.0062       3.2824      -1.8043
    H          -2.3121       3.5638      -0.9645
    H          -3.1557      -2.6446       0.6672
    H          -3.8483       1.0686       1.1031

============== BASIS INFOS ==============
 BASIS FUNCTIONS =  870
 NSHELL =  307 NPRIM  = 1223
 JSHELL =  307 JBASIS =  534


 @ End Reading Molecular Information 


 @ Begin XC Quadrature Formation

 OCTAGO: OCTree Algorithm for Grid Operations 
   PRUNING CUTOFF       = 0.100E-06
   INITIAL GRID POINTS  =      151424
|   FINAL GRID POINTS    =       96277
|   SIGNIFICANT NUMBER OF BASIS FUNCTIONS     =      360357
|   SIGNIFICANT NUMBER OF PRIMITIVE FUNCTIONS =      372360

 @ End XC Quadrature Formation


 @ Begin Energy Calculation

| Number of total basis functions:    870
| Number of linearly independent basis functions:    868
| condition number of overlap matrix:    4.988E+06
| Smallest eigenvalue of overlap matrix:    3.928E-06

                                         SCF ENERGY
| ------------------------------------------------------------------------------------------------------------------------
| NCYC       ENERGY         DELTA_E      SCF_TIME  DII_CYC   DII_TIME   O_TIME  DIAG_TIME    MAX_ERR    RMS_CHG    MAX_CHG
| ------------------------------------------------------------------------------------------------------------------------
|  1   -943.393509691      ------        27.305     1        0.06     27.25      0.02    0.2182E+01  0.1210E-01  0.2704E+01
|  2   -938.845749196  -.454776E+01      55.849     2        0.06     55.79      0.02    0.2764E+00  0.2922E-01  0.4006E+01
|  3   -937.525214693  -.132053E+01      56.348     3        0.07     56.28      0.02    0.5369E+00  0.1865E-01  0.3040E+01
|   ***  Level shifting applied  ( HOMO-LUMO gap =  0.020 au ) ***
|  4   -939.502506264  0.197729E+01      54.155     4        0.06     54.09      0.02    0.8111E-01  0.5583E-02  0.7578E+00
|  5   -939.592761441  0.902552E-01      51.238     5        0.06     51.18      0.02    0.3602E-01  0.1085E-02  0.1257E+00
|  6   -939.604019922  0.112585E-01      45.143     6        0.06     45.08      0.02    0.1153E-01  0.9428E-03  0.1950E+00
|  7   -939.605587113  0.156719E-02      43.128     7        0.06     43.06      0.02    0.6460E-02  0.4455E-03  0.4577E-01
|  8   -939.606352959  0.765846E-03      41.682     8        0.06     41.62      0.02    0.2490E-02  0.7639E-03  0.1133E+00
|  9   -939.606489550  0.136591E-03      42.209     9        0.07     42.14      0.02    0.3700E-03  0.3895E-03  0.3340E-01
| 10   -939.606567064  0.775142E-04      41.527    10        0.07     41.46      0.02    0.4739E-03  0.6260E-03  0.9203E-01
| 11   -939.606556800  -.102637E-04      42.291     1        0.07     42.22      0.02    0.6362E-03  0.3090E-03  0.3535E-01
| 12   -939.606866436  0.309636E-03      39.562     2        0.07     39.49      0.02    0.3410E-03  0.5567E-04  0.6292E-02
| 13   -939.606736807  -.129629E-03      32.582     3        0.07     32.51      0.02    0.3685E-03  0.4413E-03  0.7818E-01
| 14   -939.606609664  -.127144E-03      39.617     4        0.07     39.54      0.02    0.3430E-03  0.9705E-03  0.1188E+00
| 15   -939.606784148  0.174484E-03      42.970     5        0.07     42.90      0.02    0.1201E-02  0.4248E-03  0.6486E-01
| 16   -939.606909414  0.125266E-03      41.164     6        0.07     41.09      0.02    0.8329E-03  0.3187E-03  0.4695E-01
| 17   -939.607093126  0.183712E-03      39.978     7        0.07     39.90      0.02    0.1376E-02  0.2376E-03  0.2758E-01
| 18   -939.607190360  0.972341E-04      38.193     8        0.07     38.12      0.02    0.1587E-02  0.5320E-03  0.6688E-01
| 19   -939.607170238  -.201222E-04      42.049     9        0.07     41.98      0.02    0.1107E-02  0.9987E-03  0.1384E+00
| 20   -939.607289010  0.118772E-03      43.020    10        0.07     42.95      0.02    0.1130E-02  0.3984E-03  0.4109E-01
| 21   -939.607286946  -.206358E-05      40.493     1        0.07     40.42      0.02    0.1155E-02  0.1551E-02  0.1565E+00
| 22   -939.607252097  -.348494E-04      44.286     2        0.07     44.21      0.02    0.2383E-02  0.5782E-03  0.9324E-01
| 23   -939.607408098  0.156001E-03      41.972     3        0.07     41.90      0.02    0.1547E-02  0.6647E-03  0.6787E-01
| 24   -939.607317303  -.907947E-04      43.547     4        0.07     43.47      0.02    0.9025E-03  0.1255E-02  0.1266E+00
| 25   -939.607323074  0.577117E-05      45.128     5        0.07     45.05      0.02    0.2046E-02  0.9524E-03  0.1195E+00
| 26   -939.607311543  -.115311E-04      43.244     6        0.07     43.17      0.02    0.1331E-02  0.2799E-02  0.3644E+00
| 27   -939.607339488  0.279447E-04      46.681     7        0.07     46.61      0.02    0.1697E-02  0.1121E-02  0.1214E+00
| 28   -939.607324694  -.147937E-04      42.718     8        0.07     42.64      0.02    0.1711E-02  0.6835E-03  0.8278E-01
| 29   -939.607318999  -.569514E-05      42.039     9        0.07     41.97      0.02    0.1048E-02  0.5857E-03  0.7009E-01
| 30   -939.607406871  0.878725E-04      41.706    10        0.07     41.63      0.02    0.7132E-03  0.5767E-03  0.8732E-01
| 31   -939.607212600  -.194271E-03      41.244     1        0.07     41.17      0.02    0.7100E-03  0.1053E-02  0.1113E+00
| 32   -939.607189119  -.234808E-04      44.592     2        0.07     44.52      0.02    0.1096E-02  0.1325E-02  0.1246E+00
| 33   -939.606975868  -.213251E-03      44.818     3        0.07     44.74      0.02    0.1380E-02  0.6630E-03  0.6812E-01
| 34   -939.607208069  0.232201E-03      42.187     4        0.07     42.11      0.02    0.7704E-03  0.1792E-03  0.2227E-01
| 35   -939.607134363  -.737059E-04      38.182     5        0.07     38.11      0.02    0.7492E-03  0.1479E-02  0.1527E+00
| 36   -939.607043833  -.905296E-04      44.320     6        0.07     44.25      0.02    0.2160E-02  0.7438E-03  0.7756E-01
| 37   -939.606916461  -.127373E-03      42.074     7        0.07     42.00      0.02    0.1162E-02  0.1315E-02  0.1777E+00
| 38   -939.606820910  -.955504E-04      44.368     8        0.07     44.29      0.02    0.2883E-02  0.9250E-03  0.1129E+00
| 39   -939.606581705  -.239205E-03      42.407     9        0.07     42.33      0.02    0.1734E-02  0.1577E-02  0.1979E+00
| 40   -939.606571938  -.976701E-05      45.556    10        0.07     45.48      0.02    0.7594E-03  0.1293E-02  0.1312E+00
| 41   -939.606418851  -.153088E-03      44.656     1        0.07     44.58      0.02    0.2147E-02  0.1151E-02  0.9898E-01
| 42   -939.606380816  -.380350E-04      44.412     2        0.07     44.34      0.02    0.5065E-03  0.1495E-02  0.1233E+00
| 43   -939.606514807  0.133991E-03      45.744     3        0.08     45.67      0.02    0.1180E-02  0.8444E-03  0.1083E+00
| 44   -939.606377850  -.136957E-03      43.458     4        0.07     43.38      0.02    0.2936E-02  0.5240E-02  0.4663E+00
| 45   -939.606474705  0.968547E-04      49.024     5        0.07     48.95      0.02    0.7503E-03  0.3146E-02  0.3720E+00
| 46   -939.606357386  -.117318E-03      46.943     6        0.07     46.87      0.02    0.1798E-02  0.1513E-02  0.1868E+00
| 47   -939.606104626  -.252760E-03      44.046     7        0.07     43.97      0.02    0.2115E-02  0.2232E-02  0.2784E+00
| 48   -939.605975715  -.128912E-03      68.294     8        0.07     68.22      0.02    0.2268E-02  0.1686E-02  0.2760E+00
| 49   -939.605739770  -.235945E-03      45.255     9        0.07     45.18      0.02    0.2856E-02  0.1022E-02  0.1762E+00
| 50   -939.605555386  -.184384E-03      43.648    10        0.08     43.56      0.02    0.1924E-02  0.3258E-02  0.6118E+00
