| *********************************************************************************************************
| **                                                                                                     **
| **           888888888888                                                                              **
| **         8888888888888888                                                                            **
| **      888888888888888888                                                                             **
| **     888888888888888888                                                                              **
| **    888888888888888                                                                                  **
| **   88888888888888888888                               88888                       8888:              **
| **   8888888888888888888888Z                            88888                       8888:              **
| **   888888888888888888888888?                          88888                       8888:              **
| **   8888888888888      8888888                                        888888       8888:              **
| **    88888888888         888888     8888:     88888    88888        888888888I     8888:    888888    **
| **    8888888888           88888:    8888:     88888    88888      $888888888888    8888:   888888     **
| **    I8Z 88888             88888    8888:     88888    88888    .888888     8888   8888: 888888       **
| **    .8Z 88888             88888    8888:     88888    88888    $88888             8888:88888         **
| **     8I 88888      .=88. .88888    8888:     88888    88888    88888              8888888888         **
| **    :8  88888      888888$8888$    8888:     88888    88888    8888O              88888888888        **
| **   ,7   +88888.     8888888888.    8888:     88888    88888    888888             88888O888888       **
| **         $888888:.   .8888888      88888....888888    88888     888888     8888   8888:  888888      **
| **          I8888888888888888888     888888888888888    88888     O888888888888O    8888:   888888     **
| **            O888888888888888888     88888888888888    88888       88888888888$    8888:    888888    **
| **               8888888Z     888      .8888I  88888    88888         8888888       8888:     888888   **
| **                                                                                                     **
| **                                                                                                     **
| **                                         Copyright (c) 2026                                          **
| **                          Regents of the University of California San Diego                          **
| **                                    & Michigan State University                                      **
| **                                        All Rights Reserved.                                         **
| **                                                                                                     **
| **             This software is subject to the terms of the Mozilla Public License, v. 2.0.            **
| **                                                                                                     **
| *********************************************************************************************************
|                                                                                                          
| Cite this work as:                                                                                       
| Manathunga, M.; O'Hearn, K. A.; Shajan, A.; Smith, J.; Miao, Y.; He, X.; Ayers, K.;                      
| Brothers, E.; Palos, E.; Tripathy, V.; Goetz, A.W.; Merz, K.M. QUICK-26.03.                              
| University of California,San Diego, CA and                                                               
| Michigan State University, East Lansing, MI, 2026                                                        
|                                                                                                          
| If you have any comments or queries, please reach out to us on GitHub issues or discussion sections:     
| https://github.com/merzlab/QUICK.                                                                        
|                                                                                                          
| TASK STARTS ON: Mon Sep 28 10:39:38 2026
| INPUT FILE :    morphine_grad_blyp_6-31+gdp.in
| OUTPUT FILE:    morphine_grad_blyp_6-31+gdp.out
| BASIS SET PATH: /home/msun26/QUICK-install-ffun/basis

|------------ GPU INFORMATION ---------------
| CUDA ENABLED DEVICE         :        1
| CUDA DEVICE IN USE          :        0
| CUDA DEVICE NAME            : NVIDIA GeForce RTX 5080
| CUDA DEVICE PM              :       84
| CUDA DEVICE CORE FREQ(GHZ)  :     2.73
| CUDA DEVICE MEMORY SIZE (MB):    15808
| SUPPORTING CUDA VERSION     :     12.0
|--------------------------------------------

 @ Read Job And Atom

  KEYWORD=BLYP BASIS=6-31+G** CUTOFF=1.0E-10 DENSERMS=1.0E-6 GRADIENT CUEST OVCUT=2.3E-7 CHK_READ_DEN SCF=1
 ============== JOB CARD =============
 METHOD = DENSITY FUNCTIONAL THEORY
 USING LIBXC VERSION: 4.3.4
 FUNCTIONAL INFORMATION:
 NAME = Becke 88 FAMILY = GGA KIND = EXCHANGE
 NAME = Lee, Yang & Parr FAMILY = GGA KIND = CORRELATION
 DIRECT SCF 
 SAD INITAL GUESS 
 USE DIIS SCF
 PRINT ENERGY EVERY CYCLE
 READ DENSITY MATRIX FROM DATA FILE
 READ SAD GUESS FROM FILE
 STANDARD GRID = SG1
 Level shifting allowed after cycle    3
 DIIS error must exceed 0.100 for level shifting
 Max HOMO-LUMO gap to allow level shifting = 0.200
 GRADIENT CALCULATION
 MAX SCF CYCLES =      1
 MAX DIIS CYCLES =   10
 DELTA DENSITY START CYCLE =    3
 COMPUTATIONAL CUTOFF: 
      TWO-e INTEGRAL         =  0.100E-09
      BASIS SET PRIME        =  0.100E-10
      MATRIX ELEMENTS        =  0.100E-09
      BASIS FUNCTION         =  0.100E-05
      NEAR-LINEAR DEPENDENCY =  0.230E-06
      GRADIENT CUTOFF  =  0.100E-06
 DENSITY MATRIX MAXIMUM RMS FOR CONVERGENCE  =  0.100E-05
 BASIS SET = 6-31+G**,  TYPE = CARTESIAN
| BASIS FILE = /home/msun26/QUICK-install-ffun/basis/6-31PLGDP.BAS
| DATA FILE  =    morphine_grad_blyp_6-31+gdp.dat

 @ Finish reading job


 @ Begin Reading Molecular Information


 =========== Molecule Input ==========
 TOTAL MOLECULAR CHARGE  =    0    MULTIPLICITY                =    1
 TOTAL ATOM NUMBER       =   40    NUMBER OF ATOM TYPES        =    4
 NUMBER OF HYDROGEN ATOM =   19    NUMBER OF NON-HYDROGEN ATOM =   21
 NUMBER OF ELECTRONS     =  152

 -- INPUT GEOMETRY -- :
    O          -1.9930      -0.4740       1.2005
    O          -2.7826      -2.5168      -0.2218
    O          -3.6220       1.8421       0.5579
    N           3.1777      -0.0101       0.4474
    C           0.3699      -0.7149       0.6616
    C           1.2913      -1.3046      -0.4170
    C           2.3441      -0.2023      -0.7640
    C          -0.9377      -1.4750       0.9848
    C           1.1988      -0.3907       1.9201
    C          -0.2516       0.5302       0.1205
    C           1.6887       1.1052      -1.3279
    C           2.4315       0.4754       1.6126
    C           0.3384       1.4306      -0.7480
    C          -1.3631      -2.5067      -0.0924
    C           0.5066      -1.8183      -1.5971
    C          -1.5672       0.6306       0.5136
    C          -0.7155      -2.3492      -1.4425
    C           4.3733       0.7916       0.2084
    C          -0.4184       2.5415      -1.1246
    C          -2.3310       1.7217       0.1620
    C          -1.7382       2.6936      -0.6541
    H           1.8278      -2.1759      -0.0118
    H           3.0029      -0.6035      -1.5465
    H          -0.8451      -2.0128       1.9373
    H           1.5366      -1.3335       2.3712
    H           0.5899       0.1174       2.6790
    H           1.5474       0.9596      -2.4075
    H           2.3530       1.9680      -1.2194
    H           2.1271       1.5205       1.4760
    H           3.0801       0.4584       2.4975
    H          -1.0772      -3.5067       0.2593
    H           0.9601      -1.7947      -2.5831
    H          -1.2300      -2.7505      -2.3109
    H           4.1500       1.8479       0.0287
    H           4.9380       0.4055      -0.6472
    H           5.0444       0.7352       1.0730
    H          -0.0062       3.2824      -1.8043
    H          -2.3121       3.5638      -0.9645
    H          -3.1557      -2.6446       0.6672
    H          -3.8483       1.0686       1.1031

============== BASIS INFOS ==============
 BASIS FUNCTIONS =  494
 NSHELL =  162 NPRIM  =  805
 JSHELL =  162 JBASIS =  347


 @ End Reading Molecular Information 


 @ Begin XC Quadrature Formation

 OCTAGO: OCTree Algorithm for Grid Operations 
   PRUNING CUTOFF       = 0.100E-07
   INITIAL GRID POINTS  =      151424
|   FINAL GRID POINTS    =       97388
|   SIGNIFICANT NUMBER OF BASIS FUNCTIONS     =      273487
|   SIGNIFICANT NUMBER OF PRIMITIVE FUNCTIONS =      291444

 @ End XC Quadrature Formation


 @ Begin Energy Calculation

| Number of total basis functions:    494
| Number of linearly independent basis functions:    493
| condition number of overlap matrix:    9.531E+07
| Smallest eigenvalue of overlap matrix:    2.230E-07

                                         SCF ENERGY
| ------------------------------------------------------------------------------------------------------------------------
| NCYC       ENERGY         DELTA_E      SCF_TIME  DII_CYC   DII_TIME   O_TIME  DIAG_TIME    MAX_ERR    RMS_CHG    MAX_CHG
| ------------------------------------------------------------------------------------------------------------------------
|  1   -939.103650362      ------         9.653     1        0.02      9.63      0.01    0.5634E-01  0.3849E+00  0.5592E+02
 RAN OUT OF CYCLES.  NO CONVERGENCE.
 PERFORM FINAL NO INTERPOLATION ITERATION
 ELECTRONIC ENERGY    =  -2768.410920843
 CORE_CORE REPULSION  =   1829.307270481
 TOTAL ENERGY         =   -939.103650362

 @ End Energy calculation


 @ Begin Gradient Calculation

 ANALYTICAL GRADIENT: 
----------------------------------------
 COORDINATE    XYZ            GRADIENT
----------------------------------------
    1X    -1.9930001522     0.0034963853
    1Y    -0.4740000362     0.0063212683
    1Z     1.2005000917    -0.0058769651
    2X    -2.7826002125     0.0136249567
    2Y    -2.5168001922     0.0023912433
    2Z    -0.2218000169     0.0105988347
    3X    -3.6220002766     0.0212129390
    3Y     1.8421001407    -0.0070969866
    3Z     0.5579000426    -0.0040537878
    4X     3.1777002427    -0.0066243724
    4Y    -0.0101000008     0.0142188142
    4Z     0.4474000342     0.0008444693
    5X     0.3699000282     0.0062275147
    5Y    -0.7149000546     0.0038686034
    5Z     0.6616000505    -0.0199112855
    6X     1.2913000986     0.0027864227
    6Y    -1.3046000996    -0.0023968206
    6Z    -0.4170000318     0.0171444402
    7X     2.3441001790    -0.0079315729
    7Y    -0.2023000154    -0.0094473215
    7Z    -0.7640000583    -0.0303066593
    8X    -0.9377000716    -0.0033566172
    8Y    -1.4750001126     0.0013954471
    8Z     0.9848000752    -0.0112754640
    9X     1.1988000915    -0.0035618127
    9Y    -0.3907000298     0.0027566373
    9Z     1.9201001466    -0.0056016953
   10X    -0.2516000192    -0.0255672572
   10Y     0.5302000405     0.0179119313
   10Z     0.1205000092     0.0031622009
   11X     1.6887001290    -0.0103781865
   11Y     1.1052000844    -0.0125070466
   11Z    -1.3279001014     0.0147925033
   12X     2.4315001857     0.0102889763
   12Y     0.4754000363    -0.0028109414
   12Z     1.6126001231     0.0074873217
   13X     0.3384000258    -0.0180907185
   13Y     1.4306001092     0.0090214334
   13Z    -0.7480000571    -0.0058899134
   14X    -1.3631001041     0.0154873072
   14Y    -2.5067001914     0.0157303026
   14Z    -0.0924000071    -0.0029490258
   15X     0.5066000387    -0.0133995753
   15Y    -1.8183001389     0.0032181667
   15Z    -1.5971001220     0.0008232780
   16X    -1.5672001197     0.0036148731
   16Y     0.6306000482     0.0113662934
   16Z     0.5136000392    -0.0022470075
   17X    -0.7155000546     0.0187090374
   17Y    -2.3492001794    -0.0008810723
   17Z    -1.4425001102     0.0152719517
   18X     4.3733003340    -0.0009642633
   18Y     0.7916000604    -0.0078909548
   18Z     0.2084000159    -0.0056335755
   19X    -0.4184000320     0.0120618267
   19Y     2.5415001941    -0.0216341292
   19Z    -1.1246000859     0.0118363685
   20X    -2.3310001780     0.0200558258
   20Y     1.7217001315     0.0004883579
   20Z     0.1620000124    -0.0127259852
   21X    -1.7382001327    -0.0044989591
   21Y     2.6936002057    -0.0204921974
   21Z    -0.6541000499     0.0125020867
   22X     1.8278001396    -0.0061355606
   22Y    -2.1759001662    -0.0004058563
   22Z    -0.0118000009    -0.0038235085
   23X     3.0029002293    -0.0030487868
   23Y    -0.6035000461     0.0016070408
   23Z    -1.5465001181     0.0012460254
   24X    -0.8451000645     0.0002100527
   24Y    -2.0128001537     0.0013049299
   24Z     1.9373001479    -0.0032134083
   25X     1.5366001173    -0.0031029235
   25Y    -1.3335001018     0.0030106124
   25Z     2.3712001811     0.0000320151
   26X     0.5899000450     0.0044331686
   26Y     0.1174000090    -0.0026675627
   26Z     2.6790002046     0.0003885931
   27X     1.5474001182     0.0009004266
   27Y     0.9596000733    -0.0019537719
   27Z    -2.4075001838     0.0014506895
   28X     2.3530001797    -0.0094408218
   28Y     1.9680001503     0.0021440191
   28Z    -1.2194000931     0.0065775074
   29X     2.1271001624     0.0009134321
   29Y     1.5205001161    -0.0122395998
   29Z     1.4760001127    -0.0046614531
   30X     3.0801002352    -0.0147836953
   30Y     0.4584000350     0.0068775251
   30Z     2.4975001907     0.0000234211
   31X    -1.0772000823    -0.0088736150
   31Y    -3.5067002678     0.0059803483
   31Z     0.2593000198    -0.0071557986
   32X     0.9601000733    -0.0045219062
   32Y    -1.7947001371     0.0008833810
   32Z    -2.5831001973     0.0064035322
   33X    -1.2300000939     0.0025199592
   33Y    -2.7505002100     0.0010620797
   33Z    -2.3109001765    -0.0006214655
   34X     4.1500003169    -0.0058078692
   34Y     1.8479001411     0.0022193522
   34Z     0.0287000022     0.0034858896
   35X     4.9380003771     0.0025671877
   35Y     0.4055000310    -0.0005932349
   35Z    -0.6472000494     0.0018745363
   36X     5.0444003852     0.0111847046
   36Y     0.7352000561     0.0005899700
   36Z     1.0730000819     0.0011712575
   37X    -0.0062000005    -0.0011184706
   37Y     3.2824002507    -0.0064948763
   37Z    -1.8043001378     0.0048244020
   38X    -2.3121001766     0.0046641094
   38Y     3.5638002721    -0.0028088266
   38Z    -0.9645000737    -0.0000299483
   39X    -3.1557002410    -0.0016139884
   39Y    -2.6446002020    -0.0013287539
   39Z     0.6672000509     0.0018360310
   40X    -3.8483002939    -0.0021381332
   40Y     1.0686000816    -0.0007178045
   40Z     1.1031000842     0.0021995914
----------------------------------------

 @ End Gradient Calculation

  Skipping one-electron property calculation.

 @ Output Timing Information

------------- TIMING ---------------
| INITIAL GUESS TIME  =     0.889374000(  2.75%)
| DFT GRID OPERATIONS =     0.160915000(  0.50%)
| TOTAL SCF TIME      =     9.697822000( 30.03%)
|       TOTAL OP TIME      =     9.675709000( 29.96%)
|             TOTAL 1e TIME      =     0.044860000(  0.14%)
|             TOTAL 2e TIME      =     1.586544000(  4.91%)
|             TOTAL EXC TIME     =     7.997894000( 24.77%)
|       TOTAL DII TIME      =     0.021812000(  0.07%)
|             TOTAL DIAG TIME    =     0.011074000(  0.03%)
| TOTAL GRADIENT TIME      =    21.347609000( 66.11%)
|       TOTAL 1e GRADIENT TIME      =     0.385719000( 1.23%)
|       TOTAL 2e GRADIENT TIME      =    11.523911000(35.69%)
|       TOTAL EXC GRADIENT TIME     =     9.427543000( 29.19%)
| TOTAL TIME          =    32.292170000
------------------------------------
| Job cpu time:  0 days  0 hours  0 minutes 32.3 seconds.

 @ Finish Output Timing Information

| Normal Termination. Task Finished on: Mon Sep 28 10:40:10 2026
