| *********************************************************************************************************
| **                                                                                                     **
| **           888888888888                                                                              **
| **         8888888888888888                                                                            **
| **      888888888888888888                                                                             **
| **     888888888888888888                                                                              **
| **    888888888888888                                                                                  **
| **   88888888888888888888                               88888                       8888:              **
| **   8888888888888888888888Z                            88888                       8888:              **
| **   888888888888888888888888?                          88888                       8888:              **
| **   8888888888888      8888888                                        888888       8888:              **
| **    88888888888         888888     8888:     88888    88888        888888888I     8888:    888888    **
| **    8888888888           88888:    8888:     88888    88888      $888888888888    8888:   888888     **
| **    I8Z 88888             88888    8888:     88888    88888    .888888     8888   8888: 888888       **
| **    .8Z 88888             88888    8888:     88888    88888    $88888             8888:88888         **
| **     8I 88888      .=88. .88888    8888:     88888    88888    88888              8888888888         **
| **    :8  88888      888888$8888$    8888:     88888    88888    8888O              88888888888        **
| **   ,7   +88888.     8888888888.    8888:     88888    88888    888888             88888O888888       **
| **         $888888:.   .8888888      88888....888888    88888     888888     8888   8888:  888888      **
| **          I8888888888888888888     888888888888888    88888     O888888888888O    8888:   888888     **
| **            O888888888888888888     88888888888888    88888       88888888888$    8888:    888888    **
| **               8888888Z     888      .8888I  88888    88888         8888888       8888:     888888   **
| **                                                                                                     **
| **                                                                                                     **
| **                                         Copyright (c) 2026                                          **
| **                          Regents of the University of California San Diego                          **
| **                                    & Michigan State University                                      **
| **                                        All Rights Reserved.                                         **
| **                                                                                                     **
| **             This software is subject to the terms of the Mozilla Public License, v. 2.0.            **
| **                                                                                                     **
| *********************************************************************************************************
|                                                                                                          
| Cite this work as:                                                                                       
| Manathunga, M.; O'Hearn, K. A.; Shajan, A.; Smith, J.; Miao, Y.; He, X.; Ayers, K.;                      
| Brothers, E.; Palos, E.; Tripathy, V.; Goetz, A.W.; Merz, K.M. QUICK-26.03.                              
| University of California,San Diego, CA and                                                               
| Michigan State University, East Lansing, MI, 2026                                                        
|                                                                                                          
| If you have any comments or queries, please reach out to us on GitHub issues or discussion sections:     
| https://github.com/merzlab/QUICK.                                                                        
|                                                                                                          
| TASK STARTS ON: Mon Sep 28 15:22:11 2026
| INPUT FILE :    taxol_grad_blyp_6-31+gdp.in
| OUTPUT FILE:    taxol_grad_blyp_6-31+gdp.out
| BASIS SET PATH: /home/msun26/QUICK-install-ffun/basis

|------------ GPU INFORMATION ---------------
| CUDA ENABLED DEVICE         :        1
| CUDA DEVICE IN USE          :        0
| CUDA DEVICE NAME            : NVIDIA GeForce RTX 5080
| CUDA DEVICE PM              :       84
| CUDA DEVICE CORE FREQ(GHZ)  :     2.73
| CUDA DEVICE MEMORY SIZE (MB):    15808
| SUPPORTING CUDA VERSION     :     12.0
|--------------------------------------------

 @ Read Job And Atom

  KEYWORD=BLYP BASIS=6-31+G** CUTOFF=1.0E-10 DENSERMS=1.0E-6 GRADIENT CUEST OVCUT=1.0E-7 CHK_READ_DEN SCF=1
 ============== JOB CARD =============
 METHOD = DENSITY FUNCTIONAL THEORY
 USING LIBXC VERSION: 4.3.4
 FUNCTIONAL INFORMATION:
 NAME = Becke 88 FAMILY = GGA KIND = EXCHANGE
 NAME = Lee, Yang & Parr FAMILY = GGA KIND = CORRELATION
 DIRECT SCF 
 SAD INITAL GUESS 
 USE DIIS SCF
 PRINT ENERGY EVERY CYCLE
 READ DENSITY MATRIX FROM DATA FILE
 READ SAD GUESS FROM FILE
 STANDARD GRID = SG1
 Level shifting allowed after cycle    3
 DIIS error must exceed 0.100 for level shifting
 Max HOMO-LUMO gap to allow level shifting = 0.200
 GRADIENT CALCULATION
 MAX SCF CYCLES =      1
 MAX DIIS CYCLES =   10
 DELTA DENSITY START CYCLE =    3
 COMPUTATIONAL CUTOFF: 
      TWO-e INTEGRAL         =  0.100E-09
      BASIS SET PRIME        =  0.100E-10
      MATRIX ELEMENTS        =  0.100E-09
      BASIS FUNCTION         =  0.100E-05
      NEAR-LINEAR DEPENDENCY =  0.100E-06
      GRADIENT CUTOFF  =  0.100E-06
 DENSITY MATRIX MAXIMUM RMS FOR CONVERGENCE  =  0.100E-05
 BASIS SET = 6-31+G**,  TYPE = CARTESIAN
| BASIS FILE = /home/msun26/QUICK-install-ffun/basis/6-31PLGDP.BAS
| DATA FILE  =    taxol_grad_blyp_6-31+gdp.dat

 @ Finish reading job


 @ Begin Reading Molecular Information


 =========== Molecule Input ==========
 TOTAL MOLECULAR CHARGE  =    0    MULTIPLICITY                =    1
 TOTAL ATOM NUMBER       =  110    NUMBER OF ATOM TYPES        =    4
 NUMBER OF HYDROGEN ATOM =   49    NUMBER OF NON-HYDROGEN ATOM =   61
 NUMBER OF ELECTRONS     =  446

 -- INPUT GEOMETRY -- :
    C          -6.3961       1.6376      -1.0167
    C          -5.5976       1.9480       0.3157
    C          -4.1358       1.3889       0.3062
    C          -4.0900      -0.2069       0.0760
    C          -5.3005      -0.5560      -0.7831
    C          -5.6408       0.5560      -1.7454
    C          -2.8203      -0.7723      -0.5951
    C          -3.4405       1.9810       1.5955
    C          -1.5723      -0.0770      -0.1719
    O          -2.6953      -2.1590      -0.1698
    O          -1.8693       1.2309      -0.7751
    C          -1.3334      -0.1176       1.4102
    C          -0.8881       1.2875       1.4845
    C           0.3196       1.5771       0.9641
    O          -4.0361       2.4498       2.5048
    O          -1.9505       2.1871       1.7492
    C          -0.2199      -0.3744      -0.8072
    C           0.8361       0.5393      -0.0882
    O          -6.3706      -0.7461       0.1815
    C          -7.5080      -1.5313       0.1764
    O          -7.7343      -2.1872       1.1532
    C          -8.4523      -1.4158      -0.9939
    C          -5.4161      -1.5091      -2.0070
    O          -6.2193      -0.4454      -2.6903
    O          -5.4268       3.3774       0.3776
    O          -1.6122       4.1801       0.0344
    C          -0.7941       5.2258       0.2991
    O          -0.3049       5.8646      -0.5895
    C          -0.5432       5.4737       1.7764
    C           1.2299       2.7853       1.0315
    O           1.9361      -0.3334       0.3600
    C           3.1924       0.0393       0.0732
    O           3.4565       1.0474      -0.5230
    C           4.1742      -1.0075       0.5409
    C           5.5923      -0.5508       0.2305
    C           6.6535      -1.6277       0.4268
    C           6.3531      -2.9590       0.6578
    C           7.3484      -3.9223       0.5946
    C           8.6553      -3.5578       0.3263
    C           8.9721      -2.2174       0.1751
    C           7.9781      -1.2615       0.2323
    O           4.0118      -1.2781       1.9326
    N           5.9708       0.6810       0.8873
    C           6.1083       1.9571       0.3956
    O           6.3193       2.8804       1.1683
    C           5.8856       2.2295      -1.0684
    C           6.1183       1.3531      -2.1154
    C           5.5666       1.5986      -3.3628
    C           4.8505       2.7661      -3.5881
    C           4.7601       3.7103      -2.5860
    C           5.2758       3.4420      -1.3327
    C          -2.1367      -3.0476      -1.0301
    O          -2.1452      -2.8534      -2.2329
    C          -1.5034      -4.2030      -0.3691
    C          -1.4396      -4.3267       1.0054
    C          -0.7639      -5.3990       1.5627
    C          -0.1729      -6.3469       0.7428
    C          -0.2556      -6.2275      -0.6353
    C          -0.9156      -5.1510      -1.1911
    C          -0.2097      -1.1547       1.8364
    C          -2.4301      -0.4562       2.4708
    H          -3.6492       1.8683      -0.5156
    H          -4.2442      -0.7298       0.9946
    H          -6.1319       1.5762       1.1739
    H          -6.4278       2.5627      -1.5682
    H          -7.3896       1.3053      -0.7745
    H          -4.7466       0.9454      -2.2120
    H          -2.8856      -0.7190      -1.6683
    H          -1.1756       1.8958      -0.6851
    H          -1.8482       3.6442       0.8092
    H          -0.3040      -0.0417      -1.8339
    H           0.0915      -1.3953      -0.8029
    H           1.2665       1.1760      -0.8368
    H          -7.9448      -1.4088      -1.9397
    H          -8.9861      -0.4737      -0.9254
    H          -9.1715      -2.2206      -0.9250
    H          -5.9697      -2.4207      -1.8715
    H          -4.4957      -1.6916      -2.5342
    H          -6.1859       3.7990       0.8058
    H          -0.4047       4.5303       2.2919
    H          -1.4092       5.9590       2.2202
    H           0.3171       6.0932       1.8872
    H           1.4833       3.0343       2.0569
    H           0.8689       3.6688       0.5366
    H           2.1685       2.5342       0.5368
    H           3.9670      -1.8925      -0.0573
    H           5.5542      -0.3517      -0.8218
    H           5.3545      -3.2557       0.9039
    H           7.0989      -4.9514       0.7469
    H           9.4172      -4.3037       0.2408
    H           9.9857      -1.9178       0.0023
    H           8.2255      -0.2253       0.1253
    H           3.1299      -1.6338       2.1084
    H           6.0936       0.6251       1.8860
    H           6.7084       0.4705      -1.9833
    H           5.6744       0.8728      -4.1413
    H           4.3798       2.9274      -4.5336
    H           4.2564       4.6442      -2.7661
    H           5.1747       4.1495      -0.5327
    H          -1.9016      -3.5962       1.6316
    H          -0.6960      -5.4955       2.6284
    H           0.3482      -7.1761       1.1766
    H           0.1935      -6.9648      -1.2689
    H          -0.9826      -5.0259      -2.2518
    H           0.6895      -0.6503       2.1318
    H           0.0409      -1.8507       1.0571
    H          -0.5497      -1.7388       2.6731
    H          -2.6865      -1.5071       2.3903
    H          -3.3390       0.1001       2.4689
    H          -1.9770      -0.2959       3.4410

============== BASIS INFOS ==============
 BASIS FUNCTIONS = 1404
 NSHELL =  452 NPRIM  = 2295
 JSHELL =  452 JBASIS =  977


 @ End Reading Molecular Information 


 @ Begin XC Quadrature Formation

 OCTAGO: OCTree Algorithm for Grid Operations 
   PRUNING CUTOFF       = 0.100E-07
   INITIAL GRID POINTS  =      416624
|   FINAL GRID POINTS    =      265461
|   SIGNIFICANT NUMBER OF BASIS FUNCTIONS     =     1060646
|   SIGNIFICANT NUMBER OF PRIMITIVE FUNCTIONS =     1110561

 @ End XC Quadrature Formation


 @ Begin Energy Calculation

| Number of total basis functions:   1404
| Number of linearly independent basis functions:   1403
| condition number of overlap matrix:    4.851E+08
| Smallest eigenvalue of overlap matrix:    4.639E-08

                                         SCF ENERGY
| ------------------------------------------------------------------------------------------------------------------------
| NCYC       ENERGY         DELTA_E      SCF_TIME  DII_CYC   DII_TIME   O_TIME  DIAG_TIME    MAX_ERR    RMS_CHG    MAX_CHG
| ------------------------------------------------------------------------------------------------------------------------
|  1  -2925.732872379      ------        58.517     1        0.16     58.35      0.05    0.7568E-01  0.1232E+04  0.4738E+06
 RAN OUT OF CYCLES.  NO CONVERGENCE.
 PERFORM FINAL NO INTERPOLATION ITERATION
 ELECTRONIC ENERGY    = -12592.802747702
 CORE_CORE REPULSION  =   9667.069875324
 TOTAL ENERGY         =  -2925.732872379

 @ End Energy calculation


 @ Begin Gradient Calculation

 ANALYTICAL GRADIENT: 
----------------------------------------
 COORDINATE    XYZ            GRADIENT
----------------------------------------
    1X    -6.3960620484   -27.7889380757
    1Y     1.6375501950     9.9779653457
    1Z    -1.0167391376    -4.5551458291
    2X    -5.5976016175     0.6942443285
    2Y     1.9479657588    -0.1196014239
    2Z     0.3156763941    -0.0631096435
    3X    -4.1358426958    -8.6705129117
    3Y     1.3888886961     4.8223385813
    3Z     0.3061559434     0.2257306628
    4X    -4.0900119523     4.0565348665
    4Y    -0.2069339958     0.4669188576
    4Z     0.0759908158     0.6938345596
    5X    -5.3005248048   -30.6458357814
    5Y    -0.5559696325     6.4272530389
    5Z    -0.7831189998    -1.9647000394
    6X    -5.6408357108    -8.6726477205
    6Y     0.5560152125     5.9861575976
    6Z    -1.7454175833    -2.5572250154
    7X    -2.8203121254    -4.0882943162
    7Y    -0.7723427990     0.2097512338
    7Z    -0.5951161554    -0.8833433429
    8X    -3.4405170127     3.8176583793
    8Y     1.9809802613    -2.2534132593
    8Z     1.5954933618    -0.3129698245
    9X    -1.5722955801    -7.7865897347
    9Y    -0.0769638959     6.5072158615
    9Z    -0.1719253231     1.8061068895
   10X    -2.6953277358     0.2494276057
   10Y    -2.1590275449    -0.1029114615
   10Z    -0.1697708530     0.0844273104
   11X    -1.8693494728    -3.2231760807
   11Y     1.2308627640     1.4538266520
   11Z    -0.7751224092    -0.4653147468
   12X    -1.3334065318    -0.4905312550
   12Y    -0.1176307990    -2.9076990779
   12Z     1.4101577377    -1.4297199804
   13X    -0.8881045478   -17.6030733137
   13Y     1.2874585683     2.1451391313
   13Z     1.4845317434     7.4911910498
   14X     0.3196037144     8.2387583631
   14Y     1.5770568504    15.0955381075
   14Z     0.9640606036    -7.1376020093
   15X    -4.0360630582    -3.1699236186
   15Y     2.4497905671     1.3720448584
   15Z     2.5047991213     0.6707603294
   16X    -1.9504981989    -1.5472006654
   16Y     2.1870801370     0.9532265237
   16Z     1.7492358836     0.1492895410
   17X    -0.2198636968     0.6042886349
   17Y    -0.3744037186    -0.3367388218
   17Z    -0.8072270516    -1.2176408757
   18X     0.8361322639   -10.8104967876
   18Y     0.5392960612   -24.5883635204
   18Z    -0.0882305667    20.7467553579
   19X    -6.3705655165    -2.3211596896
   19Y    -0.7461437470     0.1902413604
   19Z     0.1814962939     0.0808693836
   20X    -7.5079891033    -2.4966811935
   20Y    -1.5312545569     0.4267424218
   20Z     0.1764442435    -0.2006644043
   21X    -7.7343174206     0.0030530794
   21Y    -2.1872431170     0.0212567712
   21Z     1.1532460581    -0.0358348151
   22X    -8.4523256355     0.0641716907
   22Y    -1.4157501381     0.0317228633
   22Z    -0.9939260359    -0.0492059903
   23X    -5.4161060936     0.0467189207
   23Y    -1.5091024852    -0.1085419657
   23Z    -2.0070004333     0.0156231214
   24X    -6.2192576349     1.2139734888
   24Y    -0.4454467640    -0.0438778394
   24Z    -2.6902952054     0.1009755081
   25X    -5.4267630344    -2.2469470538
   25Y     3.3774439679     0.9523664971
   25Z     0.3776243788    -0.0084793133
   26X    -1.6122442331    -3.9856618941
   26Y     4.1801173692     4.3023143338
   26Z     0.0343779426    -0.2998305888
   27X    -0.7940924306    -0.1556750400
   27Y     5.2257743591     0.2635727940
   27Z     0.2990567328     0.0016078131
   28X    -0.3048947533    -0.7705788854
   28Y     5.8645770378     2.0295672242
   28Z    -0.5895333050    -0.3012053481
   29X    -0.5432142115     0.1157260379
   29Y     5.4736988580    -0.2057048180
   29Z     1.7763875257    -0.0809347809
   30X     1.2298581039    -3.7817090293
   30Y     2.7852910627    -0.6124089886
   30Z     1.0315035488     2.7527986102
   31X     1.9361231978     1.4084990276
   31Y    -0.3334212455    -0.9400262483
   31Z     0.3599506875     0.2016415422
   32X     3.1923973838   **************
   32Y     0.0392867930   **************
   32Z     0.0732008056   **************
   33X     3.4564615139    -0.7845662724
   33Y     1.0474090400    -2.0713520961
   33Z    -0.5229789999     0.5548853254
   34X     4.1741653088   **************
   34Y    -1.0074733869   **************
   34Z     0.5409361113   **************
   35X     5.5923107171   **************
   35Y    -0.5507792521   **************
   35Z     0.2305424976   **************
   36X     6.6535037881   **************
   36Y    -1.6276655543   **************
   36Z     0.4267850326   **************
   37X     6.3531150051   **************
   37Y    -2.9590429360   **************
   37Z     0.6578478902   **************
   38X     7.3484382612   **************
   38Y    -3.9223477295   **************
   38Z     0.5946433254   **************
   39X     8.6553271210   **************
   39Y    -3.5577624717   **************
   39Z     0.3262773549   **************
   40X     8.9721243751   **************
   40Y    -2.2174055893   **************
   40Z     0.1751067634   **************
   41X     7.9780886392   **************
   41Y    -1.2615409463   **************
   41Z     0.2323472177   **************
   42X     4.0117557664     0.0123469557
   42Y    -1.2781154276    -0.0332321746
   42Z     1.9325733176    -0.0057359623
   43X     5.9708271360     1.1658886337
   43Y     0.6810003920    -5.8436689826
   43Z     0.8873416378    -5.3549506241
   44X     6.1083015365    -9.0320124578
   44Y     1.9571430895    14.6866823199
   44Z     0.3956142302   -27.4903019118
   45X     6.3193162726    -0.0160931076
   45Y     2.8803622800     0.1613659520
   45Z     1.1682892292     0.1913581857
   46X     5.8856240794    -3.5480002753
   46Y     2.2294773203   -25.9385219153
   46Z    -1.0684369316    22.4559553994
   47X     6.1182760772    -0.6589958397
   47Y     1.3530946933     0.1718751632
   47Z    -2.1154263515    -0.2423112633
   48X     5.5666096951     0.2450739130
   48Y     1.5985928121    -0.1923363091
   48Z    -3.3627524368    -0.2178571188
   49X     4.8504996604    -0.0158809473
   49Y     2.7660993212     0.0574404143
   49Z    -3.5880647940    -0.0335476663
   50X     4.7600527335    -0.1035518251
   50Y     3.7102514633     0.1659877671
   50Z    -2.5859740575     0.0726519433
   51X     5.2758312329     0.5350916100
   51Y     3.4419996328     1.2327845536
   51Z    -1.3326645918     0.5645834720
   52X    -2.1366951232    -0.1806193018
   52Y    -3.0476308227    -0.0009644175
   52Z    -1.0300506687     0.1064868008
   53X    -2.1451656838    -0.3973716455
   53Y    -2.8533799779    -0.3305656472
   53Z    -2.2328872205    -0.1115552791
   54X    -1.5033715748    -0.0524192468
   54Y    -4.2030090710     0.3337020069
   54Z    -0.3691075382     0.0313390238
   55X    -1.4395727999     0.2308020647
   55Y    -4.3266984404     0.1182139823
   55Z     1.0054186368    -0.1398604345
   56X    -0.7638830383     0.0407589510
   56Y    -5.3989755623    -0.0137654301
   56Z     1.5627243193    -0.0036998712
   57X    -0.1728504332    -0.1300625113
   57Y    -6.3468611347    -0.0217995188
   57Z     0.7427716867     0.0016466472
   58X    -0.2555829795    -0.0040183034
   58Y    -6.2275391756    -0.0140729463
   58Z    -0.6353203685     0.0275675103
   59X    -0.9155594699     0.4060222700
   59Y    -5.1509647533    -0.0051151895
   59Z    -1.1911104510     0.1162702549
   60X    -0.2097392960     0.0341452326
   60Y    -1.1547475382    -0.3019839678
   60Z     1.8364341802     0.0529538463
   61X    -2.4300503956    -0.5277123234
   61Y    -0.4562313148    -0.4213361691
   61Z     2.4707643087     0.7561918060
   62X    -3.6491745187     0.7386363881
   62Y     1.8683153927    -0.3541798589
   62Z    -0.5155830594     0.1045215281
   63X    -4.2442042941     0.0041111635
   63Y    -0.7298029557     0.0042511570
   63Z     0.9946071660    -0.0163526455
   64X    -6.1319130983     0.0063208205
   64Y     1.5761652304     0.0057829756
   64Z     1.1739417496    -0.0081618666
   65X    -6.4278100209     0.1390631322
   65Y     2.5627464257    -0.0522334302
   65Z    -1.5682089798     0.0345899892
   66X    -7.3896389443     0.0405270775
   66Y     1.3053382297    -0.0015079676
   66Z    -0.7744957191    -0.0008851517
   67X    -4.7465709525    -0.0174517053
   67Y     0.9454138022    -0.0132711175
   67Z    -2.2120482489     0.0062216950
   68X    -2.8855556304     1.2300698832
   68Y    -0.7190312849    -0.1171959724
   68Z    -1.6682582674     0.2865919910
   69X    -1.1756472598    -0.6177356445
   69Y     1.8958447948     0.4509149782
   69Z    -0.6850815723    -0.0897760046
   70X    -1.8481633811     0.6943141059
   70Y     3.6442038083    -0.3904783662
   70Z     0.8091516318    -0.0590717066
   71X    -0.3040223032    -0.1711700620
   71Y    -0.0416779132     0.0881105798
   71Z    -1.8339006500    -0.0525508639
   72X     0.0915191370    -0.0092732721
   72Y    -1.3952922665     0.0158082531
   72Z    -0.8028716213    -0.0017173708
   73X     1.2665208967    -0.0261582046
   73Y     1.1759764098     0.0411140790
   73Z    -0.8367613039    -0.0095108674
   74X    -7.9447757667    -0.0703104752
   74Y    -1.4087837076    -0.0089415623
   74Z    -1.9396808281     0.0008236729
   75X    -8.9860731662     0.0049970819
   75Y    -0.4736978662    -0.0116287547
   75Z    -0.9254125307    -0.0018260151
   76X    -9.1714810604     0.0075429382
   76Y    -2.2205725696     0.0096386611
   76Z    -0.9250167206    -0.0007715086
   77X    -5.9696663559     0.0048699665
   77Y    -2.4206610149     0.0171893434
   77Z    -1.8715271229    -0.0081870136
   78X    -4.4956991333     1.7951403541
   78Y    -1.6916168492     0.0032471538
   78Z    -2.5341524535     0.5101548375
   79X    -6.1859311524     0.2677838048
   79Y     3.7990295001    -0.1177684303
   79Z     0.8057985915    -0.0104038665
   80X    -0.4047348909    -0.1910362843
   80Y     4.5302822759     0.1904606149
   80Z     2.2918681450     0.0644778400
   81X    -1.4092254776    -0.1485911932
   81Y     5.9590269651     0.1451772715
   81Z     2.2201989695     0.0356429773
   82X     0.3171041142    -0.1258348578
   82Y     6.0931668053     0.1635869223
   82Z     1.8871610341     0.0272366620
   83X     1.4832825233    -0.1577249555
   83Y     3.0343297417     0.1829966532
   83Z     2.0569032671     0.0892439998
   84X     0.8689347864     0.0542931009
   84Y     3.6687759202    -0.1094212216
   84Z     0.5365847410     0.0073114511
   85X     2.1684890256    -0.0241635109
   85Y     2.5341565935     0.0394025014
   85Z     0.5367745110    -0.0031668947
   86X     3.9669616429    -0.0153671480
   86Y    -1.8924970245     0.1357904520
   86Z    -0.0572581044     0.0526798543
   87X     5.5541776341     0.0403527285
   87Y    -0.3516751969     0.0086631980
   87Z    -0.8217997928     0.0220355493
   88X     5.3544978589     0.0615962205
   88Y    -3.2557102186     0.1028987880
   88Z     0.9038848590    -0.0460684578
   89X     7.0989144921    -0.3779472989
   89Y    -4.9513961981     8.0797638869
   89Z     0.7469288470    -2.1071563905
   90X     9.4171946391    -0.0911236371
   90Y    -4.3036937586     0.0607892966
   90Z     0.2407856384     0.0152239131
   91X     9.9857451625     0.0053235668
   91Y    -1.9177654664    -0.0045852093
   91Z     0.0023467702     0.0009660987
   92X     8.2254739781     0.0115065521
   92Y    -0.2253064972     0.0220536052
   92Z     0.1253413196    -0.0020997504
   93X     3.1299497190    -0.0069888990
   93Y    -1.6337869448     0.0006059187
   93Z     2.1083780410     0.0118490666
   94X     6.0936142953     0.0661770847
   94Y     0.6250744177     0.0172838361
   94Z     1.8859549340     0.0857655128
   95X     6.7084385023    -0.0623858603
   95Y     0.4705180859    -0.0237578123
   95Z    -1.9833353715     0.0179882268
   96X     5.6743955033     0.3539762825
   96Y     0.8727860166     0.0514448657
   96Z    -4.1412753062    -0.2044026413
   97X     4.3798459545     0.0120542504
   97Y     2.9274162635     0.0035417618
   97Z    -4.5335959262    -0.0032789961
   98X     4.2563846850     0.0002914186
   98Y     4.6442142246     0.0532516586
   98Z    -2.7660689312    -0.0133971236
   99X     5.1747309752     0.0475185143
   99Y     4.1495329469     0.0538150217
   99Z    -0.5327311807     0.0630995413
  100X    -1.9015966152     0.1952754192
  100Y    -3.5961884646    -0.0010795240
  100Z     1.6316251146    -0.0350194727
  101X    -0.6959961231     0.0494907699
  101Y    -5.4955301297     0.1546442388
  101Z     2.6284273507    -0.0706817002
  102X     0.3482320666     0.0305827952
  102Y    -7.1761497180     0.0686004416
  102Z     1.1766068899    -0.0230355696
  103X     0.1934856248    -0.0055218053
  103Y    -6.9647955319     0.0141829577
  103Z    -1.2689412269     0.0134650544
  104X    -0.9826070850     0.0003687539
  104Y    -5.0258756638     0.0000496810
  104Z    -2.2518210920     0.0221093529
  105X     0.6895305627     0.1014986161
  105Y    -0.6503325997    -0.0584861549
  105Z     2.1318040128    -0.0412617116
  106X     0.0408559131     0.0018342052
  106Y    -1.8507204713    -0.0232477544
  106Z     1.0570934807     0.0083371928
  107X    -0.5497152620     0.0071587042
  107Y    -1.7387967528     0.0045188068
  107Z     2.6730564641    -0.0089261119
  108X    -2.6864695851     0.2726538765
  108Y    -1.5071205751     0.0162320211
  108Z     2.3903168925    -0.0581286029
  109X    -3.3390145450    10.7963469203
  109Y     0.1000510676    -3.9278546454
  109Z     2.4688671085    -1.9519955274
  110X    -1.9770021010     0.2748060470
  110Y    -0.2959025626    -0.0982767874
  110Z     3.4410103628    -0.0900951371
----------------------------------------

 @ End Gradient Calculation

  Skipping one-electron property calculation.

 @ Output Timing Information

------------- TIMING ---------------
| INITIAL GUESS TIME  =     2.401939000(  0.90%)
| DFT GRID OPERATIONS =     1.215280000(  0.46%)
| TOTAL SCF TIME      =    58.776387000( 22.04%)
|       TOTAL OP TIME      =    58.610293000( 21.98%)
|             TOTAL 1e TIME      =     0.259537000(  0.10%)
|             TOTAL 2e TIME      =    25.903056000(  9.71%)
|             TOTAL EXC TIME     =    32.176837000( 12.07%)
|       TOTAL DII TIME      =     0.163180000(  0.06%)
|             TOTAL DIAG TIME    =     0.051923000(  0.02%)
| TOTAL GRADIENT TIME      =   204.013354000( 76.51%)
|       TOTAL 1e GRADIENT TIME      =     2.079299000( 0.84%)
|       TOTAL 2e GRADIENT TIME      =   163.757910000(61.41%)
|       TOTAL EXC GRADIENT TIME     =    38.024946000( 14.26%)
| TOTAL TIME          =   266.661151000
------------------------------------
| Job cpu time:  0 days  0 hours  4 minutes 26.7 seconds.

 @ Finish Output Timing Information

| Normal Termination. Task Finished on: Mon Sep 28 15:26:37 2026
