
======== FILE: ./morphine/morphine-1/morphine_6-31G.out ========
| 12   -939.338882224  0.240140E-05       0.232     2        0.01      0.22      0.01    0.2528E-03  0.1667E-04  0.3200E-03
| 13   -939.338882902  0.678175E-06       0.237     3        0.01      0.23      0.01    0.1201E-03  0.5567E-05  0.1076E-03
| 14   -939.338883033  0.130779E-06       0.232     4        0.01      0.22      0.01    0.3294E-04  0.1612E-05  0.5148E-04
| 15   -939.338883044  0.111404E-07       0.241     5        0.01      0.23      0.01    0.8684E-05  0.6407E-06  0.1012E-04
| ------------------------------------------------------------------------------------------------------------------------
| REACH CONVERGENCE AFTER  15 CYCLES
| MAX ERROR = 0.868400E-05   RMS CHANGE = 0.640662E-06   MAX CHANGE = 0.101228E-04
| -----------------------------------------------
 ALPHA ELECTRON DENSITY    =    75.9993476502
 BETA ELECTRON DENSITY     =    75.9993476502
 ELECTRONIC ENERGY    =  -2768.646153525
 CORE_CORE REPULSION  =   1829.307270481
 TOTAL ENERGY         =   -939.338883044

 @ End Energy calculation

  Skipping one-electron property calculation.

 @ Output cuEST Memory Footprint

------------- cuEST MEMORY USAGE ---------------
| Peak Host Footprint =    30.88 kB
| Host Allocations =    40
| Peak Device Footprint =     5.49 GB
| Device Allocations =    31
------------------------------------------------

 @ Finish Output cuEST Memory Footprint


 @ Output Timing Information

------------- TIMING ---------------
| CUEST INITIALIZATION TIME =     1.320015000( 19.18%)
| INITIAL GUESS TIME  =     1.244365000( 18.08%)
| DFT GRID OPERATIONS =     0.000572000(  0.01%)
| TOTAL SCF TIME      =     3.556524000( 51.68%)
|       TOTAL OP TIME      =     3.369107000( 48.96%)
|             TOTAL 1e TIME      =     0.007268000(  0.11%)
|             TOTAL 2e TIME      =     1.613834000( 23.45%)
|             TOTAL EXC TIME     =     1.734447000( 25.20%)
|       TOTAL DII TIME      =     0.185606000(  2.70%)
|             TOTAL DIAG TIME    =     0.129758000(  1.89%)
| TOTAL TIME          =     6.881564000
------------------------------------
| Job cpu time:  0 days  0 hours  0 minutes  6.9 seconds.

 @ Finish Output Timing Information

| Normal Termination. Task Finished on: Wed Aug 19 15:26:22 2026

======== FILE: ./morphine/morphine-1/morphine_6-31+G**.out ========
| 12   -939.676925227  0.430862E-05       0.916     2        0.04      0.88      0.02    0.3142E-03  0.1597E-04  0.6321E-03
| 13   -939.676926577  0.135062E-05       0.904     3        0.04      0.87      0.02    0.1036E-03  0.4102E-05  0.1389E-03
| 14   -939.676926629  0.514842E-07       0.905     4        0.04      0.87      0.02    0.4682E-04  0.1775E-05  0.1097E-03
| 15   -939.676926641  0.116434E-07       0.903     5        0.04      0.87      0.02    0.1610E-04  0.5054E-06  0.5234E-04
| ------------------------------------------------------------------------------------------------------------------------
| REACH CONVERGENCE AFTER  15 CYCLES
| MAX ERROR = 0.161009E-04   RMS CHANGE = 0.505425E-06   MAX CHANGE = 0.523391E-04
| -----------------------------------------------
 ALPHA ELECTRON DENSITY    =    75.9989724294
 BETA ELECTRON DENSITY     =    75.9989724294
 ELECTRONIC ENERGY    =  -2768.984197121
 CORE_CORE REPULSION  =   1829.307270481
 TOTAL ENERGY         =   -939.676926641

 @ End Energy calculation

  Skipping one-electron property calculation.

 @ Output cuEST Memory Footprint

------------- cuEST MEMORY USAGE ---------------
| Peak Host Footprint =    33.50 kB
| Host Allocations =    40
| Peak Device Footprint =     7.68 GB
| Device Allocations =    31
------------------------------------------------

 @ Finish Output cuEST Memory Footprint


 @ Output Timing Information

------------- TIMING ---------------
| CUEST INITIALIZATION TIME =     3.462015000( 18.11%)
| INITIAL GUESS TIME  =     1.234429000(  6.46%)
| DFT GRID OPERATIONS =     0.000587000(  0.00%)
| TOTAL SCF TIME      =    13.580685000( 71.04%)
|       TOTAL OP TIME      =    13.054079000( 68.28%)
|             TOTAL 1e TIME      =     0.034397000(  0.18%)
|             TOTAL 2e TIME      =     6.980672000( 36.52%)
|             TOTAL EXC TIME     =     5.974320000( 31.25%)
|       TOTAL DII TIME      =     0.519445000(  2.72%)
|             TOTAL DIAG TIME    =     0.253632000(  1.33%)
| TOTAL TIME          =    19.117269000
------------------------------------
| Job cpu time:  0 days  0 hours  0 minutes 19.1 seconds.

 @ Finish Output Timing Information

| Normal Termination. Task Finished on: Wed Aug 19 15:27:06 2026

======== FILE: ./morphine/morphine-1/morphine_6-31G**.out ========
| 10   -939.641707811  0.507329E-04       0.626    10        0.03      0.60      0.01    0.5024E-03  0.1494E-04  0.5461E-03
| 11   -939.641712155  0.434474E-05       0.628     1        0.03      0.60      0.01    0.2019E-03  0.5539E-05  0.2598E-03
| 12   -939.641712633  0.477554E-06       0.628     2        0.03      0.60      0.01    0.6938E-04  0.1770E-05  0.8414E-04
| 13   -939.641712691  0.580394E-07       0.625     3        0.03      0.60      0.01    0.2965E-04  0.4556E-06  0.2136E-04
| ------------------------------------------------------------------------------------------------------------------------
| REACH CONVERGENCE AFTER  13 CYCLES
| MAX ERROR = 0.296485E-04   RMS CHANGE = 0.455581E-06   MAX CHANGE = 0.213649E-04
| -----------------------------------------------
 ALPHA ELECTRON DENSITY    =    75.9993485305
 BETA ELECTRON DENSITY     =    75.9993485305
 ELECTRONIC ENERGY    =  -2768.948983172
 CORE_CORE REPULSION  =   1829.307270481
 TOTAL ENERGY         =   -939.641712691

 @ End Energy calculation

  Skipping one-electron property calculation.

 @ Output cuEST Memory Footprint

------------- cuEST MEMORY USAGE ---------------
| Peak Host Footprint =    32.16 kB
| Host Allocations =    40
| Peak Device Footprint =     7.09 GB
| Device Allocations =    31
------------------------------------------------

 @ Finish Output cuEST Memory Footprint


 @ Output Timing Information

------------- TIMING ---------------
| CUEST INITIALIZATION TIME =     2.588029000( 20.28%)
| INITIAL GUESS TIME  =     1.188653000(  9.31%)
| DFT GRID OPERATIONS =     0.000572000(  0.00%)
| TOTAL SCF TIME      =     8.184911000( 64.13%)
|       TOTAL OP TIME      =     7.828201000( 61.34%)
|             TOTAL 1e TIME      =     0.030050000(  0.24%)
|             TOTAL 2e TIME      =     4.286204000( 33.58%)
|             TOTAL EXC TIME     =     3.463825000( 27.14%)
|       TOTAL DII TIME      =     0.352634000(  2.76%)
|             TOTAL DIAG TIME    =     0.187767000(  1.47%)
| TOTAL TIME          =    12.762955000
------------------------------------
| Job cpu time:  0 days  0 hours  0 minutes 12.8 seconds.

 @ Finish Output Timing Information

| Normal Termination. Task Finished on: Wed Aug 19 15:26:46 2026

======== FILE: ./morphine/morphine-1/morphine_6-31G*.out ========
| 10   -939.606478171  0.408313E-04       0.529    10        0.02      0.51      0.01    0.4180E-03  0.1510E-04  0.4411E-03
| 11   -939.606480979  0.280870E-05       0.515     1        0.02      0.49      0.01    0.2091E-03  0.6259E-05  0.2273E-03
| 12   -939.606481403  0.423169E-06       0.530     2        0.02      0.51      0.01    0.7329E-04  0.2510E-05  0.1014E-03
| 13   -939.606481466  0.635291E-07       0.533     3        0.02      0.51      0.01    0.4583E-04  0.7436E-06  0.3005E-04
| ------------------------------------------------------------------------------------------------------------------------
| REACH CONVERGENCE AFTER  13 CYCLES
| MAX ERROR = 0.458291E-04   RMS CHANGE = 0.743570E-06   MAX CHANGE = 0.300511E-04
| -----------------------------------------------
 ALPHA ELECTRON DENSITY    =    75.9993458930
 BETA ELECTRON DENSITY     =    75.9993458930
 ELECTRONIC ENERGY    =  -2768.913751947
 CORE_CORE REPULSION  =   1829.307270481
 TOTAL ENERGY         =   -939.606481466

 @ End Energy calculation

  Skipping one-electron property calculation.

 @ Output cuEST Memory Footprint

------------- cuEST MEMORY USAGE ---------------
| Peak Host Footprint =    31.55 kB
| Host Allocations =    40
| Peak Device Footprint =     6.89 GB
| Device Allocations =    31
------------------------------------------------

 @ Finish Output cuEST Memory Footprint


 @ Output Timing Information

------------- TIMING ---------------
| CUEST INITIALIZATION TIME =     2.161482000( 19.63%)
| INITIAL GUESS TIME  =     1.221890000( 11.09%)
| DFT GRID OPERATIONS =     0.000579000(  0.01%)
| TOTAL SCF TIME      =     6.825425000( 61.97%)
|       TOTAL OP TIME      =     6.542938000( 59.41%)
|             TOTAL 1e TIME      =     0.028200000(  0.26%)
|             TOTAL 2e TIME      =     3.429225000( 31.14%)
|             TOTAL EXC TIME     =     3.045873000( 27.66%)
|       TOTAL DII TIME      =     0.278979000(  2.53%)
|             TOTAL DIAG TIME    =     0.165338000(  1.50%)
| TOTAL TIME          =    11.013499000
------------------------------------
| Job cpu time:  0 days  0 hours  0 minutes 11.0 seconds.

 @ Finish Output Timing Information

| Normal Termination. Task Finished on: Wed Aug 19 15:26:34 2026

======== FILE: ./morphine/morphine-1/morphine_def2-SV(P).out ========
| 11   -938.927119453  0.130309E-04       0.520     1        0.02      0.50      0.01    0.6619E-03  0.1723E-04  0.6050E-03
| 12   -938.927121660  0.220741E-05       0.519     2        0.02      0.50      0.01    0.1979E-03  0.6432E-05  0.1934E-03
| 13   -938.927122088  0.427774E-06       0.517     3        0.02      0.49      0.01    0.4414E-04  0.2379E-05  0.5985E-04
| 14   -938.927122123  0.346572E-07       0.516     4        0.02      0.49      0.01    0.1651E-04  0.6432E-06  0.2043E-04
| ------------------------------------------------------------------------------------------------------------------------
| REACH CONVERGENCE AFTER  14 CYCLES
| MAX ERROR = 0.165072E-04   RMS CHANGE = 0.643152E-06   MAX CHANGE = 0.204344E-04
| -----------------------------------------------
 ALPHA ELECTRON DENSITY    =    75.9992231655
 BETA ELECTRON DENSITY     =    75.9992231655
 ELECTRONIC ENERGY    =  -2768.234392603
 CORE_CORE REPULSION  =   1829.307270481
 TOTAL ENERGY         =   -938.927122123

 @ End Energy calculation

  Skipping one-electron property calculation.

 @ Output cuEST Memory Footprint

------------- cuEST MEMORY USAGE ---------------
| Peak Host Footprint =    31.55 kB
| Host Allocations =    40
| Peak Device Footprint =     6.90 GB
| Device Allocations =    31
------------------------------------------------

 @ Finish Output cuEST Memory Footprint


 @ Output Timing Information

------------- TIMING ---------------
| CUEST INITIALIZATION TIME =     2.128115000( 18.66%)
| INITIAL GUESS TIME  =     1.197289000( 10.50%)
| DFT GRID OPERATIONS =     0.000581000(  0.01%)
| TOTAL SCF TIME      =     7.270231000( 63.76%)
|       TOTAL OP TIME      =     6.963321000( 61.07%)
|             TOTAL 1e TIME      =     0.027811000(  0.24%)
|             TOTAL 2e TIME      =     3.656602000( 32.07%)
|             TOTAL EXC TIME     =     3.236511000( 28.38%)
|       TOTAL DII TIME      =     0.302806000(  2.66%)
|             TOTAL DIAG TIME    =     0.175158000(  1.54%)
| TOTAL TIME          =    11.402830000
------------------------------------
| Job cpu time:  0 days  0 hours  0 minutes 11.4 seconds.

 @ Finish Output Timing Information

| Normal Termination. Task Finished on: Wed Aug 19 15:27:17 2026

======== FILE: ./morphine/morphine-1/morphine_3-21G.out ========
| 10   -934.457739760  0.205709E-04       0.224    10        0.01      0.21      0.01    0.4355E-03  0.1879E-04  0.8165E-03
| 11   -934.457741321  0.156107E-05       0.214     1        0.01      0.20      0.01    0.1476E-03  0.6504E-05  0.2540E-03
| 12   -934.457741476  0.154952E-06       0.224     2        0.01      0.21      0.01    0.6328E-04  0.2038E-05  0.6453E-04
| 13   -934.457741503  0.270466E-07       0.229     3        0.01      0.22      0.01    0.1743E-04  0.8198E-06  0.2007E-04
| ------------------------------------------------------------------------------------------------------------------------
| REACH CONVERGENCE AFTER  13 CYCLES
| MAX ERROR = 0.174274E-04   RMS CHANGE = 0.819767E-06   MAX CHANGE = 0.200703E-04
| -----------------------------------------------
 ALPHA ELECTRON DENSITY    =    75.9994379992
 BETA ELECTRON DENSITY     =    75.9994379992
 ELECTRONIC ENERGY    =  -2763.765011983
 CORE_CORE REPULSION  =   1829.307270481
 TOTAL ENERGY         =   -934.457741503

 @ End Energy calculation

  Skipping one-electron property calculation.

 @ Output cuEST Memory Footprint

------------- cuEST MEMORY USAGE ---------------
| Peak Host Footprint =    30.88 kB
| Host Allocations =    40
| Peak Device Footprint =     5.46 GB
| Device Allocations =    31
------------------------------------------------

 @ Finish Output cuEST Memory Footprint


 @ Output Timing Information

------------- TIMING ---------------
| CUEST INITIALIZATION TIME =     1.212595000( 19.46%)
| INITIAL GUESS TIME  =     1.200617000( 19.26%)
| DFT GRID OPERATIONS =     0.000583000(  0.01%)
| TOTAL SCF TIME      =     2.972533000( 47.69%)
|       TOTAL OP TIME      =     2.802422000( 44.96%)
|             TOTAL 1e TIME      =     0.004857000(  0.08%)
|             TOTAL 2e TIME      =     1.412308000( 22.66%)
|             TOTAL EXC TIME     =     1.374008000( 22.05%)
|       TOTAL DII TIME      =     0.168433000(  2.70%)
|             TOTAL DIAG TIME    =     0.117189000(  1.88%)
| TOTAL TIME          =     6.232553000
------------------------------------
| Job cpu time:  0 days  0 hours  0 minutes  6.2 seconds.

 @ Finish Output Timing Information

| Normal Termination. Task Finished on: Wed Aug 19 15:26:15 2026

======== FILE: ./morphine/morphine-1/morphine_def2-SVP.out ========
| 11   -938.974453814  0.159159E-04       0.636     1        0.03      0.61      0.01    0.5104E-03  0.1863E-04  0.9127E-03
| 12   -938.974456382  0.256794E-05       0.641     2        0.03      0.61      0.01    0.3018E-03  0.7587E-05  0.2568E-03
| 13   -938.974457162  0.780317E-06       0.648     3        0.03      0.62      0.01    0.4197E-04  0.1966E-05  0.6620E-04
| 14   -938.974457194  0.312775E-07       0.645     4        0.03      0.62      0.01    0.1759E-04  0.6217E-06  0.2103E-04
| ------------------------------------------------------------------------------------------------------------------------
| REACH CONVERGENCE AFTER  14 CYCLES
| MAX ERROR = 0.175892E-04   RMS CHANGE = 0.621672E-06   MAX CHANGE = 0.210262E-04
| -----------------------------------------------
 ALPHA ELECTRON DENSITY    =    75.9992284397
 BETA ELECTRON DENSITY     =    75.9992284397
 ELECTRONIC ENERGY    =  -2768.281727674
 CORE_CORE REPULSION  =   1829.307270481
 TOTAL ENERGY         =   -938.974457194

 @ End Energy calculation

  Skipping one-electron property calculation.

 @ Output cuEST Memory Footprint

------------- cuEST MEMORY USAGE ---------------
| Peak Host Footprint =    32.16 kB
| Host Allocations =    40
| Peak Device Footprint =     7.11 GB
| Device Allocations =    31
------------------------------------------------

 @ Finish Output cuEST Memory Footprint


 @ Output Timing Information

------------- TIMING ---------------
| CUEST INITIALIZATION TIME =     2.483921000( 18.23%)
| INITIAL GUESS TIME  =     1.264858000(  9.28%)
| DFT GRID OPERATIONS =     0.000570000(  0.00%)
| TOTAL SCF TIME      =     9.056240000( 66.48%)
|       TOTAL OP TIME      =     8.668556000( 63.63%)
|             TOTAL 1e TIME      =     0.028867000(  0.21%)
|             TOTAL 2e TIME      =     4.643071000( 34.08%)
|             TOTAL EXC TIME     =     3.947414000( 28.98%)
|       TOTAL DII TIME      =     0.383310000(  2.81%)
|             TOTAL DIAG TIME    =     0.202143000(  1.48%)
| TOTAL TIME          =    13.623510000
------------------------------------
| Job cpu time:  0 days  0 hours  0 minutes 13.6 seconds.

 @ Finish Output Timing Information

| Normal Termination. Task Finished on: Wed Aug 19 15:27:31 2026
