
======== FILE: ./morphine/morphine-1/morphine_6-31+G**.out ========
|  8   -933.855257286  0.154657E-02       0.525     8        0.04      0.49      0.02    0.4163E-02  0.3111E-03  0.1345E-01
|  9   -933.855659453  0.402167E-03       0.526     9        0.04      0.49      0.02    0.1979E-02  0.1686E-03  0.7875E-02
| 10   -933.855777515  0.118062E-03       0.526    10        0.04      0.49      0.02    0.6302E-03  0.7112E-04  0.2830E-02
| 11   -933.855798383  0.208676E-04       0.528     1        0.04      0.49      0.02    0.3193E-03  0.3541E-04  0.1254E-02
| 12   -933.855803683  0.530089E-05       0.528     2        0.04      0.49      0.02    0.1344E-03  0.2084E-04  0.1196E-02
| 13   -933.855804923  0.123975E-05       0.528     3        0.04      0.49      0.02    0.3980E-04  0.6549E-05  0.1659E-03
| 14   -933.855805048  0.124706E-06       0.528     4        0.04      0.49      0.02    0.1812E-04  0.1508E-05  0.3979E-04
| 15   -933.855805057  0.919727E-08       0.528     5        0.04      0.49      0.02    0.1430E-04  0.5032E-06  0.1868E-04
| ------------------------------------------------------------------------------------------------------------------------
| REACH CONVERGENCE AFTER  15 CYCLES
| MAX ERROR = 0.143041E-04   RMS CHANGE = 0.503171E-06   MAX CHANGE = 0.186751E-04
| -----------------------------------------------
 ELECTRONIC ENERGY    =  -2763.163075538
 CORE_CORE REPULSION  =   1829.307270481
 TOTAL ENERGY         =   -933.855805057

 @ End Energy calculation

  Skipping one-electron property calculation.

 @ Output cuEST Memory Footprint

------------- cuEST MEMORY USAGE ---------------
| Peak Host Footprint =    33.50 kB
| Host Allocations =    30
| Peak Device Footprint =     3.65 GB
| Device Allocations =    21
------------------------------------------------

 @ Finish Output cuEST Memory Footprint


 @ Output Timing Information

------------- TIMING ---------------
| CUEST INITIALIZATION TIME =     3.616897000( 26.95%)
| INITIAL GUESS TIME  =     1.309929000(  9.76%)
| TOTAL SCF TIME      =     7.969508000( 59.38%)
|       TOTAL OP TIME      =     7.419948000( 55.28%)
|             TOTAL 1e TIME      =     0.036139000(  0.27%)
|             TOTAL 2e TIME      =     7.296057000( 54.36%)
|       TOTAL DII TIME      =     0.542247000(  4.04%)
|             TOTAL DIAG TIME    =     0.266092000(  1.98%)
| TOTAL TIME          =    13.421512000
------------------------------------
| Job cpu time:  0 days  0 hours  0 minutes 13.4 seconds.

 @ Finish Output Timing Information

| Normal Termination. Task Finished on: Thu Aug 20 08:12:30 2026

======== FILE: ./morphine/morphine-1/morphine_6-31G*.out ========
|  7   -933.793306027  0.614037E-02       0.295     7        0.02      0.27      0.01    0.1175E-01  0.2264E-03  0.7852E-02
|  8   -933.794208583  0.902557E-03       0.295     8        0.02      0.27      0.01    0.5386E-02  0.1018E-03  0.3809E-02
|  9   -933.794356855  0.148272E-03       0.295     9        0.02      0.27      0.01    0.1842E-02  0.3996E-04  0.1603E-02
| 10   -933.794377099  0.202437E-04       0.295    10        0.02      0.27      0.01    0.5480E-03  0.1350E-04  0.5569E-03
| 11   -933.794379450  0.235142E-05       0.296     1        0.02      0.27      0.01    0.1739E-03  0.5233E-05  0.1780E-03
| 12   -933.794379830  0.379972E-06       0.297     2        0.02      0.27      0.01    0.5147E-04  0.2421E-05  0.6128E-04
| 13   -933.794379913  0.827049E-07       0.296     3        0.02      0.27      0.01    0.1828E-04  0.1176E-05  0.3140E-04
| 14   -933.794379932  0.188902E-07       0.296     4        0.02      0.27      0.01    0.8309E-05  0.5611E-06  0.1501E-04
| ------------------------------------------------------------------------------------------------------------------------
| REACH CONVERGENCE AFTER  14 CYCLES
| MAX ERROR = 0.830883E-05   RMS CHANGE = 0.561058E-06   MAX CHANGE = 0.150129E-04
| -----------------------------------------------
 ELECTRONIC ENERGY    =  -2763.101650412
 CORE_CORE REPULSION  =   1829.307270481
 TOTAL ENERGY         =   -933.794379932

 @ End Energy calculation

  Skipping one-electron property calculation.

 @ Output cuEST Memory Footprint

------------- cuEST MEMORY USAGE ---------------
| Peak Host Footprint =    31.55 kB
| Host Allocations =    30
| Peak Device Footprint =     2.86 GB
| Device Allocations =    21
------------------------------------------------

 @ Finish Output cuEST Memory Footprint


 @ Output Timing Information

------------- TIMING ---------------
| CUEST INITIALIZATION TIME =     2.224779000( 27.09%)
| INITIAL GUESS TIME  =     1.295655000( 15.77%)
| TOTAL SCF TIME      =     4.209360000( 51.25%)
|       TOTAL OP TIME      =     3.905304000( 47.54%)
|             TOTAL 1e TIME      =     0.030212000(  0.37%)
|             TOTAL 2e TIME      =     3.820441000( 46.51%)
|       TOTAL DII TIME      =     0.299634000(  3.65%)
|             TOTAL DIAG TIME    =     0.182188000(  2.22%)
| TOTAL TIME          =     8.214010000
------------------------------------
| Job cpu time:  0 days  0 hours  0 minutes  8.2 seconds.

 @ Finish Output Timing Information

| Normal Termination. Task Finished on: Thu Aug 20 08:12:07 2026

======== FILE: ./morphine/morphine-1/morphine_3-21G.out ========
|  7   -928.616502124  0.187208E-02       0.123     7        0.01      0.11      0.01    0.5683E-02  0.2275E-03  0.4610E-02
|  8   -928.616764341  0.262217E-03       0.125     8        0.01      0.11      0.01    0.1987E-02  0.8109E-04  0.1764E-02
|  9   -928.616797671  0.333304E-04       0.123     9        0.01      0.11      0.01    0.6292E-03  0.2803E-04  0.5268E-03
| 10   -928.616802036  0.436477E-05       0.125    10        0.01      0.11      0.01    0.1908E-03  0.1318E-04  0.2676E-03
| 11   -928.616802970  0.934422E-06       0.124     1        0.01      0.11      0.01    0.4737E-04  0.5742E-05  0.1291E-03
| 12   -928.616803137  0.166682E-06       0.125     2        0.01      0.11      0.01    0.1972E-04  0.2480E-05  0.5836E-04
| 13   -928.616803167  0.297073E-07       0.125     3        0.01      0.11      0.01    0.1043E-04  0.1064E-05  0.2288E-04
| 14   -928.616803172  0.467026E-08       0.125     4        0.01      0.11      0.01    0.5845E-05  0.3585E-06  0.7810E-05
| ------------------------------------------------------------------------------------------------------------------------
| REACH CONVERGENCE AFTER  14 CYCLES
| MAX ERROR = 0.584516E-05   RMS CHANGE = 0.358460E-06   MAX CHANGE = 0.781034E-05
| -----------------------------------------------
 ELECTRONIC ENERGY    =  -2757.924073652
 CORE_CORE REPULSION  =   1829.307270481
 TOTAL ENERGY         =   -928.616803172

 @ End Energy calculation

  Skipping one-electron property calculation.

 @ Output cuEST Memory Footprint

------------- cuEST MEMORY USAGE ---------------
| Peak Host Footprint =    30.88 kB
| Host Allocations =    30
| Peak Device Footprint =     1.43 GB
| Device Allocations =    21
------------------------------------------------

 @ Finish Output cuEST Memory Footprint


 @ Output Timing Information

------------- TIMING ---------------
| CUEST INITIALIZATION TIME =     1.227079000( 26.04%)
| INITIAL GUESS TIME  =     1.223746000( 25.97%)
| TOTAL SCF TIME      =     1.750678000( 37.15%)
|       TOTAL OP TIME      =     1.576068000( 33.45%)
|             TOTAL 1e TIME      =     0.004838000(  0.10%)
|             TOTAL 2e TIME      =     1.555992000( 33.02%)
|       TOTAL DII TIME      =     0.172814000(  3.67%)
|             TOTAL DIAG TIME    =     0.123973000(  2.63%)
| TOTAL TIME          =     4.711876000
------------------------------------
| Job cpu time:  0 days  0 hours  0 minutes  4.7 seconds.

 @ Finish Output Timing Information

| Normal Termination. Task Finished on: Thu Aug 20 08:11:53 2026

======== FILE: ./morphine/morphine-1/morphine_6-31G**.out ========
|  7   -933.832922306  0.626494E-02       0.375     7        0.03      0.35      0.02    0.1185E-01  0.1953E-03  0.7846E-02
|  8   -933.833844443  0.922136E-03       0.375     8        0.03      0.35      0.02    0.5438E-02  0.8779E-04  0.3777E-02
|  9   -933.833996762  0.152319E-03       0.377     9        0.03      0.35      0.02    0.1880E-02  0.3497E-04  0.1639E-02
| 10   -933.834017945  0.211834E-04       0.375    10        0.03      0.35      0.02    0.5681E-03  0.1180E-04  0.5679E-03
| 11   -933.834020411  0.246638E-05       0.378     1        0.03      0.35      0.02    0.1829E-03  0.4570E-05  0.1850E-03
| 12   -933.834020804  0.392996E-06       0.376     2        0.03      0.35      0.02    0.5441E-04  0.2102E-05  0.6384E-04
| 13   -933.834020888  0.841087E-07       0.377     3        0.03      0.35      0.02    0.1836E-04  0.1009E-05  0.3133E-04
| 14   -933.834020907  0.189762E-07       0.376     4        0.03      0.35      0.01    0.8427E-05  0.4876E-06  0.1518E-04
| ------------------------------------------------------------------------------------------------------------------------
| REACH CONVERGENCE AFTER  14 CYCLES
| MAX ERROR = 0.842658E-05   RMS CHANGE = 0.487644E-06   MAX CHANGE = 0.151773E-04
| -----------------------------------------------
 ELECTRONIC ENERGY    =  -2763.141291388
 CORE_CORE REPULSION  =   1829.307270481
 TOTAL ENERGY         =   -933.834020907

 @ End Energy calculation

  Skipping one-electron property calculation.

 @ Output cuEST Memory Footprint

------------- cuEST MEMORY USAGE ---------------
| Peak Host Footprint =    32.16 kB
| Host Allocations =    30
| Peak Device Footprint =     3.06 GB
| Device Allocations =    21
------------------------------------------------

 @ Finish Output cuEST Memory Footprint


 @ Output Timing Information

------------- TIMING ---------------
| CUEST INITIALIZATION TIME =     2.539299000( 26.51%)
| INITIAL GUESS TIME  =     1.221102000( 12.75%)
| TOTAL SCF TIME      =     5.318835000( 55.52%)
|       TOTAL OP TIME      =     4.925562000( 51.42%)
|             TOTAL 1e TIME      =     0.030989000(  0.32%)
|             TOTAL 2e TIME      =     4.831082000( 50.43%)
|       TOTAL DII TIME      =     0.388769000(  4.06%)
|             TOTAL DIAG TIME    =     0.211362000(  2.21%)
| TOTAL TIME          =     9.579353000
------------------------------------
| Job cpu time:  0 days  0 hours  0 minutes  9.6 seconds.

 @ Finish Output Timing Information

| Normal Termination. Task Finished on: Thu Aug 20 08:12:17 2026

======== FILE: ./morphine/morphine-1/morphine_def2-SV(P).out ========
|  7   -933.120649265  0.202546E-02       0.296     7        0.02      0.27      0.01    0.6341E-02  0.1911E-03  0.8403E-02
|  8   -933.120935283  0.286018E-03       0.296     8        0.02      0.27      0.01    0.1976E-02  0.6189E-04  0.2906E-02
|  9   -933.120964173  0.288898E-04       0.297     9        0.02      0.27      0.01    0.6366E-03  0.2070E-04  0.8955E-03
| 10   -933.120967588  0.341468E-05       0.296    10        0.02      0.27      0.01    0.1753E-03  0.8004E-05  0.2167E-03
| 11   -933.120968190  0.602829E-06       0.296     1        0.02      0.27      0.01    0.5051E-04  0.3788E-05  0.8952E-04
| 12   -933.120968324  0.133995E-06       0.296     2        0.02      0.27      0.01    0.2618E-04  0.2113E-05  0.5371E-04
| 13   -933.120968361  0.364357E-07       0.296     3        0.02      0.28      0.01    0.1123E-04  0.1065E-05  0.2883E-04
| 14   -933.120968368  0.751106E-08       0.296     4        0.02      0.27      0.01    0.5851E-05  0.3515E-06  0.8199E-05
| ------------------------------------------------------------------------------------------------------------------------
| REACH CONVERGENCE AFTER  14 CYCLES
| MAX ERROR = 0.585119E-05   RMS CHANGE = 0.351466E-06   MAX CHANGE = 0.819913E-05
| -----------------------------------------------
 ELECTRONIC ENERGY    =  -2762.428238849
 CORE_CORE REPULSION  =   1829.307270481
 TOTAL ENERGY         =   -933.120968368

 @ End Energy calculation

  Skipping one-electron property calculation.

 @ Output cuEST Memory Footprint

------------- cuEST MEMORY USAGE ---------------
| Peak Host Footprint =    31.55 kB
| Host Allocations =    30
| Peak Device Footprint =     2.87 GB
| Device Allocations =    21
------------------------------------------------

 @ Finish Output cuEST Memory Footprint


 @ Output Timing Information

------------- TIMING ---------------
| CUEST INITIALIZATION TIME =     2.193115000( 27.31%)
| INITIAL GUESS TIME  =     1.167076000( 14.53%)
| TOTAL SCF TIME      =     4.195238000( 52.24%)
|       TOTAL OP TIME      =     3.904898000( 48.62%)
|             TOTAL 1e TIME      =     0.028629000(  0.36%)
|             TOTAL 2e TIME      =     3.823869000( 47.61%)
|       TOTAL DII TIME      =     0.285983000(  3.56%)
|             TOTAL DIAG TIME    =     0.178731000(  2.23%)
| TOTAL TIME          =     8.031290000
------------------------------------
| Job cpu time:  0 days  0 hours  0 minutes  8.0 seconds.

 @ Finish Output Timing Information

| Normal Termination. Task Finished on: Thu Aug 20 08:12:38 2026

======== FILE: ./morphine/morphine-1/morphine_6-31G.out ========
|  7   -933.406679735  0.533195E-02       0.124     7        0.01      0.11      0.01    0.7477E-02  0.3332E-03  0.5257E-02
|  8   -933.407218211  0.538477E-03       0.126     8        0.01      0.11      0.01    0.2914E-02  0.1257E-03  0.2408E-02
|  9   -933.407291654  0.734427E-04       0.124     9        0.01      0.11      0.01    0.1029E-02  0.4517E-04  0.9046E-03
| 10   -933.407301752  0.100980E-04       0.126    10        0.01      0.11      0.01    0.3170E-03  0.2052E-04  0.3436E-03
| 11   -933.407304103  0.235058E-05       0.125     1        0.01      0.11      0.01    0.1121E-03  0.1159E-04  0.2546E-03
| 12   -933.407304738  0.635313E-06       0.126     2        0.01      0.11      0.01    0.5306E-04  0.5571E-05  0.1265E-03
| 13   -933.407304862  0.124094E-06       0.125     3        0.01      0.11      0.01    0.2358E-04  0.2062E-05  0.4094E-04
| 14   -933.407304878  0.155537E-07       0.126     4        0.01      0.11      0.01    0.1298E-04  0.5992E-06  0.1020E-04
| ------------------------------------------------------------------------------------------------------------------------
| REACH CONVERGENCE AFTER  14 CYCLES
| MAX ERROR = 0.129787E-04   RMS CHANGE = 0.599249E-06   MAX CHANGE = 0.101997E-04
| -----------------------------------------------
 ELECTRONIC ENERGY    =  -2762.714575358
 CORE_CORE REPULSION  =   1829.307270481
 TOTAL ENERGY         =   -933.407304878

 @ End Energy calculation

  Skipping one-electron property calculation.

 @ Output cuEST Memory Footprint

------------- cuEST MEMORY USAGE ---------------
| Peak Host Footprint =    30.88 kB
| Host Allocations =    30
| Peak Device Footprint =     1.46 GB
| Device Allocations =    21
------------------------------------------------

 @ Finish Output cuEST Memory Footprint


 @ Output Timing Information

------------- TIMING ---------------
| CUEST INITIALIZATION TIME =     1.349674000( 27.75%)
| INITIAL GUESS TIME  =     1.273885000( 26.19%)
| TOTAL SCF TIME      =     1.771234000( 36.42%)
|       TOTAL OP TIME      =     1.592095000( 32.73%)
|             TOTAL 1e TIME      =     0.007501000(  0.15%)
|             TOTAL 2e TIME      =     1.566270000( 32.20%)
|       TOTAL DII TIME      =     0.176722000(  3.63%)
|             TOTAL DIAG TIME    =     0.126632000(  2.60%)
| TOTAL TIME          =     4.863988000
------------------------------------
| Job cpu time:  0 days  0 hours  0 minutes  4.9 seconds.

 @ Finish Output Timing Information

| Normal Termination. Task Finished on: Thu Aug 20 08:11:58 2026

======== FILE: ./morphine/morphine-1/morphine_def2-SVP.out ========
|  6   -933.174537052  0.151815E-01       0.377     6        0.03      0.35      0.02    0.1627E-01  0.3813E-03  0.1489E-01
|  7   -933.176603487  0.206643E-02       0.377     7        0.03      0.35      0.02    0.6373E-02  0.1636E-03  0.8354E-02
|  8   -933.176893703  0.290216E-03       0.377     8        0.03      0.35      0.02    0.2019E-02  0.5392E-04  0.2972E-02
|  9   -933.176923726  0.300231E-04       0.377     9        0.03      0.35      0.02    0.6491E-03  0.1805E-04  0.9225E-03
| 10   -933.176927256  0.353077E-05       0.377    10        0.03      0.35      0.02    0.1786E-03  0.6945E-05  0.2253E-03
| 11   -933.176927875  0.618142E-06       0.378     1        0.03      0.35      0.02    0.5191E-04  0.3282E-05  0.9705E-04
| 12   -933.176928012  0.137068E-06       0.378     2        0.03      0.35      0.02    0.2656E-04  0.1851E-05  0.5576E-04
| 13   -933.176928049  0.376908E-07       0.378     3        0.03      0.35      0.02    0.1138E-04  0.9242E-06  0.2969E-04
| ------------------------------------------------------------------------------------------------------------------------
| REACH CONVERGENCE AFTER  13 CYCLES
| MAX ERROR = 0.113773E-04   RMS CHANGE = 0.924157E-06   MAX CHANGE = 0.296948E-04
| -----------------------------------------------
 ELECTRONIC ENERGY    =  -2762.484198530
 CORE_CORE REPULSION  =   1829.307270481
 TOTAL ENERGY         =   -933.176928049

 @ End Energy calculation

  Skipping one-electron property calculation.

 @ Output cuEST Memory Footprint

------------- cuEST MEMORY USAGE ---------------
| Peak Host Footprint =    32.16 kB
| Host Allocations =    30
| Peak Device Footprint =     3.09 GB
| Device Allocations =    21
------------------------------------------------

 @ Finish Output cuEST Memory Footprint


 @ Output Timing Information

------------- TIMING ---------------
| CUEST INITIALIZATION TIME =     2.585259000( 27.62%)
| INITIAL GUESS TIME  =     1.306907000( 13.96%)
| TOTAL SCF TIME      =     4.961092000( 53.01%)
|       TOTAL OP TIME      =     4.587059000( 49.02%)
|             TOTAL 1e TIME      =     0.030352000(  0.32%)
|             TOTAL 2e TIME      =     4.492806000( 48.01%)
|       TOTAL DII TIME      =     0.369812000(  3.95%)
|             TOTAL DIAG TIME    =     0.199552000(  2.13%)
| TOTAL TIME          =     9.358456000
------------------------------------
| Job cpu time:  0 days  0 hours  0 minutes  9.4 seconds.

 @ Finish Output Timing Information

| Normal Termination. Task Finished on: Thu Aug 20 08:12:48 2026
