| *********************************************************************************************************
| **                                                                                                     **
| **           888888888888                                                                              **
| **         8888888888888888                                                                            **
| **      888888888888888888                                                                             **
| **     888888888888888888                                                                              **
| **    888888888888888                                                                                  **
| **   88888888888888888888                               88888                       8888:              **
| **   8888888888888888888888Z                            88888                       8888:              **
| **   888888888888888888888888?                          88888                       8888:              **
| **   8888888888888      8888888                                        888888       8888:              **
| **    88888888888         888888     8888:     88888    88888        888888888I     8888:    888888    **
| **    8888888888           88888:    8888:     88888    88888      $888888888888    8888:   888888     **
| **    I8Z 88888             88888    8888:     88888    88888    .888888     8888   8888: 888888       **
| **    .8Z 88888             88888    8888:     88888    88888    $88888             8888:88888         **
| **     8I 88888      .=88. .88888    8888:     88888    88888    88888              8888888888         **
| **    :8  88888      888888$8888$    8888:     88888    88888    8888O              88888888888        **
| **   ,7   +88888.     8888888888.    8888:     88888    88888    888888             88888O888888       **
| **         $888888:.   .8888888      88888....888888    88888     888888     8888   8888:  888888      **
| **          I8888888888888888888     888888888888888    88888     O888888888888O    8888:   888888     **
| **            O888888888888888888     88888888888888    88888       88888888888$    8888:    888888    **
| **               8888888Z     888      .8888I  88888    88888         8888888       8888:     888888   **
| **                                                                                                     **
| **                                                                                                     **
| **                                         Copyright (c) 2026                                          **
| **                          Regents of the University of California San Diego                          **
| **                                    & Michigan State University                                      **
| **                                        All Rights Reserved.                                         **
| **                                                                                                     **
| **             This software is subject to the terms of the Mozilla Public License, v. 2.0.            **
| **                                                                                                     **
| *********************************************************************************************************
|                                                                                                          
| Cite this work as:                                                                                       
| Manathunga, M.; O'Hearn, K. A.; Shajan, A.; Smith, J.; Miao, Y.; He, X.; Ayers, K.;                      
| Brothers, E.; Palos, E.; Tripathy, V.; Goetz, A.W.; Merz, K.M. QUICK-26.03.                              
| University of California,San Diego, CA and                                                               
| Michigan State University, East Lansing, MI, 2026                                                        
|                                                                                                          
| If you have any comments or queries, please reach out to us on GitHub issues or discussion sections:     
| https://github.com/merzlab/QUICK.                                                                        
|                                                                                                          
| TASK STARTS ON: Sat Aug 29 08:21:44 2026
| INPUT FILE :    /work2/11707/msun12/stampede3/quickruns/3447190/txl1/taxol_def2-SVP.in
| OUTPUT FILE:    /work2/11707/msun12/stampede3/quickruns/3447190/txl1/taxol_def2-SVP.out
| BASIS SET PATH: /home1/11707/msun12/QUICK-install/basis

|------------ GPU INFORMATION ---------------
| CUDA ENABLED DEVICE         :        1
| CUDA DEVICE IN USE          :        0
| CUDA DEVICE NAME            : NVIDIA H100
| CUDA DEVICE PM              :      132
| CUDA DEVICE CORE FREQ(GHZ)  :     1.98
| CUDA DEVICE MEMORY SIZE (MB):    95321
| SUPPORTING CUDA VERSION     :      9.0
|--------------------------------------------

 @ Read Job And Atom

  KEYWORD=B3LYP BASIS=DEF2-SVP CUTOFF=1.0E-10 DENSERMS=1.0E-6 GRADIENT CUEST
 ============== JOB CARD =============
 METHOD = DENSITY FUNCTIONAL THEORY
 DENSITY FUNCTIONAL = B3LYP
 DIRECT SCF 
 SAD INITAL GUESS 
 USE DIIS SCF
 PRINT ENERGY EVERY CYCLE
 READ SAD GUESS FROM FILE
 STANDARD GRID = SG1
 Level shifting allowed after cycle    3
 DIIS error must exceed 0.100 for level shifting
 Max HOMO-LUMO gap to allow level shifting = 0.200
 GRADIENT CALCULATION
 MAX SCF CYCLES =    200
 MAX DIIS CYCLES =   10
 DELTA DENSITY START CYCLE =    3
 COMPUTATIONAL CUTOFF: 
      TWO-e INTEGRAL         =  0.100E-09
      BASIS SET PRIME        =  0.100E-10
      MATRIX ELEMENTS        =  0.100E-09
      BASIS FUNCTION         =  0.100E-05
      NEAR-LINEAR DEPENDENCY =  0.100E-04
      GRADIENT CUTOFF  =  0.100E-06
 DENSITY MATRIX MAXIMUM RMS FOR CONVERGENCE  =  0.100E-05
 BASIS SET = DEF2-SVP,  TYPE = CARTESIAN
| BASIS FILE = /home1/11707/msun12/QUICK-install/basis/DEF2-SVP.BAS
| DATA FILE  =    /work2/11707/msun12/stampede3/quickruns/3447190/txl1/taxol_def2-SVP.dat

 @ Finish reading job


 @ Begin SAD initial guess

 For Atom Kind =    1
 ELEMENT = C 
 BASIS FUNCTIONS =   15
 For Atom Kind =    2
 ELEMENT = O 
 BASIS FUNCTIONS =   15
 For Atom Kind =    3
 ELEMENT = N 
 BASIS FUNCTIONS =   15
 For Atom Kind =    4
 ELEMENT = H 
 BASIS FUNCTIONS =    5

 @ Finish SAD initial guess


 @ Begin Reading Molecular Information


 =========== Molecule Input ==========
 TOTAL MOLECULAR CHARGE  =    0    MULTIPLICITY                =    1
 TOTAL ATOM NUMBER       =  110    NUMBER OF ATOM TYPES        =    4
 NUMBER OF HYDROGEN ATOM =   49    NUMBER OF NON-HYDROGEN ATOM =   61
 NUMBER OF ELECTRONS     =  446

 -- INPUT GEOMETRY -- :
    C          -6.3961       1.6376      -1.0167
    C          -5.5976       1.9480       0.3157
    C          -4.1358       1.3889       0.3062
    C          -4.0900      -0.2069       0.0760
    C          -5.3005      -0.5560      -0.7831
    C          -5.6408       0.5560      -1.7454
    C          -2.8203      -0.7723      -0.5951
    C          -3.4405       1.9810       1.5955
    C          -1.5723      -0.0770      -0.1719
    O          -2.6953      -2.1590      -0.1698
    O          -1.8693       1.2309      -0.7751
    C          -1.3334      -0.1176       1.4102
    C          -0.8881       1.2875       1.4845
    C           0.3196       1.5771       0.9641
    O          -4.0361       2.4498       2.5048
    O          -1.9505       2.1871       1.7492
    C          -0.2199      -0.3744      -0.8072
    C           0.8361       0.5393      -0.0882
    O          -6.3706      -0.7461       0.1815
    C          -7.5080      -1.5313       0.1764
    O          -7.7343      -2.1872       1.1532
    C          -8.4523      -1.4158      -0.9939
    C          -5.4161      -1.5091      -2.0070
    O          -6.2193      -0.4454      -2.6903
    O          -5.4268       3.3774       0.3776
    O          -1.6122       4.1801       0.0344
    C          -0.7941       5.2258       0.2991
    O          -0.3049       5.8646      -0.5895
    C          -0.5432       5.4737       1.7764
    C           1.2299       2.7853       1.0315
    O           1.9361      -0.3334       0.3600
    C           3.1924       0.0393       0.0732
    O           3.4565       1.0474      -0.5230
    C           4.1742      -1.0075       0.5409
    C           5.5923      -0.5508       0.2305
    C           6.6535      -1.6277       0.4268
    C           6.3531      -2.9590       0.6578
    C           7.3484      -3.9223       0.5946
    C           8.6553      -3.5578       0.3263
    C           8.9721      -2.2174       0.1751
    C           7.9781      -1.2615       0.2323
    O           4.0118      -1.2781       1.9326
    N           5.9708       0.6810       0.8873
    C           6.1083       1.9571       0.3956
    O           6.3193       2.8804       1.1683
    C           5.8856       2.2295      -1.0684
    C           6.1183       1.3531      -2.1154
    C           5.5666       1.5986      -3.3628
    C           4.8505       2.7661      -3.5881
    C           4.7601       3.7103      -2.5860
    C           5.2758       3.4420      -1.3327
    C          -2.1367      -3.0476      -1.0301
    O          -2.1452      -2.8534      -2.2329
    C          -1.5034      -4.2030      -0.3691
    C          -1.4396      -4.3267       1.0054
    C          -0.7639      -5.3990       1.5627
    C          -0.1729      -6.3469       0.7428
    C          -0.2556      -6.2275      -0.6353
    C          -0.9156      -5.1510      -1.1911
    C          -0.2097      -1.1547       1.8364
    C          -2.4301      -0.4562       2.4708
    H          -3.6492       1.8683      -0.5156
    H          -4.2442      -0.7298       0.9946
    H          -6.1319       1.5762       1.1739
    H          -6.4278       2.5627      -1.5682
    H          -7.3896       1.3053      -0.7745
    H          -4.7466       0.9454      -2.2120
    H          -2.8856      -0.7190      -1.6683
    H          -1.1756       1.8958      -0.6851
    H          -1.8482       3.6442       0.8092
    H          -0.3040      -0.0417      -1.8339
    H           0.0915      -1.3953      -0.8029
    H           1.2665       1.1760      -0.8368
    H          -7.9448      -1.4088      -1.9397
    H          -8.9861      -0.4737      -0.9254
    H          -9.1715      -2.2206      -0.9250
    H          -5.9697      -2.4207      -1.8715
    H          -4.4957      -1.6916      -2.5342
    H          -6.1859       3.7990       0.8058
    H          -0.4047       4.5303       2.2919
    H          -1.4092       5.9590       2.2202
    H           0.3171       6.0932       1.8872
    H           1.4833       3.0343       2.0569
    H           0.8689       3.6688       0.5366
    H           2.1685       2.5342       0.5368
    H           3.9670      -1.8925      -0.0573
    H           5.5542      -0.3517      -0.8218
    H           5.3545      -3.2557       0.9039
    H           7.0989      -4.9514       0.7469
    H           9.4172      -4.3037       0.2408
    H           9.9857      -1.9178       0.0023
    H           8.2255      -0.2253       0.1253
    H           3.1299      -1.6338       2.1084
    H           6.0936       0.6251       1.8860
    H           6.7084       0.4705      -1.9833
    H           5.6744       0.8728      -4.1413
    H           4.3798       2.9274      -4.5336
    H           4.2564       4.6442      -2.7661
    H           5.1747       4.1495      -0.5327
    H          -1.9016      -3.5962       1.6316
    H          -0.6960      -5.4955       2.6284
    H           0.3482      -7.1761       1.1766
    H           0.1935      -6.9648      -1.2689
    H          -0.9826      -5.0259      -2.2518
    H           0.6895      -0.6503       2.1318
    H           0.0409      -1.8507       1.0571
    H          -0.5497      -1.7388       2.6731
    H          -2.6865      -1.5071       2.3903
    H          -3.3390       0.1001       2.4689
    H          -1.9770      -0.2959       3.4410

============== BASIS INFOS ==============
 BASIS FUNCTIONS = 1160
 NSHELL =  513 NPRIM  = 1868
 JSHELL =  513 JBASIS =  977


 @ End Reading Molecular Information 


 @ Begin XC Quadrature Formation

 OCTAGO: OCTree Algorithm for Grid Operations 
   PRUNING CUTOFF       = 0.100E-06
   INITIAL GRID POINTS  =      416624
|   FINAL GRID POINTS    =      262254
|   SIGNIFICANT NUMBER OF BASIS FUNCTIONS     =      519907
|   SIGNIFICANT NUMBER OF PRIMITIVE FUNCTIONS =      554981

 @ End XC Quadrature Formation


 @ Begin Energy Calculation

| condition number of overlap matrix:    3.862E+04
| Smallest eigenvalue of overlap matrix:    2.575E-04

                                         SCF ENERGY
| ------------------------------------------------------------------------------------------------------------------------
| NCYC       ENERGY         DELTA_E      SCF_TIME  DII_CYC   DII_TIME   O_TIME  DIAG_TIME    MAX_ERR    RMS_CHG    MAX_CHG
| ------------------------------------------------------------------------------------------------------------------------
|  1  -2940.946413531      ------         2.291     1        0.07      2.22      0.02    0.2472E+01  0.1259E-01  0.6714E+00
|  2  -2923.844741767  -.171017E+02       3.496     2        0.07      3.42      0.02    0.2164E+00  0.5786E-02  0.4897E+00
|  3  -2922.903979331  -.940762E+00       3.432     3        0.09      3.34      0.02    0.5166E+00  0.2927E-02  0.3333E+00
|   ***  Level shifting applied  ( HOMO-LUMO gap =  0.044 au ) ***
|  4  -2925.044708113  0.214073E+01       3.285     4        0.08      3.20      0.02    0.5974E-01  0.1007E-02  0.6952E-01
|  5  -2925.133073014  0.883649E-01       3.113     5        0.08      3.03      0.02    0.3418E-01  0.2953E-03  0.3209E-01
|  6  -2925.140362880  0.728987E-02       2.927     6        0.08      2.84      0.02    0.1788E-01  0.1112E-03  0.1316E-01
|  7  -2925.142053306  0.169043E-02       2.783     7        0.09      2.69      0.02    0.4128E-02  0.4091E-04  0.3413E-02
|  8  -2925.142261910  0.208604E-03       2.647     8        0.09      2.55      0.02    0.1655E-02  0.1316E-04  0.1302E-02
|  9  -2925.142290993  0.290830E-04       2.489     9        0.09      2.39      0.02    0.5084E-03  0.4291E-05  0.4084E-03
| 10  -2925.142292972  0.197910E-05       2.367    10        0.10      2.27      0.02    0.1745E-03  0.1760E-05  0.1525E-03
| 11  -2925.142293335  0.362892E-06       2.282     1        0.12      2.16      0.02    0.8559E-04  0.6200E-06  0.6501E-04
| ------------------------------------------------------------------------------------------------------------------------
| REACH CONVERGENCE AFTER  11 CYCLES
| MAX ERROR = 0.855894E-04   RMS CHANGE = 0.620039E-06   MAX CHANGE = 0.650063E-04
| -----------------------------------------------
 ALPHA ELECTRON DENSITY    =   223.0008108726
 BETA ELECTRON DENSITY     =   223.0008108726
 ELECTRONIC ENERGY    = -12592.212168658
 CORE_CORE REPULSION  =   9667.069875324
 TOTAL ENERGY         =  -2925.142293335

 @ End Energy calculation


 @ Begin Gradient Calculation

 ANALYTICAL GRADIENT: 
----------------------------------------
 COORDINATE    XYZ            GRADIENT
----------------------------------------
    1X    -6.3960620484    -0.0152897935
    1Y     1.6375501950     0.0060261219
    1Z    -1.0167391376    -0.0034583672
    2X    -5.5976016175    -0.0078376281
    2Y     1.9479657588    -0.0248872476
    2Z     0.3156763941     0.0171226666
    3X    -4.1358426958     0.0120563817
    3Y     1.3888886961     0.0083988366
    3Z     0.3061559434    -0.0213661473
    4X    -4.0900119523    -0.0043220898
    4Y    -0.2069339958    -0.0121041523
    4Z     0.0759908158     0.0180744543
    5X    -5.3005248048     0.0096174284
    5Y    -0.5559696325     0.0040983318
    5Z    -0.7831189998    -0.0011521580
    6X    -5.6408357108     0.0168352179
    6Y     0.5560152125     0.0234837405
    6Z    -1.7454175833     0.0062001478
    7X    -2.8203121254     0.0029059677
    7Y    -0.7723427990     0.0197662453
    7Z    -0.5951161554    -0.0133188515
    8X    -3.4405170127    -0.0080724407
    8Y     1.9809802613     0.0061394595
    8Z     1.5954933618    -0.0065294901
    9X    -1.5722955801    -0.0055276803
    9Y    -0.0769638959    -0.0197432334
    9Z    -0.1719253231     0.0100395572
   10X    -2.6953277358     0.0022098168
   10Y    -2.1590275449    -0.0009516747
   10Z    -0.1697708530    -0.0014183451
   11X    -1.8693494728     0.0027693413
   11Y     1.2308627640     0.0114245783
   11Z    -0.7751224092     0.0013677933
   12X    -1.3334065318     0.0001110077
   12Y    -0.1176307990     0.0159992202
   12Z     1.4101577377    -0.0083565340
   13X    -0.8881045478     0.0266218856
   13Y     1.2874585683    -0.0164422878
   13Z     1.4845317434    -0.0081108576
   14X     0.3196037144    -0.0232814989
   14Y     1.5770568504     0.0017171906
   14Z     0.9640606036     0.0151655430
   15X    -4.0360630582     0.0024377416
   15Y     2.4497905671     0.0004274153
   15Z     2.5047991213     0.0007742601
   16X    -1.9504981989    -0.0084740705
   16Y     2.1870801370     0.0052918556
   16Z     1.7492358836    -0.0024827421
   17X    -0.2198636968     0.0013568192
   17Y    -0.3744037186    -0.0179085739
   17Z    -0.8072270516    -0.0108125916
   18X     0.8361322639     0.0004896132
   18Y     0.5392960612     0.0125679849
   18Z    -0.0882305667    -0.0163404161
   19X    -6.3705655165    -0.0044427193
   19Y    -0.7461437470     0.0050044769
   19Z     0.1814962939    -0.0034609107
   20X    -7.5079891033    -0.0043277977
   20Y    -1.5312545569     0.0002460101
   20Z     0.1764442435     0.0027985425
   21X    -7.7343174206     0.0010463153
   21Y    -2.1872431170     0.0002847299
   21Z     1.1532460581    -0.0021348527
   22X    -8.4523256355    -0.0031655433
   22Y    -1.4157501381     0.0050566058
   22Z    -0.9939260359    -0.0120699554
   23X    -5.4161060936     0.0150768242
   23Y    -1.5091024852    -0.0413338421
   23Z    -2.0070004333    -0.0050189448
   24X    -6.2192576349    -0.0143481064
   24Y    -0.4454467640    -0.0000261516
   24Z    -2.6902952054    -0.0112185579
   25X    -5.4267630344     0.0010184488
   25Y     3.3774439679     0.0069107644
   25Z     0.3776243788    -0.0002946408
   26X    -1.6122442331    -0.0007536688
   26Y     4.1801173692    -0.0069697727
   26Z     0.0343779426     0.0158462866
   27X    -0.7940924306     0.0023902282
   27Y     5.2257743591     0.0056358010
   27Z     0.2990567328    -0.0067492814
   28X    -0.3048947533     0.0001558279
   28Y     5.8645770378    -0.0034978632
   28Z    -0.5895333050     0.0040942306
   29X    -0.5432142115     0.0142978774
   29Y     5.4736988580     0.0080524276
   29Z     1.7763875257     0.0108774146
   30X     1.2298581039     0.0030281598
   30Y     2.7852910627     0.0114409886
   30Z     1.0315035488    -0.0011349181
   31X     1.9361231978     0.0047801424
   31Y    -0.3334212455    -0.0028933911
   31Z     0.3599506875     0.0005526333
   32X     3.1923973838     0.0143165650
   32Y     0.0392867930    -0.0018214194
   32Z     0.0732008056     0.0036652215
   33X     3.4564615139    -0.0029392878
   33Y     1.0474090400    -0.0040264697
   33Z    -0.5229789999     0.0048583335
   34X     4.1741653088     0.0002334588
   34Y    -1.0074733869    -0.0037969216
   34Z     0.5409361113    -0.0203108614
   35X     5.5923107171    -0.0035530103
   35Y    -0.5507792521     0.0055231825
   35Z     0.2305424976    -0.0169069944
   36X     6.6535037881     0.0099258130
   36Y    -1.6276655543    -0.0109588712
   36Z     0.4267850326     0.0029997055
   37X     6.3531150051    -0.0013482295
   37Y    -2.9590429360     0.0036981709
   37Z     0.6578478902     0.0003535206
   38X     7.3484382612    -0.0005602925
   38Y    -3.9223477295    -0.0032754881
   38Z     0.5946433254     0.0001528865
   39X     8.6553271210     0.0012860063
   39Y    -3.5577624717    -0.0015496146
   39Z     0.3262773549    -0.0004665663
   40X     8.9721243751     0.0001851042
   40Y    -2.2174055893     0.0019126448
   40Z     0.1751067634    -0.0004278889
   41X     7.9780886392    -0.0018865830
   41Y    -1.2615409463     0.0022271314
   41Z     0.2323472177     0.0001731330
   42X     4.0117557664    -0.0058872484
   42Y    -1.2781154276    -0.0017510705
   42Z     1.9325733176     0.0049522671
   43X     5.9708271360    -0.0001540717
   43Y     0.6810003920     0.0019369747
   43Z     0.8873416378     0.0063960512
   44X     6.1083015365    -0.0027495119
   44Y     1.9571430895    -0.0053387408
   44Z     0.3956142302    -0.0029259849
   45X     6.3193162726    -0.0020063889
   45Y     2.8803622800     0.0004507524
   45Z     1.1682892292    -0.0019683380
   46X     5.8856240794    -0.0062447555
   46Y     2.2294773203     0.0034219578
   46Z    -1.0684369316    -0.0164376003
   47X     6.1182760772     0.0008000886
   47Y     1.3530946933     0.0008781338
   47Z    -2.1154263515     0.0070695743
   48X     5.5666096951    -0.0009024178
   48Y     1.5985928121    -0.0051189419
   48Z    -3.3627524368    -0.0029033765
   49X     4.8504996604    -0.0040088703
   49Y     2.7660993212     0.0061389749
   49Z    -3.5880647940     0.0000948270
   50X     4.7600527335     0.0015927650
   50Y     3.7102514633    -0.0056483389
   50Z    -2.5859740575    -0.0012443527
   51X     5.2758312329     0.0027934127
   51Y     3.4419996328    -0.0057581202
   51Z    -1.3326645918     0.0034616793
   52X    -2.1366951232     0.0086954325
   52Y    -3.0476308227    -0.0167974468
   52Z    -1.0300506687     0.0186779458
   53X    -2.1451656838    -0.0025028659
   53Y    -2.8533799779     0.0049581985
   53Z    -2.2328872205    -0.0085548155
   54X    -1.5033715748     0.0080717086
   54Y    -4.2030090710    -0.0100689961
   54Z    -0.3691075382     0.0089881399
   55X    -1.4395727999    -0.0025067970
   55Y    -4.3266984404     0.0060409913
   55Z     1.0054186368    -0.0072905643
   56X    -0.7638830383     0.0005683120
   56Y    -5.3989755623    -0.0000697088
   56Z     1.5627243193     0.0012077676
   57X    -0.1728504332     0.0008538291
   57Y    -6.3468611347    -0.0007415695
   57Z     0.7427716867    -0.0005409022
   58X    -0.2555829795     0.0001937910
   58Y    -6.2275391756    -0.0007200293
   58Z    -0.6353203685    -0.0004560220
   59X    -0.9155594699    -0.0022660176
   59Y    -5.1509647533     0.0055530182
   59Z    -1.1911104510     0.0005912176
   60X    -0.2097392960     0.0153964370
   60Y    -1.1547475382    -0.0107882900
   60Z     1.8364341802     0.0058888483
   61X    -2.4300503956    -0.0108402689
   61Y    -0.4562313148     0.0020290726
   61Z     2.4707643087     0.0135906820
   62X    -3.6491745187    -0.0054198869
   62Y     1.8683153927    -0.0056063139
   62Z    -0.5155830594     0.0104597345
   63X    -4.2442042941     0.0012368738
   63Y    -0.7298029557     0.0053827583
   63Z     0.9946071660    -0.0141108055
   64X    -6.1319130983     0.0076574596
   64Y     1.5761652304     0.0044488577
   64Z     1.1739417496    -0.0116714187
   65X    -6.4278100209     0.0018238083
   65Y     2.5627464257    -0.0109794872
   65Z    -1.5682089798     0.0081152043
   66X    -7.3896389443     0.0143526397
   66Y     1.3053382297     0.0023514114
   66Z    -0.7744957191    -0.0025492231
   67X    -4.7465709525    -0.0109285222
   67Y     0.9454138022    -0.0065526869
   67Z    -2.2120482489     0.0063616576
   68X    -2.8855556304     0.0011788597
   68Y    -0.7190312849     0.0025680276
   68Z    -1.6682582674     0.0126791358
   69X    -1.1756472598    -0.0043270445
   69Y     1.8958447948     0.0005337078
   69Z    -0.6850815723    -0.0039579918
   70X    -1.8481633811    -0.0029243146
   70Y     3.6442038083    -0.0007993961
   70Z     0.8091516318    -0.0080823746
   71X    -0.3040223032    -0.0016442310
   71Y    -0.0416779132     0.0014434986
   71Z    -1.8339006500     0.0112563415
   72X     0.0915191370    -0.0066101664
   72Y    -1.3952922665     0.0184087670
   72Z    -0.8028716213    -0.0015596604
   73X     1.2665208967    -0.0092939537
   73Y     1.1759764098    -0.0089168432
   73Z    -0.8367613039     0.0114952554
   74X    -7.9447757667    -0.0057879604
   74Y    -1.4087837076    -0.0013323897
   74Z    -1.9396808281     0.0138650419
   75X    -8.9860731662     0.0056419300
   75Y    -0.4736978662    -0.0110290170
   75Z    -0.9254125307    -0.0015796570
   76X    -9.1714810604     0.0076702947
   76Y    -2.2205725696     0.0080759283
   76Z    -0.9250167206    -0.0004558706
   77X    -5.9696663559     0.0090065663
   77Y    -2.4206610149     0.0144009395
   77Z    -1.8715271229    -0.0020185167
   78X    -4.4956991333    -0.0130617659
   78Y    -1.6916168492     0.0037085986
   78Z    -2.5341524535     0.0075991431
   79X    -6.1859311524    -0.0014221146
   79Y     3.7990295001     0.0052937719
   79Z     0.8057985915    -0.0002125215
   80X    -0.4047348909    -0.0010538957
   80Y     4.5302822759     0.0065916533
   80Z     2.2918681450    -0.0070410818
   81X    -1.4092254776     0.0079174850
   81Y     5.9590269651    -0.0057550818
   81Z     2.2201989695    -0.0037469514
   82X     0.3171041142    -0.0175698725
   82Y     6.0931668053    -0.0138479512
   82Z     1.8871610341    -0.0032497937
   83X     1.4832825233     0.0006828887
   83Y     3.0343297417    -0.0038573268
   83Z     2.0569032671    -0.0107148972
   84X     0.8689347864     0.0051992206
   84Y     3.6687759202    -0.0118214059
   84Z     0.5365847410     0.0071522408
   85X     2.1684890256    -0.0037619007
   85Y     2.5341565935    -0.0003382904
   85Z     0.5367745110     0.0008963102
   86X     3.9669616429     0.0017918764
   86Y    -1.8924970245     0.0109905583
   86Z    -0.0572581044     0.0061670979
   87X     5.5541776341     0.0001448440
   87Y    -0.3516751969    -0.0025493996
   87Z    -0.8217997928     0.0147178020
   88X     5.3544978589     0.0141846496
   88Y    -3.2557102186     0.0043081713
   88Z     0.9038848590    -0.0018697503
   89X     7.0989144921     0.0039365483
   89Y    -4.9513961981     0.0167016891
   89Z     0.7469288470    -0.0030187850
   90X     9.4171946391    -0.0124852922
   90Y    -4.3036937586     0.0121322117
   90Z     0.2407856384     0.0001134891
   91X     9.9857451625    -0.0156701827
   91Y    -1.9177654664    -0.0041763050
   91Z     0.0023467702     0.0026204171
   92X     8.2254739781    -0.0038229249
   92Y    -0.2253064972    -0.0148856155
   92Z     0.1253413196     0.0029090542
   93X     3.1299497190     0.0004486273
   93Y    -1.6337869448    -0.0015495800
   93Z     2.1083780410     0.0043026872
   94X     6.0936142953    -0.0005329880
   94Y     0.6250744177    -0.0009701998
   94Z     1.8859549340    -0.0082820558
   95X     6.7084385023    -0.0084451054
   95Y     0.4705180859     0.0126748486
   95Z    -1.9833353715    -0.0021471551
   96X     5.6743955033    -0.0034924222
   96Y     0.8727860166     0.0106805676
   96Z    -4.1412753062     0.0134496118
   97X     4.3798459545     0.0068912276
   97Y     2.9274162635    -0.0040294910
   97Z    -4.5335959262     0.0166966538
   98X     4.2563846850     0.0061454807
   98Y     4.6442142246    -0.0106975477
   98Z    -2.7660689312     0.0020760175
   99X     5.1747309752     0.0022123758
   99Y     4.1495329469    -0.0082574485
   99Z    -0.5327311807    -0.0107269262
  100X    -1.9015966152     0.0073044699
  100Y    -3.5961884646    -0.0108269953
  100Z     1.6316251146    -0.0089515629
  101X    -0.6959961231    -0.0004300587
  101Y    -5.4955301297     0.0014268125
  101Z     2.6284273507    -0.0150701241
  102X     0.3482320666    -0.0078511989
  102Y    -7.1761497180     0.0126929416
  102Z     1.1766068899    -0.0066458830
  103X     0.1934856248    -0.0070900500
  103Y    -6.9647955319     0.0111851693
  103Z    -1.2689412269     0.0093632498
  104X    -0.9826070850     0.0010147657
  104Y    -5.0258756638    -0.0019354722
  104Z    -2.2518210920     0.0155950775
  105X     0.6895305627    -0.0109629660
  105Y    -0.6503325997    -0.0059903678
  105Z     2.1318040128    -0.0054184697
  106X     0.0408559131    -0.0029906825
  106Y    -1.8507204713     0.0077880413
  106Z     1.0570934807     0.0076922261
  107X    -0.5497152620     0.0052728614
  107Y    -1.7387967528     0.0073848258
  107Z     2.6730564641    -0.0114181191
  108X    -2.6864695851     0.0030336557
  108Y    -1.5071205751     0.0077050068
  108Z     2.3903168925     0.0000590837
  109X    -3.3390145450     0.0135649766
  109Y     0.1000510676    -0.0080553804
  109Z     2.4688671085    -0.0006192524
  110X    -1.9770021010    -0.0046529994
  110Y    -0.2959025626    -0.0018725318
  110Z     3.4410103628    -0.0106961860
----------------------------------------

 @ End Gradient Calculation

  Skipping one-electron property calculation.

 @ Output Timing Information

------------- TIMING ---------------
| INITIAL GUESS TIME  =     4.314288000(  6.41%)
| DFT GRID OPERATIONS =     0.455255000(  0.68%)
| TOTAL SCF TIME      =    31.377711000( 46.61%)
|       TOTAL OP TIME      =    30.358863000( 45.09%)
|             TOTAL 1e TIME      =     0.266029000(  0.40%)
|             TOTAL 2e TIME      =    18.269568000( 27.14%)
|             TOTAL EXC TIME     =    11.368923000( 16.89%)
|       TOTAL DII TIME      =     0.973426000(  1.45%)
|             TOTAL DIAG TIME    =     0.186797000(  0.28%)
| TOTAL GRADIENT TIME      =    30.211086000( 44.87%)
|       TOTAL 1e GRADIENT TIME      =     2.529399000( 3.88%)
|       TOTAL 2e GRADIENT TIME      =    25.642752000(38.09%)
|       TOTAL EXC GRADIENT TIME     =     1.954656000(  2.90%)
| TOTAL TIME          =    67.322906000
------------------------------------
| Job cpu time:  0 days  0 hours  1 minutes  7.3 seconds.

 @ Finish Output Timing Information

| Normal Termination. Task Finished on: Sat Aug 29 08:22:51 2026
