| *********************************************************************************************************
| **                                                                                                     **
| **           888888888888                                                                              **
| **         8888888888888888                                                                            **
| **      888888888888888888                                                                             **
| **     888888888888888888                                                                              **
| **    888888888888888                                                                                  **
| **   88888888888888888888                               88888                       8888:              **
| **   8888888888888888888888Z                            88888                       8888:              **
| **   888888888888888888888888?                          88888                       8888:              **
| **   8888888888888      8888888                                        888888       8888:              **
| **    88888888888         888888     8888:     88888    88888        888888888I     8888:    888888    **
| **    8888888888           88888:    8888:     88888    88888      $888888888888    8888:   888888     **
| **    I8Z 88888             88888    8888:     88888    88888    .888888     8888   8888: 888888       **
| **    .8Z 88888             88888    8888:     88888    88888    $88888             8888:88888         **
| **     8I 88888      .=88. .88888    8888:     88888    88888    88888              8888888888         **
| **    :8  88888      888888$8888$    8888:     88888    88888    8888O              88888888888        **
| **   ,7   +88888.     8888888888.    8888:     88888    88888    888888             88888O888888       **
| **         $888888:.   .8888888      88888....888888    88888     888888     8888   8888:  888888      **
| **          I8888888888888888888     888888888888888    88888     O888888888888O    8888:   888888     **
| **            O888888888888888888     88888888888888    88888       88888888888$    8888:    888888    **
| **               8888888Z     888      .8888I  88888    88888         8888888       8888:     888888   **
| **                                                                                                     **
| **                                                                                                     **
| **                                         Copyright (c) 2026                                          **
| **                          Regents of the University of California San Diego                          **
| **                                    & Michigan State University                                      **
| **                                        All Rights Reserved.                                         **
| **                                                                                                     **
| **             This software is subject to the terms of the Mozilla Public License, v. 2.0.            **
| **                                                                                                     **
| *********************************************************************************************************
|                                                                                                          
| Cite this work as:                                                                                       
| Manathunga, M.; O'Hearn, K. A.; Shajan, A.; Smith, J.; Miao, Y.; He, X.; Ayers, K.;                      
| Brothers, E.; Palos, E.; Tripathy, V.; Goetz, A.W.; Merz, K.M. QUICK-26.03.                              
| University of California,San Diego, CA and                                                               
| Michigan State University, East Lansing, MI, 2026                                                        
|                                                                                                          
| If you have any comments or queries, please reach out to us on GitHub issues or discussion sections:     
| https://github.com/merzlab/QUICK.                                                                        
|                                                                                                          
| TASK STARTS ON: Sat Aug 29 08:12:51 2026
| INPUT FILE :    /work2/11707/msun12/stampede3/quickruns/3447190/txl1/taxol_3-21G.in
| OUTPUT FILE:    /work2/11707/msun12/stampede3/quickruns/3447190/txl1/taxol_3-21G.out
| BASIS SET PATH: /home1/11707/msun12/QUICK-install/basis

|------------ GPU INFORMATION ---------------
| CUDA ENABLED DEVICE         :        1
| CUDA DEVICE IN USE          :        0
| CUDA DEVICE NAME            : NVIDIA H100
| CUDA DEVICE PM              :      132
| CUDA DEVICE CORE FREQ(GHZ)  :     1.98
| CUDA DEVICE MEMORY SIZE (MB):    95321
| SUPPORTING CUDA VERSION     :      9.0
|--------------------------------------------

 @ Read Job And Atom

  KEYWORD=B3LYP BASIS=3-21G CUTOFF=1.0E-10 DENSERMS=1.0E-6 GRADIENT CUEST
 ============== JOB CARD =============
 METHOD = DENSITY FUNCTIONAL THEORY
 DENSITY FUNCTIONAL = B3LYP
 DIRECT SCF 
 SAD INITAL GUESS 
 USE DIIS SCF
 PRINT ENERGY EVERY CYCLE
 READ SAD GUESS FROM FILE
 STANDARD GRID = SG1
 Level shifting allowed after cycle    3
 DIIS error must exceed 0.100 for level shifting
 Max HOMO-LUMO gap to allow level shifting = 0.200
 GRADIENT CALCULATION
 MAX SCF CYCLES =    200
 MAX DIIS CYCLES =   10
 DELTA DENSITY START CYCLE =    3
 COMPUTATIONAL CUTOFF: 
      TWO-e INTEGRAL         =  0.100E-09
      BASIS SET PRIME        =  0.100E-10
      MATRIX ELEMENTS        =  0.100E-09
      BASIS FUNCTION         =  0.100E-05
      NEAR-LINEAR DEPENDENCY =  0.100E-04
      GRADIENT CUTOFF  =  0.100E-06
 DENSITY MATRIX MAXIMUM RMS FOR CONVERGENCE  =  0.100E-05
 BASIS SET = 3-21G,  TYPE = CARTESIAN
| BASIS FILE = /home1/11707/msun12/QUICK-install/basis/3-21G.BAS
| DATA FILE  =    /work2/11707/msun12/stampede3/quickruns/3447190/txl1/taxol_3-21G.dat

 @ Finish reading job


 @ Begin SAD initial guess

 For Atom Kind =    1
 ELEMENT = C 
 BASIS FUNCTIONS =    9
 For Atom Kind =    2
 ELEMENT = O 
 BASIS FUNCTIONS =    9
 For Atom Kind =    3
 ELEMENT = N 
 BASIS FUNCTIONS =    9
 For Atom Kind =    4
 ELEMENT = H 
 BASIS FUNCTIONS =    2

 @ Finish SAD initial guess


 @ Begin Reading Molecular Information


 =========== Molecule Input ==========
 TOTAL MOLECULAR CHARGE  =    0    MULTIPLICITY                =    1
 TOTAL ATOM NUMBER       =  110    NUMBER OF ATOM TYPES        =    4
 NUMBER OF HYDROGEN ATOM =   49    NUMBER OF NON-HYDROGEN ATOM =   61
 NUMBER OF ELECTRONS     =  446

 -- INPUT GEOMETRY -- :
    C          -6.3961       1.6376      -1.0167
    C          -5.5976       1.9480       0.3157
    C          -4.1358       1.3889       0.3062
    C          -4.0900      -0.2069       0.0760
    C          -5.3005      -0.5560      -0.7831
    C          -5.6408       0.5560      -1.7454
    C          -2.8203      -0.7723      -0.5951
    C          -3.4405       1.9810       1.5955
    C          -1.5723      -0.0770      -0.1719
    O          -2.6953      -2.1590      -0.1698
    O          -1.8693       1.2309      -0.7751
    C          -1.3334      -0.1176       1.4102
    C          -0.8881       1.2875       1.4845
    C           0.3196       1.5771       0.9641
    O          -4.0361       2.4498       2.5048
    O          -1.9505       2.1871       1.7492
    C          -0.2199      -0.3744      -0.8072
    C           0.8361       0.5393      -0.0882
    O          -6.3706      -0.7461       0.1815
    C          -7.5080      -1.5313       0.1764
    O          -7.7343      -2.1872       1.1532
    C          -8.4523      -1.4158      -0.9939
    C          -5.4161      -1.5091      -2.0070
    O          -6.2193      -0.4454      -2.6903
    O          -5.4268       3.3774       0.3776
    O          -1.6122       4.1801       0.0344
    C          -0.7941       5.2258       0.2991
    O          -0.3049       5.8646      -0.5895
    C          -0.5432       5.4737       1.7764
    C           1.2299       2.7853       1.0315
    O           1.9361      -0.3334       0.3600
    C           3.1924       0.0393       0.0732
    O           3.4565       1.0474      -0.5230
    C           4.1742      -1.0075       0.5409
    C           5.5923      -0.5508       0.2305
    C           6.6535      -1.6277       0.4268
    C           6.3531      -2.9590       0.6578
    C           7.3484      -3.9223       0.5946
    C           8.6553      -3.5578       0.3263
    C           8.9721      -2.2174       0.1751
    C           7.9781      -1.2615       0.2323
    O           4.0118      -1.2781       1.9326
    N           5.9708       0.6810       0.8873
    C           6.1083       1.9571       0.3956
    O           6.3193       2.8804       1.1683
    C           5.8856       2.2295      -1.0684
    C           6.1183       1.3531      -2.1154
    C           5.5666       1.5986      -3.3628
    C           4.8505       2.7661      -3.5881
    C           4.7601       3.7103      -2.5860
    C           5.2758       3.4420      -1.3327
    C          -2.1367      -3.0476      -1.0301
    O          -2.1452      -2.8534      -2.2329
    C          -1.5034      -4.2030      -0.3691
    C          -1.4396      -4.3267       1.0054
    C          -0.7639      -5.3990       1.5627
    C          -0.1729      -6.3469       0.7428
    C          -0.2556      -6.2275      -0.6353
    C          -0.9156      -5.1510      -1.1911
    C          -0.2097      -1.1547       1.8364
    C          -2.4301      -0.4562       2.4708
    H          -3.6492       1.8683      -0.5156
    H          -4.2442      -0.7298       0.9946
    H          -6.1319       1.5762       1.1739
    H          -6.4278       2.5627      -1.5682
    H          -7.3896       1.3053      -0.7745
    H          -4.7466       0.9454      -2.2120
    H          -2.8856      -0.7190      -1.6683
    H          -1.1756       1.8958      -0.6851
    H          -1.8482       3.6442       0.8092
    H          -0.3040      -0.0417      -1.8339
    H           0.0915      -1.3953      -0.8029
    H           1.2665       1.1760      -0.8368
    H          -7.9448      -1.4088      -1.9397
    H          -8.9861      -0.4737      -0.9254
    H          -9.1715      -2.2206      -0.9250
    H          -5.9697      -2.4207      -1.8715
    H          -4.4957      -1.6916      -2.5342
    H          -6.1859       3.7990       0.8058
    H          -0.4047       4.5303       2.2919
    H          -1.4092       5.9590       2.2202
    H           0.3171       6.0932       1.8872
    H           1.4833       3.0343       2.0569
    H           0.8689       3.6688       0.5366
    H           2.1685       2.5342       0.5368
    H           3.9670      -1.8925      -0.0573
    H           5.5542      -0.3517      -0.8218
    H           5.3545      -3.2557       0.9039
    H           7.0989      -4.9514       0.7469
    H           9.4172      -4.3037       0.2408
    H           9.9857      -1.9178       0.0023
    H           8.2255      -0.2253       0.1253
    H           3.1299      -1.6338       2.1084
    H           6.0936       0.6251       1.8860
    H           6.7084       0.4705      -1.9833
    H           5.6744       0.8728      -4.1413
    H           4.3798       2.9274      -4.5336
    H           4.2564       4.6442      -2.7661
    H           5.1747       4.1495      -0.5327
    H          -1.9016      -3.5962       1.6316
    H          -0.6960      -5.4955       2.6284
    H           0.3482      -7.1761       1.1766
    H           0.1935      -6.9648      -1.2689
    H          -0.9826      -5.0259      -2.2518
    H           0.6895      -0.6503       2.1318
    H           0.0409      -1.8507       1.0571
    H          -0.5497      -1.7388       2.6731
    H          -2.6865      -1.5071       2.3903
    H          -3.3390       0.1001       2.4689
    H          -1.9770      -0.2959       3.4410

============== BASIS INFOS ==============
 BASIS FUNCTIONS =  647
 NSHELL =  281 NPRIM  = 1062
 JSHELL =  281 JBASIS =  513


 @ End Reading Molecular Information 


 @ Begin XC Quadrature Formation

 OCTAGO: OCTree Algorithm for Grid Operations 
   PRUNING CUTOFF       = 0.100E-06
   INITIAL GRID POINTS  =      416624
|   FINAL GRID POINTS    =      260535
|   SIGNIFICANT NUMBER OF BASIS FUNCTIONS     =      294181
|   SIGNIFICANT NUMBER OF PRIMITIVE FUNCTIONS =      313660

 @ End XC Quadrature Formation


 @ Begin Energy Calculation

| condition number of overlap matrix:    3.755E+03
| Smallest eigenvalue of overlap matrix:    1.428E-03

                                         SCF ENERGY
| ------------------------------------------------------------------------------------------------------------------------
| NCYC       ENERGY         DELTA_E      SCF_TIME  DII_CYC   DII_TIME   O_TIME  DIAG_TIME    MAX_ERR    RMS_CHG    MAX_CHG
| ------------------------------------------------------------------------------------------------------------------------
|  1  -2927.323802519      ------         0.611     1        0.03      0.58      0.01    0.2167E+01  0.1881E-01  0.9415E+00
|  2  -2909.694214193  -.176296E+02       0.623     2        0.03      0.59      0.01    0.3261E+00  0.1459E-01  0.1859E+01
|  3  -2903.659863608  -.603435E+01       0.615     3        0.03      0.58      0.01    0.7308E+00  0.1153E-01  0.1788E+01
|   ***  Level shifting applied  ( HOMO-LUMO gap =  0.009 au ) ***
|  4  -2910.746205467  0.708634E+01       0.606     4        0.03      0.57      0.01    0.1919E+00  0.2787E-02  0.1459E+00
|   ***  Level shifting applied  ( HOMO-LUMO gap =  0.167 au ) ***
|  5  -2911.070911166  0.324706E+00       0.592     5        0.03      0.56      0.01    0.8391E-01  0.1094E-02  0.6003E-01
|  6  -2911.092694539  0.217834E-01       1.091     6        0.13      0.96      0.01    0.6608E-01  0.5046E-03  0.2629E-01
|  7  -2911.112584238  0.198897E-01       0.579     7        0.04      0.54      0.01    0.1127E-01  0.1444E-03  0.8494E-02
|  8  -2911.113316116  0.731878E-03       0.567     8        0.04      0.53      0.01    0.3533E-02  0.5640E-04  0.3225E-02
|  9  -2911.113449828  0.133712E-03       0.553     9        0.04      0.51      0.01    0.2149E-02  0.2187E-04  0.1097E-02
| 10  -2911.113479695  0.298662E-04       0.543    10        0.04      0.50      0.01    0.5198E-03  0.6319E-05  0.3399E-03
| 11  -2911.113481719  0.202417E-05       0.532     1        0.05      0.48      0.01    0.8545E-04  0.1870E-05  0.1200E-03
| 12  -2911.113481820  0.100914E-06       0.518     2        0.04      0.47      0.01    0.6119E-04  0.7910E-06  0.5370E-04
| ------------------------------------------------------------------------------------------------------------------------
| REACH CONVERGENCE AFTER  12 CYCLES
| MAX ERROR = 0.611934E-04   RMS CHANGE = 0.791049E-06   MAX CHANGE = 0.536968E-04
| -----------------------------------------------
 ALPHA ELECTRON DENSITY    =   223.0005664504
 BETA ELECTRON DENSITY     =   223.0005664504
 ELECTRONIC ENERGY    = -12578.183357143
 CORE_CORE REPULSION  =   9667.069875324
 TOTAL ENERGY         =  -2911.113481820

 @ End Energy calculation


 @ Begin Gradient Calculation

 ANALYTICAL GRADIENT: 
----------------------------------------
 COORDINATE    XYZ            GRADIENT
----------------------------------------
    1X    -6.3960620484    -0.0060259284
    1Y     1.6375501950     0.0042628582
    1Z    -1.0167391376     0.0006241091
    2X    -5.5976016175     0.0019729527
    2Y     1.9479657588     0.0006048837
    2Z     0.3156763941     0.0043607714
    3X    -4.1358426958     0.0052420185
    3Y     1.3888886961     0.0040102788
    3Z     0.3061559434    -0.0087055431
    4X    -4.0900119523    -0.0033986132
    4Y    -0.2069339958    -0.0073272533
    4Z     0.0759908158     0.0082515319
    5X    -5.3005248048    -0.0039504797
    5Y    -0.5559696325     0.0021940016
    5Z    -0.7831189998     0.0016297481
    6X    -5.6408357108     0.0016330176
    6Y     0.5560152125    -0.0086867133
    6Z    -1.7454175833    -0.0035999091
    7X    -2.8203121254     0.0029031340
    7Y    -0.7723427990    -0.0033790183
    7Z    -0.5951161554     0.0017412102
    8X    -3.4405170127    -0.0091723240
    8Y     1.9809802613     0.0198186215
    8Z     1.5954933618     0.0244118025
    9X    -1.5722955801    -0.0046634889
    9Y    -0.0769638959    -0.0025798028
    9Z    -0.1719253231     0.0013253416
   10X    -2.6953277358     0.0090815220
   10Y    -2.1590275449     0.0038063717
   10Z    -0.1697708530    -0.0276767834
   11X    -1.8693494728     0.0266712116
   11Y     1.2308627640     0.0077861844
   11Z    -0.7751224092     0.0100565041
   12X    -1.3334065318    -0.0012744597
   12Y    -0.1176307990     0.0170328360
   12Z     1.4101577377    -0.0054655692
   13X    -0.8881045478     0.0094149865
   13Y     1.2874585683    -0.0097005593
   13Z     1.4845317434    -0.0053375510
   14X     0.3196037144    -0.0143301154
   14Y     1.5770568504     0.0054315727
   14Z     0.9640606036     0.0110404115
   15X    -4.0360630582     0.0243633938
   15Y     2.4497905671    -0.0148538926
   15Z     2.5047991213    -0.0301403871
   16X    -1.9504981989    -0.0118363979
   16Y     2.1870801370    -0.0110473515
   16Z     1.7492358836    -0.0044246316
   17X    -0.2198636968     0.0012540700
   17Y    -0.3744037186    -0.0077332659
   17Z    -0.8072270516    -0.0038225200
   18X     0.8361322639     0.0089897873
   18Y     0.5392960612    -0.0015016619
   18Z    -0.0882305667    -0.0079785516
   19X    -6.3705655165    -0.0105509799
   19Y    -0.7461437470    -0.0101186665
   19Z     0.1814962939    -0.0132026318
   20X    -7.5079891033     0.0061509267
   20Y    -1.5312545569    -0.0048211859
   20Z     0.1764442435     0.0267541979
   21X    -7.7343174206     0.0078304854
   21Y    -2.1872431170     0.0208717825
   21Z     1.1532460581    -0.0317216211
   22X    -8.4523256355     0.0002376985
   22Y    -1.4157501381     0.0033170097
   22Z    -0.9939260359    -0.0033219600
   23X    -5.4161060936    -0.0039478455
   23Y    -1.5091024852    -0.0006989194
   23Z    -2.0070004333    -0.0065123650
   24X    -6.2192576349     0.0170767605
   24Y    -0.4454467640     0.0011562620
   24Z    -2.6902952054     0.0198561020
   25X    -5.4267630344    -0.0253962895
   25Y     3.3774439679    -0.0053094358
   25Z     0.3776243788     0.0098966396
   26X    -1.6122442331     0.0067007419
   26Y     4.1801173692     0.0036761538
   26Z     0.0343779426     0.0279439493
   27X    -0.7940924306     0.0011668420
   27Y     5.2257743591     0.0059379979
   27Z     0.2990567328    -0.0270899474
   28X    -0.3048947533    -0.0151598752
   28Y     5.8645770378    -0.0234018327
   28Z    -0.5895333050     0.0308938151
   29X    -0.5432142115     0.0137343838
   29Y     5.4736988580     0.0078292420
   29Z     1.7763875257     0.0010751098
   30X     1.2298581039    -0.0028126095
   30Y     2.7852910627     0.0036126196
   30Z     1.0315035488     0.0002520156
   31X     1.9361231978     0.0150384998
   31Y    -0.3334212455     0.0205783213
   31Z     0.3599506875    -0.0143762164
   32X     3.1923973838    -0.0077651981
   32Y     0.0392867930     0.0186577559
   32Z     0.0732008056    -0.0071438231
   33X     3.4564615139    -0.0116545178
   33Y     1.0474090400    -0.0388953283
   33Z    -0.5229789999     0.0226384164
   34X     4.1741653088     0.0047752761
   34Y    -1.0074733869     0.0002107034
   34Z     0.5409361113     0.0014597051
   35X     5.5923107171     0.0008490553
   35Y    -0.5507792521     0.0084770061
   35Z     0.2305424976    -0.0038206273
   36X     6.6535037881     0.0066309148
   36Y    -1.6276655543    -0.0072585087
   36Z     0.4267850326     0.0004184858
   37X     6.3531150051     0.0038126497
   37Y    -2.9590429360     0.0049135819
   37Z     0.6578478902    -0.0002284718
   38X     7.3484382612     0.0006775955
   38Y    -3.9223477295     0.0012746209
   38Z     0.5946433254    -0.0003229763
   39X     8.6553271210    -0.0020580327
   39Y    -3.5577624717     0.0017412905
   39Z     0.3262773549    -0.0002489630
   40X     8.9721243751    -0.0037857537
   40Y    -2.2174055893     0.0001977917
   40Z     0.1751067634     0.0004535930
   41X     7.9780886392    -0.0030378352
   41Y    -1.2615409463    -0.0028592042
   41Z     0.2323472177     0.0013466768
   42X     4.0117557664    -0.0283403170
   42Y    -1.2781154276    -0.0056653555
   42Z     1.9325733176    -0.0139142957
   43X     5.9708271360    -0.0025221859
   43Y     0.6810003920     0.0013063281
   43Z     0.8873416378     0.0019056877
   44X     6.1083015365     0.0022680299
   44Y     1.9571430895     0.0118530810
   44Z     0.3956142302     0.0199529074
   45X     6.3193162726    -0.0058742867
   45Y     2.8803622800    -0.0266395283
   45Z     1.1682892292    -0.0220995761
   46X     5.8856240794    -0.0028503996
   46Y     2.2294773203     0.0075971089
   46Z    -1.0684369316    -0.0125712833
   47X     6.1182760772    -0.0009428395
   47Y     1.3530946933     0.0041651769
   47Z    -2.1154263515     0.0056490460
   48X     5.5666096951    -0.0008995448
   48Y     1.5985928121    -0.0016085302
   48Z    -3.3627524368     0.0003278742
   49X     4.8504996604    -0.0020624098
   49Y     2.7660993212     0.0049373462
   49Z    -3.5880647940     0.0043018765
   50X     4.7600527335     0.0036228540
   50Y     3.7102514633    -0.0095774423
   50Z    -2.5859740575    -0.0012037483
   51X     5.2758312329     0.0024249568
   51Y     3.4419996328    -0.0070507056
   51Z    -1.3326645918    -0.0005159166
   52X    -2.1366951232    -0.0045810933
   52Y    -3.0476308227     0.0086379041
   52Z    -1.0300506687     0.0005927726
   53X    -2.1451656838    -0.0007961927
   53Y    -2.8533799779    -0.0009614832
   53Z    -2.2328872205     0.0266005710
   54X    -1.5033715748     0.0075653291
   54Y    -4.2030090710    -0.0089674643
   54Z    -0.3691075382     0.0054717354
   55X    -1.4395727999    -0.0001468519
   55Y    -4.3266984404     0.0014614790
   55Z     1.0054186368    -0.0077836827
   56X    -0.7638830383     0.0003487058
   56Y    -5.3989755623    -0.0000681454
   56Z     1.5627243193    -0.0031361375
   57X    -0.1728504332    -0.0015833559
   57Y    -6.3468611347     0.0032349380
   57Z     0.7427716867    -0.0025540807
   58X    -0.2555829795    -0.0014265232
   58Y    -6.2275391756     0.0019187825
   58Z    -0.6353203685     0.0029304846
   59X    -0.9155594699    -0.0007805167
   59Y    -5.1509647533     0.0024457938
   59Z    -1.1911104510     0.0042729031
   60X    -0.2097392960     0.0049723488
   60Y    -1.1547475382    -0.0059949305
   60Z     1.8364341802     0.0050041190
   61X    -2.4300503956    -0.0021726201
   61Y    -0.4562313148     0.0036682982
   61Z     2.4707643087     0.0059601254
   62X    -3.6491745187    -0.0079936006
   62Y     1.8683153927    -0.0026493824
   62Z    -0.5155830594     0.0081738923
   63X    -4.2442042941     0.0014477359
   63Y    -0.7298029557     0.0038332347
   63Z     0.9946071660    -0.0101968841
   64X    -6.1319130983     0.0047013173
   64Y     1.5761652304     0.0068278723
   64Z     1.1739417496    -0.0068288623
   65X    -6.4278100209    -0.0004616247
   65Y     2.5627464257    -0.0078471537
   65Z    -1.5682089798     0.0044434017
   66X    -7.3896389443     0.0096769265
   66Y     1.3053382297     0.0029838363
   66Z    -0.7744957191    -0.0019986229
   67X    -4.7465709525    -0.0082348884
   67Y     0.9454138022    -0.0048132200
   67Z    -2.2120482489     0.0020993694
   68X    -2.8855556304     0.0007308554
   68Y    -0.7190312849     0.0013851289
   68Z    -1.6682582674     0.0088830713
   69X    -1.1756472598    -0.0196943535
   69Y     1.8958447948    -0.0163754486
   69Z    -0.6850815723    -0.0071558329
   70X    -1.8481633811     0.0041292669
   70Y     3.6442038083     0.0146922555
   70Z     0.8091516318    -0.0219678486
   71X    -0.3040223032    -0.0005943138
   71Y    -0.0416779132     0.0006830316
   71Z    -1.8339006500     0.0079621788
   72X     0.0915191370    -0.0050591842
   72Y    -1.3952922665     0.0133807554
   72Z    -0.8028716213    -0.0032253205
   73X     1.2665208967    -0.0089719155
   73Y     1.1759764098    -0.0074721529
   73Z    -0.8367613039     0.0101983992
   74X    -7.9447757667    -0.0061504494
   74Y    -1.4087837076    -0.0038379830
   74Z    -1.9396808281     0.0089705472
   75X    -8.9860731662     0.0041072559
   75Y    -0.4736978662    -0.0079228895
   75Z    -0.9254125307    -0.0011751248
   76X    -9.1714810604     0.0038712251
   76Y    -2.2205725696     0.0044477570
   76Z    -0.9250167206    -0.0004012290
   77X    -5.9696663559     0.0062103840
   77Y    -2.4206610149     0.0084573920
   77Z    -1.8715271229    -0.0030918195
   78X    -4.4956991333    -0.0100951810
   78Y    -1.6916168492     0.0029433379
   78Z    -2.5341524535     0.0031039263
   79X    -6.1859311524     0.0169767087
   79Y     3.7990295001    -0.0059176870
   79Z     0.8057985915    -0.0111785785
   80X    -0.4047348909    -0.0007949721
   80Y     4.5302822759     0.0037080213
   80Z     2.2918681450    -0.0048135241
   81X    -1.4092254776     0.0046604338
   81Y     5.9590269651    -0.0043753652
   81Z     2.2201989695    -0.0023749309
   82X     0.3171041142    -0.0128569427
   82Y     6.0931668053    -0.0105598975
   82Z     1.8871610341    -0.0024131008
   83X     1.4832825233     0.0020323889
   83Y     3.0343297417    -0.0021951331
   83Z     2.0569032671    -0.0073148350
   84X     0.8689347864     0.0068312462
   84Y     3.6687759202    -0.0076896891
   84Z     0.5365847410     0.0045139077
   85X     2.1684890256    -0.0014633610
   85Y     2.5341565935     0.0007348650
   85Z     0.5367745110    -0.0000195532
   86X     3.9669616429    -0.0003833571
   86Y    -1.8924970245     0.0073533992
   86Z    -0.0572581044     0.0065719470
   87X     5.5541776341     0.0005764341
   87Y    -0.3516751969    -0.0028167293
   87Z    -0.8217997928     0.0104580625
   88X     5.3544978589     0.0083073708
   88Y    -3.2557102186     0.0011600971
   88Z     0.9038848590    -0.0016506662
   89X     7.0989144921     0.0022829277
   89Y    -4.9513961981     0.0099147091
   89Z     0.7469288470    -0.0019847721
   90X     9.4171946391    -0.0074390379
   90Y    -4.3036937586     0.0071632654
   90Z     0.2407856384    -0.0003504971
   91X     9.9857451625    -0.0090625323
   91Y    -1.9177654664    -0.0021738219
   91Z     0.0023467702     0.0014432226
   92X     8.2254739781    -0.0014265138
   92Y    -0.2253064972    -0.0088176396
   92Z     0.1253413196     0.0017438992
   93X     3.1299497190     0.0228234583
   93Y    -1.6337869448     0.0059811533
   93Z     2.1083780410    -0.0000364482
   94X     6.0936142953     0.0000923574
   94Y     0.6250744177     0.0012203597
   94Z     1.8859549340    -0.0101374195
   95X     6.7084385023    -0.0061417922
   95Y     0.4705180859     0.0075098262
   95Z    -1.9833353715    -0.0016218371
   96X     5.6743955033    -0.0028342052
   96Y     0.8727860166     0.0058187015
   96Z    -4.1412753062     0.0083967724
   97X     4.3798459545     0.0038089580
   97Y     2.9274162635    -0.0029947432
   97Z    -4.5335959262     0.0103067921
   98X     4.2563846850     0.0028298456
   98Y     4.6442142246    -0.0047241339
   98Z    -2.7660689312     0.0009034632
   99X     5.1747309752     0.0010678174
   99Y     4.1495329469    -0.0038014514
   99Z    -0.5327311807    -0.0066084892
  100X    -1.9015966152     0.0047988390
  100Y    -3.5961884646    -0.0069034648
  100Z     1.6316251146    -0.0044456833
  101X    -0.6959961231     0.0000059917
  101Y    -5.4955301297     0.0008462214
  101Z     2.6284273507    -0.0080548384
  102X     0.3482320666    -0.0044153855
  102Y    -7.1761497180     0.0072261208
  102Z     1.1766068899    -0.0037058551
  103X     0.1934856248    -0.0040826651
  103Y    -6.9647955319     0.0062790832
  103Z    -1.2689412269     0.0050907343
  104X    -0.9826070850     0.0008866788
  104Y    -5.0258756638    -0.0016975568
  104Z    -2.2518210920     0.0090173027
  105X     0.6895305627    -0.0074836680
  105Y    -0.6503325997    -0.0063155184
  105Z     2.1318040128    -0.0025152944
  106X     0.0408559131    -0.0003885558
  106Y    -1.8507204713     0.0045546275
  106Z     1.0570934807     0.0060044854
  107X    -0.5497152620     0.0054211787
  107Y    -1.7387967528     0.0051036397
  107Z     2.6730564641    -0.0090605370
  108X    -2.6864695851     0.0011444203
  108Y    -1.5071205751     0.0042902832
  108Z     2.3903168925     0.0020954911
  109X    -3.3390145450     0.0092812466
  109Y     0.1000510676    -0.0069971480
  109Z     2.4688671085     0.0008763209
  110X    -1.9770021010    -0.0042850359
  110Y    -0.2959025626    -0.0015205652
  110Z     3.4410103628    -0.0074092524
----------------------------------------

 @ End Gradient Calculation

  Skipping one-electron property calculation.

 @ Output Timing Information

------------- TIMING ---------------
| INITIAL GUESS TIME  =     3.022271000( 16.04%)
| DFT GRID OPERATIONS =     0.421604000(  2.24%)
| TOTAL SCF TIME      =     7.508619000( 39.84%)
|       TOTAL OP TIME      =     6.959054000( 36.93%)
|             TOTAL 1e TIME      =     0.078500000(  0.42%)
|             TOTAL 2e TIME      =     2.361887000( 12.53%)
|             TOTAL EXC TIME     =     4.372958000( 23.20%)
|       TOTAL DII TIME      =     0.533066000(  2.83%)
|             TOTAL DIAG TIME    =     0.105753000(  0.56%)
| TOTAL GRADIENT TIME      =     3.609061000( 19.15%)
|       TOTAL 1e GRADIENT TIME      =     0.683360000( 3.86%)
|       TOTAL 2e GRADIENT TIME      =     2.075384000(11.01%)
|       TOTAL EXC GRADIENT TIME     =     0.806286000(  4.28%)
| TOTAL TIME          =    18.845207000
------------------------------------
| Job cpu time:  0 days  0 hours  0 minutes 18.8 seconds.

 @ Finish Output Timing Information

| Normal Termination. Task Finished on: Sat Aug 29 08:13:10 2026
