| *********************************************************************************************************
| **                                                                                                     **
| **           888888888888                                                                              **
| **         8888888888888888                                                                            **
| **      888888888888888888                                                                             **
| **     888888888888888888                                                                              **
| **    888888888888888                                                                                  **
| **   88888888888888888888                               88888                       8888:              **
| **   8888888888888888888888Z                            88888                       8888:              **
| **   888888888888888888888888?                          88888                       8888:              **
| **   8888888888888      8888888                                        888888       8888:              **
| **    88888888888         888888     8888:     88888    88888        888888888I     8888:    888888    **
| **    8888888888           88888:    8888:     88888    88888      $888888888888    8888:   888888     **
| **    I8Z 88888             88888    8888:     88888    88888    .888888     8888   8888: 888888       **
| **    .8Z 88888             88888    8888:     88888    88888    $88888             8888:88888         **
| **     8I 88888      .=88. .88888    8888:     88888    88888    88888              8888888888         **
| **    :8  88888      888888$8888$    8888:     88888    88888    8888O              88888888888        **
| **   ,7   +88888.     8888888888.    8888:     88888    88888    888888             88888O888888       **
| **         $888888:.   .8888888      88888....888888    88888     888888     8888   8888:  888888      **
| **          I8888888888888888888     888888888888888    88888     O888888888888O    8888:   888888     **
| **            O888888888888888888     88888888888888    88888       88888888888$    8888:    888888    **
| **               8888888Z     888      .8888I  88888    88888         8888888       8888:     888888   **
| **                                                                                                     **
| **                                                                                                     **
| **                                         Copyright (c) 2026                                          **
| **                          Regents of the University of California San Diego                          **
| **                                    & Michigan State University                                      **
| **                                        All Rights Reserved.                                         **
| **                                                                                                     **
| **             This software is subject to the terms of the Mozilla Public License, v. 2.0.            **
| **                                                                                                     **
| *********************************************************************************************************
|                                                                                                          
| Cite this work as:                                                                                       
| Manathunga, M.; O'Hearn, K. A.; Shajan, A.; Smith, J.; Miao, Y.; He, X.; Ayers, K.;                      
| Brothers, E.; Palos, E.; Tripathy, V.; Goetz, A.W.; Merz, K.M. QUICK-26.03.                              
| University of California,San Diego, CA and                                                               
| Michigan State University, East Lansing, MI, 2026                                                        
|                                                                                                          
| If you have any comments or queries, please reach out to us on GitHub issues or discussion sections:     
| https://github.com/merzlab/QUICK.                                                                        
|                                                                                                          
| TASK STARTS ON: Thu Aug 20 08:12:07 2026
| INPUT FILE :    quickruns/hf/morphine/morphine_hf_6-31G**.in
| OUTPUT FILE:    quickruns/hf/morphine/morphine_hf_6-31G**.out
| BASIS SET PATH: /home/michaelsun/QUICK-cuEST-install-release/basis

|------------ GPU INFORMATION ---------------
| CUDA ENABLED DEVICE         :        1
| CUDA DEVICE IN USE          :        0
| CUDA DEVICE NAME            : NVIDIA GB10
| CUDA DEVICE PM              :       48
| CUDA DEVICE CORE FREQ(GHZ)  :     2.42
| CUDA DEVICE MEMORY SIZE (MB):   124609
| SUPPORTING CUDA VERSION     :     12.1
|--------------------------------------------

 @ Read Job And Atom

  KEYWORD=HF BASIS=6-31G** CUTOFF=1.0E-10 DENSERMS=1.0E-6 ENERGY CUEST
 ============== JOB CARD =============
 METHOD = HARTREE FOCK
 DIRECT SCF 
 SAD INITAL GUESS 
 USE DIIS SCF
 PRINT ENERGY EVERY CYCLE
 READ SAD GUESS FROM FILE
 Level shifting allowed after cycle    3
 DIIS error must exceed 0.100 for level shifting
 Max HOMO-LUMO gap to allow level shifting = 0.200
 MAX SCF CYCLES =    200
 MAX DIIS CYCLES =   10
 DELTA DENSITY START CYCLE =    3
 COMPUTATIONAL CUTOFF: 
      TWO-e INTEGRAL         =  0.100E-09
      BASIS SET PRIME        =  0.100E-10
      MATRIX ELEMENTS        =  0.100E-09
      BASIS FUNCTION         =  0.100E-05
      NEAR-LINEAR DEPENDENCY =  0.100E-04
 DENSITY MATRIX MAXIMUM RMS FOR CONVERGENCE  =  0.100E-05
 BASIS SET = 6-31G**,  TYPE = CARTESIAN
| BASIS FILE = /home/michaelsun/QUICK-cuEST-install-release/basis/6-31GDP.BAS
| DATA FILE  =    quickruns/hf/morphine/morphine_hf_6-31G**.dat

 @ Finish reading job


 @ Begin SAD initial guess

 For Atom Kind =    1
 ELEMENT = O 
 BASIS FUNCTIONS =   15
 For Atom Kind =    2
 ELEMENT = N 
 BASIS FUNCTIONS =   15
 For Atom Kind =    3
 ELEMENT = C 
 BASIS FUNCTIONS =   15
 For Atom Kind =    4
 ELEMENT = H 
 BASIS FUNCTIONS =    5

 @ Finish SAD initial guess


 @ Begin Reading Molecular Information


 =========== Molecule Input ==========
 TOTAL MOLECULAR CHARGE  =    0    MULTIPLICITY                =    1
 TOTAL ATOM NUMBER       =   40    NUMBER OF ATOM TYPES        =    4
 NUMBER OF HYDROGEN ATOM =   19    NUMBER OF NON-HYDROGEN ATOM =   21
 NUMBER OF ELECTRONS     =  152

 -- INPUT GEOMETRY -- :
    O          -1.9930      -0.4740       1.2005
    O          -2.7826      -2.5168      -0.2218
    O          -3.6220       1.8421       0.5579
    N           3.1777      -0.0101       0.4474
    C           0.3699      -0.7149       0.6616
    C           1.2913      -1.3046      -0.4170
    C           2.3441      -0.2023      -0.7640
    C          -0.9377      -1.4750       0.9848
    C           1.1988      -0.3907       1.9201
    C          -0.2516       0.5302       0.1205
    C           1.6887       1.1052      -1.3279
    C           2.4315       0.4754       1.6126
    C           0.3384       1.4306      -0.7480
    C          -1.3631      -2.5067      -0.0924
    C           0.5066      -1.8183      -1.5971
    C          -1.5672       0.6306       0.5136
    C          -0.7155      -2.3492      -1.4425
    C           4.3733       0.7916       0.2084
    C          -0.4184       2.5415      -1.1246
    C          -2.3310       1.7217       0.1620
    C          -1.7382       2.6936      -0.6541
    H           1.8278      -2.1759      -0.0118
    H           3.0029      -0.6035      -1.5465
    H          -0.8451      -2.0128       1.9373
    H           1.5366      -1.3335       2.3712
    H           0.5899       0.1174       2.6790
    H           1.5474       0.9596      -2.4075
    H           2.3530       1.9680      -1.2194
    H           2.1271       1.5205       1.4760
    H           3.0801       0.4584       2.4975
    H          -1.0772      -3.5067       0.2593
    H           0.9601      -1.7947      -2.5831
    H          -1.2300      -2.7505      -2.3109
    H           4.1500       1.8479       0.0287
    H           4.9380       0.4055      -0.6472
    H           5.0444       0.7352       1.0730
    H          -0.0062       3.2824      -1.8043
    H          -2.3121       3.5638      -0.9645
    H          -3.1557      -2.6446       0.6672
    H          -3.8483       1.0686       1.1031

============== BASIS INFOS ==============
 BASIS FUNCTIONS =  410
 NSHELL =  141 NPRIM  =  721
 JSHELL =  141 JBASIS =  326


 @ End Reading Molecular Information 


 @ Begin Energy Calculation

| condition number of overlap matrix:    2.875E+04
| Smallest eigenvalue of overlap matrix:    3.009E-04

                                         SCF ENERGY
| ------------------------------------------------------------------------------------------------------------------------
| NCYC       ENERGY         DELTA_E      SCF_TIME  DII_CYC   DII_TIME   O_TIME  DIAG_TIME    MAX_ERR    RMS_CHG    MAX_CHG
| ------------------------------------------------------------------------------------------------------------------------
|  1   -923.839818772      ------         0.406     1        0.03      0.38      0.02    0.4989E+00  0.2337E-01  0.9978E+00
|  2   -925.291350861  0.145153E+01       0.373     2        0.03      0.35      0.02    0.8663E+00  0.2457E-01  0.1403E+01
|  3   -929.067629112  0.377628E+01       0.378     3        0.03      0.35      0.02    0.5823E+00  0.1535E-01  0.1515E+01
|   ***  Level shifting applied  ( HOMO-LUMO gap =  0.029 au ) ***
|  4   -933.571603311  0.450397E+01       0.374     4        0.03      0.35      0.02    0.1889E+00  0.3450E-02  0.1124E+00
|  5   -933.786602274  0.214999E+00       0.375     5        0.03      0.35      0.02    0.5487E-01  0.1219E-02  0.4064E-01
|  6   -933.826657366  0.400551E-01       0.374     6        0.03      0.35      0.02    0.2494E-01  0.5201E-03  0.1950E-01
|  7   -933.832922306  0.626494E-02       0.375     7        0.03      0.35      0.02    0.1185E-01  0.1953E-03  0.7846E-02
|  8   -933.833844443  0.922136E-03       0.375     8        0.03      0.35      0.02    0.5438E-02  0.8779E-04  0.3777E-02
|  9   -933.833996762  0.152319E-03       0.377     9        0.03      0.35      0.02    0.1880E-02  0.3497E-04  0.1639E-02
| 10   -933.834017945  0.211834E-04       0.375    10        0.03      0.35      0.02    0.5681E-03  0.1180E-04  0.5679E-03
| 11   -933.834020411  0.246638E-05       0.378     1        0.03      0.35      0.02    0.1829E-03  0.4570E-05  0.1850E-03
| 12   -933.834020804  0.392996E-06       0.376     2        0.03      0.35      0.02    0.5441E-04  0.2102E-05  0.6384E-04
| 13   -933.834020888  0.841087E-07       0.377     3        0.03      0.35      0.02    0.1836E-04  0.1009E-05  0.3133E-04
| 14   -933.834020907  0.189762E-07       0.376     4        0.03      0.35      0.01    0.8427E-05  0.4876E-06  0.1518E-04
| ------------------------------------------------------------------------------------------------------------------------
| REACH CONVERGENCE AFTER  14 CYCLES
| MAX ERROR = 0.842658E-05   RMS CHANGE = 0.487644E-06   MAX CHANGE = 0.151773E-04
| -----------------------------------------------
 ELECTRONIC ENERGY    =  -2763.141291388
 CORE_CORE REPULSION  =   1829.307270481
 TOTAL ENERGY         =   -933.834020907

 @ End Energy calculation

  Skipping one-electron property calculation.

 @ Output cuEST Memory Footprint

------------- cuEST MEMORY USAGE ---------------
| Peak Host Footprint =    32.16 kB
| Host Allocations =    30
| Peak Device Footprint =     3.06 GB
| Device Allocations =    21
------------------------------------------------

 @ Finish Output cuEST Memory Footprint


 @ Output Timing Information

------------- TIMING ---------------
| CUEST INITIALIZATION TIME =     2.539299000( 26.51%)
| INITIAL GUESS TIME  =     1.221102000( 12.75%)
| TOTAL SCF TIME      =     5.318835000( 55.52%)
|       TOTAL OP TIME      =     4.925562000( 51.42%)
|             TOTAL 1e TIME      =     0.030989000(  0.32%)
|             TOTAL 2e TIME      =     4.831082000( 50.43%)
|       TOTAL DII TIME      =     0.388769000(  4.06%)
|             TOTAL DIAG TIME    =     0.211362000(  2.21%)
| TOTAL TIME          =     9.579353000
------------------------------------
| Job cpu time:  0 days  0 hours  0 minutes  9.6 seconds.

 @ Finish Output Timing Information

| Normal Termination. Task Finished on: Thu Aug 20 08:12:17 2026
