| *********************************************************************************************************
| **                                                                                                     **
| **           888888888888                                                                              **
| **         8888888888888888                                                                            **
| **      888888888888888888                                                                             **
| **     888888888888888888                                                                              **
| **    888888888888888                                                                                  **
| **   88888888888888888888                               88888                       8888:              **
| **   8888888888888888888888Z                            88888                       8888:              **
| **   888888888888888888888888?                          88888                       8888:              **
| **   8888888888888      8888888                                        888888       8888:              **
| **    88888888888         888888     8888:     88888    88888        888888888I     8888:    888888    **
| **    8888888888           88888:    8888:     88888    88888      $888888888888    8888:   888888     **
| **    I8Z 88888             88888    8888:     88888    88888    .888888     8888   8888: 888888       **
| **    .8Z 88888             88888    8888:     88888    88888    $88888             8888:88888         **
| **     8I 88888      .=88. .88888    8888:     88888    88888    88888              8888888888         **
| **    :8  88888      888888$8888$    8888:     88888    88888    8888O              88888888888        **
| **   ,7   +88888.     8888888888.    8888:     88888    88888    888888             88888O888888       **
| **         $888888:.   .8888888      88888....888888    88888     888888     8888   8888:  888888      **
| **          I8888888888888888888     888888888888888    88888     O888888888888O    8888:   888888     **
| **            O888888888888888888     88888888888888    88888       88888888888$    8888:    888888    **
| **               8888888Z     888      .8888I  88888    88888         8888888       8888:     888888   **
| **                                                                                                     **
| **                                                                                                     **
| **                                         Copyright (c) 2026                                          **
| **                          Regents of the University of California San Diego                          **
| **                                    & Michigan State University                                      **
| **                                        All Rights Reserved.                                         **
| **                                                                                                     **
| **             This software is subject to the terms of the Mozilla Public License, v. 2.0.            **
| **                                                                                                     **
| *********************************************************************************************************
|                                                                                                          
| Cite this work as:                                                                                       
| Manathunga, M.; O'Hearn, K. A.; Shajan, A.; Smith, J.; Miao, Y.; He, X.; Ayers, K.;                      
| Brothers, E.; Palos, E.; Tripathy, V.; Goetz, A.W.; Merz, K.M. QUICK-26.03.                              
| University of California,San Diego, CA and                                                               
| Michigan State University, East Lansing, MI, 2026                                                        
|                                                                                                          
| If you have any comments or queries, please reach out to us on GitHub issues or discussion sections:     
| https://github.com/merzlab/QUICK.                                                                        
|                                                                                                          
| TASK STARTS ON: Thu Aug 20 08:11:54 2026
| INPUT FILE :    quickruns/hf/morphine/morphine_hf_6-31G.in
| OUTPUT FILE:    quickruns/hf/morphine/morphine_hf_6-31G.out
| BASIS SET PATH: /home/michaelsun/QUICK-cuEST-install-release/basis

|------------ GPU INFORMATION ---------------
| CUDA ENABLED DEVICE         :        1
| CUDA DEVICE IN USE          :        0
| CUDA DEVICE NAME            : NVIDIA GB10
| CUDA DEVICE PM              :       48
| CUDA DEVICE CORE FREQ(GHZ)  :     2.42
| CUDA DEVICE MEMORY SIZE (MB):   124609
| SUPPORTING CUDA VERSION     :     12.1
|--------------------------------------------

 @ Read Job And Atom

  KEYWORD=HF BASIS=6-31G CUTOFF=1.0E-10 DENSERMS=1.0E-6 ENERGY CUEST
 ============== JOB CARD =============
 METHOD = HARTREE FOCK
 DIRECT SCF 
 SAD INITAL GUESS 
 USE DIIS SCF
 PRINT ENERGY EVERY CYCLE
 READ SAD GUESS FROM FILE
 Level shifting allowed after cycle    3
 DIIS error must exceed 0.100 for level shifting
 Max HOMO-LUMO gap to allow level shifting = 0.200
 MAX SCF CYCLES =    200
 MAX DIIS CYCLES =   10
 DELTA DENSITY START CYCLE =    3
 COMPUTATIONAL CUTOFF: 
      TWO-e INTEGRAL         =  0.100E-09
      BASIS SET PRIME        =  0.100E-10
      MATRIX ELEMENTS        =  0.100E-09
      BASIS FUNCTION         =  0.100E-05
      NEAR-LINEAR DEPENDENCY =  0.100E-04
 DENSITY MATRIX MAXIMUM RMS FOR CONVERGENCE  =  0.100E-05
 BASIS SET = 6-31G,  TYPE = CARTESIAN
| BASIS FILE = /home/michaelsun/QUICK-cuEST-install-release/basis/6-31G.BAS
| DATA FILE  =    quickruns/hf/morphine/morphine_hf_6-31G.dat

 @ Finish reading job


 @ Begin SAD initial guess

 For Atom Kind =    1
 ELEMENT = O 
 BASIS FUNCTIONS =    9
 For Atom Kind =    2
 ELEMENT = N 
 BASIS FUNCTIONS =    9
 For Atom Kind =    3
 ELEMENT = C 
 BASIS FUNCTIONS =    9
 For Atom Kind =    4
 ELEMENT = H 
 BASIS FUNCTIONS =    2

 @ Finish SAD initial guess


 @ Begin Reading Molecular Information


 =========== Molecule Input ==========
 TOTAL MOLECULAR CHARGE  =    0    MULTIPLICITY                =    1
 TOTAL ATOM NUMBER       =   40    NUMBER OF ATOM TYPES        =    4
 NUMBER OF HYDROGEN ATOM =   19    NUMBER OF NON-HYDROGEN ATOM =   21
 NUMBER OF ELECTRONS     =  152

 -- INPUT GEOMETRY -- :
    O          -1.9930      -0.4740       1.2005
    O          -2.7826      -2.5168      -0.2218
    O          -3.6220       1.8421       0.5579
    N           3.1777      -0.0101       0.4474
    C           0.3699      -0.7149       0.6616
    C           1.2913      -1.3046      -0.4170
    C           2.3441      -0.2023      -0.7640
    C          -0.9377      -1.4750       0.9848
    C           1.1988      -0.3907       1.9201
    C          -0.2516       0.5302       0.1205
    C           1.6887       1.1052      -1.3279
    C           2.4315       0.4754       1.6126
    C           0.3384       1.4306      -0.7480
    C          -1.3631      -2.5067      -0.0924
    C           0.5066      -1.8183      -1.5971
    C          -1.5672       0.6306       0.5136
    C          -0.7155      -2.3492      -1.4425
    C           4.3733       0.7916       0.2084
    C          -0.4184       2.5415      -1.1246
    C          -2.3310       1.7217       0.1620
    C          -1.7382       2.6936      -0.6541
    H           1.8278      -2.1759      -0.0118
    H           3.0029      -0.6035      -1.5465
    H          -0.8451      -2.0128       1.9373
    H           1.5366      -1.3335       2.3712
    H           0.5899       0.1174       2.6790
    H           1.5474       0.9596      -2.4075
    H           2.3530       1.9680      -1.2194
    H           2.1271       1.5205       1.4760
    H           3.0801       0.4584       2.4975
    H          -1.0772      -3.5067       0.2593
    H           0.9601      -1.7947      -2.5831
    H          -1.2300      -2.7505      -2.3109
    H           4.1500       1.8479       0.0287
    H           4.9380       0.4055      -0.6472
    H           5.0444       0.7352       1.0730
    H          -0.0062       3.2824      -1.8043
    H          -2.3121       3.5638      -0.9645
    H          -3.1557      -2.6446       0.6672
    H          -3.8483       1.0686       1.1031

============== BASIS INFOS ==============
 BASIS FUNCTIONS =  227
 NSHELL =  101 NPRIM  =  538
 JSHELL =  101 JBASIS =  286


 @ End Reading Molecular Information 


 @ Begin Energy Calculation

| condition number of overlap matrix:    1.492E+04
| Smallest eigenvalue of overlap matrix:    4.406E-04

                                         SCF ENERGY
| ------------------------------------------------------------------------------------------------------------------------
| NCYC       ENERGY         DELTA_E      SCF_TIME  DII_CYC   DII_TIME   O_TIME  DIAG_TIME    MAX_ERR    RMS_CHG    MAX_CHG
| ------------------------------------------------------------------------------------------------------------------------
|  1   -924.114876990      ------         0.134     1        0.01      0.12      0.01    0.5045E+00  0.6936E-01  0.3943E+01
|  2   -924.592526448  0.477649E+00       0.124     2        0.01      0.11      0.01    0.7683E+00  0.6742E-01  0.3961E+01
|  3   -931.422557893  0.683003E+01       0.127     3        0.01      0.11      0.01    0.4090E+00  0.1841E-01  0.5496E+00
|   ***  Level shifting applied  ( HOMO-LUMO gap =  0.027 au ) ***
|  4   -933.183946610  0.176139E+01       0.124     4        0.01      0.11      0.01    0.1203E+00  0.6415E-02  0.8406E-01
|  5   -933.374650479  0.190704E+00       0.126     5        0.01      0.11      0.01    0.3972E-01  0.2106E-02  0.3478E-01
|  6   -933.401347782  0.266973E-01       0.126     6        0.01      0.11      0.01    0.2181E-01  0.1090E-02  0.1718E-01
|  7   -933.406679735  0.533195E-02       0.124     7        0.01      0.11      0.01    0.7477E-02  0.3332E-03  0.5257E-02
|  8   -933.407218211  0.538477E-03       0.126     8        0.01      0.11      0.01    0.2914E-02  0.1257E-03  0.2408E-02
|  9   -933.407291654  0.734427E-04       0.124     9        0.01      0.11      0.01    0.1029E-02  0.4517E-04  0.9046E-03
| 10   -933.407301752  0.100980E-04       0.126    10        0.01      0.11      0.01    0.3170E-03  0.2052E-04  0.3436E-03
| 11   -933.407304103  0.235058E-05       0.125     1        0.01      0.11      0.01    0.1121E-03  0.1159E-04  0.2546E-03
| 12   -933.407304738  0.635313E-06       0.126     2        0.01      0.11      0.01    0.5306E-04  0.5571E-05  0.1265E-03
| 13   -933.407304862  0.124094E-06       0.125     3        0.01      0.11      0.01    0.2358E-04  0.2062E-05  0.4094E-04
| 14   -933.407304878  0.155537E-07       0.126     4        0.01      0.11      0.01    0.1298E-04  0.5992E-06  0.1020E-04
| ------------------------------------------------------------------------------------------------------------------------
| REACH CONVERGENCE AFTER  14 CYCLES
| MAX ERROR = 0.129787E-04   RMS CHANGE = 0.599249E-06   MAX CHANGE = 0.101997E-04
| -----------------------------------------------
 ELECTRONIC ENERGY    =  -2762.714575358
 CORE_CORE REPULSION  =   1829.307270481
 TOTAL ENERGY         =   -933.407304878

 @ End Energy calculation

  Skipping one-electron property calculation.

 @ Output cuEST Memory Footprint

------------- cuEST MEMORY USAGE ---------------
| Peak Host Footprint =    30.88 kB
| Host Allocations =    30
| Peak Device Footprint =     1.46 GB
| Device Allocations =    21
------------------------------------------------

 @ Finish Output cuEST Memory Footprint


 @ Output Timing Information

------------- TIMING ---------------
| CUEST INITIALIZATION TIME =     1.349674000( 27.75%)
| INITIAL GUESS TIME  =     1.273885000( 26.19%)
| TOTAL SCF TIME      =     1.771234000( 36.42%)
|       TOTAL OP TIME      =     1.592095000( 32.73%)
|             TOTAL 1e TIME      =     0.007501000(  0.15%)
|             TOTAL 2e TIME      =     1.566270000( 32.20%)
|       TOTAL DII TIME      =     0.176722000(  3.63%)
|             TOTAL DIAG TIME    =     0.126632000(  2.60%)
| TOTAL TIME          =     4.863988000
------------------------------------
| Job cpu time:  0 days  0 hours  0 minutes  4.9 seconds.

 @ Finish Output Timing Information

| Normal Termination. Task Finished on: Thu Aug 20 08:11:58 2026
