
======== FILE: ./taxol/taxol-1/taxol_6-31G.out ========
| 21  -2925.307023255  -.141739E-05       0.971     1        0.06      0.91      0.03    0.8090E-03  0.1019E-04  0.6815E-03
| 22  -2925.307029223  0.596794E-05       0.969     2        0.06      0.91      0.03    0.2774E-03  0.2796E-05  0.3199E-03
| 23  -2925.307029551  0.328320E-06       0.966     3        0.06      0.91      0.03    0.6810E-04  0.1124E-05  0.7604E-04
| 24  -2925.307029565  0.131004E-07       0.968     4        0.06      0.91      0.03    0.4048E-04  0.6357E-06  0.4315E-04
| ------------------------------------------------------------------------------------------------------------------------
| REACH CONVERGENCE AFTER  24 CYCLES
| MAX ERROR = 0.404796E-04   RMS CHANGE = 0.635684E-06   MAX CHANGE = 0.431515E-04
| -----------------------------------------------
 ALPHA ELECTRON DENSITY    =   223.0009117698
 BETA ELECTRON DENSITY     =   223.0009117698
 ELECTRONIC ENERGY    = -12592.376904888
 CORE_CORE REPULSION  =   9667.069875324
 TOTAL ENERGY         =  -2925.307029565

 @ End Energy calculation

  Skipping one-electron property calculation.

 @ Output cuEST Memory Footprint

------------- cuEST MEMORY USAGE ---------------
| Peak Host Footprint =    61.23 kB
| Host Allocations =    38
| Peak Device Footprint =     7.08 GB
| Device Allocations =    29
------------------------------------------------

 @ Finish Output cuEST Memory Footprint


 @ Output Timing Information

------------- TIMING ---------------
| CUEST INITIALIZATION TIME =     6.485297000( 20.21%)
| INITIAL GUESS TIME  =     1.723276000(  5.37%)
| DFT GRID OPERATIONS =     0.001565000(  0.00%)
| TOTAL SCF TIME      =    22.563162000( 70.33%)
|       TOTAL OP TIME      =    21.087543000( 65.73%)
|             TOTAL 1e TIME      =     0.044114000(  0.14%)
|             TOTAL 2e TIME      =     0.650453000(  2.03%)
|             TOTAL EXC TIME     =    20.278219000( 63.21%)
|       TOTAL DII TIME      =     1.452210000(  4.53%)
|             TOTAL DIAG TIME    =     0.608732000(  1.90%)
| TOTAL TIME          =    32.082917000
------------------------------------
| Job cpu time:  0 days  0 hours  0 minutes 32.1 seconds.

 @ Finish Output Timing Information

| Normal Termination. Task Finished on: Thu Aug 20 08:21:53 2026

======== FILE: ./taxol/taxol-1/taxol_6-31G*.out ========
| 17  -2926.098118326  0.132083E-04       1.407     7        0.14      1.26      0.05    0.8910E-03  0.6188E-05  0.9797E-03
| 18  -2926.098123290  0.496365E-05       1.523     8        0.14      1.38      0.05    0.2603E-03  0.2679E-05  0.2840E-03
| 19  -2926.098123971  0.681608E-06       1.506     9        0.14      1.36      0.05    0.8766E-04  0.1044E-05  0.9862E-04
| 20  -2926.098124095  0.123964E-06       1.517    10        0.14      1.37      0.05    0.5590E-04  0.3902E-06  0.6420E-04
| ------------------------------------------------------------------------------------------------------------------------
| REACH CONVERGENCE AFTER  20 CYCLES
| MAX ERROR = 0.559006E-04   RMS CHANGE = 0.390193E-06   MAX CHANGE = 0.642005E-04
| -----------------------------------------------
 ALPHA ELECTRON DENSITY    =   223.0009233397
 BETA ELECTRON DENSITY     =   223.0009233397
 ELECTRONIC ENERGY    = -12593.167999419
 CORE_CORE REPULSION  =   9667.069875324
 TOTAL ENERGY         =  -2926.098124095

 @ End Energy calculation

  Skipping one-electron property calculation.

 @ Output cuEST Memory Footprint

------------- cuEST MEMORY USAGE ---------------
| Peak Host Footprint =    63.18 kB
| Host Allocations =    38
| Peak Device Footprint =    10.13 GB
| Device Allocations =    29
------------------------------------------------

 @ Finish Output cuEST Memory Footprint


 @ Output Timing Information

------------- TIMING ---------------
| CUEST INITIALIZATION TIME =    11.183950000( 25.39%)
| INITIAL GUESS TIME  =     1.952527000(  4.43%)
| DFT GRID OPERATIONS =     0.001543000(  0.00%)
| TOTAL SCF TIME      =    29.465006000( 66.88%)
|       TOTAL OP TIME      =    26.541006000( 60.25%)
|             TOTAL 1e TIME      =     0.118916000(  0.27%)
|             TOTAL 2e TIME      =     1.115503000(  2.53%)
|             TOTAL EXC TIME     =    25.016185000( 56.78%)
|       TOTAL DII TIME      =     2.873757000(  6.52%)
|             TOTAL DIAG TIME    =     0.971193000(  2.20%)
| TOTAL TIME          =    44.054931000
------------------------------------
| Job cpu time:  0 days  0 hours  0 minutes 44.1 seconds.

 @ Finish Output Timing Information

| Normal Termination. Task Finished on: Thu Aug 20 08:22:38 2026

======== FILE: ./taxol/taxol-1/taxol_def2-SV(P).out ========
| 37  -2923.962288948  0.584203E-05       1.461     7        0.14      1.31      0.05    0.4082E-03  0.5594E-05  0.3939E-03
| 38  -2923.962290568  0.161969E-05       1.460     8        0.14      1.31      0.05    0.2092E-03  0.2714E-05  0.1918E-03
| 39  -2923.962291163  0.595732E-06       1.459     9        0.14      1.31      0.05    0.1288E-03  0.1272E-05  0.9322E-04
| 40  -2923.962291302  0.138867E-06       1.459    10        0.14      1.31      0.05    0.3742E-04  0.4902E-06  0.3519E-04
| ------------------------------------------------------------------------------------------------------------------------
| REACH CONVERGENCE AFTER  40 CYCLES
| MAX ERROR = 0.374231E-04   RMS CHANGE = 0.490201E-06   MAX CHANGE = 0.351932E-04
| -----------------------------------------------
 ALPHA ELECTRON DENSITY    =   223.0008183589
 BETA ELECTRON DENSITY     =   223.0008183589
 ELECTRONIC ENERGY    = -12591.032166626
 CORE_CORE REPULSION  =   9667.069875324
 TOTAL ENERGY         =  -2923.962291302

 @ End Energy calculation

  Skipping one-electron property calculation.

 @ Output cuEST Memory Footprint

------------- cuEST MEMORY USAGE ---------------
| Peak Host Footprint =    63.18 kB
| Host Allocations =    38
| Peak Device Footprint =    10.49 GB
| Device Allocations =    29
------------------------------------------------

 @ Finish Output cuEST Memory Footprint


 @ Output Timing Information

------------- TIMING ---------------
| CUEST INITIALIZATION TIME =    11.518505000( 15.56%)
| INITIAL GUESS TIME  =     1.911174000(  2.58%)
| DFT GRID OPERATIONS =     0.001575000(  0.00%)
| TOTAL SCF TIME      =    59.095054000( 79.84%)
|       TOTAL OP TIME      =    52.763775000( 71.28%)
|             TOTAL 1e TIME      =     0.119189000(  0.16%)
|             TOTAL 2e TIME      =     2.378437000(  3.21%)
|             TOTAL EXC TIME     =    49.846953000( 67.34%)
|       TOTAL DII TIME      =     6.226956000(  8.41%)
|             TOTAL DIAG TIME    =     1.937420000(  2.62%)
| TOTAL TIME          =    74.018264000
------------------------------------
| Job cpu time:  0 days  0 hours  1 minutes 14.0 seconds.

 @ Finish Output Timing Information

| Normal Termination. Task Finished on: Thu Aug 20 08:31:09 2026

======== FILE: ./taxol/taxol-1/taxol_6-31+G**.out ========
|105  -2926.314594230  0.103760E-05       3.214     5        0.30      2.90      0.09    0.1726E-03  0.1930E-05  0.1854E-03
|106  -2926.314594431  0.201730E-06       3.213     6        0.30      2.90      0.09    0.5856E-04  0.1310E-05  0.1490E-03
|107  -2926.314594429  -.237378E-08       3.213     7        0.30      2.90      0.09    0.4858E-04  0.7399E-06  0.1093E-03
|108  -2926.314594459  0.300006E-07       3.212     8        0.30      2.90      0.09    0.1722E-04  0.1533E-06  0.1292E-04
| ------------------------------------------------------------------------------------------------------------------------
| REACH CONVERGENCE AFTER 108 CYCLES
| MAX ERROR = 0.172218E-04   RMS CHANGE = 0.153349E-06   MAX CHANGE = 0.129154E-04
| -----------------------------------------------
 ALPHA ELECTRON DENSITY    =   223.0010776148
 BETA ELECTRON DENSITY     =   223.0010776148
 ELECTRONIC ENERGY    = -12593.384469783
 CORE_CORE REPULSION  =   9667.069875324
 TOTAL ENERGY         =  -2926.314594459

 @ End Energy calculation

  Skipping one-electron property calculation.

 @ Output cuEST Memory Footprint

------------- cuEST MEMORY USAGE ---------------
| Peak Host Footprint =    68.65 kB
| Host Allocations =    38
| Peak Device Footprint =    25.39 GB
| Device Allocations =    29
------------------------------------------------

 @ Finish Output cuEST Memory Footprint


 @ Output Timing Information

------------- TIMING ---------------
| CUEST INITIALIZATION TIME =    25.590095000(  6.59%)
| INITIAL GUESS TIME  =     2.794061000(  0.72%)
| DFT GRID OPERATIONS =     0.001594000(  0.00%)
| TOTAL SCF TIME      =   358.048844000( 92.26%)
|       TOTAL OP TIME      =   320.912195000( 82.69%)
|             TOTAL 1e TIME      =     0.333146000(  0.09%)
|             TOTAL 2e TIME      =    15.216870000(  3.92%)
|             TOTAL EXC TIME     =   303.520987000( 78.21%)
|       TOTAL DII TIME      =    36.467715000(  9.40%)
|             TOTAL DIAG TIME    =     9.680316000(  2.49%)
| TOTAL TIME          =   388.106706000
------------------------------------
| Job cpu time:  0 days  0 hours  6 minutes 28.1 seconds.

 @ Finish Output Timing Information

| Normal Termination. Task Finished on: Thu Aug 20 08:29:54 2026

======== FILE: ./taxol/taxol-1/taxol_3-21G.out ========
| 17  -2910.056739316  0.873473E-05       0.709     7        0.06      0.65      0.03    0.4178E-03  0.5052E-05  0.2678E-03
| 18  -2910.056740676  0.136042E-05       0.714     8        0.06      0.65      0.03    0.1903E-03  0.2175E-05  0.1797E-03
| 19  -2910.056740805  0.128814E-06       0.717     9        0.06      0.66      0.03    0.5479E-04  0.1060E-05  0.8156E-04
| 20  -2910.056740847  0.422860E-07       0.707    10        0.06      0.65      0.03    0.2828E-04  0.5128E-06  0.2552E-04
| ------------------------------------------------------------------------------------------------------------------------
| REACH CONVERGENCE AFTER  20 CYCLES
| MAX ERROR = 0.282817E-04   RMS CHANGE = 0.512834E-06   MAX CHANGE = 0.255163E-04
| -----------------------------------------------
 ALPHA ELECTRON DENSITY    =   223.0010776011
 BETA ELECTRON DENSITY     =   223.0010776011
 ELECTRONIC ENERGY    = -12577.126616171
 CORE_CORE REPULSION  =   9667.069875324
 TOTAL ENERGY         =  -2910.056740847

 @ End Energy calculation

  Skipping one-electron property calculation.

 @ Output cuEST Memory Footprint

------------- cuEST MEMORY USAGE ---------------
| Peak Host Footprint =    61.23 kB
| Host Allocations =    38
| Peak Device Footprint =     6.67 GB
| Device Allocations =    29
------------------------------------------------

 @ Finish Output cuEST Memory Footprint


 @ Output Timing Information

------------- TIMING ---------------
| CUEST INITIALIZATION TIME =     5.503209000( 24.57%)
| INITIAL GUESS TIME  =     1.453747000(  6.49%)
| DFT GRID OPERATIONS =     0.001662000(  0.01%)
| TOTAL SCF TIME      =    14.098902000( 62.94%)
|       TOTAL OP TIME      =    12.888756000( 57.54%)
|             TOTAL 1e TIME      =     0.033311000(  0.15%)
|             TOTAL 2e TIME      =     0.469999000(  2.10%)
|             TOTAL EXC TIME     =    12.293598000( 54.88%)
|       TOTAL DII TIME      =     1.190348000(  5.31%)
|             TOTAL DIAG TIME    =     0.505067000(  2.25%)
| TOTAL TIME          =    22.398961000
------------------------------------
| Job cpu time:  0 days  0 hours  0 minutes 22.4 seconds.

 @ Finish Output Timing Information

| Normal Termination. Task Finished on: Thu Aug 20 08:21:21 2026

======== FILE: ./taxol/taxol-1/taxol_def2-SVP.out ========
|155  -2924.082877668  0.147887E-04       1.748     5        0.21      1.53      0.07    0.8586E-03  0.5039E-05  0.6090E-03
|156  -2924.082880942  0.327389E-05       1.747     6        0.21      1.53      0.07    0.4430E-03  0.3055E-05  0.3302E-03
|157  -2924.082881258  0.316117E-06       1.749     7        0.21      1.54      0.07    0.2510E-03  0.1685E-05  0.2034E-03
|158  -2924.082881659  0.401289E-06       1.747     8        0.21      1.53      0.07    0.7513E-04  0.6468E-06  0.5726E-04
| ------------------------------------------------------------------------------------------------------------------------
| REACH CONVERGENCE AFTER 158 CYCLES
| MAX ERROR = 0.751300E-04   RMS CHANGE = 0.646770E-06   MAX CHANGE = 0.572571E-04
| -----------------------------------------------
 ALPHA ELECTRON DENSITY    =   223.0008042646
 BETA ELECTRON DENSITY     =   223.0008042646
 ELECTRONIC ENERGY    = -12591.152756983
 CORE_CORE REPULSION  =   9667.069875324
 TOTAL ENERGY         =  -2924.082881659

 @ End Energy calculation

  Skipping one-electron property calculation.

 @ Output cuEST Memory Footprint

------------- cuEST MEMORY USAGE ---------------
| Peak Host Footprint =    64.75 kB
| Host Allocations =    38
| Peak Device Footprint =    11.98 GB
| Device Allocations =    29
------------------------------------------------

 @ Finish Output cuEST Memory Footprint


 @ Output Timing Information

------------- TIMING ---------------
| CUEST INITIALIZATION TIME =    13.578794000(  4.54%)
| INITIAL GUESS TIME  =     2.032443000(  0.68%)
| DFT GRID OPERATIONS =     0.001574000(  0.00%)
| TOTAL SCF TIME      =   281.630338000( 94.24%)
|       TOTAL OP TIME      =   243.061707000( 81.33%)
|             TOTAL 1e TIME      =     0.133877000(  0.04%)
|             TOTAL 2e TIME      =    11.632887000(  3.89%)
|             TOTAL EXC TIME     =   229.628594000( 76.84%)
|       TOTAL DII TIME      =    37.715456000( 12.62%)
|             TOTAL DIAG TIME    =    10.581581000(  3.54%)
| TOTAL TIME          =   298.841968000
------------------------------------
| Job cpu time:  0 days  0 hours  4 minutes 58.8 seconds.

 @ Finish Output Timing Information

| Normal Termination. Task Finished on: Thu Aug 20 08:36:08 2026

======== FILE: ./taxol/taxol-1/taxol_6-31G**.out ========
| 16  -2926.190856361  0.691449E-04       1.640     6        0.22      1.42      0.07    0.1621E-02  0.9828E-05  0.1291E-02
| 17  -2926.190871289  0.149282E-04       1.639     7        0.22      1.42      0.07    0.7089E-03  0.4354E-05  0.9738E-03
| 18  -2926.190872949  0.165966E-05       1.638     8        0.22      1.42      0.07    0.3932E-03  0.2317E-05  0.3949E-03
| 19  -2926.190873651  0.702057E-06       1.638     9        0.21      1.42      0.07    0.1234E-03  0.9106E-06  0.9111E-04
| ------------------------------------------------------------------------------------------------------------------------
| REACH CONVERGENCE AFTER  19 CYCLES
| MAX ERROR = 0.123403E-03   RMS CHANGE = 0.910579E-06   MAX CHANGE = 0.911083E-04
| -----------------------------------------------
 ALPHA ELECTRON DENSITY    =   223.0009144388
 BETA ELECTRON DENSITY     =   223.0009144388
 ELECTRONIC ENERGY    = -12593.260748974
 CORE_CORE REPULSION  =   9667.069875324
 TOTAL ENERGY         =  -2926.190873651

 @ End Energy calculation

  Skipping one-electron property calculation.

 @ Output cuEST Memory Footprint

------------- cuEST MEMORY USAGE ---------------
| Peak Host Footprint =    64.75 kB
| Host Allocations =    38
| Peak Device Footprint =    11.65 GB
| Device Allocations =    29
------------------------------------------------

 @ Finish Output cuEST Memory Footprint


 @ Output Timing Information

------------- TIMING ---------------
| CUEST INITIALIZATION TIME =    13.036762000( 27.02%)
| INITIAL GUESS TIME  =     2.068110000(  4.29%)
| DFT GRID OPERATIONS =     0.001563000(  0.00%)
| TOTAL SCF TIME      =    31.543239000( 65.37%)
|       TOTAL OP TIME      =    27.297840000( 56.57%)
|             TOTAL 1e TIME      =     0.147772000(  0.31%)
|             TOTAL 2e TIME      =     1.303617000(  2.70%)
|             TOTAL EXC TIME     =    25.508822000( 52.87%)
|       TOTAL DII TIME      =     4.143718000(  8.59%)
|             TOTAL DIAG TIME    =     1.309035000(  2.71%)
| TOTAL TIME          =    48.251004000
------------------------------------
| Job cpu time:  0 days  0 hours  0 minutes 48.3 seconds.

 @ Finish Output Timing Information

| Normal Termination. Task Finished on: Thu Aug 20 08:23:26 2026
