| *********************************************************************************************************
| **                                                                                                     **
| **           888888888888                                                                              **
| **         8888888888888888                                                                            **
| **      888888888888888888                                                                             **
| **     888888888888888888                                                                              **
| **    888888888888888                                                                                  **
| **   88888888888888888888                               88888                       8888:              **
| **   8888888888888888888888Z                            88888                       8888:              **
| **   888888888888888888888888?                          88888                       8888:              **
| **   8888888888888      8888888                                        888888       8888:              **
| **    88888888888         888888     8888:     88888    88888        888888888I     8888:    888888    **
| **    8888888888           88888:    8888:     88888    88888      $888888888888    8888:   888888     **
| **    I8Z 88888             88888    8888:     88888    88888    .888888     8888   8888: 888888       **
| **    .8Z 88888             88888    8888:     88888    88888    $88888             8888:88888         **
| **     8I 88888      .=88. .88888    8888:     88888    88888    88888              8888888888         **
| **    :8  88888      888888$8888$    8888:     88888    88888    8888O              88888888888        **
| **   ,7   +88888.     8888888888.    8888:     88888    88888    888888             88888O888888       **
| **         $888888:.   .8888888      88888....888888    88888     888888     8888   8888:  888888      **
| **          I8888888888888888888     888888888888888    88888     O888888888888O    8888:   888888     **
| **            O888888888888888888     88888888888888    88888       88888888888$    8888:    888888    **
| **               8888888Z     888      .8888I  88888    88888         8888888       8888:     888888   **
| **                                                                                                     **
| **                                                                                                     **
| **                                         Copyright (c) 2026                                          **
| **                          Regents of the University of California San Diego                          **
| **                                    & Michigan State University                                      **
| **                                        All Rights Reserved.                                         **
| **                                                                                                     **
| **             This software is subject to the terms of the Mozilla Public License, v. 2.0.            **
| **                                                                                                     **
| *********************************************************************************************************
|                                                                                                          
| Cite this work as:                                                                                       
| Manathunga, M.; O'Hearn, K. A.; Shajan, A.; Smith, J.; Miao, Y.; He, X.; Ayers, K.;                      
| Brothers, E.; Palos, E.; Tripathy, V.; Goetz, A.W.; Merz, K.M. QUICK-26.03.                              
| University of California,San Diego, CA and                                                               
| Michigan State University, East Lansing, MI, 2026                                                        
|                                                                                                          
| If you have any comments or queries, please reach out to us on GitHub issues or discussion sections:     
| https://github.com/merzlab/QUICK.                                                                        
|                                                                                                          
| TASK STARTS ON: Sat Aug 29 08:14:10 2026
| INPUT FILE :    /work2/11707/msun12/stampede3/quickruns/3447190/mph1/morphine_def2-SV(P).in
| OUTPUT FILE:    /work2/11707/msun12/stampede3/quickruns/3447190/mph1/morphine_def2-SV(P).out
| BASIS SET PATH: /home1/11707/msun12/QUICK-install/basis

|------------ GPU INFORMATION ---------------
| CUDA ENABLED DEVICE         :        1
| CUDA DEVICE IN USE          :        0
| CUDA DEVICE NAME            : NVIDIA H100
| CUDA DEVICE PM              :      132
| CUDA DEVICE CORE FREQ(GHZ)  :     1.98
| CUDA DEVICE MEMORY SIZE (MB):    95321
| SUPPORTING CUDA VERSION     :      9.0
|--------------------------------------------

 @ Read Job And Atom

  KEYWORD=B3LYP BASIS=DEF2-SV(P) CUTOFF=1.0E-10 DENSERMS=1.0E-6 GRADIENT CUEST
 ============== JOB CARD =============
 METHOD = DENSITY FUNCTIONAL THEORY
 DENSITY FUNCTIONAL = B3LYP
 DIRECT SCF 
 SAD INITAL GUESS 
 USE DIIS SCF
 PRINT ENERGY EVERY CYCLE
 READ SAD GUESS FROM FILE
 STANDARD GRID = SG1
 Level shifting allowed after cycle    3
 DIIS error must exceed 0.100 for level shifting
 Max HOMO-LUMO gap to allow level shifting = 0.200
 GRADIENT CALCULATION
 MAX SCF CYCLES =    200
 MAX DIIS CYCLES =   10
 DELTA DENSITY START CYCLE =    3
 COMPUTATIONAL CUTOFF: 
      TWO-e INTEGRAL         =  0.100E-09
      BASIS SET PRIME        =  0.100E-10
      MATRIX ELEMENTS        =  0.100E-09
      BASIS FUNCTION         =  0.100E-05
      NEAR-LINEAR DEPENDENCY =  0.100E-04
      GRADIENT CUTOFF  =  0.100E-06
 DENSITY MATRIX MAXIMUM RMS FOR CONVERGENCE  =  0.100E-05
 BASIS SET = DEF2-SV(P),  TYPE = CARTESIAN
| BASIS FILE = /home1/11707/msun12/QUICK-install/basis/DEF2-SV_P.BAS
| DATA FILE  =    /work2/11707/msun12/stampede3/quickruns/3447190/mph1/morphine_def2-SV(P).dat

 @ Finish reading job


 @ Begin SAD initial guess

 For Atom Kind =    1
 ELEMENT = O 
 BASIS FUNCTIONS =   15
 For Atom Kind =    2
 ELEMENT = N 
 BASIS FUNCTIONS =   15
 For Atom Kind =    3
 ELEMENT = C 
 BASIS FUNCTIONS =   15
 For Atom Kind =    4
 ELEMENT = H 
 BASIS FUNCTIONS =    2

 @ Finish SAD initial guess


 @ Begin Reading Molecular Information


 =========== Molecule Input ==========
 TOTAL MOLECULAR CHARGE  =    0    MULTIPLICITY                =    1
 TOTAL ATOM NUMBER       =   40    NUMBER OF ATOM TYPES        =    4
 NUMBER OF HYDROGEN ATOM =   19    NUMBER OF NON-HYDROGEN ATOM =   21
 NUMBER OF ELECTRONS     =  152

 -- INPUT GEOMETRY -- :
    O          -1.9930      -0.4740       1.2005
    O          -2.7826      -2.5168      -0.2218
    O          -3.6220       1.8421       0.5579
    N           3.1777      -0.0101       0.4474
    C           0.3699      -0.7149       0.6616
    C           1.2913      -1.3046      -0.4170
    C           2.3441      -0.2023      -0.7640
    C          -0.9377      -1.4750       0.9848
    C           1.1988      -0.3907       1.9201
    C          -0.2516       0.5302       0.1205
    C           1.6887       1.1052      -1.3279
    C           2.4315       0.4754       1.6126
    C           0.3384       1.4306      -0.7480
    C          -1.3631      -2.5067      -0.0924
    C           0.5066      -1.8183      -1.5971
    C          -1.5672       0.6306       0.5136
    C          -0.7155      -2.3492      -1.4425
    C           4.3733       0.7916       0.2084
    C          -0.4184       2.5415      -1.1246
    C          -2.3310       1.7217       0.1620
    C          -1.7382       2.6936      -0.6541
    H           1.8278      -2.1759      -0.0118
    H           3.0029      -0.6035      -1.5465
    H          -0.8451      -2.0128       1.9373
    H           1.5366      -1.3335       2.3712
    H           0.5899       0.1174       2.6790
    H           1.5474       0.9596      -2.4075
    H           2.3530       1.9680      -1.2194
    H           2.1271       1.5205       1.4760
    H           3.0801       0.4584       2.4975
    H          -1.0772      -3.5067       0.2593
    H           0.9601      -1.7947      -2.5831
    H          -1.2300      -2.7505      -2.3109
    H           4.1500       1.8479       0.0287
    H           4.9380       0.4055      -0.6472
    H           5.0444       0.7352       1.0730
    H          -0.0062       3.2824      -1.8043
    H          -2.3121       3.5638      -0.9645
    H          -3.1557      -2.6446       0.6672
    H          -3.8483       1.0686       1.1031

============== BASIS INFOS ==============
 BASIS FUNCTIONS =  353
 NSHELL =  164 NPRIM  =  601
 JSHELL =  164 JBASIS =  328


 @ End Reading Molecular Information 


 @ Begin XC Quadrature Formation

 OCTAGO: OCTree Algorithm for Grid Operations 
   PRUNING CUTOFF       = 0.100E-06
   INITIAL GRID POINTS  =      151424
|   FINAL GRID POINTS    =       95829
|   SIGNIFICANT NUMBER OF BASIS FUNCTIONS     =      162572
|   SIGNIFICANT NUMBER OF PRIMITIVE FUNCTIONS =      175138

 @ End XC Quadrature Formation


 @ Begin Energy Calculation

| condition number of overlap matrix:    6.998E+04
| Smallest eigenvalue of overlap matrix:    1.421E-04

                                         SCF ENERGY
| ------------------------------------------------------------------------------------------------------------------------
| NCYC       ENERGY         DELTA_E      SCF_TIME  DII_CYC   DII_TIME   O_TIME  DIAG_TIME    MAX_ERR    RMS_CHG    MAX_CHG
| ------------------------------------------------------------------------------------------------------------------------
|  1   -944.232808044      ------         0.503     1        0.01      0.49      0.00    0.2258E+01  0.2518E-01  0.6235E+00
|  2   -938.415333760  -.581747E+01       0.517     2        0.01      0.51      0.00    0.2853E+00  0.1413E-01  0.5884E+00
|  3   -938.170221103  -.245113E+00       0.514     3        0.01      0.50      0.00    0.4322E+00  0.8188E-02  0.4002E+00
|   ***  Level shifting applied  ( HOMO-LUMO gap =  0.101 au ) ***
|  4   -938.910461990  0.740241E+00       0.510     4        0.01      0.50      0.00    0.2811E-01  0.1746E-02  0.4738E-01
|  5   -938.924697530  0.142355E-01       0.499     5        0.01      0.49      0.00    0.1171E-01  0.4466E-03  0.1225E-01
|  6   -938.926688959  0.199143E-02       0.490     6        0.01      0.48      0.00    0.4082E-02  0.1732E-03  0.5548E-02
|  7   -938.926872066  0.183107E-03       0.485     7        0.02      0.47      0.00    0.3019E-02  0.8968E-04  0.4489E-02
|  8   -938.926938126  0.660602E-04       0.476     8        0.01      0.46      0.00    0.4659E-03  0.1730E-04  0.5217E-03
|  9   -938.926940494  0.236796E-05       0.460     9        0.01      0.45      0.00    0.2522E-03  0.6076E-05  0.3254E-03
| 10   -938.926940768  0.274226E-06       0.453    10        0.01      0.44      0.00    0.5862E-04  0.2042E-05  0.8439E-04
| 11   -938.926940792  0.241284E-07       0.446     1        0.01      0.43      0.00    0.2689E-04  0.6860E-06  0.2348E-04
| ------------------------------------------------------------------------------------------------------------------------
| REACH CONVERGENCE AFTER  11 CYCLES
| MAX ERROR = 0.268877E-04   RMS CHANGE = 0.686029E-06   MAX CHANGE = 0.234808E-04
| -----------------------------------------------
 ALPHA ELECTRON DENSITY    =    75.9992207415
 BETA ELECTRON DENSITY     =    75.9992207415
 ELECTRONIC ENERGY    =  -2768.234211273
 CORE_CORE REPULSION  =   1829.307270481
 TOTAL ENERGY         =   -938.926940792

 @ End Energy calculation


 @ Begin Gradient Calculation

 ANALYTICAL GRADIENT: 
----------------------------------------
 COORDINATE    XYZ            GRADIENT
----------------------------------------
    1X    -1.9930001522    -0.0114838148
    1Y    -0.4740000362     0.0063656933
    1Z     1.2005000917     0.0005226841
    2X    -2.7826002125    -0.0024769737
    2Y    -2.5168001922     0.0013368428
    2Z    -0.2218000169     0.0049383943
    3X    -3.6220002766     0.0077804716
    3Y     1.8421001407    -0.0009467610
    3Z     0.5579000426    -0.0029131548
    4X     3.1777002427    -0.0030597311
    4Y    -0.0101000008    -0.0017633179
    4Z     0.4474000342     0.0034932782
    5X     0.3699000282     0.0072333639
    5Y    -0.7149000546    -0.0042039462
    5Z     0.6616000505    -0.0038665685
    6X     1.2913000986    -0.0002222811
    6Y    -1.3046000996    -0.0021900302
    6Z    -0.4170000318     0.0079782594
    7X     2.3441001790     0.0021696894
    7Y    -0.2023000154    -0.0012731751
    7Z    -0.7640000583    -0.0133688204
    8X    -0.9377000716    -0.0017550035
    8Y    -1.4750001126     0.0097505835
    8Z     0.9848000752    -0.0123739582
    9X     1.1988000915    -0.0066887378
    9Y    -0.3907000298     0.0029912356
    9Z     1.9201001466     0.0005349090
   10X    -0.2516000192    -0.0053631124
   10Y     0.5302000405    -0.0083798505
   10Z     0.1205000092     0.0099797709
   11X     1.6887001290     0.0023021901
   11Y     1.1052000844     0.0106852201
   11Z    -1.3279001014     0.0006683123
   12X     2.4315001857     0.0037859133
   12Y     0.4754000363     0.0089839013
   12Z     1.6126001231     0.0057024047
   13X     0.3384000258    -0.0038910165
   13Y     1.4306001092    -0.0007758999
   13Z    -0.7480000571    -0.0015082284
   14X    -1.3631001041     0.0178081732
   14Y    -2.5067001914     0.0007946235
   14Z    -0.0924000071     0.0051885152
   15X     0.5066000387     0.0085675381
   15Y    -1.8183001389     0.0003772247
   15Z    -1.5971001220    -0.0078599650
   16X    -1.5672001197    -0.0080493755
   16Y     0.6306000482     0.0074747268
   16Z     0.5136000392    -0.0016126058
   17X    -0.7155000546    -0.0060622271
   17Y    -2.3492001794    -0.0090475444
   17Z    -1.4425001102    -0.0005040116
   18X     4.3733003340     0.0051954223
   18Y     0.7916000604     0.0117807962
   18Z     0.2084000159    -0.0038765845
   19X    -0.4184000320     0.0143675578
   19Y     2.5415001941    -0.0011646341
   19Z    -1.1246000859    -0.0050468523
   20X    -2.3310001780     0.0111175314
   20Y     1.7217001315    -0.0087189366
   20Z     0.1620000124     0.0014723087
   21X    -1.7382001327    -0.0122844931
   21Y     2.6936002057    -0.0022224320
   21Z    -0.6541000499     0.0055312227
   22X     1.8278001396    -0.0067810424
   22Y    -2.1759001662    -0.0016014326
   22Z    -0.0118000009    -0.0039897386
   23X     3.0029002293    -0.0031577731
   23Y    -0.6035000461     0.0006903583
   23Z    -1.5465001181    -0.0000855040
   24X    -0.8451000645     0.0023322573
   24Y    -2.0128001537    -0.0007838193
   24Z     1.9373001479    -0.0032601590
   25X     1.5366001173    -0.0014719481
   25Y    -1.3335001018     0.0047856593
   25Z     2.3712001811    -0.0006720422
   26X     0.5899000450     0.0035520053
   26Y     0.1174000090    -0.0018752042
   26Z     2.6790002046    -0.0004418325
   27X     1.5474001182    -0.0014896064
   27Y     0.9596000733    -0.0008832915
   27Z    -2.4075001838     0.0052740302
   28X     2.3530001797    -0.0071075147
   28Y     1.9680001503    -0.0015374761
   28Z    -1.2194000931     0.0001186724
   29X     2.1271001624     0.0035193761
   29Y     1.5205001161    -0.0097452490
   29Z     1.4760001127     0.0002267897
   30X     3.0801002352    -0.0053438729
   30Y     0.4584000350     0.0001892361
   30Z     2.4975001907    -0.0013267823
   31X    -1.0772000823    -0.0080451573
   31Y    -3.5067002678     0.0054264486
   31Z     0.2593000198    -0.0061083038
   32X     0.9601000733    -0.0039384584
   32Y    -1.7947001371    -0.0005689838
   32Z    -2.5831001973     0.0062147474
   33X    -1.2300000939     0.0071387743
   33Y    -2.7505002100     0.0034825879
   33Z    -2.3109001765     0.0016791524
   34X     4.1500003169     0.0002926658
   34Y     1.8479001411    -0.0120635521
   34Z     0.0287000022     0.0021902244
   35X     4.9380003771    -0.0003724700
   35Y     0.4055000310     0.0025433487
   35Z    -0.6472000494     0.0054582245
   36X     5.0444003852    -0.0014708365
   36Y     0.7352000561     0.0001426277
   36Z     1.0730000819    -0.0057543440
   37X    -0.0062000005    -0.0016215575
   37Y     3.2824002507    -0.0038862472
   37Z    -1.8043001378     0.0031776851
   38X    -2.3121001766     0.0047885712
   38Y     3.5638002721    -0.0013368596
   38Z    -0.9645000737    -0.0009794460
   39X    -3.1557002410    -0.0002559087
   39Y    -2.6446002020    -0.0016700947
   39Z     0.6672000509     0.0034406735
   40X    -3.8483002939     0.0004414114
   40Y     1.0686000816    -0.0011623761
   40Z     1.1031000842     0.0017586424
----------------------------------------

 @ End Gradient Calculation

  Skipping one-electron property calculation.

 @ Output Timing Information

------------- TIMING ---------------
| INITIAL GUESS TIME  =     2.657179000( 20.19%)
| DFT GRID OPERATIONS =     0.143628000(  1.09%)
| TOTAL SCF TIME      =     5.407513000( 41.09%)
|       TOTAL OP TIME      =     5.259959000( 39.97%)
|             TOTAL 1e TIME      =     0.054947000(  0.42%)
|             TOTAL 2e TIME      =     1.503445000( 11.42%)
|             TOTAL EXC TIME     =     3.626281000( 27.55%)
|       TOTAL DII TIME      =     0.144419000(  1.10%)
|             TOTAL DIAG TIME    =     0.047602000(  0.36%)
| TOTAL GRADIENT TIME      =     4.033724000( 30.65%)
|       TOTAL 1e GRADIENT TIME      =     0.521199000( 4.00%)
|       TOTAL 2e GRADIENT TIME      =     2.831674000(21.52%)
|       TOTAL EXC GRADIENT TIME     =     0.676096000(  5.14%)
| TOTAL TIME          =    13.160296000
------------------------------------
| Job cpu time:  0 days  0 hours  0 minutes 13.2 seconds.

 @ Finish Output Timing Information

| Normal Termination. Task Finished on: Sat Aug 29 08:14:23 2026
