| *********************************************************************************************************
| **                                                                                                     **
| **           888888888888                                                                              **
| **         8888888888888888                                                                            **
| **      888888888888888888                                                                             **
| **     888888888888888888                                                                              **
| **    888888888888888                                                                                  **
| **   88888888888888888888                               88888                       8888:              **
| **   8888888888888888888888Z                            88888                       8888:              **
| **   888888888888888888888888?                          88888                       8888:              **
| **   8888888888888      8888888                                        888888       8888:              **
| **    88888888888         888888     8888:     88888    88888        888888888I     8888:    888888    **
| **    8888888888           88888:    8888:     88888    88888      $888888888888    8888:   888888     **
| **    I8Z 88888             88888    8888:     88888    88888    .888888     8888   8888: 888888       **
| **    .8Z 88888             88888    8888:     88888    88888    $88888             8888:88888         **
| **     8I 88888      .=88. .88888    8888:     88888    88888    88888              8888888888         **
| **    :8  88888      888888$8888$    8888:     88888    88888    8888O              88888888888        **
| **   ,7   +88888.     8888888888.    8888:     88888    88888    888888             88888O888888       **
| **         $888888:.   .8888888      88888....888888    88888     888888     8888   8888:  888888      **
| **          I8888888888888888888     888888888888888    88888     O888888888888O    8888:   888888     **
| **            O888888888888888888     88888888888888    88888       88888888888$    8888:    888888    **
| **               8888888Z     888      .8888I  88888    88888         8888888       8888:     888888   **
| **                                                                                                     **
| **                                                                                                     **
| **                                         Copyright (c) 2026                                          **
| **                          Regents of the University of California San Diego                          **
| **                                    & Michigan State University                                      **
| **                                        All Rights Reserved.                                         **
| **                                                                                                     **
| **             This software is subject to the terms of the Mozilla Public License, v. 2.0.            **
| **                                                                                                     **
| *********************************************************************************************************
|                                                                                                          
| Cite this work as:                                                                                       
| Manathunga, M.; O'Hearn, K. A.; Shajan, A.; Smith, J.; Miao, Y.; He, X.; Ayers, K.;                      
| Brothers, E.; Palos, E.; Tripathy, V.; Goetz, A.W.; Merz, K.M. QUICK-26.03.                              
| University of California,San Diego, CA and                                                               
| Michigan State University, East Lansing, MI, 2026                                                        
|                                                                                                          
| If you have any comments or queries, please reach out to us on GitHub issues or discussion sections:     
| https://github.com/merzlab/QUICK.                                                                        
|                                                                                                          
| TASK STARTS ON: Sat Aug 29 08:13:09 2026
| INPUT FILE :    /work2/11707/msun12/stampede3/quickruns/3447190/mph1/morphine_6-31G*.in
| OUTPUT FILE:    /work2/11707/msun12/stampede3/quickruns/3447190/mph1/morphine_6-31G*.out
| BASIS SET PATH: /home1/11707/msun12/QUICK-install/basis

|------------ GPU INFORMATION ---------------
| CUDA ENABLED DEVICE         :        1
| CUDA DEVICE IN USE          :        0
| CUDA DEVICE NAME            : NVIDIA H100
| CUDA DEVICE PM              :      132
| CUDA DEVICE CORE FREQ(GHZ)  :     1.98
| CUDA DEVICE MEMORY SIZE (MB):    95321
| SUPPORTING CUDA VERSION     :      9.0
|--------------------------------------------

 @ Read Job And Atom

  KEYWORD=B3LYP BASIS=6-31G* CUTOFF=1.0E-10 DENSERMS=1.0E-6 GRADIENT CUEST
 ============== JOB CARD =============
 METHOD = DENSITY FUNCTIONAL THEORY
 DENSITY FUNCTIONAL = B3LYP
 DIRECT SCF 
 SAD INITAL GUESS 
 USE DIIS SCF
 PRINT ENERGY EVERY CYCLE
 READ SAD GUESS FROM FILE
 STANDARD GRID = SG1
 Level shifting allowed after cycle    3
 DIIS error must exceed 0.100 for level shifting
 Max HOMO-LUMO gap to allow level shifting = 0.200
 GRADIENT CALCULATION
 MAX SCF CYCLES =    200
 MAX DIIS CYCLES =   10
 DELTA DENSITY START CYCLE =    3
 COMPUTATIONAL CUTOFF: 
      TWO-e INTEGRAL         =  0.100E-09
      BASIS SET PRIME        =  0.100E-10
      MATRIX ELEMENTS        =  0.100E-09
      BASIS FUNCTION         =  0.100E-05
      NEAR-LINEAR DEPENDENCY =  0.100E-04
      GRADIENT CUTOFF  =  0.100E-06
 DENSITY MATRIX MAXIMUM RMS FOR CONVERGENCE  =  0.100E-05
 BASIS SET = 6-31G*,  TYPE = CARTESIAN
| BASIS FILE = /home1/11707/msun12/QUICK-install/basis/6-31GD.BAS
| DATA FILE  =    /work2/11707/msun12/stampede3/quickruns/3447190/mph1/morphine_6-31G*.dat

 @ Finish reading job


 @ Begin SAD initial guess

 For Atom Kind =    1
 ELEMENT = O 
 BASIS FUNCTIONS =   15
 For Atom Kind =    2
 ELEMENT = N 
 BASIS FUNCTIONS =   15
 For Atom Kind =    3
 ELEMENT = C 
 BASIS FUNCTIONS =   15
 For Atom Kind =    4
 ELEMENT = H 
 BASIS FUNCTIONS =    2

 @ Finish SAD initial guess


 @ Begin Reading Molecular Information


 =========== Molecule Input ==========
 TOTAL MOLECULAR CHARGE  =    0    MULTIPLICITY                =    1
 TOTAL ATOM NUMBER       =   40    NUMBER OF ATOM TYPES        =    4
 NUMBER OF HYDROGEN ATOM =   19    NUMBER OF NON-HYDROGEN ATOM =   21
 NUMBER OF ELECTRONS     =  152

 -- INPUT GEOMETRY -- :
    O          -1.9930      -0.4740       1.2005
    O          -2.7826      -2.5168      -0.2218
    O          -3.6220       1.8421       0.5579
    N           3.1777      -0.0101       0.4474
    C           0.3699      -0.7149       0.6616
    C           1.2913      -1.3046      -0.4170
    C           2.3441      -0.2023      -0.7640
    C          -0.9377      -1.4750       0.9848
    C           1.1988      -0.3907       1.9201
    C          -0.2516       0.5302       0.1205
    C           1.6887       1.1052      -1.3279
    C           2.4315       0.4754       1.6126
    C           0.3384       1.4306      -0.7480
    C          -1.3631      -2.5067      -0.0924
    C           0.5066      -1.8183      -1.5971
    C          -1.5672       0.6306       0.5136
    C          -0.7155      -2.3492      -1.4425
    C           4.3733       0.7916       0.2084
    C          -0.4184       2.5415      -1.1246
    C          -2.3310       1.7217       0.1620
    C          -1.7382       2.6936      -0.6541
    H           1.8278      -2.1759      -0.0118
    H           3.0029      -0.6035      -1.5465
    H          -0.8451      -2.0128       1.9373
    H           1.5366      -1.3335       2.3712
    H           0.5899       0.1174       2.6790
    H           1.5474       0.9596      -2.4075
    H           2.3530       1.9680      -1.2194
    H           2.1271       1.5205       1.4760
    H           3.0801       0.4584       2.4975
    H          -1.0772      -3.5067       0.2593
    H           0.9601      -1.7947      -2.5831
    H          -1.2300      -2.7505      -2.3109
    H           4.1500       1.8479       0.0287
    H           4.9380       0.4055      -0.6472
    H           5.0444       0.7352       1.0730
    H          -0.0062       3.2824      -1.8043
    H          -2.3121       3.5638      -0.9645
    H          -3.1557      -2.6446       0.6672
    H          -3.8483       1.0686       1.1031

============== BASIS INFOS ==============
 BASIS FUNCTIONS =  353
 NSHELL =  122 NPRIM  =  664
 JSHELL =  122 JBASIS =  307


 @ End Reading Molecular Information 


 @ Begin XC Quadrature Formation

 OCTAGO: OCTree Algorithm for Grid Operations 
   PRUNING CUTOFF       = 0.100E-06
   INITIAL GRID POINTS  =      151424
|   FINAL GRID POINTS    =       95460
|   SIGNIFICANT NUMBER OF BASIS FUNCTIONS     =      152192
|   SIGNIFICANT NUMBER OF PRIMITIVE FUNCTIONS =      168445

 @ End XC Quadrature Formation


 @ Begin Energy Calculation

| condition number of overlap matrix:    2.830E+04
| Smallest eigenvalue of overlap matrix:    3.054E-04

                                         SCF ENERGY
| ------------------------------------------------------------------------------------------------------------------------
| NCYC       ENERGY         DELTA_E      SCF_TIME  DII_CYC   DII_TIME   O_TIME  DIAG_TIME    MAX_ERR    RMS_CHG    MAX_CHG
| ------------------------------------------------------------------------------------------------------------------------
|  1   -943.747144222      ------         0.547     1        0.01      0.53      0.00    0.2082E+01  0.2027E-01  0.5258E+00
|  2   -939.075340607  -.467180E+01       0.530     2        0.01      0.52      0.00    0.2466E+00  0.1099E-01  0.3515E+00
|  3   -938.874243532  -.201097E+00       0.525     3        0.01      0.51      0.00    0.3824E+00  0.6652E-02  0.2357E+00
|   ***  Level shifting applied  ( HOMO-LUMO gap =  0.137 au ) ***
|  4   -939.592169794  0.717926E+00       0.525     4        0.02      0.51      0.00    0.3897E-01  0.1190E-02  0.3441E-01
|  5   -939.603530982  0.113612E-01       0.509     5        0.01      0.50      0.00    0.1294E-01  0.4336E-03  0.1414E-01
|  6   -939.605886651  0.235567E-02       0.497     6        0.01      0.48      0.00    0.6615E-02  0.1674E-03  0.6886E-02
|  7   -939.606165176  0.278525E-03       0.487     7        0.01      0.47      0.00    0.3752E-02  0.6707E-04  0.2910E-02
|  8   -939.606242768  0.775921E-04       0.479     8        0.01      0.47      0.00    0.4523E-03  0.1283E-04  0.5140E-03
|  9   -939.606245178  0.241034E-05       0.464     9        0.01      0.45      0.00    0.1746E-03  0.4306E-05  0.1883E-03
| 10   -939.606245434  0.256289E-06       0.454    10        0.01      0.44      0.00    0.3793E-04  0.1609E-05  0.4686E-04
| 11   -939.606245451  0.164537E-07       0.445     1        0.01      0.43      0.00    0.2428E-04  0.6008E-06  0.2581E-04
| ------------------------------------------------------------------------------------------------------------------------
| REACH CONVERGENCE AFTER  11 CYCLES
| MAX ERROR = 0.242751E-04   RMS CHANGE = 0.600788E-06   MAX CHANGE = 0.258102E-04
| -----------------------------------------------
 ALPHA ELECTRON DENSITY    =    75.9993409308
 BETA ELECTRON DENSITY     =    75.9993409308
 ELECTRONIC ENERGY    =  -2768.913515932
 CORE_CORE REPULSION  =   1829.307270481
 TOTAL ENERGY         =   -939.606245451

 @ End Energy calculation


 @ Begin Gradient Calculation

 ANALYTICAL GRADIENT: 
----------------------------------------
 COORDINATE    XYZ            GRADIENT
----------------------------------------
    1X    -1.9930001522    -0.0061261142
    1Y    -0.4740000362     0.0075425109
    1Z     1.2005000917    -0.0030847454
    2X    -2.7826002125     0.0019250765
    2Y    -2.5168001922     0.0015450757
    2Z    -0.2218000169     0.0070289244
    3X    -3.6220002766     0.0129622404
    3Y     1.8421001407    -0.0026805941
    3Z     0.5579000426    -0.0038813690
    4X     3.1777002427    -0.0045280518
    4Y    -0.0101000008     0.0035127830
    4Z     0.4474000342     0.0023966104
    5X     0.3699000282     0.0073902275
    5Y    -0.7149000546    -0.0050053728
    5Z     0.6616000505    -0.0028889494
    6X     1.2913000986    -0.0018306489
    6Y    -1.3046000996     0.0015943728
    6Z    -0.4170000318     0.0064688686
    7X     2.3441001790     0.0008833395
    7Y    -0.2023000154    -0.0011730838
    7Z    -0.7640000583    -0.0090722135
    8X    -0.9377000716    -0.0057854796
    8Y    -1.4750001126     0.0141265779
    8Z     0.9848000752    -0.0143760891
    9X     1.1988000915    -0.0055652876
    9Y    -0.3907000298     0.0045749262
    9Z     1.9201001466    -0.0032006860
   10X    -0.2516000192    -0.0040038487
   10Y     0.5302000405    -0.0106043165
   10Z     0.1205000092     0.0101125498
   11X     1.6887001290     0.0011035587
   11Y     1.1052000844     0.0072719003
   11Z    -1.3279001014     0.0038896540
   12X     2.4315001857     0.0033586911
   12Y     0.4754000363     0.0032403196
   12Z     1.6126001231     0.0015837199
   13X     0.3384000258    -0.0013243454
   13Y     1.4306001092    -0.0012001078
   13Z    -0.7480000571    -0.0021253502
   14X    -1.3631001041     0.0130253972
   14Y    -2.5067001914     0.0043433271
   14Z    -0.0924000071     0.0026957932
   15X     0.5066000387     0.0100820200
   15Y    -1.8183001389     0.0015229865
   15Z    -1.5971001220    -0.0042634301
   16X    -1.5672001197    -0.0117975810
   16Y     0.6306000482     0.0013945824
   16Z     0.5136000392     0.0031243236
   17X    -0.7155000546    -0.0062441807
   17Y    -2.3492001794    -0.0090158301
   17Z    -1.4425001102     0.0041013534
   18X     4.3733003340    -0.0000067148
   18Y     0.7916000604     0.0065070018
   18Z     0.2084000159    -0.0024122996
   19X    -0.4184000320     0.0135158281
   19Y     2.5415001941    -0.0020465973
   19Z    -1.1246000859    -0.0039373005
   20X    -2.3310001780     0.0032765304
   20Y     1.7217001315    -0.0057307786
   20Z     0.1620000124     0.0027683232
   21X    -1.7382001327    -0.0103715369
   21Y     2.6936002057    -0.0038430603
   21Z    -0.6541000499     0.0058851752
   22X     1.8278001396    -0.0051386615
   22Y    -2.1759001662    -0.0044212781
   22Z    -0.0118000009    -0.0027779777
   23X     3.0029002293    -0.0011535775
   23Y    -0.6035000461    -0.0007908882
   23Z    -1.5465001181    -0.0026966956
   24X    -0.8451000645     0.0029847780
   24Y    -2.0128001537    -0.0027370048
   24Z     1.9373001479    -0.0002520995
   25X     1.5366001173    -0.0002256505
   25Y    -1.3335001018     0.0012886146
   25Z     2.3712001811     0.0007720476
   26X     0.5899000450     0.0012371772
   26Y     0.1174000090     0.0000858207
   26Z     2.6790002046     0.0023085077
   27X     1.5474001182    -0.0021492743
   27Y     0.9596000733    -0.0013345633
   27Z    -2.4075001838     0.0013765537
   28X     2.3530001797    -0.0046955688
   28Y     1.9680001503     0.0019367327
   28Z    -1.2194000931     0.0005131221
   29X     2.1271001624     0.0025843552
   29Y     1.5205001161    -0.0057083076
   29Z     1.4760001127    -0.0004500372
   30X     3.0801002352    -0.0030110412
   30Y     0.4584000350     0.0001493041
   30Z     2.4975001907     0.0024611761
   31X    -1.0772000823    -0.0069096554
   31Y    -3.5067002678     0.0018772618
   31Z     0.2593000198    -0.0052278796
   32X     0.9601000733    -0.0020196761
   32Y    -1.7947001371    -0.0005062381
   32Z    -2.5831001973     0.0014213492
   33X    -1.2300000939     0.0045874579
   33Y    -2.7505002100     0.0015248527
   33Z    -2.3109001765    -0.0026144669
   34X     4.1500003169    -0.0009312359
   34Y     1.8479001411    -0.0073349556
   34Z     0.0287000022     0.0014853763
   35X     4.9380003771     0.0026787316
   35Y     0.4055000310     0.0009111097
   35Z    -0.6472000494     0.0015732993
   36X     5.0444003852     0.0020213155
   36Y     0.7352000561     0.0001130867
   36Z     1.0730000819    -0.0019882950
   37X    -0.0062000005     0.0003055502
   37Y     3.2824002507    -0.0005905693
   37Z    -1.8043001378     0.0000830151
   38X    -2.3121001766     0.0020504186
   38Y     3.5638002721     0.0024687308
   38Z    -0.9645000737    -0.0022496843
   39X    -3.1557002410    -0.0014575846
   39Y    -2.6446002020    -0.0015444315
   39Z     0.6672000509     0.0031288604
   40X    -3.8483002939    -0.0006969782
   40Y     1.0686000816    -0.0012639001
   40Z     1.1031000842     0.0023209652
----------------------------------------

 @ End Gradient Calculation

  Skipping one-electron property calculation.

 @ Output Timing Information

------------- TIMING ---------------
| INITIAL GUESS TIME  =     2.871031000( 19.74%)
| DFT GRID OPERATIONS =     0.150215000(  1.03%)
| TOTAL SCF TIME      =     5.522044000( 37.97%)
|       TOTAL OP TIME      =     5.370141000( 36.93%)
|             TOTAL 1e TIME      =     0.060751000(  0.42%)
|             TOTAL 2e TIME      =     1.749106000( 12.03%)
|             TOTAL EXC TIME     =     3.478844000( 23.92%)
|       TOTAL DII TIME      =     0.148675000(  1.02%)
|             TOTAL DIAG TIME    =     0.047617000(  0.33%)
| TOTAL GRADIENT TIME      =     4.523097000( 31.10%)
|       TOTAL 1e GRADIENT TIME      =     0.568855000( 3.95%)
|       TOTAL 2e GRADIENT TIME      =     3.258734000(22.41%)
|       TOTAL EXC GRADIENT TIME     =     0.689262000(  4.74%)
| TOTAL TIME          =    14.541873000
------------------------------------
| Job cpu time:  0 days  0 hours  0 minutes 14.5 seconds.

 @ Finish Output Timing Information

| Normal Termination. Task Finished on: Sat Aug 29 08:13:24 2026
