| *********************************************************************************************************
| **                                                                                                     **
| **           888888888888                                                                              **
| **         8888888888888888                                                                            **
| **      888888888888888888                                                                             **
| **     888888888888888888                                                                              **
| **    888888888888888                                                                                  **
| **   88888888888888888888                               88888                       8888:              **
| **   8888888888888888888888Z                            88888                       8888:              **
| **   888888888888888888888888?                          88888                       8888:              **
| **   8888888888888      8888888                                        888888       8888:              **
| **    88888888888         888888     8888:     88888    88888        888888888I     8888:    888888    **
| **    8888888888           88888:    8888:     88888    88888      $888888888888    8888:   888888     **
| **    I8Z 88888             88888    8888:     88888    88888    .888888     8888   8888: 888888       **
| **    .8Z 88888             88888    8888:     88888    88888    $88888             8888:88888         **
| **     8I 88888      .=88. .88888    8888:     88888    88888    88888              8888888888         **
| **    :8  88888      888888$8888$    8888:     88888    88888    8888O              88888888888        **
| **   ,7   +88888.     8888888888.    8888:     88888    88888    888888             88888O888888       **
| **         $888888:.   .8888888      88888....888888    88888     888888     8888   8888:  888888      **
| **          I8888888888888888888     888888888888888    88888     O888888888888O    8888:   888888     **
| **            O888888888888888888     88888888888888    88888       88888888888$    8888:    888888    **
| **               8888888Z     888      .8888I  88888    88888         8888888       8888:     888888   **
| **                                                                                                     **
| **                                                                                                     **
| **                                         Copyright (c) 2026                                          **
| **                          Regents of the University of California San Diego                          **
| **                                    & Michigan State University                                      **
| **                                        All Rights Reserved.                                         **
| **                                                                                                     **
| **             This software is subject to the terms of the Mozilla Public License, v. 2.0.            **
| **                                                                                                     **
| *********************************************************************************************************
|                                                                                                          
| Cite this work as:                                                                                       
| Manathunga, M.; O'Hearn, K. A.; Shajan, A.; Smith, J.; Miao, Y.; He, X.; Ayers, K.;                      
| Brothers, E.; Palos, E.; Tripathy, V.; Goetz, A.W.; Merz, K.M. QUICK-26.03.                              
| University of California,San Diego, CA and                                                               
| Michigan State University, East Lansing, MI, 2026                                                        
|                                                                                                          
| If you have any comments or queries, please reach out to us on GitHub issues or discussion sections:     
| https://github.com/merzlab/QUICK.                                                                        
|                                                                                                          
| TASK STARTS ON: Sat Aug 29 08:14:39 2026
| INPUT FILE :    /work2/11707/msun12/stampede3/quickruns/3447190/mph1/morphine_def2-TZVP.in
| OUTPUT FILE:    /work2/11707/msun12/stampede3/quickruns/3447190/mph1/morphine_def2-TZVP.out
| BASIS SET PATH: /home1/11707/msun12/QUICK-install/basis

|------------ GPU INFORMATION ---------------
| CUDA ENABLED DEVICE         :        1
| CUDA DEVICE IN USE          :        0
| CUDA DEVICE NAME            : NVIDIA H100
| CUDA DEVICE PM              :      132
| CUDA DEVICE CORE FREQ(GHZ)  :     1.98
| CUDA DEVICE MEMORY SIZE (MB):    95321
| SUPPORTING CUDA VERSION     :      9.0
|--------------------------------------------

 @ Read Job And Atom

  KEYWORD=B3LYP BASIS=DEF2-TZVP CUTOFF=1.0E-10 DENSERMS=1.0E-6 GRADIENT CUEST
 ============== JOB CARD =============
 METHOD = DENSITY FUNCTIONAL THEORY
 DENSITY FUNCTIONAL = B3LYP
 DIRECT SCF 
 SAD INITAL GUESS 
 USE DIIS SCF
 PRINT ENERGY EVERY CYCLE
 READ SAD GUESS FROM FILE
 STANDARD GRID = SG1
 Level shifting allowed after cycle    3
 DIIS error must exceed 0.100 for level shifting
 Max HOMO-LUMO gap to allow level shifting = 0.200
 GRADIENT CALCULATION
 MAX SCF CYCLES =    200
 MAX DIIS CYCLES =   10
 DELTA DENSITY START CYCLE =    3
 COMPUTATIONAL CUTOFF: 
      TWO-e INTEGRAL         =  0.100E-09
      BASIS SET PRIME        =  0.100E-10
      MATRIX ELEMENTS        =  0.100E-09
      BASIS FUNCTION         =  0.100E-05
      NEAR-LINEAR DEPENDENCY =  0.100E-04
      GRADIENT CUTOFF  =  0.100E-06
 DENSITY MATRIX MAXIMUM RMS FOR CONVERGENCE  =  0.100E-05
 BASIS SET = DEF2-TZVP,  TYPE = CARTESIAN
| BASIS FILE = /home1/11707/msun12/QUICK-install/basis/DEF2-TZVP.BAS
| DATA FILE  =    /work2/11707/msun12/stampede3/quickruns/3447190/mph1/morphine_def2-TZVP.dat

 @ Finish reading job


 @ Begin SAD initial guess

 For Atom Kind =    1
 ELEMENT = O 
 BASIS FUNCTIONS =   36
 For Atom Kind =    2
 ELEMENT = N 
 BASIS FUNCTIONS =   36
 For Atom Kind =    3
 ELEMENT = C 
 BASIS FUNCTIONS =   36
 For Atom Kind =    4
 ELEMENT = H 
 BASIS FUNCTIONS =    6

 @ Finish SAD initial guess


 @ Begin Reading Molecular Information


 =========== Molecule Input ==========
 TOTAL MOLECULAR CHARGE  =    0    MULTIPLICITY                =    1
 TOTAL ATOM NUMBER       =   40    NUMBER OF ATOM TYPES        =    4
 NUMBER OF HYDROGEN ATOM =   19    NUMBER OF NON-HYDROGEN ATOM =   21
 NUMBER OF ELECTRONS     =  152

 -- INPUT GEOMETRY -- :
    O          -1.9930      -0.4740       1.2005
    O          -2.7826      -2.5168      -0.2218
    O          -3.6220       1.8421       0.5579
    N           3.1777      -0.0101       0.4474
    C           0.3699      -0.7149       0.6616
    C           1.2913      -1.3046      -0.4170
    C           2.3441      -0.2023      -0.7640
    C          -0.9377      -1.4750       0.9848
    C           1.1988      -0.3907       1.9201
    C          -0.2516       0.5302       0.1205
    C           1.6887       1.1052      -1.3279
    C           2.4315       0.4754       1.6126
    C           0.3384       1.4306      -0.7480
    C          -1.3631      -2.5067      -0.0924
    C           0.5066      -1.8183      -1.5971
    C          -1.5672       0.6306       0.5136
    C          -0.7155      -2.3492      -1.4425
    C           4.3733       0.7916       0.2084
    C          -0.4184       2.5415      -1.1246
    C          -2.3310       1.7217       0.1620
    C          -1.7382       2.6936      -0.6541
    H           1.8278      -2.1759      -0.0118
    H           3.0029      -0.6035      -1.5465
    H          -0.8451      -2.0128       1.9373
    H           1.5366      -1.3335       2.3712
    H           0.5899       0.1174       2.6790
    H           1.5474       0.9596      -2.4075
    H           2.3530       1.9680      -1.2194
    H           2.1271       1.5205       1.4760
    H           3.0801       0.4584       2.4975
    H          -1.0772      -3.5067       0.2593
    H           0.9601      -1.7947      -2.5831
    H          -1.2300      -2.7505      -2.3109
    H           4.1500       1.8479       0.0287
    H           4.9380       0.4055      -0.6472
    H           5.0444       0.7352       1.0730
    H          -0.0062       3.2824      -1.8043
    H          -2.3121       3.5638      -0.9645
    H          -3.1557      -2.6446       0.6672
    H          -3.8483       1.0686       1.1031

============== BASIS INFOS ==============
 BASIS FUNCTIONS =  870
 NSHELL =  307 NPRIM  = 1223
 JSHELL =  307 JBASIS =  534


 @ End Reading Molecular Information 


 @ Begin XC Quadrature Formation

 OCTAGO: OCTree Algorithm for Grid Operations 
   PRUNING CUTOFF       = 0.100E-06
   INITIAL GRID POINTS  =      151424
|   FINAL GRID POINTS    =       96277
|   SIGNIFICANT NUMBER OF BASIS FUNCTIONS     =      360357
|   SIGNIFICANT NUMBER OF PRIMITIVE FUNCTIONS =      372360

 @ End XC Quadrature Formation


 @ Begin Energy Calculation

| Number of total basis functions:    870
| Number of linearly independent basis functions:    868
| condition number of overlap matrix:    4.988E+06
| Smallest eigenvalue of overlap matrix:    3.928E-06

                                         SCF ENERGY
| ------------------------------------------------------------------------------------------------------------------------
| NCYC       ENERGY         DELTA_E      SCF_TIME  DII_CYC   DII_TIME   O_TIME  DIAG_TIME    MAX_ERR    RMS_CHG    MAX_CHG
| ------------------------------------------------------------------------------------------------------------------------
|  1   -945.151213220      ------        11.586     1        0.05     11.53      0.01    0.2213E+01  0.8777E-02  0.1449E+01
|  2   -939.456178065  -.569504E+01      47.739     2        0.12     47.62      0.02    0.2408E+00  0.1173E-01  0.1506E+01
|  3   -939.155631134  -.300547E+00      46.404     3        0.06     46.34      0.01    0.3802E+00  0.7205E-02  0.1151E+01
|   ***  Level shifting applied  ( HOMO-LUMO gap =  0.100 au ) ***
|  4   -939.961406772  0.805776E+00      44.810     4        0.05     44.75      0.01    0.4020E-01  0.1276E-02  0.1155E+00
|  5   -939.975817713  0.144109E-01      41.354     5        0.06     41.30      0.01    0.2309E-01  0.2944E-03  0.3893E-01
|  6   -939.979683961  0.386625E-02      38.104     6        0.06     38.04      0.01    0.5778E-02  0.1281E-03  0.1496E-01
|  7   -939.980105172  0.421210E-03      35.585     7        0.06     35.53      0.01    0.3613E-02  0.6298E-04  0.9573E-02
|  8   -939.980222911  0.117739E-03      33.455     8        0.06     33.40      0.01    0.6021E-03  0.1656E-04  0.3470E-02
|  9   -939.980225937  0.302609E-05      29.213     9        0.06     29.15      0.01    0.3720E-03  0.8270E-05  0.1810E-02
| 10   -939.980226412  0.475495E-06      26.187    10        0.06     26.12      0.01    0.8615E-04  0.2411E-05  0.6289E-03
| 11   -939.980226456  0.440532E-07      23.466     1        0.08     23.39      0.01    0.3117E-04  0.1125E-05  0.2396E-03
| 12   -939.980226446  -.105551E-07      20.481     2        0.07     20.40      0.01    0.7088E-05  0.4755E-06  0.1074E-03
| 13   -939.980226433  -.132377E-07      18.404     3        0.07     18.33      0.01    0.7296E-05  0.4182E-06  0.4765E-04
| ------------------------------------------------------------------------------------------------------------------------
| REACH CONVERGENCE AFTER  13 CYCLES
| MAX ERROR = 0.729566E-05   RMS CHANGE = 0.418155E-06   MAX CHANGE = 0.476467E-04
| -----------------------------------------------
 ALPHA ELECTRON DENSITY    =    76.0003885789
 BETA ELECTRON DENSITY     =    76.0003885789
 ELECTRONIC ENERGY    =  -2769.287496913
 CORE_CORE REPULSION  =   1829.307270481
 TOTAL ENERGY         =   -939.980226433

 @ End Energy calculation


 @ Begin Gradient Calculation

 ANALYTICAL GRADIENT: 
----------------------------------------
 COORDINATE    XYZ            GRADIENT
----------------------------------------
    1X    -1.9930001522    -0.0115694076
    1Y    -0.4740000362     0.0076072920
    1Z     1.2005000917    -0.0002638059
    2X    -2.7826002125     0.0046305037
    2Y    -2.5168001922     0.0032370531
    2Z    -0.2218000169     0.0002321802
    3X    -3.6220002766     0.0114471357
    3Y     1.8421001407     0.0048831531
    3Z     0.5579000426    -0.0066562788
    4X     3.1777002427    -0.0044315897
    4Y    -0.0101000008     0.0002377704
    4Z     0.4474000342     0.0031070853
    5X     0.3699000282     0.0081669706
    5Y    -0.7149000546    -0.0066494861
    5Z     0.6616000505    -0.0004162821
    6X     1.2913000986     0.0018903738
    6Y    -1.3046000996     0.0008523329
    6Z    -0.4170000318     0.0079070197
    7X     2.3441001790    -0.0082213947
    7Y    -0.2023000154     0.0028222823
    7Z    -0.7640000583    -0.0037209851
    8X    -0.9377000716    -0.0035852047
    8Y    -1.4750001126     0.0297048086
    8Z     0.9848000752    -0.0164411361
    9X     1.1988000915    -0.0087944967
    9Y    -0.3907000298     0.0037541680
    9Z     1.9201001466    -0.0009987398
   10X    -0.2516000192    -0.0009617614
   10Y     0.5302000405    -0.0116959750
   10Z     0.1205000092     0.0104047158
   11X     1.6887001290     0.0068091936
   11Y     1.1052000844     0.0101612460
   11Z    -1.3279001014     0.0121282943
   12X     2.4315001857     0.0082526971
   12Y     0.4754000363    -0.0111476345
   12Z     1.6126001231     0.0028617612
   13X     0.3384000258     0.0087533727
   13Y     1.4306001092     0.0019816852
   13Z    -0.7480000571     0.0013403908
   14X    -1.3631001041     0.0072508622
   14Y    -2.5067001914     0.0244115894
   14Z    -0.0924000071     0.0053893515
   15X     0.5066000387     0.0087914876
   15Y    -1.8183001389     0.0020909031
   15Z    -1.5971001220     0.0030198786
   16X    -1.5672001197    -0.0089634765
   16Y     0.6306000482    -0.0025228818
   16Z     0.5136000392     0.0071435322
   17X    -0.7155000546    -0.0127261437
   17Y    -2.3492001794    -0.0073957867
   17Z    -1.4425001102     0.0027404201
   18X     4.3733003340    -0.0026235675
   18Y     0.7916000604     0.0058513872
   18Z     0.2084000159    -0.0033848234
   19X    -0.4184000320     0.0210999834
   19Y     2.5415001941    -0.0038528806
   19Z    -1.1246000859    -0.0066089438
   20X    -2.3310001780    -0.0046977781
   20Y     1.7217001315    -0.0119560697
   20Z     0.1620000124    -0.0018130261
   21X    -1.7382001327    -0.0247025933
   21Y     2.6936002057     0.0067195255
   21Z    -0.6541000499     0.0042652538
   22X     1.8278001396    -0.0040420751
   22Y    -2.1759001662    -0.0064861829
   22Z    -0.0118000009    -0.0020774277
   23X     3.0029002293     0.0042413115
   23Y    -0.6035000461     0.0020879693
   23Z    -1.5465001181    -0.0085470257
   24X    -0.8451000645     0.0028594340
   24Y    -2.0128001537    -0.0113846312
   24Z     1.9373001479     0.0019931874
   25X     1.5366001173     0.0033329310
   25Y    -1.3335001018    -0.0031989675
   25Z     2.3712001811    -0.0017655479
   26X     0.5899000450     0.0002991424
   26Y     0.1174000090     0.0070539541
   26Z     2.6790002046     0.0031379898
   27X     1.5474001182    -0.0030226221
   27Y     0.9596000733    -0.0148376359
   27Z    -2.4075001838    -0.0106523884
   28X     2.3530001797    -0.0025635870
   28Y     1.9680001503     0.0085663197
   28Z    -1.2194000931     0.0052726002
   29X     2.1271001624    -0.0087918317
   29Y     1.5205001161     0.0092020351
   29Z     1.4760001127    -0.0064037228
   30X     3.0801002352     0.0039339008
   30Y     0.4584000350    -0.0014370257
   30Z     2.4975001907     0.0075901918
   31X    -1.0772000823    -0.0061515028
   31Y    -3.5067002678    -0.0303654497
   31Z     0.2593000198    -0.0018188548
   32X     0.9601000733     0.0047450626
   32Y    -1.7947001371    -0.0004345996
   32Z    -2.5831001973    -0.0135556735
   33X    -1.2300000939     0.0034627686
   33Y    -2.7505002100    -0.0000435475
   33Z    -2.3109001765    -0.0067753613
   34X     4.1500003169    -0.0006883306
   34Y     1.8479001411    -0.0042606527
   34Z     0.0287000022     0.0010576691
   35X     4.9380003771     0.0029418840
   35Y     0.4055000310    -0.0004489898
   35Z    -0.6472000494    -0.0009643595
   36X     5.0444003852     0.0035607593
   36Y     0.7352000561    -0.0000550003
   36Z     1.0730000819     0.0003794356
   37X    -0.0062000005    -0.0001600896
   37Y     3.2824002507     0.0011549902
   37Z    -1.8043001378    -0.0012898969
   38X    -2.3121001766     0.0011918462
   38Y     3.5638002721     0.0047593007
   38Z    -0.9645000737    -0.0007993318
   39X    -3.1557002410    -0.0006400215
   39Y    -2.6446002020    -0.0022795523
   39Z     0.6672000509     0.0096801463
   40X    -3.8483002939    -0.0003241463
   40Y     1.0686000816    -0.0066868167
   40Z     1.1031000842     0.0053025075
----------------------------------------

 @ End Gradient Calculation

  Skipping one-electron property calculation.

 @ Output Timing Information

------------- TIMING ---------------
| INITIAL GUESS TIME  =     6.795534000(  0.65%)
| DFT GRID OPERATIONS =     0.161729000(  0.02%)
| TOTAL SCF TIME      =   417.408309000( 39.81%)
|       TOTAL OP TIME      =   416.521349000( 39.72%)
|             TOTAL 1e TIME      =     0.619277000(  0.06%)
|             TOTAL 2e TIME      =   394.439359000( 37.62%)
|             TOTAL EXC TIME     =    20.714947000(  1.98%)
|       TOTAL DII TIME      =     0.857160000(  0.08%)
|             TOTAL DIAG TIME    =     0.161751000(  0.02%)
| TOTAL GRADIENT TIME      =   623.741752000( 59.48%)
|       TOTAL 1e GRADIENT TIME      =     3.402169000( 0.59%)
|       TOTAL 2e GRADIENT TIME      =   614.290900000(58.58%)
|       TOTAL EXC GRADIENT TIME     =     3.215688000(  0.31%)
| TOTAL TIME          =  1048.575844000
------------------------------------
| Job cpu time:  0 days  0 hours 17 minutes 28.6 seconds.

 @ Finish Output Timing Information

| Normal Termination. Task Finished on: Sat Aug 29 08:32:07 2026
