| *********************************************************************************************************
| **                                                                                                     **
| **           888888888888                                                                              **
| **         8888888888888888                                                                            **
| **      888888888888888888                                                                             **
| **     888888888888888888                                                                              **
| **    888888888888888                                                                                  **
| **   88888888888888888888                               88888                       8888:              **
| **   8888888888888888888888Z                            88888                       8888:              **
| **   888888888888888888888888?                          88888                       8888:              **
| **   8888888888888      8888888                                        888888       8888:              **
| **    88888888888         888888     8888:     88888    88888        888888888I     8888:    888888    **
| **    8888888888           88888:    8888:     88888    88888      $888888888888    8888:   888888     **
| **    I8Z 88888             88888    8888:     88888    88888    .888888     8888   8888: 888888       **
| **    .8Z 88888             88888    8888:     88888    88888    $88888             8888:88888         **
| **     8I 88888      .=88. .88888    8888:     88888    88888    88888              8888888888         **
| **    :8  88888      888888$8888$    8888:     88888    88888    8888O              88888888888        **
| **   ,7   +88888.     8888888888.    8888:     88888    88888    888888             88888O888888       **
| **         $888888:.   .8888888      88888....888888    88888     888888     8888   8888:  888888      **
| **          I8888888888888888888     888888888888888    88888     O888888888888O    8888:   888888     **
| **            O888888888888888888     88888888888888    88888       88888888888$    8888:    888888    **
| **               8888888Z     888      .8888I  88888    88888         8888888       8888:     888888   **
| **                                                                                                     **
| **                                                                                                     **
| **                                         Copyright (c) 2026                                          **
| **                          Regents of the University of California San Diego                          **
| **                                    & Michigan State University                                      **
| **                                        All Rights Reserved.                                         **
| **                                                                                                     **
| **             This software is subject to the terms of the Mozilla Public License, v. 2.0.            **
| **                                                                                                     **
| *********************************************************************************************************
|                                                                                                          
| Cite this work as:                                                                                       
| Manathunga, M.; O'Hearn, K. A.; Shajan, A.; Smith, J.; Miao, Y.; He, X.; Ayers, K.;                      
| Brothers, E.; Palos, E.; Tripathy, V.; Goetz, A.W.; Merz, K.M. QUICK-26.03.                              
| University of California,San Diego, CA and                                                               
| Michigan State University, East Lansing, MI, 2026                                                        
|                                                                                                          
| If you have any comments or queries, please reach out to us on GitHub issues or discussion sections:     
| https://github.com/merzlab/QUICK.                                                                        
|                                                                                                          
| TASK STARTS ON: Sat Aug 29 08:56:52 2026
| INPUT FILE :    /work2/11707/msun12/stampede3/quickruns/3447190/mph1/morphine_def2-TZVPD.in
| OUTPUT FILE:    /work2/11707/msun12/stampede3/quickruns/3447190/mph1/morphine_def2-TZVPD.out
| BASIS SET PATH: /home1/11707/msun12/QUICK-install/basis

|------------ GPU INFORMATION ---------------
| CUDA ENABLED DEVICE         :        1
| CUDA DEVICE IN USE          :        0
| CUDA DEVICE NAME            : NVIDIA H100
| CUDA DEVICE PM              :      132
| CUDA DEVICE CORE FREQ(GHZ)  :     1.98
| CUDA DEVICE MEMORY SIZE (MB):    95321
| SUPPORTING CUDA VERSION     :      9.0
|--------------------------------------------

 @ Read Job And Atom

  KEYWORD=B3LYP BASIS=DEF2-TZVPD CUTOFF=1.0E-10 DENSERMS=1.0E-6 GRADIENT CUEST
 ============== JOB CARD =============
 METHOD = DENSITY FUNCTIONAL THEORY
 DENSITY FUNCTIONAL = B3LYP
 DIRECT SCF 
 SAD INITAL GUESS 
 USE DIIS SCF
 PRINT ENERGY EVERY CYCLE
 READ SAD GUESS FROM FILE
 STANDARD GRID = SG1
 Level shifting allowed after cycle    3
 DIIS error must exceed 0.100 for level shifting
 Max HOMO-LUMO gap to allow level shifting = 0.200
 GRADIENT CALCULATION
 MAX SCF CYCLES =    200
 MAX DIIS CYCLES =   10
 DELTA DENSITY START CYCLE =    3
 COMPUTATIONAL CUTOFF: 
      TWO-e INTEGRAL         =  0.100E-09
      BASIS SET PRIME        =  0.100E-10
      MATRIX ELEMENTS        =  0.100E-09
      BASIS FUNCTION         =  0.100E-05
      NEAR-LINEAR DEPENDENCY =  0.100E-04
      GRADIENT CUTOFF  =  0.100E-06
 DENSITY MATRIX MAXIMUM RMS FOR CONVERGENCE  =  0.100E-05
 BASIS SET = DEF2-TZVPD,  TYPE = CARTESIAN
| BASIS FILE = /home1/11707/msun12/QUICK-install/basis/DEF2-TZVPD.BAS
| DATA FILE  =    /work2/11707/msun12/stampede3/quickruns/3447190/mph1/morphine_def2-TZVPD.dat

 @ Finish reading job


 @ Begin SAD initial guess

 For Atom Kind =    1
 ELEMENT = O 
 BASIS FUNCTIONS =   46
 For Atom Kind =    2
 ELEMENT = N 
 BASIS FUNCTIONS =   43
 For Atom Kind =    3
 ELEMENT = C 
 BASIS FUNCTIONS =   43
 For Atom Kind =    4
 ELEMENT = H 
 BASIS FUNCTIONS =    9

 @ Finish SAD initial guess


 @ Begin Reading Molecular Information


 =========== Molecule Input ==========
 TOTAL MOLECULAR CHARGE  =    0    MULTIPLICITY                =    1
 TOTAL ATOM NUMBER       =   40    NUMBER OF ATOM TYPES        =    4
 NUMBER OF HYDROGEN ATOM =   19    NUMBER OF NON-HYDROGEN ATOM =   21
 NUMBER OF ELECTRONS     =  152

 -- INPUT GEOMETRY -- :
    O          -1.9930      -0.4740       1.2005
    O          -2.7826      -2.5168      -0.2218
    O          -3.6220       1.8421       0.5579
    N           3.1777      -0.0101       0.4474
    C           0.3699      -0.7149       0.6616
    C           1.2913      -1.3046      -0.4170
    C           2.3441      -0.2023      -0.7640
    C          -0.9377      -1.4750       0.9848
    C           1.1988      -0.3907       1.9201
    C          -0.2516       0.5302       0.1205
    C           1.6887       1.1052      -1.3279
    C           2.4315       0.4754       1.6126
    C           0.3384       1.4306      -0.7480
    C          -1.3631      -2.5067      -0.0924
    C           0.5066      -1.8183      -1.5971
    C          -1.5672       0.6306       0.5136
    C          -0.7155      -2.3492      -1.4425
    C           4.3733       0.7916       0.2084
    C          -0.4184       2.5415      -1.1246
    C          -2.3310       1.7217       0.1620
    C          -1.7382       2.6936      -0.6541
    H           1.8278      -2.1759      -0.0118
    H           3.0029      -0.6035      -1.5465
    H          -0.8451      -2.0128       1.9373
    H           1.5366      -1.3335       2.3712
    H           0.5899       0.1174       2.6790
    H           1.5474       0.9596      -2.4075
    H           2.3530       1.9680      -1.2194
    H           2.1271       1.5205       1.4760
    H           3.0801       0.4584       2.4975
    H          -1.0772      -3.5067       0.2593
    H           0.9601      -1.7947      -2.5831
    H          -1.2300      -2.7505      -2.3109
    H           4.1500       1.8479       0.0287
    H           4.9380       0.4055      -0.6472
    H           5.0444       0.7352       1.0730
    H          -0.0062       3.2824      -1.8043
    H          -2.3121       3.5638      -0.9645
    H          -3.1557      -2.6446       0.6672
    H          -3.8483       1.0686       1.1031

============== BASIS INFOS ==============
 BASIS FUNCTIONS = 1083
 NSHELL =  371 NPRIM  = 1436
 JSHELL =  371 JBASIS =  598


 @ End Reading Molecular Information 


 @ Begin XC Quadrature Formation

 OCTAGO: OCTree Algorithm for Grid Operations 
   PRUNING CUTOFF       = 0.100E-07
   INITIAL GRID POINTS  =      151424
|   FINAL GRID POINTS    =       97146
|   SIGNIFICANT NUMBER OF BASIS FUNCTIONS     =      616848
|   SIGNIFICANT NUMBER OF PRIMITIVE FUNCTIONS =      630221

 @ End XC Quadrature Formation


 @ Begin Energy Calculation

| Number of total basis functions:   1083
| Number of linearly independent basis functions:   1035
| condition number of overlap matrix:    8.603E+09
| Smallest eigenvalue of overlap matrix:    4.870E-09

                                         SCF ENERGY
| ------------------------------------------------------------------------------------------------------------------------
| NCYC       ENERGY         DELTA_E      SCF_TIME  DII_CYC   DII_TIME   O_TIME  DIAG_TIME    MAX_ERR    RMS_CHG    MAX_CHG
| ------------------------------------------------------------------------------------------------------------------------
|  1   -945.319895449      ------        28.764     1        0.07     28.69      0.02    0.2158E+01  0.6067E-02  0.2953E+00
|  2   -939.568855462  -.575104E+01     137.289     2        0.07    137.22      0.01    0.1705E+00  0.5343E-02  0.6079E+00
|  3   -939.370806089  -.198049E+00     136.082     3        0.08    136.00      0.02    0.2129E+00  0.2693E-02  0.3423E+00
|   ***  Level shifting applied  ( HOMO-LUMO gap =  0.098 au ) ***
|  4   -939.970135495  0.599329E+00     131.831     4        0.07    131.75      0.01    0.3946E-01  0.8117E-03  0.4921E-01
|  5   -939.980444051  0.103086E-01     126.423     5        0.08    126.34      0.01    0.2418E-01  0.1568E-03  0.9451E-02
|  6   -939.983693367  0.324932E-02     118.483     6        0.08    118.40      0.01    0.6983E-02  0.6533E-04  0.4237E-02
|  7   -939.984119962  0.426595E-03     112.989     7        0.08    112.90      0.01    0.4195E-02  0.2356E-04  0.1963E-02
|  8   -939.984222113  0.102152E-03     106.391     8        0.08    106.30      0.01    0.5734E-03  0.5746E-05  0.2782E-03
|  9   -939.984226001  0.388831E-05      97.366     9        0.09     97.28      0.01    0.3440E-03  0.2029E-05  0.1575E-03
| 10   -939.984226504  0.502744E-06      88.381    10        0.09     88.29      0.01    0.9046E-04  0.9906E-06  0.4259E-04
| ------------------------------------------------------------------------------------------------------------------------
| REACH CONVERGENCE AFTER  10 CYCLES
| MAX ERROR = 0.904558E-04   RMS CHANGE = 0.990571E-06   MAX CHANGE = 0.425896E-04
| -----------------------------------------------
 ALPHA ELECTRON DENSITY    =    75.9990069703
 BETA ELECTRON DENSITY     =    75.9990069703
 ELECTRONIC ENERGY    =  -2769.291496985
 CORE_CORE REPULSION  =   1829.307270481
 TOTAL ENERGY         =   -939.984226504

 @ End Energy calculation


 @ Begin Gradient Calculation

 ANALYTICAL GRADIENT: 
----------------------------------------
 COORDINATE    XYZ            GRADIENT
----------------------------------------
    1X    -1.9930001522    -0.0659006222
    1Y    -0.4740000362     0.1200735917
    1Z     1.2005000917     0.0470810610
    2X    -2.7826002125    -0.0500527254
    2Y    -2.5168001922    -0.0232758314
    2Z    -0.2218000169    -0.1293595088
    3X    -3.6220002766     0.0753977873
    3Y     1.8421001407     0.0340632911
    3Z     0.5579000426    -0.0288190191
    4X     3.1777002427     0.0231431073
    4Y    -0.0101000008    -0.0237151533
    4Z     0.4474000342    -0.0442462288
    5X     0.3699000282     0.0666531827
    5Y    -0.7149000546    -0.0600672911
    5Z     0.6616000505    -0.0009079365
    6X     1.2913000986    -0.0733291161
    6Y    -1.3046000996     0.0359998008
    6Z    -0.4170000318    -0.0039369667
    7X     2.3441001790    -0.0694474685
    7Y    -0.2023000154    -0.0211746851
    7Z    -0.7640000583     0.0504562057
    8X    -0.9377000716     0.0676991534
    8Y    -1.4750001126    -0.0832515920
    8Z     0.9848000752    -0.0341884664
    9X     1.1988000915     0.0668468825
    9Y    -0.3907000298     0.0501842289
    9Z     1.9201001466    -0.1090807730
   10X    -0.2516000192     0.1147079788
   10Y     0.5302000405    -0.0193974802
   10Z     0.1205000092    -0.0533071204
   11X     1.6887001290     0.0376682121
   11Y     1.1052000844    -0.0609991850
   11Z    -1.3279001014     0.1124691002
   12X     2.4315001857    -0.0695783594
   12Y     0.4754000363    -0.0555001488
   12Z     1.6126001231     0.0473045263
   13X     0.3384000258     0.1124260233
   13Y     1.4306001092    -0.0771179932
   13Z    -0.7480000571     0.0334940256
   14X    -1.3631001041     0.0488726223
   14Y    -2.5067001914     0.0860822373
   14Z    -0.0924000071     0.0121651799
   15X     0.5066000387     0.2166079315
   15Y    -1.8183001389     0.1036555299
   15Z    -1.5971001220     0.0532859506
   16X    -1.5672001197    -0.1417564637
   16Y     0.6306000482     0.0143055012
   16Z     0.5136000392     0.0912199513
   17X    -0.7155000546    -0.2149231054
   17Y    -2.3492001794    -0.1427151060
   17Z    -1.4425001102     0.0567559986
   18X     4.3733003340    -0.0035060747
   18Y     0.7916000604     0.0139194030
   18Z     0.2084000159     0.0124283143
   19X    -0.4184000320     0.1324901307
   19Y     2.5415001941     0.0270647253
   19Z    -1.1246000859    -0.0641069833
   20X    -2.3310001780    -0.1442865973
   20Y     1.7217001315    -0.0293547380
   20Z     0.1620000124     0.0622493785
   21X    -1.7382001327    -0.0971659680
   21Y     2.6936002057     0.0564766102
   21Z    -0.6541000499    -0.0158956472
   22X     1.8278001396    -0.0188523922
   22Y    -2.1759001662    -0.0252383294
   22Z    -0.0118000009     0.0118933022
   23X     3.0029002293     0.0534480743
   23Y    -0.6035000461    -0.0313897545
   23Z    -1.5465001181    -0.0577122565
   24X    -0.8451000645    -0.0130858333
   24Y    -2.0128001537    -0.0269069311
   24Z     1.9373001479     0.0122914250
   25X     1.5366001173     0.0253464551
   25Y    -1.3335001018    -0.0145567164
   25Z     2.3712001811     0.0080423998
   26X     0.5899000450    -0.0302891836
   26Y     0.1174000090     0.0167693104
   26Z     2.6790002046     0.0539960157
   27X     1.5474001182     0.0035845264
   27Y     0.9596000733     0.0119903527
   27Z    -2.4075001838    -0.0612296166
   28X     2.3530001797     0.0260253314
   28Y     1.9680001503     0.0470120154
   28Z    -1.2194000931    -0.0301373903
   29X     2.1271001624    -0.0353234940
   29Y     1.5205001161     0.1042994963
   29Z     1.4760001127    -0.0270571976
   30X     3.0801002352     0.0293992748
   30Y     0.4584000350    -0.0107938379
   30Z     2.4975001907     0.0189741442
   31X    -1.0772000823     0.0456492594
   31Y    -3.5067002678    -0.0603513819
   31Z     0.2593000198     0.0030754815
   32X     0.9601000733    -0.0149764775
   32Y    -1.7947001371     0.0290293141
   32Z    -2.5831001973    -0.0302825321
   33X    -1.2300000939    -0.0350903723
   33Y    -2.7505002100     0.0213628013
   33Z    -2.3109001765    -0.0346959841
   34X     4.1500003169    -0.0171759006
   34Y     1.8479001411     0.0231565291
   34Z     0.0287000022    -0.0085917946
   35X     4.9380003771     0.0152025036
   35Y     0.4055000310    -0.0378948291
   35Z    -0.6472000494    -0.0387404312
   36X     5.0444003852    -0.0148092372
   36Y     0.7352000561    -0.0164990152
   36Z     1.0730000819     0.0218301104
   37X    -0.0062000005    -0.0011418314
   37Y     3.2824002507     0.0096606420
   37Z    -1.8043001378    -0.0032010635
   38X    -2.3121001766    -0.0334661782
   38Y     3.5638002721     0.0593895091
   38Z    -0.9645000737    -0.0166732858
   39X    -3.1557002410     0.0176644144
   39Y    -2.6446002020     0.0003226295
   39Z     0.6672000509     0.0501033051
   40X    -3.8483002939    -0.0346754502
   40Y     1.0686000816    -0.0446175198
   40Z     1.1031000842     0.0330543265
----------------------------------------

 @ End Gradient Calculation

  Skipping one-electron property calculation.

 @ Output Timing Information

------------- TIMING ---------------
| INITIAL GUESS TIME  =    11.679441000(  0.35%)
| DFT GRID OPERATIONS =     0.173737000(  0.01%)
| TOTAL SCF TIME      =  1084.964898000( 32.93%)
|       TOTAL OP TIME      =  1084.142084000( 32.91%)
|             TOTAL 1e TIME      =     0.966560000(  0.03%)
|             TOTAL 2e TIME      =  1044.112360000( 31.69%)
|             TOTAL EXC TIME     =    37.937927000(  1.15%)
|       TOTAL DII TIME      =     0.785983000(  0.02%)
|             TOTAL DIAG TIME    =     0.148653000(  0.00%)
| TOTAL GRADIENT TIME      =  2197.570581000( 66.71%)
|       TOTAL 1e GRADIENT TIME      =     5.387133000( 0.30%)
|       TOTAL 2e GRADIENT TIME      =  2179.309405000(66.15%)
|       TOTAL EXC GRADIENT TIME     =     8.335301000(  0.25%)
| TOTAL TIME          =  3294.427834000
------------------------------------
| Job cpu time:  0 days  0 hours 54 minutes 54.4 seconds.

 @ Finish Output Timing Information

| Normal Termination. Task Finished on: Sat Aug 29 09:51:47 2026
