| *********************************************************************************************************
| **                                                                                                     **
| **           888888888888                                                                              **
| **         8888888888888888                                                                            **
| **      888888888888888888                                                                             **
| **     888888888888888888                                                                              **
| **    888888888888888                                                                                  **
| **   88888888888888888888                               88888                       8888:              **
| **   8888888888888888888888Z                            88888                       8888:              **
| **   888888888888888888888888?                          88888                       8888:              **
| **   8888888888888      8888888                                        888888       8888:              **
| **    88888888888         888888     8888:     88888    88888        888888888I     8888:    888888    **
| **    8888888888           88888:    8888:     88888    88888      $888888888888    8888:   888888     **
| **    I8Z 88888             88888    8888:     88888    88888    .888888     8888   8888: 888888       **
| **    .8Z 88888             88888    8888:     88888    88888    $88888             8888:88888         **
| **     8I 88888      .=88. .88888    8888:     88888    88888    88888              8888888888         **
| **    :8  88888      888888$8888$    8888:     88888    88888    8888O              88888888888        **
| **   ,7   +88888.     8888888888.    8888:     88888    88888    888888             88888O888888       **
| **         $888888:.   .8888888      88888....888888    88888     888888     8888   8888:  888888      **
| **          I8888888888888888888     888888888888888    88888     O888888888888O    8888:   888888     **
| **            O888888888888888888     88888888888888    88888       88888888888$    8888:    888888    **
| **               8888888Z     888      .8888I  88888    88888         8888888       8888:     888888   **
| **                                                                                                     **
| **                                                                                                     **
| **                                         Copyright (c) 2026                                          **
| **                          Regents of the University of California San Diego                          **
| **                                    & Michigan State University                                      **
| **                                        All Rights Reserved.                                         **
| **                                                                                                     **
| **             This software is subject to the terms of the Mozilla Public License, v. 2.0.            **
| **                                                                                                     **
| *********************************************************************************************************
|                                                                                                          
| Cite this work as:                                                                                       
| Manathunga, M.; O'Hearn, K. A.; Shajan, A.; Smith, J.; Miao, Y.; He, X.; Ayers, K.;                      
| Brothers, E.; Palos, E.; Tripathy, V.; Goetz, A.W.; Merz, K.M. QUICK-26.03.                              
| University of California,San Diego, CA and                                                               
| Michigan State University, East Lansing, MI, 2026                                                        
|                                                                                                          
| If you have any comments or queries, please reach out to us on GitHub issues or discussion sections:     
| https://github.com/merzlab/QUICK.                                                                        
|                                                                                                          
| TASK STARTS ON: Sat Aug 29 08:32:07 2026
| INPUT FILE :    /work2/11707/msun12/stampede3/quickruns/3447190/mph1/morphine_def2-TZVPP.in
| OUTPUT FILE:    /work2/11707/msun12/stampede3/quickruns/3447190/mph1/morphine_def2-TZVPP.out
| BASIS SET PATH: /home1/11707/msun12/QUICK-install/basis

|------------ GPU INFORMATION ---------------
| CUDA ENABLED DEVICE         :        1
| CUDA DEVICE IN USE          :        0
| CUDA DEVICE NAME            : NVIDIA H100
| CUDA DEVICE PM              :      132
| CUDA DEVICE CORE FREQ(GHZ)  :     1.98
| CUDA DEVICE MEMORY SIZE (MB):    95321
| SUPPORTING CUDA VERSION     :      9.0
|--------------------------------------------

 @ Read Job And Atom

  KEYWORD=B3LYP BASIS=DEF2-TZVPP CUTOFF=1.0E-10 DENSERMS=1.0E-6 GRADIENT CUEST
 ============== JOB CARD =============
 METHOD = DENSITY FUNCTIONAL THEORY
 DENSITY FUNCTIONAL = B3LYP
 DIRECT SCF 
 SAD INITAL GUESS 
 USE DIIS SCF
 PRINT ENERGY EVERY CYCLE
 READ SAD GUESS FROM FILE
 STANDARD GRID = SG1
 Level shifting allowed after cycle    3
 DIIS error must exceed 0.100 for level shifting
 Max HOMO-LUMO gap to allow level shifting = 0.200
 GRADIENT CALCULATION
 MAX SCF CYCLES =    200
 MAX DIIS CYCLES =   10
 DELTA DENSITY START CYCLE =    3
 COMPUTATIONAL CUTOFF: 
      TWO-e INTEGRAL         =  0.100E-09
      BASIS SET PRIME        =  0.100E-10
      MATRIX ELEMENTS        =  0.100E-09
      BASIS FUNCTION         =  0.100E-05
      NEAR-LINEAR DEPENDENCY =  0.100E-04
      GRADIENT CUTOFF  =  0.100E-06
 DENSITY MATRIX MAXIMUM RMS FOR CONVERGENCE  =  0.100E-05
 BASIS SET = DEF2-TZVPP,  TYPE = CARTESIAN
| BASIS FILE = /home1/11707/msun12/QUICK-install/basis/DEF2-TZVPP.BAS
| DATA FILE  =    /work2/11707/msun12/stampede3/quickruns/3447190/mph1/morphine_def2-TZVPP.dat

 @ Finish reading job


 @ Begin SAD initial guess

 For Atom Kind =    1
 ELEMENT = O 
 BASIS FUNCTIONS =   36
 For Atom Kind =    2
 ELEMENT = N 
 BASIS FUNCTIONS =   36
 For Atom Kind =    3
 ELEMENT = C 
 BASIS FUNCTIONS =   36
 For Atom Kind =    4
 ELEMENT = H 
 BASIS FUNCTIONS =   15

 @ Finish SAD initial guess


 @ Begin Reading Molecular Information


 =========== Molecule Input ==========
 TOTAL MOLECULAR CHARGE  =    0    MULTIPLICITY                =    1
 TOTAL ATOM NUMBER       =   40    NUMBER OF ATOM TYPES        =    4
 NUMBER OF HYDROGEN ATOM =   19    NUMBER OF NON-HYDROGEN ATOM =   21
 NUMBER OF ELECTRONS     =  152

 -- INPUT GEOMETRY -- :
    O          -1.9930      -0.4740       1.2005
    O          -2.7826      -2.5168      -0.2218
    O          -3.6220       1.8421       0.5579
    N           3.1777      -0.0101       0.4474
    C           0.3699      -0.7149       0.6616
    C           1.2913      -1.3046      -0.4170
    C           2.3441      -0.2023      -0.7640
    C          -0.9377      -1.4750       0.9848
    C           1.1988      -0.3907       1.9201
    C          -0.2516       0.5302       0.1205
    C           1.6887       1.1052      -1.3279
    C           2.4315       0.4754       1.6126
    C           0.3384       1.4306      -0.7480
    C          -1.3631      -2.5067      -0.0924
    C           0.5066      -1.8183      -1.5971
    C          -1.5672       0.6306       0.5136
    C          -0.7155      -2.3492      -1.4425
    C           4.3733       0.7916       0.2084
    C          -0.4184       2.5415      -1.1246
    C          -2.3310       1.7217       0.1620
    C          -1.7382       2.6936      -0.6541
    H           1.8278      -2.1759      -0.0118
    H           3.0029      -0.6035      -1.5465
    H          -0.8451      -2.0128       1.9373
    H           1.5366      -1.3335       2.3712
    H           0.5899       0.1174       2.6790
    H           1.5474       0.9596      -2.4075
    H           2.3530       1.9680      -1.2194
    H           2.1271       1.5205       1.4760
    H           3.0801       0.4584       2.4975
    H          -1.0772      -3.5067       0.2593
    H           0.9601      -1.7947      -2.5831
    H          -1.2300      -2.7505      -2.3109
    H           4.1500       1.8479       0.0287
    H           4.9380       0.4055      -0.6472
    H           5.0444       0.7352       1.0730
    H          -0.0062       3.2824      -1.8043
    H          -2.3121       3.5638      -0.9645
    H          -3.1557      -2.6446       0.6672
    H          -3.8483       1.0686       1.1031

============== BASIS INFOS ==============
 BASIS FUNCTIONS = 1041
 NSHELL =  345 NPRIM  = 1394
 JSHELL =  345 JBASIS =  572


 @ End Reading Molecular Information 


 @ Begin XC Quadrature Formation

 OCTAGO: OCTree Algorithm for Grid Operations 
   PRUNING CUTOFF       = 0.100E-06
   INITIAL GRID POINTS  =      151424
|   FINAL GRID POINTS    =       96277
|   SIGNIFICANT NUMBER OF BASIS FUNCTIONS     =      394135
|   SIGNIFICANT NUMBER OF PRIMITIVE FUNCTIONS =      406129

 @ End XC Quadrature Formation


 @ Begin Energy Calculation

| Number of total basis functions:   1041
| Number of linearly independent basis functions:   1038
| condition number of overlap matrix:    6.009E+06
| Smallest eigenvalue of overlap matrix:    3.307E-06

                                         SCF ENERGY
| ------------------------------------------------------------------------------------------------------------------------
| NCYC       ENERGY         DELTA_E      SCF_TIME  DII_CYC   DII_TIME   O_TIME  DIAG_TIME    MAX_ERR    RMS_CHG    MAX_CHG
| ------------------------------------------------------------------------------------------------------------------------
|  1   -945.150919222      ------        14.690     1        0.06     14.62      0.02    0.2213E+01  0.7354E-02  0.1829E+01
|  2   -939.463550453  -.568737E+01      68.043     2        0.06     67.98      0.02    0.2408E+00  0.9038E-02  0.1088E+01
|  3   -939.159348083  -.304202E+00      67.156     3        0.08     67.07      0.02    0.3818E+00  0.5759E-02  0.8467E+00
|   ***  Level shifting applied  ( HOMO-LUMO gap =  0.100 au ) ***
|  4   -939.969953224  0.810605E+00      64.393     4        0.07     64.32      0.02    0.4026E-01  0.1055E-02  0.9602E-01
|  5   -939.984445760  0.144925E-01      59.641     5        0.07     59.57      0.01    0.2325E-01  0.2356E-03  0.4648E-01
|  6   -939.988334982  0.388922E-02      54.178     6        0.08     54.10      0.01    0.5866E-02  0.9818E-04  0.1701E-01
|  7   -939.988755678  0.420696E-03      50.186     7        0.08     50.10      0.01    0.3638E-02  0.4754E-04  0.1113E-01
|  8   -939.988874823  0.119146E-03      47.012     8        0.08     46.93      0.01    0.6050E-03  0.1321E-04  0.3978E-02
|  9   -939.988877909  0.308628E-05      40.686     9        0.08     40.60      0.01    0.3752E-03  0.5930E-05  0.2034E-02
| 10   -939.988878404  0.494974E-06      36.540    10        0.09     36.45      0.01    0.8644E-04  0.1729E-05  0.6908E-03
| 11   -939.988878442  0.379896E-07      31.744     1        0.11     31.63      0.01    0.3116E-04  0.7698E-06  0.2555E-03
| 12   -939.988878421  -.213436E-07      27.631     2        0.11     27.52      0.01    0.1299E-04  0.3696E-06  0.1162E-03
| 13   -939.988878398  -.226537E-07      24.523     3        0.11     24.41      0.01    0.1303E-04  0.3746E-06  0.4477E-04
| ------------------------------------------------------------------------------------------------------------------------
| REACH CONVERGENCE AFTER  13 CYCLES
| MAX ERROR = 0.130337E-04   RMS CHANGE = 0.374649E-06   MAX CHANGE = 0.447734E-04
| -----------------------------------------------
 ALPHA ELECTRON DENSITY    =    76.0005198819
 BETA ELECTRON DENSITY     =    76.0005198819
 ELECTRONIC ENERGY    =  -2769.296148879
 CORE_CORE REPULSION  =   1829.307270481
 TOTAL ENERGY         =   -939.988878398

 @ End Energy calculation


 @ Begin Gradient Calculation

 ANALYTICAL GRADIENT: 
----------------------------------------
 COORDINATE    XYZ            GRADIENT
----------------------------------------
    1X    -1.9930001522    -0.0098332778
    1Y    -0.4740000362     0.0040958562
    1Z     1.2005000917    -0.0004838347
    2X    -2.7826002125     0.0036497672
    2Y    -2.5168001922     0.0038483159
    2Z    -0.2218000169    -0.0023466102
    3X    -3.6220002766     0.0103058778
    3Y     1.8421001407     0.0050024442
    3Z     0.5579000426    -0.0072924374
    4X     3.1777002427    -0.0142029606
    4Y    -0.0101000008     0.0002104582
    4Z     0.4474000342     0.0006809371
    5X     0.3699000282     0.0097118156
    5Y    -0.7149000546    -0.0033005611
    5Z     0.6616000505    -0.0032755185
    6X     1.2913000986    -0.0023695867
    6Y    -1.3046000996    -0.0054368573
    6Z    -0.4170000318     0.0089016209
    7X     2.3441001790    -0.0014826616
    7Y    -0.2023000154     0.0073463439
    7Z    -0.7640000583    -0.0131143447
    8X    -0.9377000716    -0.0063487528
    8Y    -1.4750001126     0.0145855119
    8Z     0.9848000752    -0.0149776047
    9X     1.1988000915    -0.0039943678
    9Y    -0.3907000298     0.0107309251
    9Z     1.9201001466    -0.0030376800
   10X    -0.2516000192    -0.0000257733
   10Y     0.5302000405    -0.0121268839
   10Z     0.1205000092     0.0095245197
   11X     1.6887001290    -0.0043700938
   11Y     1.1052000844     0.0180400061
   11Z    -1.3279001014    -0.0005193402
   12X     2.4315001857     0.0098666211
   12Y     0.4754000363     0.0015610462
   12Z     1.6126001231     0.0100809464
   13X     0.3384000258     0.0097717478
   13Y     1.4306001092    -0.0123287774
   13Z    -0.7480000571    -0.0055155211
   14X    -1.3631001041     0.0105585586
   14Y    -2.5067001914     0.0030792305
   14Z    -0.0924000071     0.0029505460
   15X     0.5066000387     0.0116949894
   15Y    -1.8183001389     0.0028436175
   15Z    -1.5971001220    -0.0030906884
   16X    -1.5672001197    -0.0110930199
   16Y     0.6306000482    -0.0010500456
   16Z     0.5136000392     0.0037001427
   17X    -0.7155000546    -0.0087632710
   17Y    -2.3492001794    -0.0077652623
   17Z    -1.4425001102     0.0055453442
   18X     4.3733003340    -0.0098942058
   18Y     0.7916000604     0.0021367553
   18Z     0.2084000159    -0.0051043200
   19X    -0.4184000320     0.0095456495
   19Y     2.5415001941    -0.0004554817
   19Z    -1.1246000859     0.0036128245
   20X    -2.3310001780    -0.0009614885
   20Y     1.7217001315    -0.0055433923
   20Z     0.1620000124     0.0037347818
   21X    -1.7382001327    -0.0106161998
   21Y     2.6936002057    -0.0019663757
   21Z    -0.6541000499     0.0050083389
   22X     1.8278001396    -0.0033343237
   22Y    -2.1759001662    -0.0063277854
   22Z    -0.0118000009    -0.0014504280
   23X     3.0029002293    -0.0034856510
   23Y    -0.6035000461     0.0015388376
   23Z    -1.5465001181    -0.0074433040
   24X    -0.8451000645     0.0028829158
   24Y    -2.0128001537    -0.0038089799
   24Z     1.9373001479     0.0022595780
   25X     1.5366001173     0.0005843989
   25Y    -1.3335001018    -0.0021816530
   25Z     2.3712001811     0.0020770151
   26X     0.5899000450    -0.0018632722
   26Y     0.1174000090    -0.0001271077
   26Z     2.6790002046     0.0054790971
   27X     1.5474001182    -0.0092723279
   27Y     0.9596000733    -0.0060104593
   27Z    -2.4075001838    -0.0007444287
   28X     2.3530001797     0.0139686239
   28Y     1.9680001503    -0.0067150549
   28Z    -1.2194000931     0.0069129139
   29X     2.1271001624    -0.0086767983
   29Y     1.5205001161    -0.0045660412
   29Z     1.4760001127    -0.0149124895
   30X     3.0801002352     0.0002545788
   30Y     0.4584000350    -0.0027955838
   30Z     2.4975001907     0.0087735397
   31X    -1.0772000823    -0.0066248016
   31Y    -3.5067002678     0.0000225259
   31Z     0.2593000198    -0.0018317388
   32X     0.9601000733     0.0022767363
   32Y    -1.7947001371     0.0034713455
   32Z    -2.5831001973    -0.0026759666
   33X    -1.2300000939     0.0005394762
   33Y    -2.7505002100    -0.0012455030
   33Z    -2.3109001765    -0.0064416526
   34X     4.1500003169    -0.0081047467
   34Y     1.8479001411     0.0036816979
   34Z     0.0287000022     0.0022915971
   35X     4.9380003771     0.0058830350
   35Y     0.4055000310    -0.0025600804
   35Z    -0.6472000494    -0.0049725438
   36X     5.0444003852     0.0216657522
   36Y     0.7352000561     0.0016685328
   36Z     1.0730000819     0.0103286594
   37X    -0.0062000005     0.0043865643
   37Y     3.2824002507     0.0080808166
   37Z    -1.8043001378    -0.0067923455
   38X    -2.3121001766     0.0003288749
   38Y     3.5638002721     0.0045602593
   38Z    -0.9645000737    -0.0028525631
   39X    -3.1557002410    -0.0025220806
   39Y    -2.6446002020    -0.0023580429
   39Z     0.6672000509     0.0111448590
   40X    -3.8483002939    -0.0000363220
   40Y     1.0686000816    -0.0078345974
   40Z     1.1031000842     0.0058680988
----------------------------------------

 @ End Gradient Calculation

  Skipping one-electron property calculation.

 @ Output Timing Information

------------- TIMING ---------------
| INITIAL GUESS TIME  =     8.797185000(  0.59%)
| DFT GRID OPERATIONS =     0.170364000(  0.01%)
| TOTAL SCF TIME      =   587.183619000( 39.55%)
|       TOTAL OP TIME      =   586.061995000( 39.47%)
|             TOTAL 1e TIME      =     0.762231000(  0.05%)
|             TOTAL 2e TIME      =   560.210663000( 37.73%)
|             TOTAL EXC TIME     =    24.134411000(  1.63%)
|       TOTAL DII TIME      =     1.077515000(  0.07%)
|             TOTAL DIAG TIME    =     0.195195000(  0.01%)
| TOTAL GRADIENT TIME      =   888.332197000( 59.83%)
|       TOTAL 1e GRADIENT TIME      =     4.269619000( 0.53%)
|       TOTAL 2e GRADIENT TIME      =   876.900990000(59.06%)
|       TOTAL EXC GRADIENT TIME     =     3.618864000(  0.24%)
| TOTAL TIME          =  1484.730162000
------------------------------------
| Job cpu time:  0 days  0 hours 24 minutes 44.7 seconds.

 @ Finish Output Timing Information

| Normal Termination. Task Finished on: Sat Aug 29 08:56:52 2026
