| *********************************************************************************************************
| **                                                                                                     **
| **           888888888888                                                                              **
| **         8888888888888888                                                                            **
| **      888888888888888888                                                                             **
| **     888888888888888888                                                                              **
| **    888888888888888                                                                                  **
| **   88888888888888888888                               88888                       8888:              **
| **   8888888888888888888888Z                            88888                       8888:              **
| **   888888888888888888888888?                          88888                       8888:              **
| **   8888888888888      8888888                                        888888       8888:              **
| **    88888888888         888888     8888:     88888    88888        888888888I     8888:    888888    **
| **    8888888888           88888:    8888:     88888    88888      $888888888888    8888:   888888     **
| **    I8Z 88888             88888    8888:     88888    88888    .888888     8888   8888: 888888       **
| **    .8Z 88888             88888    8888:     88888    88888    $88888             8888:88888         **
| **     8I 88888      .=88. .88888    8888:     88888    88888    88888              8888888888         **
| **    :8  88888      888888$8888$    8888:     88888    88888    8888O              88888888888        **
| **   ,7   +88888.     8888888888.    8888:     88888    88888    888888             88888O888888       **
| **         $888888:.   .8888888      88888....888888    88888     888888     8888   8888:  888888      **
| **          I8888888888888888888     888888888888888    88888     O888888888888O    8888:   888888     **
| **            O888888888888888888     88888888888888    88888       88888888888$    8888:    888888    **
| **               8888888Z     888      .8888I  88888    88888         8888888       8888:     888888   **
| **                                                                                                     **
| **                                                                                                     **
| **                                         Copyright (c) 2026                                          **
| **                          Regents of the University of California San Diego                          **
| **                                    & Michigan State University                                      **
| **                                        All Rights Reserved.                                         **
| **                                                                                                     **
| **             This software is subject to the terms of the Mozilla Public License, v. 2.0.            **
| **                                                                                                     **
| *********************************************************************************************************
|                                                                                                          
| Cite this work as:                                                                                       
| Manathunga, M.; O'Hearn, K. A.; Shajan, A.; Smith, J.; Miao, Y.; He, X.; Ayers, K.;                      
| Brothers, E.; Palos, E.; Tripathy, V.; Goetz, A.W.; Merz, K.M. QUICK-26.03.                              
| University of California,San Diego, CA and                                                               
| Michigan State University, East Lansing, MI, 2026                                                        
|                                                                                                          
| If you have any comments or queries, please reach out to us on GitHub issues or discussion sections:     
| https://github.com/merzlab/QUICK.                                                                        
|                                                                                                          
| TASK STARTS ON: Sat Aug 29 08:13:39 2026
| INPUT FILE :    /work2/11707/msun12/stampede3/quickruns/3447190/mph1/morphine_6-31+G**.in
| OUTPUT FILE:    /work2/11707/msun12/stampede3/quickruns/3447190/mph1/morphine_6-31+G**.out
| BASIS SET PATH: /home1/11707/msun12/QUICK-install/basis

|------------ GPU INFORMATION ---------------
| CUDA ENABLED DEVICE         :        1
| CUDA DEVICE IN USE          :        0
| CUDA DEVICE NAME            : NVIDIA H100
| CUDA DEVICE PM              :      132
| CUDA DEVICE CORE FREQ(GHZ)  :     1.98
| CUDA DEVICE MEMORY SIZE (MB):    95321
| SUPPORTING CUDA VERSION     :      9.0
|--------------------------------------------

 @ Read Job And Atom

  KEYWORD=B3LYP BASIS=6-31+G** CUTOFF=1.0E-10 DENSERMS=1.0E-6 GRADIENT CUEST
 ============== JOB CARD =============
 METHOD = DENSITY FUNCTIONAL THEORY
 DENSITY FUNCTIONAL = B3LYP
 DIRECT SCF 
 SAD INITAL GUESS 
 USE DIIS SCF
 PRINT ENERGY EVERY CYCLE
 READ SAD GUESS FROM FILE
 STANDARD GRID = SG1
 Level shifting allowed after cycle    3
 DIIS error must exceed 0.100 for level shifting
 Max HOMO-LUMO gap to allow level shifting = 0.200
 GRADIENT CALCULATION
 MAX SCF CYCLES =    200
 MAX DIIS CYCLES =   10
 DELTA DENSITY START CYCLE =    3
 COMPUTATIONAL CUTOFF: 
      TWO-e INTEGRAL         =  0.100E-09
      BASIS SET PRIME        =  0.100E-10
      MATRIX ELEMENTS        =  0.100E-09
      BASIS FUNCTION         =  0.100E-05
      NEAR-LINEAR DEPENDENCY =  0.100E-04
      GRADIENT CUTOFF  =  0.100E-06
 DENSITY MATRIX MAXIMUM RMS FOR CONVERGENCE  =  0.100E-05
 BASIS SET = 6-31+G**,  TYPE = CARTESIAN
| BASIS FILE = /home1/11707/msun12/QUICK-install/basis/6-31PLGDP.BAS
| DATA FILE  =    /work2/11707/msun12/stampede3/quickruns/3447190/mph1/morphine_6-31+G**.dat

 @ Finish reading job


 @ Begin SAD initial guess

 For Atom Kind =    1
 ELEMENT = O 
 BASIS FUNCTIONS =   19
 For Atom Kind =    2
 ELEMENT = N 
 BASIS FUNCTIONS =   19
 For Atom Kind =    3
 ELEMENT = C 
 BASIS FUNCTIONS =   19
 For Atom Kind =    4
 ELEMENT = H 
 BASIS FUNCTIONS =    5

 @ Finish SAD initial guess


 @ Begin Reading Molecular Information


 =========== Molecule Input ==========
 TOTAL MOLECULAR CHARGE  =    0    MULTIPLICITY                =    1
 TOTAL ATOM NUMBER       =   40    NUMBER OF ATOM TYPES        =    4
 NUMBER OF HYDROGEN ATOM =   19    NUMBER OF NON-HYDROGEN ATOM =   21
 NUMBER OF ELECTRONS     =  152

 -- INPUT GEOMETRY -- :
    O          -1.9930      -0.4740       1.2005
    O          -2.7826      -2.5168      -0.2218
    O          -3.6220       1.8421       0.5579
    N           3.1777      -0.0101       0.4474
    C           0.3699      -0.7149       0.6616
    C           1.2913      -1.3046      -0.4170
    C           2.3441      -0.2023      -0.7640
    C          -0.9377      -1.4750       0.9848
    C           1.1988      -0.3907       1.9201
    C          -0.2516       0.5302       0.1205
    C           1.6887       1.1052      -1.3279
    C           2.4315       0.4754       1.6126
    C           0.3384       1.4306      -0.7480
    C          -1.3631      -2.5067      -0.0924
    C           0.5066      -1.8183      -1.5971
    C          -1.5672       0.6306       0.5136
    C          -0.7155      -2.3492      -1.4425
    C           4.3733       0.7916       0.2084
    C          -0.4184       2.5415      -1.1246
    C          -2.3310       1.7217       0.1620
    C          -1.7382       2.6936      -0.6541
    H           1.8278      -2.1759      -0.0118
    H           3.0029      -0.6035      -1.5465
    H          -0.8451      -2.0128       1.9373
    H           1.5366      -1.3335       2.3712
    H           0.5899       0.1174       2.6790
    H           1.5474       0.9596      -2.4075
    H           2.3530       1.9680      -1.2194
    H           2.1271       1.5205       1.4760
    H           3.0801       0.4584       2.4975
    H          -1.0772      -3.5067       0.2593
    H           0.9601      -1.7947      -2.5831
    H          -1.2300      -2.7505      -2.3109
    H           4.1500       1.8479       0.0287
    H           4.9380       0.4055      -0.6472
    H           5.0444       0.7352       1.0730
    H          -0.0062       3.2824      -1.8043
    H          -2.3121       3.5638      -0.9645
    H          -3.1557      -2.6446       0.6672
    H          -3.8483       1.0686       1.1031

============== BASIS INFOS ==============
 BASIS FUNCTIONS =  494
 NSHELL =  162 NPRIM  =  805
 JSHELL =  162 JBASIS =  347


 @ End Reading Molecular Information 


 @ Begin XC Quadrature Formation

 OCTAGO: OCTree Algorithm for Grid Operations 
   PRUNING CUTOFF       = 0.100E-07
   INITIAL GRID POINTS  =      151424
|   FINAL GRID POINTS    =       97388
|   SIGNIFICANT NUMBER OF BASIS FUNCTIONS     =      273487
|   SIGNIFICANT NUMBER OF PRIMITIVE FUNCTIONS =      291444

 @ End XC Quadrature Formation


 @ Begin Energy Calculation

| Number of total basis functions:    494
| Number of linearly independent basis functions:    484
| condition number of overlap matrix:    9.531E+07
| Smallest eigenvalue of overlap matrix:    2.230E-07

                                         SCF ENERGY
| ------------------------------------------------------------------------------------------------------------------------
| NCYC       ENERGY         DELTA_E      SCF_TIME  DII_CYC   DII_TIME   O_TIME  DIAG_TIME    MAX_ERR    RMS_CHG    MAX_CHG
| ------------------------------------------------------------------------------------------------------------------------
|  1   -944.955076469      ------         1.227     1        0.02      1.20      0.01    0.2303E+01  0.2698E-01  0.2847E+01
|  2   -939.241443258  -.571363E+01       1.314     2        0.02      1.29      0.01    0.2065E+00  0.3547E-01  0.3189E+01
|  3   -939.038664063  -.202779E+00       1.316     3        0.03      1.29      0.01    0.3430E+00  0.2476E-01  0.2342E+01
|   ***  Level shifting applied  ( HOMO-LUMO gap =  0.060 au ) ***
|  4   -939.660539990  0.621876E+00       1.297     4        0.02      1.28      0.01    0.2977E-01  0.6527E-02  0.6747E+00
|  5   -939.674127882  0.135879E-01       1.281     5        0.03      1.25      0.01    0.2009E-01  0.9728E-03  0.6485E-01
|  6   -939.676480963  0.235308E-02       1.247     6        0.02      1.22      0.01    0.7167E-02  0.2750E-03  0.1390E-01
|  7   -939.676650069  0.169107E-03       1.222     7        0.02      1.20      0.01    0.2487E-02  0.1012E-03  0.3017E-02
|  8   -939.676690567  0.404972E-04       1.211     8        0.03      1.18      0.01    0.9277E-03  0.3979E-04  0.1915E-02
|  9   -939.676695395  0.482862E-05       1.180     9        0.02      1.16      0.01    0.1750E-03  0.6560E-05  0.2599E-03
| 10   -939.676695571  0.176042E-06       1.143    10        0.02      1.12      0.01    0.5180E-04  0.3114E-05  0.2068E-03
| 11   -939.676695600  0.283990E-07       1.129     1        0.03      1.10      0.01    0.2200E-04  0.1267E-05  0.5134E-04
| 12   -939.676695607  0.678301E-08       1.102     2        0.03      1.08      0.01    0.1647E-04  0.3933E-06  0.1591E-04
| ------------------------------------------------------------------------------------------------------------------------
| REACH CONVERGENCE AFTER  12 CYCLES
| MAX ERROR = 0.164676E-04   RMS CHANGE = 0.393264E-06   MAX CHANGE = 0.159071E-04
| -----------------------------------------------
 ALPHA ELECTRON DENSITY    =    75.9989728683
 BETA ELECTRON DENSITY     =    75.9989728683
 ELECTRONIC ENERGY    =  -2768.983966087
 CORE_CORE REPULSION  =   1829.307270481
 TOTAL ENERGY         =   -939.676695607

 @ End Energy calculation


 @ Begin Gradient Calculation

 ANALYTICAL GRADIENT: 
----------------------------------------
 COORDINATE    XYZ            GRADIENT
----------------------------------------
    1X    -1.9930001522    -0.0139762072
    1Y    -0.4740000362    -0.0094553861
    1Z     1.2005000917    -0.0274733056
    2X    -2.7826002125    -0.0924791602
    2Y    -2.5168001922    -0.0516825134
    2Z    -0.2218000169    -0.0311368046
    3X    -3.6220002766    -0.0089056678
    3Y     1.8421001407     0.0043540024
    3Z     0.5579000426     0.0094640149
    4X     3.1777002427     0.0224049450
    4Y    -0.0101000008    -0.0251476933
    4Z     0.4474000342    -0.0001428109
    5X     0.3699000282    -0.0564639763
    5Y    -0.7149000546    -0.0522479955
    5Z     0.6616000505    -0.0890057211
    6X     1.2913000986     0.0032115618
    6Y    -1.3046000996     0.0423009460
    6Z    -0.4170000318     0.0044650578
    7X     2.3441001790    -0.0229995010
    7Y    -0.2023000154     0.0808307351
    7Z    -0.7640000583     0.0396137311
    8X    -0.9377000716     0.0092713060
    8Y    -1.4750001126     0.0365261571
    8Z     0.9848000752     0.0331387683
    9X     1.1988000915    -0.0024119510
    9Y    -0.3907000298     0.0150474482
    9Z     1.9201001466     0.0073927823
   10X    -0.2516000192    -0.0162043134
   10Y     0.5302000405    -0.0805367257
   10Z     0.1205000092     0.0781635622
   11X     1.6887001290     0.0344066615
   11Y     1.1052000844    -0.0769520445
   11Z    -1.3279001014     0.0033159916
   12X     2.4315001857     0.0625115687
   12Y     0.4754000363     0.0175937026
   12Z     1.6126001231    -0.0740296876
   13X     0.3384000258     0.1389158266
   13Y     1.4306001092    -0.0135226556
   13Z    -0.7480000571    -0.0879464731
   14X    -1.3631001041     0.1208376425
   14Y    -2.5067001914     0.1243839284
   14Z    -0.0924000071     0.0180951799
   15X     0.5066000387     0.0187346458
   15Y    -1.8183001389    -0.0235890184
   15Z    -1.5971001220     0.0296318358
   16X    -1.5672001197    -0.0826694976
   16Y     0.6306000482     0.0051772551
   16Z     0.5136000392     0.0391877191
   17X    -0.7155000546     0.0102435142
   17Y    -2.3492001794    -0.0363966181
   17Z    -1.4425001102     0.0186173886
   18X     4.3733003340    -0.0019376277
   18Y     0.7916000604     0.0080224610
   18Z     0.2084000159    -0.0157004678
   19X    -0.4184000320    -0.0486548651
   19Y     2.5415001941     0.0456455233
   19Z    -1.1246000859     0.0007558041
   20X    -2.3310001780     0.0184958819
   20Y     1.7217001315    -0.0248900443
   20Z     0.1620000124     0.0174230835
   21X    -1.7382001327    -0.0104299407
   21Y     2.6936002057     0.0083155202
   21Z    -0.6541000499    -0.0114419601
   22X     1.8278001396    -0.0100396092
   22Y    -2.1759001662    -0.0042242820
   22Z    -0.0118000009    -0.0023175422
   23X     3.0029002293     0.0074924068
   23Y    -0.6035000461     0.0000390043
   23Z    -1.5465001181    -0.0168893902
   24X    -0.8451000645     0.0016942638
   24Y    -2.0128001537    -0.0004202366
   24Z     1.9373001479     0.0037576104
   25X     1.5366001173     0.0080945468
   25Y    -1.3335001018    -0.0318687746
   25Z     2.3712001811     0.0156795664
   26X     0.5899000450    -0.0146903393
   26Y     0.1174000090     0.0167961276
   26Z     2.6790002046     0.0261235973
   27X     1.5474001182    -0.0006793652
   27Y     0.9596000733    -0.0066438509
   27Z    -2.4075001838     0.0014703388
   28X     2.3530001797     0.0095636971
   28Y     1.9680001503     0.0173940405
   28Z    -1.2194000931     0.0009372122
   29X     2.1271001624    -0.0011277103
   29Y     1.5205001161    -0.0027265512
   29Z     1.4760001127    -0.0048510730
   30X     3.0801002352    -0.0135003031
   30Y     0.4584000350     0.0100181270
   30Z     2.4975001907     0.0236780439
   31X    -1.0772000823    -0.0056455087
   31Y    -3.5067002678    -0.0114812579
   31Z     0.2593000198    -0.0156003129
   32X     0.9601000733    -0.0164878587
   32Y    -1.7947001371     0.0047638209
   32Z    -2.5831001973    -0.0126210140
   33X    -1.2300000939    -0.0048639864
   33Y    -2.7505002100    -0.0051461947
   33Z    -2.3109001765    -0.0035011659
   34X     4.1500003169    -0.0001355400
   34Y     1.8479001411    -0.0034945230
   34Z     0.0287000022     0.0060921500
   35X     4.9380003771     0.0085452810
   35Y     0.4055000310    -0.0032874412
   35Z    -0.6472000494    -0.0019578873
   36X     5.0444003852    -0.0064767867
   36Y     0.7352000561     0.0072776992
   36Z     1.0730000819     0.0020873368
   37X    -0.0062000005    -0.0209857975
   37Y     3.2824002507     0.0074218777
   37Z    -1.8043001378     0.0061222324
   38X    -2.3121001766    -0.0183592845
   38Y     3.5638002721     0.0134791155
   38Z    -0.9645000737    -0.0037603154
   39X    -3.1557002410    -0.0070351327
   39Y    -2.6446002020    -0.0000366770
   39Z     0.6672000509     0.0121332204
   40X    -3.8483002939     0.0027361809
   40Y     1.0686000816    -0.0016370082
   40Z     1.1031000842     0.0010297037
----------------------------------------

 @ End Gradient Calculation

  Skipping one-electron property calculation.

 @ Output Timing Information

------------- TIMING ---------------
| INITIAL GUESS TIME  =     2.699367000(  8.91%)
| DFT GRID OPERATIONS =     0.152766000(  0.50%)
| TOTAL SCF TIME      =    14.768393000( 48.76%)
|       TOTAL OP TIME      =    14.469473000( 47.77%)
|             TOTAL 1e TIME      =     0.099527000(  0.33%)
|             TOTAL 2e TIME      =     5.697942000( 18.81%)
|             TOTAL EXC TIME     =     8.524968000( 28.15%)
|       TOTAL DII TIME      =     0.290616000(  0.96%)
|             TOTAL DIAG TIME    =     0.072758000(  0.24%)
| TOTAL GRADIENT TIME      =    11.771216000( 38.86%)
|       TOTAL 1e GRADIENT TIME      =     0.935467000( 3.12%)
|       TOTAL 2e GRADIENT TIME      =     9.128878000(30.14%)
|       TOTAL EXC GRADIENT TIME     =     1.696804000(  5.60%)
| TOTAL TIME          =    30.287856000
------------------------------------
| Job cpu time:  0 days  0 hours  0 minutes 30.3 seconds.

 @ Finish Output Timing Information

| Normal Termination. Task Finished on: Sat Aug 29 08:14:10 2026
