| *********************************************************************************************************
| **                                                                                                     **
| **           888888888888                                                                              **
| **         8888888888888888                                                                            **
| **      888888888888888888                                                                             **
| **     888888888888888888                                                                              **
| **    888888888888888                                                                                  **
| **   88888888888888888888                               88888                       8888:              **
| **   8888888888888888888888Z                            88888                       8888:              **
| **   888888888888888888888888?                          88888                       8888:              **
| **   8888888888888      8888888                                        888888       8888:              **
| **    88888888888         888888     8888:     88888    88888        888888888I     8888:    888888    **
| **    8888888888           88888:    8888:     88888    88888      $888888888888    8888:   888888     **
| **    I8Z 88888             88888    8888:     88888    88888    .888888     8888   8888: 888888       **
| **    .8Z 88888             88888    8888:     88888    88888    $88888             8888:88888         **
| **     8I 88888      .=88. .88888    8888:     88888    88888    88888              8888888888         **
| **    :8  88888      888888$8888$    8888:     88888    88888    8888O              88888888888        **
| **   ,7   +88888.     8888888888.    8888:     88888    88888    888888             88888O888888       **
| **         $888888:.   .8888888      88888....888888    88888     888888     8888   8888:  888888      **
| **          I8888888888888888888     888888888888888    88888     O888888888888O    8888:   888888     **
| **            O888888888888888888     88888888888888    88888       88888888888$    8888:    888888    **
| **               8888888Z     888      .8888I  88888    88888         8888888       8888:     888888   **
| **                                                                                                     **
| **                                                                                                     **
| **                                         Copyright (c) 2026                                          **
| **                          Regents of the University of California San Diego                          **
| **                                    & Michigan State University                                      **
| **                                        All Rights Reserved.                                         **
| **                                                                                                     **
| **             This software is subject to the terms of the Mozilla Public License, v. 2.0.            **
| **                                                                                                     **
| *********************************************************************************************************
|                                                                                                          
| Cite this work as:                                                                                       
| Manathunga, M.; O'Hearn, K. A.; Shajan, A.; Smith, J.; Miao, Y.; He, X.; Ayers, K.;                      
| Brothers, E.; Palos, E.; Tripathy, V.; Goetz, A.W.; Merz, K.M. QUICK-26.03.                              
| University of California,San Diego, CA and                                                               
| Michigan State University, East Lansing, MI, 2026                                                        
|                                                                                                          
| If you have any comments or queries, please reach out to us on GitHub issues or discussion sections:     
| https://github.com/merzlab/QUICK.                                                                        
|                                                                                                          
| TASK STARTS ON: Sat Aug 29 08:14:38 2026
| INPUT FILE :    /work2/11707/msun12/stampede3/quickruns/3447190/txl3/taxol_6-31G**.in
| OUTPUT FILE:    /work2/11707/msun12/stampede3/quickruns/3447190/txl3/taxol_6-31G**.out
| BASIS SET PATH: /home1/11707/msun12/QUICK-install/basis

|------------ GPU INFORMATION ---------------
| CUDA ENABLED DEVICE         :        1
| CUDA DEVICE IN USE          :        0
| CUDA DEVICE NAME            : NVIDIA H100
| CUDA DEVICE PM              :      132
| CUDA DEVICE CORE FREQ(GHZ)  :     1.98
| CUDA DEVICE MEMORY SIZE (MB):    95321
| SUPPORTING CUDA VERSION     :      9.0
|--------------------------------------------

 @ Read Job And Atom

  KEYWORD=B3LYP BASIS=6-31G** CUTOFF=1.0E-10 DENSERMS=1.0E-6 GRADIENT CUEST
 ============== JOB CARD =============
 METHOD = DENSITY FUNCTIONAL THEORY
 DENSITY FUNCTIONAL = B3LYP
 DIRECT SCF 
 SAD INITAL GUESS 
 USE DIIS SCF
 PRINT ENERGY EVERY CYCLE
 READ SAD GUESS FROM FILE
 STANDARD GRID = SG1
 Level shifting allowed after cycle    3
 DIIS error must exceed 0.100 for level shifting
 Max HOMO-LUMO gap to allow level shifting = 0.200
 GRADIENT CALCULATION
 MAX SCF CYCLES =    200
 MAX DIIS CYCLES =   10
 DELTA DENSITY START CYCLE =    3
 COMPUTATIONAL CUTOFF: 
      TWO-e INTEGRAL         =  0.100E-09
      BASIS SET PRIME        =  0.100E-10
      MATRIX ELEMENTS        =  0.100E-09
      BASIS FUNCTION         =  0.100E-05
      NEAR-LINEAR DEPENDENCY =  0.100E-04
      GRADIENT CUTOFF  =  0.100E-06
 DENSITY MATRIX MAXIMUM RMS FOR CONVERGENCE  =  0.100E-05
 BASIS SET = 6-31G**,  TYPE = CARTESIAN
| BASIS FILE = /home1/11707/msun12/QUICK-install/basis/6-31GDP.BAS
| DATA FILE  =    /work2/11707/msun12/stampede3/quickruns/3447190/txl3/taxol_6-31G**.dat

 @ Finish reading job


 @ Begin SAD initial guess

 For Atom Kind =    1
 ELEMENT = C 
 BASIS FUNCTIONS =   15
 For Atom Kind =    2
 ELEMENT = O 
 BASIS FUNCTIONS =   15
 For Atom Kind =    3
 ELEMENT = N 
 BASIS FUNCTIONS =   15
 For Atom Kind =    4
 ELEMENT = H 
 BASIS FUNCTIONS =    5

 @ Finish SAD initial guess


 @ Begin Reading Molecular Information


 =========== Molecule Input ==========
 TOTAL MOLECULAR CHARGE  =    0    MULTIPLICITY                =    1
 TOTAL ATOM NUMBER       =  110    NUMBER OF ATOM TYPES        =    4
 NUMBER OF HYDROGEN ATOM =   49    NUMBER OF NON-HYDROGEN ATOM =   61
 NUMBER OF ELECTRONS     =  446

 -- INPUT GEOMETRY -- :
    C          -6.3961       1.6376      -1.0167
    C          -5.5976       1.9480       0.3157
    C          -4.1358       1.3889       0.3062
    C          -4.0900      -0.2069       0.0760
    C          -5.3005      -0.5560      -0.7831
    C          -5.6408       0.5560      -1.7454
    C          -2.8203      -0.7723      -0.5951
    C          -3.4405       1.9810       1.5955
    C          -1.5723      -0.0770      -0.1719
    O          -2.6953      -2.1590      -0.1698
    O          -1.8693       1.2309      -0.7751
    C          -1.3334      -0.1176       1.4102
    C          -0.8881       1.2875       1.4845
    C           0.3196       1.5771       0.9641
    O          -4.0361       2.4498       2.5048
    O          -1.9505       2.1871       1.7492
    C          -0.2199      -0.3744      -0.8072
    C           0.8361       0.5393      -0.0882
    O          -6.3706      -0.7461       0.1815
    C          -7.5080      -1.5313       0.1764
    O          -7.7343      -2.1872       1.1532
    C          -8.4523      -1.4158      -0.9939
    C          -5.4161      -1.5091      -2.0070
    O          -6.2193      -0.4454      -2.6903
    O          -5.4268       3.3774       0.3776
    O          -1.6122       4.1801       0.0344
    C          -0.7941       5.2258       0.2991
    O          -0.3049       5.8646      -0.5895
    C          -0.5432       5.4737       1.7764
    C           1.2299       2.7853       1.0315
    O           1.9361      -0.3334       0.3600
    C           3.1924       0.0393       0.0732
    O           3.4565       1.0474      -0.5230
    C           4.1742      -1.0075       0.5409
    C           5.5923      -0.5508       0.2305
    C           6.6535      -1.6277       0.4268
    C           6.3531      -2.9590       0.6578
    C           7.3484      -3.9223       0.5946
    C           8.6553      -3.5578       0.3263
    C           8.9721      -2.2174       0.1751
    C           7.9781      -1.2615       0.2323
    O           4.0118      -1.2781       1.9326
    N           5.9708       0.6810       0.8873
    C           6.1083       1.9571       0.3956
    O           6.3193       2.8804       1.1683
    C           5.8856       2.2295      -1.0684
    C           6.1183       1.3531      -2.1154
    C           5.5666       1.5986      -3.3628
    C           4.8505       2.7661      -3.5881
    C           4.7601       3.7103      -2.5860
    C           5.2758       3.4420      -1.3327
    C          -2.1367      -3.0476      -1.0301
    O          -2.1452      -2.8534      -2.2329
    C          -1.5034      -4.2030      -0.3691
    C          -1.4396      -4.3267       1.0054
    C          -0.7639      -5.3990       1.5627
    C          -0.1729      -6.3469       0.7428
    C          -0.2556      -6.2275      -0.6353
    C          -0.9156      -5.1510      -1.1911
    C          -0.2097      -1.1547       1.8364
    C          -2.4301      -0.4562       2.4708
    H          -3.6492       1.8683      -0.5156
    H          -4.2442      -0.7298       0.9946
    H          -6.1319       1.5762       1.1739
    H          -6.4278       2.5627      -1.5682
    H          -7.3896       1.3053      -0.7745
    H          -4.7466       0.9454      -2.2120
    H          -2.8856      -0.7190      -1.6683
    H          -1.1756       1.8958      -0.6851
    H          -1.8482       3.6442       0.8092
    H          -0.3040      -0.0417      -1.8339
    H           0.0915      -1.3953      -0.8029
    H           1.2665       1.1760      -0.8368
    H          -7.9448      -1.4088      -1.9397
    H          -8.9861      -0.4737      -0.9254
    H          -9.1715      -2.2206      -0.9250
    H          -5.9697      -2.4207      -1.8715
    H          -4.4957      -1.6916      -2.5342
    H          -6.1859       3.7990       0.8058
    H          -0.4047       4.5303       2.2919
    H          -1.4092       5.9590       2.2202
    H           0.3171       6.0932       1.8872
    H           1.4833       3.0343       2.0569
    H           0.8689       3.6688       0.5366
    H           2.1685       2.5342       0.5368
    H           3.9670      -1.8925      -0.0573
    H           5.5542      -0.3517      -0.8218
    H           5.3545      -3.2557       0.9039
    H           7.0989      -4.9514       0.7469
    H           9.4172      -4.3037       0.2408
    H           9.9857      -1.9178       0.0023
    H           8.2255      -0.2253       0.1253
    H           3.1299      -1.6338       2.1084
    H           6.0936       0.6251       1.8860
    H           6.7084       0.4705      -1.9833
    H           5.6744       0.8728      -4.1413
    H           4.3798       2.9274      -4.5336
    H           4.2564       4.6442      -2.7661
    H           5.1747       4.1495      -0.5327
    H          -1.9016      -3.5962       1.6316
    H          -0.6960      -5.4955       2.6284
    H           0.3482      -7.1761       1.1766
    H           0.1935      -6.9648      -1.2689
    H          -0.9826      -5.0259      -2.2518
    H           0.6895      -0.6503       2.1318
    H           0.0409      -1.8507       1.0571
    H          -0.5497      -1.7388       2.6731
    H          -2.6865      -1.5071       2.3903
    H          -3.3390       0.1001       2.4689
    H          -1.9770      -0.2959       3.4410

============== BASIS INFOS ==============
 BASIS FUNCTIONS = 1160
 NSHELL =  391 NPRIM  = 2051
 JSHELL =  391 JBASIS =  916


 @ End Reading Molecular Information 


 @ Begin XC Quadrature Formation

 OCTAGO: OCTree Algorithm for Grid Operations 
   PRUNING CUTOFF       = 0.100E-06
   INITIAL GRID POINTS  =      416624
|   FINAL GRID POINTS    =      261480
|   SIGNIFICANT NUMBER OF BASIS FUNCTIONS     =      477466
|   SIGNIFICANT NUMBER OF PRIMITIVE FUNCTIONS =      522709

 @ End XC Quadrature Formation


 @ Begin Energy Calculation

| condition number of overlap matrix:    2.136E+04
| Smallest eigenvalue of overlap matrix:    4.000E-04

                                         SCF ENERGY
| ------------------------------------------------------------------------------------------------------------------------
| NCYC       ENERGY         DELTA_E      SCF_TIME  DII_CYC   DII_TIME   O_TIME  DIAG_TIME    MAX_ERR    RMS_CHG    MAX_CHG
| ------------------------------------------------------------------------------------------------------------------------
|  1  -2942.590120999      ------         2.614     1        0.07      2.54      0.02    0.2345E+01  0.1028E-01  0.6146E+00
|  2  -2925.873202937  -.167169E+02       3.396     2        0.08      3.32      0.02    0.2664E+00  0.4983E-02  0.4798E+00
|  3  -2923.961388483  -.191181E+01       3.311     3        0.09      3.22      0.02    0.5540E+00  0.2740E-02  0.3440E+00
|   ***  Level shifting applied  ( HOMO-LUMO gap =  0.039 au ) ***
|  4  -2927.116944451  0.315556E+01       3.194     4        0.08      3.11      0.02    0.7646E-01  0.9261E-03  0.6351E-01
|  5  -2927.227491401  0.110547E+00       3.050     5        0.08      2.96      0.02    0.3801E-01  0.2584E-03  0.3899E-01
|  6  -2927.236886957  0.939556E-02       2.846     6        0.08      2.76      0.02    0.2443E-01  0.1099E-03  0.1757E-01
|  7  -2927.239547843  0.266089E-02       2.725     7        0.09      2.63      0.02    0.6810E-02  0.4300E-04  0.6899E-02
|  8  -2927.239828850  0.281007E-03       2.583     8        0.09      2.49      0.02    0.2704E-02  0.1537E-04  0.2352E-02
|  9  -2927.239885076  0.562261E-04       2.446     9        0.09      2.35      0.02    0.5996E-03  0.4963E-05  0.6127E-03
| 10  -2927.239888167  0.309059E-05       2.315    10        0.10      2.21      0.02    0.2589E-03  0.1806E-05  0.2735E-03
| 11  -2927.239888735  0.567699E-06       2.219     1        0.12      2.09      0.02    0.8551E-04  0.6278E-06  0.9723E-04
| ------------------------------------------------------------------------------------------------------------------------
| REACH CONVERGENCE AFTER  11 CYCLES
| MAX ERROR = 0.855087E-04   RMS CHANGE = 0.627754E-06   MAX CHANGE = 0.972267E-04
| -----------------------------------------------
 ALPHA ELECTRON DENSITY    =   223.0009270173
 BETA ELECTRON DENSITY     =   223.0009270173
 ELECTRONIC ENERGY    = -12594.309764058
 CORE_CORE REPULSION  =   9667.069875324
 TOTAL ENERGY         =  -2927.239888735

 @ End Energy calculation


 @ Begin Gradient Calculation

 ANALYTICAL GRADIENT: 
----------------------------------------
 COORDINATE    XYZ            GRADIENT
----------------------------------------
    1X    -6.3960620484    -0.0107336376
    1Y     1.6375501950     0.0029079365
    1Z    -1.0167391376    -0.0013649045
    2X    -5.5976016175    -0.0039079879
    2Y     1.9479657588    -0.0182777698
    2Z     0.3156763941     0.0115219506
    3X    -4.1358426958     0.0090904989
    3Y     1.3888886961     0.0044935461
    3Z     0.3061559434    -0.0164188362
    4X    -4.0900119523    -0.0023740914
    4Y    -0.2069339958    -0.0080835999
    4Z     0.0759908158     0.0127100007
    5X    -5.3005248048     0.0086110815
    5Y    -0.5559696325     0.0039818889
    5Z    -0.7831189998     0.0023100009
    6X    -5.6408357108     0.0108957940
    6Y     0.5560152125     0.0194199144
    6Z    -1.7454175833     0.0053954335
    7X    -2.8203121254     0.0018841981
    7Y    -0.7723427990     0.0152616590
    7Z    -0.5951161554    -0.0052291295
    8X    -3.4405170127    -0.0093376095
    8Y     1.9809802613     0.0116109608
    8Z     1.5954933618     0.0021788021
    9X    -1.5722955801    -0.0062890434
    9Y    -0.0769638959    -0.0162512404
    9Z    -0.1719253231     0.0079298893
   10X    -2.6953277358     0.0042069674
   10Y    -2.1590275449    -0.0002352705
   10Z    -0.1697708530    -0.0079225203
   11X    -1.8693494728     0.0045344023
   11Y     1.2308627640     0.0086115347
   11Z    -0.7751224092     0.0037605037
   12X    -1.3334065318     0.0000420083
   12Y    -0.1176307990     0.0146834035
   12Z     1.4101577377    -0.0081188171
   13X    -0.8881045478     0.0214823314
   13Y     1.2874585683    -0.0127979592
   13Z     1.4845317434    -0.0048887826
   14X     0.3196037144    -0.0208651015
   14Y     1.5770568504     0.0016004712
   14Z     0.9640606036     0.0126616835
   15X    -4.0360630582     0.0065290505
   15Y     2.4497905671    -0.0039114778
   15Z     2.5047991213    -0.0069959306
   16X    -1.9504981989    -0.0093938803
   16Y     2.1870801370     0.0014873613
   16Z     1.7492358836    -0.0063916531
   17X    -0.2198636968     0.0000274632
   17Y    -0.3744037186    -0.0136884432
   17Z    -0.8072270516    -0.0063925870
   18X     0.8361322639    -0.0001588973
   18Y     0.5392960612     0.0060846981
   18Z    -0.0882305667    -0.0123110280
   19X    -6.3705655165    -0.0054607638
   19Y    -0.7461437470     0.0029442847
   19Z     0.1814962939    -0.0079689506
   20X    -7.5079891033    -0.0038468182
   20Y    -1.5312545569    -0.0022220896
   20Z     0.1764442435     0.0124165455
   21X    -7.7343174206     0.0028463054
   21Y    -2.1872431170     0.0047075741
   21Z     1.1532460581    -0.0097994993
   22X    -8.4523256355     0.0004434151
   22Y    -1.4157501381     0.0040318728
   22Z    -0.9939260359    -0.0084921454
   23X    -5.4161060936     0.0111371719
   23Y    -1.5091024852    -0.0327246241
   23Z    -2.0070004333    -0.0045478327
   24X    -6.2192576349    -0.0101962733
   24Y    -0.4454467640    -0.0000909868
   24Z    -2.6902952054    -0.0063176807
   25X    -5.4267630344     0.0001207265
   25Y     3.3774439679     0.0027098920
   25Z     0.3776243788     0.0001076530
   26X    -1.6122442331     0.0021842402
   26Y     4.1801173692    -0.0038741351
   26Z     0.0343779426     0.0171226601
   27X    -0.7940924306     0.0040388804
   27Y     5.2257743591     0.0078699501
   27Z     0.2990567328    -0.0150566687
   28X    -0.3048947533    -0.0036056396
   28Y     5.8645770378    -0.0084100193
   28Z    -0.5895333050     0.0110500518
   29X    -0.5432142115     0.0134081905
   29Y     5.4736988580     0.0061855598
   29Z     1.7763875257     0.0060662111
   30X     1.2298581039    -0.0004928854
   30Y     2.7852910627     0.0074546010
   30Z     1.0315035488    -0.0006237775
   31X     1.9361231978     0.0069472785
   31Y    -0.3334212455     0.0031802742
   31Z     0.3599506875    -0.0027071830
   32X     3.1923973838     0.0127982119
   32Y     0.0392867930     0.0018526375
   32Z     0.0732008056     0.0007017717
   33X     3.4564615139    -0.0054354164
   33Y     1.0474090400    -0.0114519634
   33Z    -0.5229789999     0.0095171422
   34X     4.1741653088     0.0029224555
   34Y    -1.0074733869    -0.0007176362
   34Z     0.5409361113    -0.0137025083
   35X     5.5923107171    -0.0034709047
   35Y    -0.5507792521     0.0065880946
   35Z     0.2305424976    -0.0113041777
   36X     6.6535037881     0.0075588922
   36Y    -1.6276655543    -0.0088515009
   36Z     0.4267850326     0.0018738379
   37X     6.3531150051     0.0007039001
   37Y    -2.9590429360     0.0043633484
   37Z     0.6578478902     0.0000826095
   38X     7.3484382612    -0.0000964745
   38Y    -3.9223477295    -0.0009697611
   38Z     0.5946433254    -0.0001983240
   39X     8.6553271210    -0.0004001294
   39Y    -3.5577624717     0.0000582429
   39Z     0.3262773549    -0.0002689878
   40X     8.9721243751    -0.0018237102
   40Y    -2.2174055893     0.0012698746
   40Z     0.1751067634    -0.0000458934
   41X     7.9780886392    -0.0027982423
   41Y    -1.2615409463    -0.0000607348
   41Z     0.2323472177     0.0008430403
   42X     4.0117557664    -0.0061940995
   42Y    -1.2781154276    -0.0007460398
   42Z     1.9325733176     0.0004740241
   43X     5.9708271360    -0.0012023683
   43Y     0.6810003920     0.0015751033
   43Z     0.8873416378     0.0013517281
   44X     6.1083015365    -0.0000536965
   44Y     1.9571430895    -0.0001446124
   44Z     0.3956142302     0.0045917887
   45X     6.3193162726    -0.0038326494
   45Y     2.8803622800    -0.0051524077
   45Z     1.1682892292    -0.0074465129
   46X     5.8856240794    -0.0062049832
   46Y     2.2294773203     0.0028337786
   46Z    -1.0684369316    -0.0145474416
   47X     6.1182760772    -0.0002303159
   47Y     1.3530946933     0.0026919734
   47Z    -2.1154263515     0.0075189198
   48X     5.5666096951    -0.0010334143
   48Y     1.5985928121    -0.0034733871
   48Z    -3.3627524368    -0.0012969109
   49X     4.8504996604    -0.0029785691
   49Y     2.7660993212     0.0056036975
   49Z    -3.5880647940     0.0021653756
   50X     4.7600527335     0.0026648123
   50Y     3.7102514633    -0.0074751410
   50Z    -2.5859740575    -0.0007953251
   51X     5.2758312329     0.0032543337
   51Y     3.4419996328    -0.0073352346
   51Z    -1.3326645918     0.0010747986
   52X    -2.1366951232     0.0059432543
   52Y    -3.0476308227    -0.0125989911
   52Z    -1.0300506687     0.0132851113
   53X    -2.1451656838    -0.0027462917
   53Y    -2.8533799779     0.0041350600
   53Z    -2.2328872205     0.0004708312
   54X    -1.5033715748     0.0076430955
   54Y    -4.2030090710    -0.0087457312
   54Z    -0.3691075382     0.0080253811
   55X    -1.4395727999    -0.0016939691
   55Y    -4.3266984404     0.0043542118
   55Z     1.0054186368    -0.0086933156
   56X    -0.7638830383     0.0004252439
   56Y    -5.3989755623     0.0000845776
   56Z     1.5627243193    -0.0011035773
   57X    -0.1728504332    -0.0002920080
   57Y    -6.3468611347     0.0011324335
   57Z     0.7427716867    -0.0015448759
   58X    -0.2555829795    -0.0006647684
   58Y    -6.2275391756     0.0007600998
   58Z    -0.6353203685     0.0010226197
   59X    -0.9155594699    -0.0020683135
   59Y    -5.1509647533     0.0049973035
   59Z    -1.1911104510     0.0034331189
   60X    -0.2097392960     0.0109762436
   60Y    -1.1547475382    -0.0070900967
   60Z     1.8364341802     0.0040599742
   61X    -2.4300503956    -0.0074295715
   61Y    -0.4562313148     0.0032297533
   61Z     2.4707643087     0.0088626829
   62X    -3.6491745187    -0.0040425904
   62Y     1.8683153927    -0.0039832049
   62Z    -0.5155830594     0.0074677484
   63X    -4.2442042941     0.0006494586
   63Y    -0.7298029557     0.0035090595
   63Z     0.9946071660    -0.0105571978
   64X    -6.1319130983     0.0055305760
   64Y     1.5761652304     0.0026428712
   64Z     1.1739417496    -0.0079149702
   65X    -6.4278100209     0.0022852297
   65Y     2.5627464257    -0.0071399770
   65Z    -1.5682089798     0.0058206397
   66X    -7.3896389443     0.0102458411
   66Y     1.3053382297     0.0007750849
   66Z    -0.7744957191    -0.0016057095
   67X    -4.7465709525    -0.0074067539
   67Y     0.9454138022    -0.0049301807
   67Z    -2.2120482489     0.0048422870
   68X    -2.8855556304     0.0010293134
   68Y    -0.7190312849     0.0027694366
   68Z    -1.6682582674     0.0084880564
   69X    -1.1756472598    -0.0043102039
   69Y     1.8958447948     0.0016533507
   69Z    -0.6850815723    -0.0041880466
   70X    -1.8481633811    -0.0031349778
   70Y     3.6442038083    -0.0017848075
   70Z     0.8091516318    -0.0073910722
   71X    -0.3040223032    -0.0019435938
   71Y    -0.0416779132     0.0026792846
   71Z    -1.8339006500     0.0072982532
   72X     0.0915191370    -0.0050296887
   72Y    -1.3952922665     0.0137519615
   72Z    -0.8028716213    -0.0011849022
   73X     1.2665208967    -0.0075757538
   73Y     1.1759764098    -0.0063399855
   73Z    -0.8367613039     0.0086634635
   74X    -7.9447757667    -0.0034508126
   74Y    -1.4087837076    -0.0009750315
   74Z    -1.9396808281     0.0090633151
   75X    -8.9860731662     0.0034116974
   75Y    -0.4736978662    -0.0066541398
   75Z    -0.9254125307    -0.0012764911
   76X    -9.1714810604     0.0041490268
   76Y    -2.2205725696     0.0043326185
   76Z    -0.9250167206    -0.0000620153
   77X    -5.9696663559     0.0062101106
   77Y    -2.4206610149     0.0097470562
   77Z    -1.8715271229    -0.0014331585
   78X    -4.4956991333    -0.0085832436
   78Y    -1.6916168492     0.0030312990
   78Z    -2.5341524535     0.0051877507
   79X    -6.1859311524    -0.0016281757
   79Y     3.7990295001     0.0059761085
   79Z     0.8057985915    -0.0001844851
   80X    -0.4047348909    -0.0007801925
   80Y     4.5302822759     0.0024068123
   80Z     2.2918681450    -0.0047704522
   81X    -1.4092254776     0.0038435101
   81Y     5.9590269651    -0.0036626284
   81Z     2.2201989695    -0.0017389264
   82X     0.3171041142    -0.0130018756
   82Y     6.0931668053    -0.0103611454
   82Z     1.8871610341    -0.0027529761
   83X     1.4832825233     0.0017590665
   83Y     3.0343297417    -0.0026398871
   83Z     2.0569032671    -0.0061943551
   84X     0.8689347864     0.0037523563
   84Y     3.6687759202    -0.0075496412
   84Z     0.5365847410     0.0045353760
   85X     2.1684890256    -0.0000294910
   85Y     2.5341565935    -0.0009958269
   85Z     0.5367745110    -0.0013714478
   86X     3.9669616429     0.0005369660
   86Y    -1.8924970245     0.0080116578
   86Z    -0.0572581044     0.0037211379
   87X     5.5541776341     0.0007844742
   87Y    -0.3516751969    -0.0019329658
   87Z    -0.8217997928     0.0100733246
   88X     5.3544978589     0.0094490539
   88Y    -3.2557102186     0.0027986591
   88Z     0.9038848590    -0.0008195208
   89X     7.0989144921     0.0027129123
   89Y    -4.9513961981     0.0113807695
   89Z     0.7469288470    -0.0022088025
   90X     9.4171946391    -0.0085447607
   90Y    -4.3036937586     0.0082791949
   90Z     0.2407856384    -0.0002890607
   91X     9.9857451625    -0.0104570569
   91Y    -1.9177654664    -0.0026962151
   91Z     0.0023467702     0.0017136904
   92X     8.2254739781    -0.0024305910
   92Y    -0.2253064972    -0.0099324742
   92Z     0.1253413196     0.0022829997
   93X     3.1299497190     0.0003283398
   93Y    -1.6337869448    -0.0019539214
   93Z     2.1083780410     0.0050304337
   94X     6.0936142953    -0.0002225284
   94Y     0.6250744177    -0.0017124299
   94Z     1.8859549340    -0.0046313155
   95X     6.7084385023    -0.0062389749
   95Y     0.4705180859     0.0084052578
   95Z    -1.9833353715    -0.0015144890
   96X     5.6743955033    -0.0029873309
   96Y     0.8727860166     0.0069708075
   96Z    -4.1412753062     0.0093419558
   97X     4.3798459545     0.0044547362
   97Y     2.9274162635    -0.0031842099
   97Z    -4.5335959262     0.0117478118
   98X     4.2563846850     0.0035714379
   98Y     4.6442142246    -0.0060364466
   98Z    -2.7660689312     0.0011385700
   99X     5.1747309752     0.0017721997
   99Y     4.1495329469    -0.0046575850
   99Z    -0.5327311807    -0.0066048684
  100X    -1.9015966152     0.0050338932
  100Y    -3.5961884646    -0.0072624462
  100Z     1.6316251146    -0.0060088868
  101X    -0.6959961231    -0.0000610039
  101Y    -5.4955301297     0.0008607130
  101Z     2.6284273507    -0.0096057951
  102X     0.3482320666    -0.0051797783
  102Y    -7.1761497180     0.0083881095
  102Z     1.1766068899    -0.0043876435
  103X     0.1934856248    -0.0047330313
  103Y    -6.9647955319     0.0072909248
  103Z    -1.2689412269     0.0061183248
  104X    -0.9826070850     0.0006555981
  104Y    -5.0258756638    -0.0012800835
  104Z    -2.2518210920     0.0101222225
  105X     0.6895305627    -0.0067578648
  105Y    -0.6503325997    -0.0042302246
  105Z     2.1318040128    -0.0044082770
  106X     0.0408559131    -0.0015091873
  106Y    -1.8507204713     0.0050858326
  106Z     1.0570934807     0.0040690311
  107X    -0.5497152620     0.0037272428
  107Y    -1.7387967528     0.0049035001
  107Z     2.6730564641    -0.0077614564
  108X    -2.6864695851     0.0018467762
  108Y    -1.5071205751     0.0034926288
  108Z     2.3903168925    -0.0003233195
  109X    -3.3390145450     0.0090774640
  109Y     0.1000510676    -0.0055368565
  109Z     2.4688671085    -0.0010813004
  110X    -1.9770021010    -0.0027857414
  110Y    -0.2959025626    -0.0010874044
  110Z     3.4410103628    -0.0065458155
----------------------------------------

 @ End Gradient Calculation

  Skipping one-electron property calculation.

 @ Output Timing Information

------------- TIMING ---------------
| INITIAL GUESS TIME  =     4.204717000(  6.00%)
| DFT GRID OPERATIONS =     0.475547000(  0.68%)
| TOTAL SCF TIME      =    30.976256000( 44.22%)
|       TOTAL OP TIME      =    29.944554000( 42.75%)
|             TOTAL 1e TIME      =     0.278744000(  0.40%)
|             TOTAL 2e TIME      =    19.373686000( 27.66%)
|             TOTAL EXC TIME     =     9.823647000( 14.02%)
|       TOTAL DII TIME      =     0.985271000(  1.41%)
|             TOTAL DIAG TIME    =     0.181057000(  0.26%)
| TOTAL GRADIENT TIME      =    33.346077000( 47.60%)
|       TOTAL 1e GRADIENT TIME      =     2.621120000( 3.86%)
|       TOTAL 2e GRADIENT TIME      =    28.451926000(40.62%)
|       TOTAL EXC GRADIENT TIME     =     2.188587000(  3.12%)
| TOTAL TIME          =    70.052559000
------------------------------------
| Job cpu time:  0 days  0 hours  1 minutes 10.1 seconds.

 @ Finish Output Timing Information

| Normal Termination. Task Finished on: Sat Aug 29 08:15:48 2026
