| *********************************************************************************************************
| **                                                                                                     **
| **           888888888888                                                                              **
| **         8888888888888888                                                                            **
| **      888888888888888888                                                                             **
| **     888888888888888888                                                                              **
| **    888888888888888                                                                                  **
| **   88888888888888888888                               88888                       8888:              **
| **   8888888888888888888888Z                            88888                       8888:              **
| **   888888888888888888888888?                          88888                       8888:              **
| **   8888888888888      8888888                                        888888       8888:              **
| **    88888888888         888888     8888:     88888    88888        888888888I     8888:    888888    **
| **    8888888888           88888:    8888:     88888    88888      $888888888888    8888:   888888     **
| **    I8Z 88888             88888    8888:     88888    88888    .888888     8888   8888: 888888       **
| **    .8Z 88888             88888    8888:     88888    88888    $88888             8888:88888         **
| **     8I 88888      .=88. .88888    8888:     88888    88888    88888              8888888888         **
| **    :8  88888      888888$8888$    8888:     88888    88888    8888O              88888888888        **
| **   ,7   +88888.     8888888888.    8888:     88888    88888    888888             88888O888888       **
| **         $888888:.   .8888888      88888....888888    88888     888888     8888   8888:  888888      **
| **          I8888888888888888888     888888888888888    88888     O888888888888O    8888:   888888     **
| **            O888888888888888888     88888888888888    88888       88888888888$    8888:    888888    **
| **               8888888Z     888      .8888I  88888    88888         8888888       8888:     888888   **
| **                                                                                                     **
| **                                                                                                     **
| **                                         Copyright (c) 2026                                          **
| **                          Regents of the University of California San Diego                          **
| **                                    & Michigan State University                                      **
| **                                        All Rights Reserved.                                         **
| **                                                                                                     **
| **             This software is subject to the terms of the Mozilla Public License, v. 2.0.            **
| **                                                                                                     **
| *********************************************************************************************************
|                                                                                                          
| Cite this work as:                                                                                       
| Manathunga, M.; O'Hearn, K. A.; Shajan, A.; Smith, J.; Miao, Y.; He, X.; Ayers, K.;                      
| Brothers, E.; Palos, E.; Tripathy, V.; Goetz, A.W.; Merz, K.M. QUICK-26.03.                              
| University of California,San Diego, CA and                                                               
| Michigan State University, East Lansing, MI, 2026                                                        
|                                                                                                          
| If you have any comments or queries, please reach out to us on GitHub issues or discussion sections:     
| https://github.com/merzlab/QUICK.                                                                        
|                                                                                                          
| TASK STARTS ON: Sat Aug 29 08:15:48 2026
| INPUT FILE :    /work2/11707/msun12/stampede3/quickruns/3447190/txl3/taxol_6-31+G**.in
| OUTPUT FILE:    /work2/11707/msun12/stampede3/quickruns/3447190/txl3/taxol_6-31+G**.out
| BASIS SET PATH: /home1/11707/msun12/QUICK-install/basis

|------------ GPU INFORMATION ---------------
| CUDA ENABLED DEVICE         :        1
| CUDA DEVICE IN USE          :        0
| CUDA DEVICE NAME            : NVIDIA H100
| CUDA DEVICE PM              :      132
| CUDA DEVICE CORE FREQ(GHZ)  :     1.98
| CUDA DEVICE MEMORY SIZE (MB):    95321
| SUPPORTING CUDA VERSION     :      9.0
|--------------------------------------------

 @ Read Job And Atom

  KEYWORD=B3LYP BASIS=6-31+G** CUTOFF=1.0E-10 DENSERMS=1.0E-6 GRADIENT CUEST
 ============== JOB CARD =============
 METHOD = DENSITY FUNCTIONAL THEORY
 DENSITY FUNCTIONAL = B3LYP
 DIRECT SCF 
 SAD INITAL GUESS 
 USE DIIS SCF
 PRINT ENERGY EVERY CYCLE
 READ SAD GUESS FROM FILE
 STANDARD GRID = SG1
 Level shifting allowed after cycle    3
 DIIS error must exceed 0.100 for level shifting
 Max HOMO-LUMO gap to allow level shifting = 0.200
 GRADIENT CALCULATION
 MAX SCF CYCLES =    200
 MAX DIIS CYCLES =   10
 DELTA DENSITY START CYCLE =    3
 COMPUTATIONAL CUTOFF: 
      TWO-e INTEGRAL         =  0.100E-09
      BASIS SET PRIME        =  0.100E-10
      MATRIX ELEMENTS        =  0.100E-09
      BASIS FUNCTION         =  0.100E-05
      NEAR-LINEAR DEPENDENCY =  0.100E-04
      GRADIENT CUTOFF  =  0.100E-06
 DENSITY MATRIX MAXIMUM RMS FOR CONVERGENCE  =  0.100E-05
 BASIS SET = 6-31+G**,  TYPE = CARTESIAN
| BASIS FILE = /home1/11707/msun12/QUICK-install/basis/6-31PLGDP.BAS
| DATA FILE  =    /work2/11707/msun12/stampede3/quickruns/3447190/txl3/taxol_6-31+G**.dat

 @ Finish reading job


 @ Begin SAD initial guess

 For Atom Kind =    1
 ELEMENT = C 
 BASIS FUNCTIONS =   19
 For Atom Kind =    2
 ELEMENT = O 
 BASIS FUNCTIONS =   19
 For Atom Kind =    3
 ELEMENT = N 
 BASIS FUNCTIONS =   19
 For Atom Kind =    4
 ELEMENT = H 
 BASIS FUNCTIONS =    5

 @ Finish SAD initial guess


 @ Begin Reading Molecular Information


 =========== Molecule Input ==========
 TOTAL MOLECULAR CHARGE  =    0    MULTIPLICITY                =    1
 TOTAL ATOM NUMBER       =  110    NUMBER OF ATOM TYPES        =    4
 NUMBER OF HYDROGEN ATOM =   49    NUMBER OF NON-HYDROGEN ATOM =   61
 NUMBER OF ELECTRONS     =  446

 -- INPUT GEOMETRY -- :
    C          -6.3961       1.6376      -1.0167
    C          -5.5976       1.9480       0.3157
    C          -4.1358       1.3889       0.3062
    C          -4.0900      -0.2069       0.0760
    C          -5.3005      -0.5560      -0.7831
    C          -5.6408       0.5560      -1.7454
    C          -2.8203      -0.7723      -0.5951
    C          -3.4405       1.9810       1.5955
    C          -1.5723      -0.0770      -0.1719
    O          -2.6953      -2.1590      -0.1698
    O          -1.8693       1.2309      -0.7751
    C          -1.3334      -0.1176       1.4102
    C          -0.8881       1.2875       1.4845
    C           0.3196       1.5771       0.9641
    O          -4.0361       2.4498       2.5048
    O          -1.9505       2.1871       1.7492
    C          -0.2199      -0.3744      -0.8072
    C           0.8361       0.5393      -0.0882
    O          -6.3706      -0.7461       0.1815
    C          -7.5080      -1.5313       0.1764
    O          -7.7343      -2.1872       1.1532
    C          -8.4523      -1.4158      -0.9939
    C          -5.4161      -1.5091      -2.0070
    O          -6.2193      -0.4454      -2.6903
    O          -5.4268       3.3774       0.3776
    O          -1.6122       4.1801       0.0344
    C          -0.7941       5.2258       0.2991
    O          -0.3049       5.8646      -0.5895
    C          -0.5432       5.4737       1.7764
    C           1.2299       2.7853       1.0315
    O           1.9361      -0.3334       0.3600
    C           3.1924       0.0393       0.0732
    O           3.4565       1.0474      -0.5230
    C           4.1742      -1.0075       0.5409
    C           5.5923      -0.5508       0.2305
    C           6.6535      -1.6277       0.4268
    C           6.3531      -2.9590       0.6578
    C           7.3484      -3.9223       0.5946
    C           8.6553      -3.5578       0.3263
    C           8.9721      -2.2174       0.1751
    C           7.9781      -1.2615       0.2323
    O           4.0118      -1.2781       1.9326
    N           5.9708       0.6810       0.8873
    C           6.1083       1.9571       0.3956
    O           6.3193       2.8804       1.1683
    C           5.8856       2.2295      -1.0684
    C           6.1183       1.3531      -2.1154
    C           5.5666       1.5986      -3.3628
    C           4.8505       2.7661      -3.5881
    C           4.7601       3.7103      -2.5860
    C           5.2758       3.4420      -1.3327
    C          -2.1367      -3.0476      -1.0301
    O          -2.1452      -2.8534      -2.2329
    C          -1.5034      -4.2030      -0.3691
    C          -1.4396      -4.3267       1.0054
    C          -0.7639      -5.3990       1.5627
    C          -0.1729      -6.3469       0.7428
    C          -0.2556      -6.2275      -0.6353
    C          -0.9156      -5.1510      -1.1911
    C          -0.2097      -1.1547       1.8364
    C          -2.4301      -0.4562       2.4708
    H          -3.6492       1.8683      -0.5156
    H          -4.2442      -0.7298       0.9946
    H          -6.1319       1.5762       1.1739
    H          -6.4278       2.5627      -1.5682
    H          -7.3896       1.3053      -0.7745
    H          -4.7466       0.9454      -2.2120
    H          -2.8856      -0.7190      -1.6683
    H          -1.1756       1.8958      -0.6851
    H          -1.8482       3.6442       0.8092
    H          -0.3040      -0.0417      -1.8339
    H           0.0915      -1.3953      -0.8029
    H           1.2665       1.1760      -0.8368
    H          -7.9448      -1.4088      -1.9397
    H          -8.9861      -0.4737      -0.9254
    H          -9.1715      -2.2206      -0.9250
    H          -5.9697      -2.4207      -1.8715
    H          -4.4957      -1.6916      -2.5342
    H          -6.1859       3.7990       0.8058
    H          -0.4047       4.5303       2.2919
    H          -1.4092       5.9590       2.2202
    H           0.3171       6.0932       1.8872
    H           1.4833       3.0343       2.0569
    H           0.8689       3.6688       0.5366
    H           2.1685       2.5342       0.5368
    H           3.9670      -1.8925      -0.0573
    H           5.5542      -0.3517      -0.8218
    H           5.3545      -3.2557       0.9039
    H           7.0989      -4.9514       0.7469
    H           9.4172      -4.3037       0.2408
    H           9.9857      -1.9178       0.0023
    H           8.2255      -0.2253       0.1253
    H           3.1299      -1.6338       2.1084
    H           6.0936       0.6251       1.8860
    H           6.7084       0.4705      -1.9833
    H           5.6744       0.8728      -4.1413
    H           4.3798       2.9274      -4.5336
    H           4.2564       4.6442      -2.7661
    H           5.1747       4.1495      -0.5327
    H          -1.9016      -3.5962       1.6316
    H          -0.6960      -5.4955       2.6284
    H           0.3482      -7.1761       1.1766
    H           0.1935      -6.9648      -1.2689
    H          -0.9826      -5.0259      -2.2518
    H           0.6895      -0.6503       2.1318
    H           0.0409      -1.8507       1.0571
    H          -0.5497      -1.7388       2.6731
    H          -2.6865      -1.5071       2.3903
    H          -3.3390       0.1001       2.4689
    H          -1.9770      -0.2959       3.4410

============== BASIS INFOS ==============
 BASIS FUNCTIONS = 1404
 NSHELL =  452 NPRIM  = 2295
 JSHELL =  452 JBASIS =  977


 @ End Reading Molecular Information 


 @ Begin XC Quadrature Formation

 OCTAGO: OCTree Algorithm for Grid Operations 
   PRUNING CUTOFF       = 0.100E-07
   INITIAL GRID POINTS  =      416624
|   FINAL GRID POINTS    =      265461
|   SIGNIFICANT NUMBER OF BASIS FUNCTIONS     =     1060646
|   SIGNIFICANT NUMBER OF PRIMITIVE FUNCTIONS =     1110561

 @ End XC Quadrature Formation


 @ Begin Energy Calculation

| Number of total basis functions:   1404
| Number of linearly independent basis functions:   1373
| condition number of overlap matrix:    4.851E+08
| Smallest eigenvalue of overlap matrix:    4.639E-08

                                         SCF ENERGY
| ------------------------------------------------------------------------------------------------------------------------
| NCYC       ENERGY         DELTA_E      SCF_TIME  DII_CYC   DII_TIME   O_TIME  DIAG_TIME    MAX_ERR    RMS_CHG    MAX_CHG
| ------------------------------------------------------------------------------------------------------------------------
|  1  -2940.888493531      ------         9.729     1        0.10      9.62      0.02    0.2271E+01  0.1539E-01  0.2193E+01
|  2  -2925.795514840  -.150930E+02      16.007     2        0.11     15.89      0.02    0.2416E+00  0.1298E-01  0.3172E+01
|  3  -2924.501374495  -.129414E+01      15.831     3        0.13     15.69      0.02    0.4403E+00  0.7955E-02  0.2138E+01
|   ***  Level shifting applied  ( HOMO-LUMO gap =  0.055 au ) ***
|  4  -2927.230041392  0.272867E+01      15.414     4        0.11     15.30      0.02    0.6109E-01  0.2871E-02  0.8823E+00
|  5  -2927.329068430  0.990270E-01      14.879     5        0.12     14.75      0.02    0.3194E-01  0.6114E-03  0.5798E-01
|  6  -2927.339377815  0.103094E-01      13.913     6        0.13     13.78      0.02    0.1518E-01  0.1884E-03  0.3306E-01
|  7  -2927.341832268  0.245445E-02      13.152     7        0.13     13.02      0.02    0.5563E-02  0.7419E-04  0.5510E-02
|  8  -2927.342073930  0.241662E-03      12.484     8        0.13     12.35      0.02    0.2273E-02  0.2590E-04  0.2252E-02
|  9  -2927.342118991  0.450613E-04      11.743     9        0.14     11.59      0.02    0.6459E-03  0.8486E-05  0.5485E-03
| 10  -2927.342122410  0.341854E-05      11.071    10        0.14     10.92      0.02    0.2328E-03  0.3148E-05  0.4945E-03
| 11  -2927.342122864  0.454234E-06      10.484     1        0.18     10.30      0.02    0.7215E-04  0.1193E-05  0.1047E-03
| 12  -2927.342122949  0.848395E-07       9.851     2        0.18      9.66      0.02    0.2532E-04  0.4453E-06  0.3278E-04
| ------------------------------------------------------------------------------------------------------------------------
| REACH CONVERGENCE AFTER  12 CYCLES
| MAX ERROR = 0.253178E-04   RMS CHANGE = 0.445320E-06   MAX CHANGE = 0.327776E-04
| -----------------------------------------------
 ALPHA ELECTRON DENSITY    =   223.0010731673
 BETA ELECTRON DENSITY     =   223.0010731673
 ELECTRONIC ENERGY    = -12594.411998273
 CORE_CORE REPULSION  =   9667.069875324
 TOTAL ENERGY         =  -2927.342122949

 @ End Energy calculation


 @ Begin Gradient Calculation

 ANALYTICAL GRADIENT: 
----------------------------------------
 COORDINATE    XYZ            GRADIENT
----------------------------------------
    1X    -6.3960620484    -0.0324577793
    1Y     1.6375501950     0.0237975998
    1Z    -1.0167391376     0.0682712544
    2X    -5.5976016175     0.0369135553
    2Y     1.9479657588    -0.0143159321
    2Z     0.3156763941     0.0283744804
    3X    -4.1358426958    -0.1192592364
    3Y     1.3888886961    -0.0096566439
    3Z     0.3061559434    -0.1044054619
    4X    -4.0900119523     0.0279531736
    4Y    -0.2069339958    -0.0372181048
    4Z     0.0759908158     0.0175980809
    5X    -5.3005248048    -0.0382787719
    5Y    -0.5559696325     0.0675077375
    5Z    -0.7831189998     0.0480042890
    6X    -5.6408357108     0.1144039894
    6Y     0.5560152125    -0.1031355962
    6Z    -1.7454175833    -0.0023083935
    7X    -2.8203121254     0.0145708228
    7Y    -0.7723427990     0.0282970499
    7Z    -0.5951161554    -0.0515796253
    8X    -3.4405170127     0.0542870585
    8Y     1.9809802613     0.0777886669
    8Z     1.5954933618     0.0963908149
    9X    -1.5722955801    -0.0491929381
    9Y    -0.0769638959     0.0134129938
    9Z    -0.1719253231    -0.0195290482
   10X    -2.6953277358    -0.0180681397
   10Y    -2.1590275449    -0.0065068654
   10Z    -0.1697708530     0.0133292284
   11X    -1.8693494728     0.0158125142
   11Y     1.2308627640    -0.0347509926
   11Z    -0.7751224092     0.0010698363
   12X    -1.3334065318    -0.0560053123
   12Y    -0.1176307990     0.0243970241
   12Z     1.4101577377    -0.0506027312
   13X    -0.8881045478    -0.0699135906
   13Y     1.2874585683    -0.0839820287
   13Z     1.4845317434     0.0816181720
   14X     0.3196037144     0.0261821948
   14Y     1.5770568504     0.0220033005
   14Z     0.9640606036     0.0241398767
   15X    -4.0360630582    -0.0037613688
   15Y     2.4497905671     0.0165015748
   15Z     2.5047991213    -0.0067435630
   16X    -1.9504981989    -0.0118412752
   16Y     2.1870801370    -0.0062998253
   16Z     1.7492358836    -0.0236767486
   17X    -0.2198636968     0.0047847937
   17Y    -0.3744037186    -0.0178689055
   17Z    -0.8072270516    -0.0088015884
   18X     0.8361322639     0.0683594695
   18Y     0.5392960612     0.0244401526
   18Z    -0.0882305667    -0.0677229195
   19X    -6.3705655165    -0.0175347259
   19Y    -0.7461437470     0.0087375669
   19Z     0.1814962939    -0.0536490520
   20X    -7.5079891033    -0.0340620072
   20Y    -1.5312545569    -0.0228433074
   20Z     0.1764442435     0.0095368801
   21X    -7.7343174206     0.0171877265
   21Y    -2.1872431170     0.0215988518
   21Z     1.1532460581    -0.0181443050
   22X    -8.4523256355     0.0384905854
   22Y    -1.4157501381     0.0160732805
   22Z    -0.9939260359     0.0149037337
   23X    -5.4161060936    -0.0005505006
   23Y    -1.5091024852     0.0078795361
   23Z    -2.0070004333    -0.0101523754
   24X    -6.2192576349    -0.0177409988
   24Y    -0.4454467640    -0.0188647823
   24Z    -2.6902952054    -0.0157134452
   25X    -5.4267630344     0.0184503680
   25Y     3.3774439679     0.0116647047
   25Z     0.3776243788     0.0290500590
   26X    -1.6122442331     0.0215733399
   26Y     4.1801173692     0.0215861603
   26Z     0.0343779426    -0.0029207576
   27X    -0.7940924306    -0.0283209482
   27Y     5.2257743591    -0.0157166973
   27Z     0.2990567328     0.0233104245
   28X    -0.3048947533    -0.0045560563
   28Y     5.8645770378    -0.0160921458
   28Z    -0.5895333050    -0.0100816300
   29X    -0.5432142115     0.0441304204
   29Y     5.4736988580     0.0016664199
   29Z     1.7763875257    -0.0332170492
   30X     1.2298581039    -0.0176139620
   30Y     2.7852910627     0.0066079411
   30Z     1.0315035488    -0.0425002092
   31X     1.9361231978     0.1298884083
   31Y    -0.3334212455     0.1427303225
   31Z     0.3599506875    -0.0972528722
   32X     3.1923973838    -0.0058482399
   32Y     0.0392867930    -0.4135087835
   32Z     0.0732008056     0.2673727777
   33X     3.4564615139    -0.1919318077
   33Y     1.0474090400     0.2209059195
   33Z    -0.5229789999    -0.1300726629
   34X     4.1741653088    -0.0323471023
   34Y    -1.0074733869     0.0399950248
   34Z     0.5409361113    -0.0076473693
   35X     5.5923107171    -0.0136122320
   35Y    -0.5507792521    -0.0024078419
   35Z     0.2305424976    -0.0074291772
   36X     6.6535037881     0.0212666600
   36Y    -1.6276655543    -0.0081526691
   36Z     0.4267850326     0.0098991183
   37X     6.3531150051     0.0403325794
   37Y    -2.9590429360     0.0129668453
   37Z     0.6578478902    -0.0330225901
   38X     7.3484382612     0.0104111272
   38Y    -3.9223477295    -0.0104878403
   38Z     0.5946433254     0.0007907788
   39X     8.6553271210    -0.0196485965
   39Y    -3.5577624717    -0.0184934604
   39Z     0.3262773549     0.0008241354
   40X     8.9721243751    -0.0269365939
   40Y    -2.2174055893     0.0283992815
   40Z     0.1751067634    -0.0013715867
   41X     7.9780886392    -0.0157798807
   41Y    -1.2615409463    -0.0515712964
   41Z     0.2323472177     0.0039930695
   42X     4.0117557664    -0.0364727601
   42Y    -1.2781154276    -0.0048070058
   42Z     1.9325733176     0.0372488828
   43X     5.9708271360     0.0372535189
   43Y     0.6810003920    -0.0194518065
   43Z     0.8873416378    -0.0078893178
   44X     6.1083015365     0.0082838706
   44Y     1.9571430895    -0.0338163402
   44Z     0.3956142302     0.0743475176
   45X     6.3193162726    -0.0255097465
   45Y     2.8803622800     0.0132523522
   45Z     1.1682892292    -0.0279893886
   46X     5.8856240794    -0.0013831551
   46Y     2.2294773203     0.1208087873
   46Z    -1.0684369316    -0.1647605388
   47X     6.1182760772    -0.0211378648
   47Y     1.3530946933     0.0189972727
   47Z    -2.1154263515     0.0252083605
   48X     5.5666096951    -0.0028490120
   48Y     1.5985928121     0.0035840495
   48Z    -3.3627524368     0.0074677172
   49X     4.8504996604     0.0116060212
   49Y     2.7660993212     0.0242949063
   49Z    -3.5880647940     0.0718858945
   50X     4.7600527335    -0.0038071356
   50Y     3.7102514633    -0.0316211478
   50Z    -2.5859740575    -0.0635490680
   51X     5.2758312329     0.0538746353
   51Y     3.4419996328    -0.0542006877
   51Z    -1.3326645918     0.0687110081
   52X    -2.1366951232    -0.0222513169
   52Y    -3.0476308227     0.0959689483
   52Z    -1.0300506687    -0.0259574976
   53X    -2.1451656838     0.0037021353
   53Y    -2.8533799779    -0.0039256665
   53Z    -2.2328872205    -0.0015183805
   54X    -1.5033715748     0.0764725990
   54Y    -4.2030090710    -0.0985645957
   54Z    -0.3691075382     0.0586488497
   55X    -1.4395727999     0.0053475781
   55Y    -4.3266984404    -0.0192018757
   55Z     1.0054186368    -0.0190042603
   56X    -0.7638830383    -0.0102319801
   56Y    -5.3989755623     0.0167862928
   56Z     1.5627243193    -0.0052855123
   57X    -0.1728504332    -0.0130486032
   57Y    -6.3468611347     0.0270788702
   57Z     0.7427716867     0.0096894677
   58X    -0.2555829795    -0.0198156782
   58Y    -6.2275391756     0.0428271571
   58Z    -0.6353203685     0.0378066514
   59X    -0.9155594699     0.0218386484
   59Y    -5.1509647533    -0.0408958056
   59Z    -1.1911104510     0.0049642846
   60X    -0.2097392960     0.0571995543
   60Y    -1.1547475382    -0.0115103403
   60Z     1.8364341802     0.0322126452
   61X    -2.4300503956    -0.0200314239
   61Y    -0.4562313148     0.0309267888
   61Z     2.4707643087     0.0258021671
   62X    -3.6491745187     0.0223729765
   62Y     1.8683153927     0.0180494705
   62Z    -0.5155830594    -0.0511948275
   63X    -4.2442042941     0.0049649132
   63Y    -0.7298029557     0.0003579503
   63Z     0.9946071660    -0.0047169670
   64X    -6.1319130983    -0.0177467801
   64Y     1.5761652304    -0.0058012331
   64Z     1.1739417496    -0.0094158633
   65X    -6.4278100209    -0.0038550914
   65Y     2.5627464257     0.0121805689
   65Z    -1.5682089798     0.0005027100
   66X    -7.3896389443    -0.0262823739
   66Y     1.3053382297    -0.0107516671
   66Z    -0.7744957191    -0.0123417296
   67X    -4.7465709525     0.0118330973
   67Y     0.9454138022    -0.0050290184
   67Z    -2.2120482489    -0.0038133194
   68X    -2.8855556304    -0.0017725656
   68Y    -0.7190312849    -0.0033544147
   68Z    -1.6682582674    -0.0017395946
   69X    -1.1756472598     0.0006659565
   69Y     1.8958447948     0.0009479576
   69Z    -0.6850815723    -0.0013231327
   70X    -1.8481633811    -0.0063901140
   70Y     3.6442038083    -0.0015447956
   70Z     0.8091516318     0.0036732650
   71X    -0.3040223032    -0.0113852969
   71Y    -0.0416779132     0.0004557234
   71Z    -1.8339006500    -0.0096384578
   72X     0.0915191370     0.0055886961
   72Y    -1.3952922665     0.0148128050
   72Z    -0.8028716213    -0.0093459974
   73X     1.2665208967    -0.0013041594
   73Y     1.1759764098     0.0041272207
   73Z    -0.8367613039     0.0056225308
   74X    -7.9447757667    -0.0008022325
   74Y    -1.4087837076    -0.0056185200
   74Z    -1.9396808281     0.0096506393
   75X    -8.9860731662    -0.0037226935
   75Y    -0.4736978662    -0.0102103232
   75Z    -0.9254125307     0.0087180285
   76X    -9.1714810604    -0.0129047685
   76Y    -2.2205725696    -0.0051589233
   76Z    -0.9250167206    -0.0072812026
   77X    -5.9696663559     0.0083217724
   77Y    -2.4206610149     0.0122213889
   77Z    -1.8715271229     0.0021225062
   78X    -4.4956991333     0.0063581689
   78Y    -1.6916168492    -0.0023975480
   78Z    -2.5341524535    -0.0088093480
   79X    -6.1859311524    -0.0128208686
   79Y     3.7990295001     0.0084573584
   79Z     0.8057985915     0.0025903583
   80X    -0.4047348909    -0.0017430934
   80Y     4.5302822759     0.0007265341
   80Z     2.2918681450     0.0004546872
   81X    -1.4092254776    -0.0138550053
   81Y     5.9590269651    -0.0160760525
   81Z     2.2201989695     0.0239192491
   82X     0.3171041142    -0.0054827995
   82Y     6.0931668053     0.0055751500
   82Z     1.8871610341    -0.0010704803
   83X     1.4832825233     0.0142727269
   83Y     3.0343297417     0.0059585064
   83Z     2.0569032671     0.0122985364
   84X     0.8689347864     0.0017917896
   84Y     3.6687759202    -0.0045881596
   84Z     0.5365847410     0.0042504550
   85X     2.1684890256     0.0290418063
   85Y     2.5341565935    -0.0055891507
   85Z     0.5367745110     0.0096260213
   86X     3.9669616429     0.0008074636
   86Y    -1.8924970245    -0.0222757299
   86Z    -0.0572581044    -0.0127471259
   87X     5.5541776341    -0.0002170989
   87Y    -0.3516751969    -0.0028525035
   87Z    -0.8217997928     0.0109232547
   88X     5.3544978589    -0.0196765493
   88Y    -3.2557102186    -0.0067340278
   88Z     0.9038848590     0.0053793431
   89X     7.0989144921     0.0076422725
   89Y    -4.9513961981     0.0110729636
   89Z     0.7469288470    -0.0048117803
   90X     9.4171946391     0.0049245805
   90Y    -4.3036937586    -0.0032904270
   90Z     0.2407856384    -0.0013730535
   91X     9.9857451625     0.0168305921
   91Y    -1.9177654664     0.0042115022
   91Z     0.0023467702    -0.0026512337
   92X     8.2254739781     0.0136846098
   92Y    -0.2253064972     0.0493769047
   92Z     0.1253413196    -0.0031370682
   93X     3.1299497190     0.0026668879
   93Y    -1.6337869448    -0.0046478286
   93Z     2.1083780410     0.0040660891
   94X     6.0936142953     0.0006811055
   94Y     0.6250744177    -0.0062609670
   94Z     1.8859549340     0.0109030082
   95X     6.7084385023     0.0043922270
   95Y     0.4705180859    -0.0021311819
   95Z    -1.9833353715     0.0080526820
   96X     5.6743955033     0.0067549203
   96Y     0.8727860166    -0.0160538784
   96Z    -4.1412753062     0.0060457495
   97X     4.3798459545    -0.0194691479
   97Y     2.9274162635     0.0073547555
   97Z    -4.5335959262    -0.0364274849
   98X     4.2563846850    -0.0020268770
   98Y     4.6442142246     0.0065917786
   98Z    -2.7660689312     0.0022902451
   99X     5.1747309752     0.0029578988
   99Y     4.1495329469    -0.0060299957
   99Z    -0.5327311807     0.0071337116
  100X    -1.9015966152     0.0014317735
  100Y    -3.5961884646    -0.0055909475
  100Z     1.6316251146     0.0006816682
  101X    -0.6959961231     0.0036059120
  101Y    -5.4955301297    -0.0077624094
  101Z     2.6284273507    -0.0234999492
  102X     0.3482320666    -0.0017875580
  102Y    -7.1761497180     0.0035975669
  102Z     1.1766068899     0.0023891544
  103X     0.1934856248    -0.0080893139
  103Y    -6.9647955319     0.0004389447
  103Z    -1.2689412269    -0.0262589591
  104X    -0.9826070850    -0.0018786500
  104Y    -5.0258756638     0.0095693021
  104Z    -2.2518210920    -0.0031198668
  105X     0.6895305627     0.0290341647
  105Y    -0.6503325997     0.0097755730
  105Z     2.1318040128     0.0060563969
  106X     0.0408559131     0.0121446079
  106Y    -1.8507204713    -0.0153280546
  106Z     1.0570934807    -0.0175825992
  107X    -0.5497152620    -0.0012148890
  107Y    -1.7387967528    -0.0108692029
  107Z     2.6730564641     0.0250297235
  108X    -2.6864695851    -0.0079390600
  108Y    -1.5071205751    -0.0323225762
  108Z     2.3903168925    -0.0209030865
  109X    -3.3390145450    -0.0210822204
  109Y     0.1000510676    -0.0000098971
  109Z     2.4688671085     0.0096028765
  110X    -1.9770021010     0.0119016802
  110Y    -0.2959025626     0.0088051187
  110Z     3.4410103628     0.0132489066
----------------------------------------

 @ End Gradient Calculation

  Skipping one-electron property calculation.

 @ Output Timing Information

------------- TIMING ---------------
| INITIAL GUESS TIME  =     5.814944000(  1.91%)
| DFT GRID OPERATIONS =     0.498592000(  0.16%)
| TOTAL SCF TIME      =   155.083463000( 51.05%)
|       TOTAL OP TIME      =   153.396474000( 50.50%)
|             TOTAL 1e TIME      =     0.523263000(  0.17%)
|             TOTAL 2e TIME      =   109.104404000( 35.92%)
|             TOTAL EXC TIME     =    42.938153000( 14.14%)
|       TOTAL DII TIME      =     1.612810000(  0.53%)
|             TOTAL DIAG TIME    =     0.244976000(  0.08%)
| TOTAL GRADIENT TIME      =   140.855940000( 46.37%)
|       TOTAL 1e GRADIENT TIME      =     4.913600000( 1.66%)
|       TOTAL 2e GRADIENT TIME      =   129.041856000(42.48%)
|       TOTAL EXC GRADIENT TIME     =     6.768725000(  2.23%)
| TOTAL TIME          =   303.759796000
------------------------------------
| Job cpu time:  0 days  0 hours  5 minutes  3.8 seconds.

 @ Finish Output Timing Information

| Normal Termination. Task Finished on: Sat Aug 29 08:20:52 2026
