| *********************************************************************************************************
| **                                                                                                     **
| **           888888888888                                                                              **
| **         8888888888888888                                                                            **
| **      888888888888888888                                                                             **
| **     888888888888888888                                                                              **
| **    888888888888888                                                                                  **
| **   88888888888888888888                               88888                       8888:              **
| **   8888888888888888888888Z                            88888                       8888:              **
| **   888888888888888888888888?                          88888                       8888:              **
| **   8888888888888      8888888                                        888888       8888:              **
| **    88888888888         888888     8888:     88888    88888        888888888I     8888:    888888    **
| **    8888888888           88888:    8888:     88888    88888      $888888888888    8888:   888888     **
| **    I8Z 88888             88888    8888:     88888    88888    .888888     8888   8888: 888888       **
| **    .8Z 88888             88888    8888:     88888    88888    $88888             8888:88888         **
| **     8I 88888      .=88. .88888    8888:     88888    88888    88888              8888888888         **
| **    :8  88888      888888$8888$    8888:     88888    88888    8888O              88888888888        **
| **   ,7   +88888.     8888888888.    8888:     88888    88888    888888             88888O888888       **
| **         $888888:.   .8888888      88888....888888    88888     888888     8888   8888:  888888      **
| **          I8888888888888888888     888888888888888    88888     O888888888888O    8888:   888888     **
| **            O888888888888888888     88888888888888    88888       88888888888$    8888:    888888    **
| **               8888888Z     888      .8888I  88888    88888         8888888       8888:     888888   **
| **                                                                                                     **
| **                                                                                                     **
| **                                         Copyright (c) 2026                                          **
| **                          Regents of the University of California San Diego                          **
| **                                    & Michigan State University                                      **
| **                                        All Rights Reserved.                                         **
| **                                                                                                     **
| **             This software is subject to the terms of the Mozilla Public License, v. 2.0.            **
| **                                                                                                     **
| *********************************************************************************************************
|                                                                                                          
| Cite this work as:                                                                                       
| Manathunga, M.; O'Hearn, K. A.; Shajan, A.; Smith, J.; Miao, Y.; He, X.; Ayers, K.;                      
| Brothers, E.; Palos, E.; Tripathy, V.; Goetz, A.W.; Merz, K.M. QUICK-26.03.                              
| University of California,San Diego, CA and                                                               
| Michigan State University, East Lansing, MI, 2026                                                        
|                                                                                                          
| If you have any comments or queries, please reach out to us on GitHub issues or discussion sections:     
| https://github.com/merzlab/QUICK.                                                                        
|                                                                                                          
| TASK STARTS ON: Wed Jul  8 16:30:03 2026
| INPUT FILE :    gen/morphine_def2-SVP.in
| OUTPUT FILE:    gen/morphine_def2-SVP.out
| BASIS SET PATH: /home/msun26/QUICK-install-release/basis

|------------ GPU INFORMATION ---------------
| CUDA ENABLED DEVICE         :        1
| CUDA DEVICE IN USE          :        0
| CUDA DEVICE NAME            : NVIDIA GeForce RTX 5080
| CUDA DEVICE PM              :       84
| CUDA DEVICE CORE FREQ(GHZ)  :     2.73
| CUDA DEVICE MEMORY SIZE (MB):    15808
| SUPPORTING CUDA VERSION     :     12.0
|--------------------------------------------

 @ Read Job And Atom

  KEYWORD=DFT BLYP BASIS=DEF2-SVP CUTOFF=1.0E-10 DENSERMS=1.0E-6 ENERGY
 ============== JOB CARD =============
 METHOD = DENSITY FUNCTIONAL THEORY
 USING LIBXC VERSION: 4.3.4
 FUNCTIONAL INFORMATION:
 NAME = Becke 88 FAMILY = GGA KIND = EXCHANGE
 NAME = Lee, Yang & Parr FAMILY = GGA KIND = CORRELATION
 DIRECT SCF 
 SAD INITAL GUESS 
 USE DIIS SCF
 PRINT ENERGY EVERY CYCLE
 READ SAD GUESS FROM FILE
 STANDARD GRID = SG1
 Level shifting allowed after cycle    3
 DIIS error must exceed 0.100 for level shifting
 Max HOMO-LUMO gap to allow level shifting = 0.200
 MAX SCF CYCLES =    200
 MAX DIIS CYCLES =   10
 DELTA DENSITY START CYCLE =    3
 COMPUTATIONAL CUTOFF: 
      TWO-e INTEGRAL         =  0.100E-09
      BASIS SET PRIME        =  0.100E-10
      MATRIX ELEMENTS        =  0.100E-09
      BASIS FUNCTION         =  0.100E-05
      NEAR-LINEAR DEPENDENCY =  0.100E-04
 DENSITY MATRIX MAXIMUM RMS FOR CONVERGENCE  =  0.100E-05
 BASIS SET = DEF2-SVP,  TYPE = CARTESIAN
| BASIS FILE = /home/msun26/QUICK-install-release/basis/DEF2-SVP.BAS
| DATA FILE  =    gen/morphine_def2-SVP.dat

 @ Finish reading job


 @ Begin SAD initial guess

 For Atom Kind =    1
 ELEMENT = O 
 BASIS FUNCTIONS =   15
 For Atom Kind =    2
 ELEMENT = N 
 BASIS FUNCTIONS =   15
 For Atom Kind =    3
 ELEMENT = C 
 BASIS FUNCTIONS =   15
 For Atom Kind =    4
 ELEMENT = H 
 BASIS FUNCTIONS =    5

 @ Finish SAD initial guess


 @ Begin Reading Molecular Information


 =========== Molecule Input ==========
 TOTAL MOLECULAR CHARGE  =    0    MULTIPLICITY                =    1
 TOTAL ATOM NUMBER       =   40    NUMBER OF ATOM TYPES        =    4
 NUMBER OF HYDROGEN ATOM =   19    NUMBER OF NON-HYDROGEN ATOM =   21
 NUMBER OF ELECTRONS     =  152

 -- INPUT GEOMETRY -- :
    O          -1.9930      -0.4740       1.2005
    O          -2.7826      -2.5168      -0.2218
    O          -3.6220       1.8421       0.5579
    N           3.1777      -0.0101       0.4474
    C           0.3699      -0.7149       0.6616
    C           1.2913      -1.3046      -0.4170
    C           2.3441      -0.2023      -0.7640
    C          -0.9377      -1.4750       0.9848
    C           1.1988      -0.3907       1.9201
    C          -0.2516       0.5302       0.1205
    C           1.6887       1.1052      -1.3279
    C           2.4315       0.4754       1.6126
    C           0.3384       1.4306      -0.7480
    C          -1.3631      -2.5067      -0.0924
    C           0.5066      -1.8183      -1.5971
    C          -1.5672       0.6306       0.5136
    C          -0.7155      -2.3492      -1.4425
    C           4.3733       0.7916       0.2084
    C          -0.4184       2.5415      -1.1246
    C          -2.3310       1.7217       0.1620
    C          -1.7382       2.6936      -0.6541
    H           1.8278      -2.1759      -0.0118
    H           3.0029      -0.6035      -1.5465
    H          -0.8451      -2.0128       1.9373
    H           1.5366      -1.3335       2.3712
    H           0.5899       0.1174       2.6790
    H           1.5474       0.9596      -2.4075
    H           2.3530       1.9680      -1.2194
    H           2.1271       1.5205       1.4760
    H           3.0801       0.4584       2.4975
    H          -1.0772      -3.5067       0.2593
    H           0.9601      -1.7947      -2.5831
    H          -1.2300      -2.7505      -2.3109
    H           4.1500       1.8479       0.0287
    H           4.9380       0.4055      -0.6472
    H           5.0444       0.7352       1.0730
    H          -0.0062       3.2824      -1.8043
    H          -2.3121       3.5638      -0.9645
    H          -3.1557      -2.6446       0.6672
    H          -3.8483       1.0686       1.1031

============== BASIS INFOS ==============
 BASIS FUNCTIONS =  410
 NSHELL =  183 NPRIM  =  658
 JSHELL =  183 JBASIS =  347


 @ End Reading Molecular Information 


 @ Begin XC Quadrature Formation

 OCTAGO: OCTree Algorithm for Grid Operations 
   PRUNING CUTOFF       = 0.100E-06
   INITIAL GRID POINTS  =      151424
|   FINAL GRID POINTS    =       95829
|   SIGNIFICANT NUMBER OF BASIS FUNCTIONS     =      173284
|   SIGNIFICANT NUMBER OF PRIMITIVE FUNCTIONS =      185849

 @ End XC Quadrature Formation


 @ Begin Energy Calculation

| condition number of overlap matrix:    7.220E+04
| Smallest eigenvalue of overlap matrix:    1.383E-04

                                         SCF ENERGY
| ------------------------------------------------------------------------------------------------------------------------
| NCYC       ENERGY         DELTA_E      SCF_TIME  DII_CYC   DII_TIME   O_TIME  DIAG_TIME    MAX_ERR    RMS_CHG    MAX_CHG
| ------------------------------------------------------------------------------------------------------------------------
|  1   -942.504262847      ------         4.410     1        0.02      4.39      0.01    0.2218E+01  0.2279E-01  0.6696E+00
|  2   -937.859766065  -.464450E+01       4.595     2        0.02      4.58      0.01    0.3093E+00  0.1839E-01  0.9381E+00
|  3   -936.853970486  -.100580E+01       4.587     3        0.02      4.57      0.01    0.5449E+00  0.1078E-01  0.5724E+00
|   ***  Level shifting applied  ( HOMO-LUMO gap =  0.020 au ) ***
|  4   -938.485732475  0.163176E+01       4.571     4        0.02      4.55      0.01    0.6763E-01  0.3938E-02  0.1498E+00
|  5   -938.564018554  0.782861E-01       4.551     5        0.02      4.53      0.01    0.2198E-01  0.7703E-03  0.2727E-01
|  6   -938.568777125  0.475857E-02       4.514     6        0.02      4.50      0.01    0.1507E-01  0.3931E-03  0.1470E-01
|  7   -938.570083752  0.130663E-02       4.495     7        0.02      4.48      0.01    0.6312E-02  0.1793E-03  0.6236E-02
|  8   -938.570581828  0.498076E-03       4.476     8        0.02      4.46      0.01    0.1624E-02  0.4253E-04  0.1464E-02
|  9   -938.570604880  0.230527E-04       4.440     9        0.02      4.42      0.01    0.7086E-03  0.1589E-04  0.7297E-03
| 10   -938.570607427  0.254669E-05       4.414    10        0.02      4.40      0.01    0.1773E-03  0.4349E-05  0.1924E-03
| 11   -938.570607613  0.185798E-06       4.387     1        0.02      4.37      0.01    0.7778E-04  0.2088E-05  0.8125E-04
| 12   -938.570607665  0.517439E-07       4.371     2        0.02      4.35      0.01    0.1772E-04  0.5655E-06  0.2136E-04
| ------------------------------------------------------------------------------------------------------------------------
| REACH CONVERGENCE AFTER  12 CYCLES
| MAX ERROR = 0.177228E-04   RMS CHANGE = 0.565504E-06   MAX CHANGE = 0.213576E-04
| -----------------------------------------------
 ALPHA ELECTRON DENSITY    =    75.9992301924
 BETA ELECTRON DENSITY     =    75.9992301924
 ELECTRONIC ENERGY    =  -2767.877878145
 CORE_CORE REPULSION  =   1829.307270481
 TOTAL ENERGY         =   -938.570607665

 @ End Energy calculation

  Skipping one-electron property calculation.

 @ Output Timing Information

------------- TIMING ---------------
| INITIAL GUESS TIME  =     0.520923000(  0.95%)
| DFT GRID OPERATIONS =     0.156376000(  0.29%)
| TOTAL SCF TIME      =    53.838951000( 98.42%)
|       TOTAL OP TIME      =    53.613475000( 98.00%)
|             TOTAL 1e TIME      =     0.029178000(  0.05%)
|             TOTAL 2e TIME      =     4.663837000(  8.53%)
|             TOTAL EXC TIME     =    48.878900000( 89.35%)
|       TOTAL DII TIME      =     0.223406000(  0.41%)
|             TOTAL DIAG TIME    =     0.112562000(  0.21%)
| TOTAL TIME          =    54.705976000
------------------------------------
| Job cpu time:  0 days  0 hours  0 minutes 54.7 seconds.

 @ Finish Output Timing Information

| Normal Termination. Task Finished on: Wed Jul  8 16:30:57 2026
