| *********************************************************************************************************
| **                                                                                                     **
| **           888888888888                                                                              **
| **         8888888888888888                                                                            **
| **      888888888888888888                                                                             **
| **     888888888888888888                                                                              **
| **    888888888888888                                                                                  **
| **   88888888888888888888                               88888                       8888:              **
| **   8888888888888888888888Z                            88888                       8888:              **
| **   888888888888888888888888?                          88888                       8888:              **
| **   8888888888888      8888888                                        888888       8888:              **
| **    88888888888         888888     8888:     88888    88888        888888888I     8888:    888888    **
| **    8888888888           88888:    8888:     88888    88888      $888888888888    8888:   888888     **
| **    I8Z 88888             88888    8888:     88888    88888    .888888     8888   8888: 888888       **
| **    .8Z 88888             88888    8888:     88888    88888    $88888             8888:88888         **
| **     8I 88888      .=88. .88888    8888:     88888    88888    88888              8888888888         **
| **    :8  88888      888888$8888$    8888:     88888    88888    8888O              88888888888        **
| **   ,7   +88888.     8888888888.    8888:     88888    88888    888888             88888O888888       **
| **         $888888:.   .8888888      88888....888888    88888     888888     8888   8888:  888888      **
| **          I8888888888888888888     888888888888888    88888     O888888888888O    8888:   888888     **
| **            O888888888888888888     88888888888888    88888       88888888888$    8888:    888888    **
| **               8888888Z     888      .8888I  88888    88888         8888888       8888:     888888   **
| **                                                                                                     **
| **                                                                                                     **
| **                                         Copyright (c) 2026                                          **
| **                          Regents of the University of California San Diego                          **
| **                                    & Michigan State University                                      **
| **                                        All Rights Reserved.                                         **
| **                                                                                                     **
| **             This software is subject to the terms of the Mozilla Public License, v. 2.0.            **
| **                                                                                                     **
| *********************************************************************************************************
|                                                                                                          
| Cite this work as:                                                                                       
| Manathunga, M.; O'Hearn, K. A.; Shajan, A.; Smith, J.; Miao, Y.; He, X.; Ayers, K.;                      
| Brothers, E.; Palos, E.; Tripathy, V.; Goetz, A.W.; Merz, K.M. QUICK-26.03.                              
| University of California,San Diego, CA and                                                               
| Michigan State University, East Lansing, MI, 2026                                                        
|                                                                                                          
| If you have any comments or queries, please reach out to us on GitHub issues or discussion sections:     
| https://github.com/merzlab/QUICK.                                                                        
|                                                                                                          
| TASK STARTS ON: Thu Aug 20 09:01:18 2026
| INPUT FILE :    quickruns/b3lyp/taxol/taxol_b3lyp_def2-SV(P).in
| OUTPUT FILE:    quickruns/b3lyp/taxol/taxol_b3lyp_def2-SV(P).out
| BASIS SET PATH: /home/michaelsun/QUICK-cuEST-install-release/basis

|------------ GPU INFORMATION ---------------
| CUDA ENABLED DEVICE         :        1
| CUDA DEVICE IN USE          :        0
| CUDA DEVICE NAME            : NVIDIA GB10
| CUDA DEVICE PM              :       48
| CUDA DEVICE CORE FREQ(GHZ)  :     2.42
| CUDA DEVICE MEMORY SIZE (MB):   124609
| SUPPORTING CUDA VERSION     :     12.1
|--------------------------------------------

 @ Read Job And Atom

  KEYWORD=B3LYP BASIS=DEF2-SV(P) CUTOFF=1.0E-10 DENSERMS=1.0E-6 ENERGY CUEST
 ============== JOB CARD =============
 METHOD = DENSITY FUNCTIONAL THEORY
 DENSITY FUNCTIONAL = B3LYP
 DIRECT SCF 
 SAD INITAL GUESS 
 USE DIIS SCF
 PRINT ENERGY EVERY CYCLE
 READ SAD GUESS FROM FILE
 STANDARD GRID = SG1
 Level shifting allowed after cycle    3
 DIIS error must exceed 0.100 for level shifting
 Max HOMO-LUMO gap to allow level shifting = 0.200
 MAX SCF CYCLES =    200
 MAX DIIS CYCLES =   10
 DELTA DENSITY START CYCLE =    3
 COMPUTATIONAL CUTOFF: 
      TWO-e INTEGRAL         =  0.100E-09
      BASIS SET PRIME        =  0.100E-10
      MATRIX ELEMENTS        =  0.100E-09
      BASIS FUNCTION         =  0.100E-05
      NEAR-LINEAR DEPENDENCY =  0.100E-04
 DENSITY MATRIX MAXIMUM RMS FOR CONVERGENCE  =  0.100E-05
 BASIS SET = DEF2-SV(P),  TYPE = CARTESIAN
| BASIS FILE = /home/michaelsun/QUICK-cuEST-install-release/basis/DEF2-SV_P.BAS
| DATA FILE  =    quickruns/b3lyp/taxol/taxol_b3lyp_def2-SV(P).dat

 @ Finish reading job


 @ Begin SAD initial guess

 For Atom Kind =    1
 ELEMENT = C 
 BASIS FUNCTIONS =   15
 For Atom Kind =    2
 ELEMENT = O 
 BASIS FUNCTIONS =   15
 For Atom Kind =    3
 ELEMENT = N 
 BASIS FUNCTIONS =   15
 For Atom Kind =    4
 ELEMENT = H 
 BASIS FUNCTIONS =    2

 @ Finish SAD initial guess


 @ Begin Reading Molecular Information


 =========== Molecule Input ==========
 TOTAL MOLECULAR CHARGE  =    0    MULTIPLICITY                =    1
 TOTAL ATOM NUMBER       =  110    NUMBER OF ATOM TYPES        =    4
 NUMBER OF HYDROGEN ATOM =   49    NUMBER OF NON-HYDROGEN ATOM =   61
 NUMBER OF ELECTRONS     =  446

 -- INPUT GEOMETRY -- :
    C          -6.3961       1.6376      -1.0167
    C          -5.5976       1.9480       0.3157
    C          -4.1358       1.3889       0.3062
    C          -4.0900      -0.2069       0.0760
    C          -5.3005      -0.5560      -0.7831
    C          -5.6408       0.5560      -1.7454
    C          -2.8203      -0.7723      -0.5951
    C          -3.4405       1.9810       1.5955
    C          -1.5723      -0.0770      -0.1719
    O          -2.6953      -2.1590      -0.1698
    O          -1.8693       1.2309      -0.7751
    C          -1.3334      -0.1176       1.4102
    C          -0.8881       1.2875       1.4845
    C           0.3196       1.5771       0.9641
    O          -4.0361       2.4498       2.5048
    O          -1.9505       2.1871       1.7492
    C          -0.2199      -0.3744      -0.8072
    C           0.8361       0.5393      -0.0882
    O          -6.3706      -0.7461       0.1815
    C          -7.5080      -1.5313       0.1764
    O          -7.7343      -2.1872       1.1532
    C          -8.4523      -1.4158      -0.9939
    C          -5.4161      -1.5091      -2.0070
    O          -6.2193      -0.4454      -2.6903
    O          -5.4268       3.3774       0.3776
    O          -1.6122       4.1801       0.0344
    C          -0.7941       5.2258       0.2991
    O          -0.3049       5.8646      -0.5895
    C          -0.5432       5.4737       1.7764
    C           1.2299       2.7853       1.0315
    O           1.9361      -0.3334       0.3600
    C           3.1924       0.0393       0.0732
    O           3.4565       1.0474      -0.5230
    C           4.1742      -1.0075       0.5409
    C           5.5923      -0.5508       0.2305
    C           6.6535      -1.6277       0.4268
    C           6.3531      -2.9590       0.6578
    C           7.3484      -3.9223       0.5946
    C           8.6553      -3.5578       0.3263
    C           8.9721      -2.2174       0.1751
    C           7.9781      -1.2615       0.2323
    O           4.0118      -1.2781       1.9326
    N           5.9708       0.6810       0.8873
    C           6.1083       1.9571       0.3956
    O           6.3193       2.8804       1.1683
    C           5.8856       2.2295      -1.0684
    C           6.1183       1.3531      -2.1154
    C           5.5666       1.5986      -3.3628
    C           4.8505       2.7661      -3.5881
    C           4.7601       3.7103      -2.5860
    C           5.2758       3.4420      -1.3327
    C          -2.1367      -3.0476      -1.0301
    O          -2.1452      -2.8534      -2.2329
    C          -1.5034      -4.2030      -0.3691
    C          -1.4396      -4.3267       1.0054
    C          -0.7639      -5.3990       1.5627
    C          -0.1729      -6.3469       0.7428
    C          -0.2556      -6.2275      -0.6353
    C          -0.9156      -5.1510      -1.1911
    C          -0.2097      -1.1547       1.8364
    C          -2.4301      -0.4562       2.4708
    H          -3.6492       1.8683      -0.5156
    H          -4.2442      -0.7298       0.9946
    H          -6.1319       1.5762       1.1739
    H          -6.4278       2.5627      -1.5682
    H          -7.3896       1.3053      -0.7745
    H          -4.7466       0.9454      -2.2120
    H          -2.8856      -0.7190      -1.6683
    H          -1.1756       1.8958      -0.6851
    H          -1.8482       3.6442       0.8092
    H          -0.3040      -0.0417      -1.8339
    H           0.0915      -1.3953      -0.8029
    H           1.2665       1.1760      -0.8368
    H          -7.9448      -1.4088      -1.9397
    H          -8.9861      -0.4737      -0.9254
    H          -9.1715      -2.2206      -0.9250
    H          -5.9697      -2.4207      -1.8715
    H          -4.4957      -1.6916      -2.5342
    H          -6.1859       3.7990       0.8058
    H          -0.4047       4.5303       2.2919
    H          -1.4092       5.9590       2.2202
    H           0.3171       6.0932       1.8872
    H           1.4833       3.0343       2.0569
    H           0.8689       3.6688       0.5366
    H           2.1685       2.5342       0.5368
    H           3.9670      -1.8925      -0.0573
    H           5.5542      -0.3517      -0.8218
    H           5.3545      -3.2557       0.9039
    H           7.0989      -4.9514       0.7469
    H           9.4172      -4.3037       0.2408
    H           9.9857      -1.9178       0.0023
    H           8.2255      -0.2253       0.1253
    H           3.1299      -1.6338       2.1084
    H           6.0936       0.6251       1.8860
    H           6.7084       0.4705      -1.9833
    H           5.6744       0.8728      -4.1413
    H           4.3798       2.9274      -4.5336
    H           4.2564       4.6442      -2.7661
    H           5.1747       4.1495      -0.5327
    H          -1.9016      -3.5962       1.6316
    H          -0.6960      -5.4955       2.6284
    H           0.3482      -7.1761       1.1766
    H           0.1935      -6.9648      -1.2689
    H          -0.9826      -5.0259      -2.2518
    H           0.6895      -0.6503       2.1318
    H           0.0409      -1.8507       1.0571
    H          -0.5497      -1.7388       2.6731
    H          -2.6865      -1.5071       2.3903
    H          -3.3390       0.1001       2.4689
    H          -1.9770      -0.2959       3.4410

============== BASIS INFOS ==============
 BASIS FUNCTIONS = 1013
 NSHELL =  464 NPRIM  = 1721
 JSHELL =  464 JBASIS =  928


 @ End Reading Molecular Information 


 @ Begin XC Quadrature Formation

 OCTAGO: OCTree Algorithm for Grid Operations 
   PRUNING CUTOFF       = 0.100E-06
   INITIAL GRID POINTS  =      416624
|   FINAL GRID POINTS    =           0
|   SIGNIFICANT NUMBER OF BASIS FUNCTIONS     =           0
|   SIGNIFICANT NUMBER OF PRIMITIVE FUNCTIONS =           0

 @ End XC Quadrature Formation


 @ Begin Energy Calculation

| condition number of overlap matrix:    3.778E+04
| Smallest eigenvalue of overlap matrix:    2.617E-04

                                         SCF ENERGY
| ------------------------------------------------------------------------------------------------------------------------
| NCYC       ENERGY         DELTA_E      SCF_TIME  DII_CYC   DII_TIME   O_TIME  DIAG_TIME    MAX_ERR    RMS_CHG    MAX_CHG
| ------------------------------------------------------------------------------------------------------------------------
|  1  -2897.635718362      ------        14.676     1        0.13     14.55      0.05    0.5272E+00  0.1087E+00  0.3320E+02
|  2  -2634.195623108  -.263440E+03      14.554     2        0.13     14.42      0.05    0.1759E+01  0.1231E+00  0.3335E+02
|  3  -2600.706599865  -.334890E+02      14.579     3        0.15     14.42      0.05    0.1480E+01  0.1716E+00  0.5311E+02
|   ***  Level shifting applied  ( HOMO-LUMO gap =  0.004 au ) ***
|  4  -2472.862595968  -.127844E+03      14.582     4        0.15     14.43      0.05    0.1406E+01  0.1099E+00  0.3022E+02
|   ***  Level shifting applied  ( HOMO-LUMO gap =  0.009 au ) ***
|  5  -2707.755378582  0.234893E+03      14.582     5        0.15     14.42      0.05    0.1139E+01  0.7938E-01  0.1695E+02
|   ***  Level shifting applied  ( HOMO-LUMO gap =  0.007 au ) ***
|  6  -2841.809102351  0.134054E+03      14.583     6        0.16     14.42      0.05    0.7963E+00  0.5602E-01  0.1810E+02
|   ***  Level shifting applied  ( HOMO-LUMO gap =  0.002 au ) ***
|  7  -2843.459073430  0.164997E+01      14.584     7        0.16     14.42      0.05    0.1113E+01  0.1603E+00  0.5639E+02
|   ***  Level shifting applied  ( HOMO-LUMO gap =  0.001 au ) ***
|  8  -2558.492786684  -.284966E+03      14.585     8        0.16     14.42      0.05    0.1405E+01  0.9321E-01  0.2836E+02
|   ***  Level shifting applied  ( HOMO-LUMO gap =  0.003 au ) ***
|  9  -2716.509124438  0.158016E+03      14.582     9        0.16     14.42      0.05    0.1313E+01  0.7346E-01  0.2477E+02
|   ***  Level shifting applied  ( HOMO-LUMO gap =  0.005 au ) ***
| 10  -2762.100379531  0.455913E+02      14.586    10        0.16     14.42      0.05    0.1301E+01  0.1061E-01  0.1827E+01
|   ***  Level shifting applied  ( HOMO-LUMO gap =  0.002 au ) ***
| 11  -2772.694316601  0.105939E+02      14.596     1        0.17     14.42      0.05    0.1297E+01  0.9070E-02  0.1050E+01
|   ***  Level shifting applied  ( HOMO-LUMO gap =  0.032 au ) ***
| 12  -2762.957504626  -.973681E+01      14.596     2        0.17     14.42      0.05    0.1311E+01  0.4379E-02  0.1286E+01
|   ***  Level shifting applied  ( HOMO-LUMO gap =  0.008 au ) ***
| 13  -2769.346429090  0.638892E+01      14.594     3        0.17     14.42      0.05    0.1298E+01  0.4486E-01  0.1133E+02
|   ***  Level shifting applied  ( HOMO-LUMO gap =  0.051 au ) ***
| 14  -2709.028061892  -.603184E+02      14.595     4        0.17     14.42      0.05    0.1263E+01  0.3043E-02  0.4156E+00
|   ***  Level shifting applied  ( HOMO-LUMO gap =  0.006 au ) ***
| 15  -2706.994736643  -.203333E+01      14.595     5        0.17     14.42      0.05    0.1265E+01  0.9886E-01  0.3303E+02
|   ***  Level shifting applied  ( HOMO-LUMO gap =  0.146 au ) ***
| 16  -2611.583985864  -.954108E+02      14.592     6        0.17     14.42      0.05    0.1395E+01  0.4729E-01  0.1064E+02
|   ***  Level shifting applied  ( HOMO-LUMO gap =  0.012 au ) ***
| 17  -2511.742599612  -.998414E+02      14.594     7        0.17     14.42      0.05    0.1956E+01  0.1061E+01  0.3802E+03
|   ***  Level shifting applied  ( HOMO-LUMO gap =  0.003 au ) ***
| 18    172.093440345  -.268384E+04      14.594     8        0.17     14.42      0.05    0.3623E+01  0.9732E+00  0.3599E+03
|   ***  Level shifting applied  ( HOMO-LUMO gap =  0.015 au ) ***
| 19  -1835.910152364  0.200800E+04      14.587     9        0.17     14.42      0.05    0.2814E+01  0.1552E+00  0.3307E+02
|   ***  Level shifting applied  ( HOMO-LUMO gap =  0.002 au ) ***
| 20  -2675.378581640  0.839468E+03      14.588    10        0.17     14.42      0.05    0.1675E+01  0.2069E+00  0.7383E+02
|   ***  Level shifting applied  ( HOMO-LUMO gap =  0.010 au ) ***
| 21  -2532.013586536  -.143365E+03      14.588     1        0.17     14.42      0.05    0.2105E+01  0.1946E+00  0.7288E+02
|   ***  Level shifting applied  ( HOMO-LUMO gap =  0.004 au ) ***
| 22  -2850.610837347  0.318597E+03      14.588     2        0.17     14.42      0.05    0.9421E+00  0.1629E+00  0.4256E+02
|   ***  Level shifting applied  ( HOMO-LUMO gap =  0.003 au ) ***
| 23  -2250.851604124  -.599759E+03      14.587     3        0.17     14.42      0.05    0.1856E+01  0.1022E+00  0.3560E+02
|   ***  Level shifting applied  ( HOMO-LUMO gap =  0.002 au ) ***
| 24  -2523.392480876  0.272541E+03      14.586     4        0.17     14.42      0.05    0.1617E+01  0.9551E-01  0.2097E+02
|   ***  Level shifting applied  ( HOMO-LUMO gap =  0.005 au ) ***
| 25  -2791.459048449  0.268067E+03      14.585     5        0.17     14.42      0.05    0.1028E+01  0.4726E-01  0.8273E+01
|   ***  Level shifting applied  ( HOMO-LUMO gap =  0.012 au ) ***
| 26  -2897.237797560  0.105779E+03      14.585     6        0.17     14.42      0.05    0.5511E+00  0.1938E-01  0.3070E+01
|   ***  Level shifting applied  ( HOMO-LUMO gap =  0.001 au ) ***
| 27  -2910.094656945  0.128569E+02      14.584     7        0.17     14.42      0.05    0.1098E+01  0.1070E-01  0.1980E+01
|   ***  Level shifting applied  ( HOMO-LUMO gap =  0.005 au ) ***
| 28  -2920.746588851  0.106519E+02      14.586     8        0.17     14.42      0.05    0.7495E+00  0.5904E-02  0.9622E+00
|   ***  Level shifting applied  ( HOMO-LUMO gap =  0.006 au ) ***
| 29  -2924.357539877  0.361095E+01      14.588     9        0.17     14.42      0.05    0.4618E+00  0.2859E-02  0.3990E+00
|   ***  Level shifting applied  ( HOMO-LUMO gap =  0.193 au ) ***
| 30  -2924.866739389  0.509200E+00      14.587    10        0.17     14.42      0.05    0.2063E+00  0.1289E-02  0.1519E+00
|   ***  Level shifting applied  ( HOMO-LUMO gap =  0.105 au ) ***
| 31  -2924.997681164  0.130942E+00      14.566     1        0.14     14.42      0.05    0.5994E-01  0.4623E-03  0.4375E-01
| 32  -2925.017451544  0.197704E-01      14.563     2        0.14     14.42      0.05    0.2520E-01  0.1819E-03  0.1784E-01
| 33  -2925.020721641  0.327010E-02      14.562     3        0.14     14.42      0.05    0.5842E-02  0.5804E-04  0.4490E-02
| 34  -2925.021008171  0.286530E-03      14.560     4        0.14     14.42      0.05    0.2099E-02  0.2382E-04  0.1602E-02
| 35  -2925.021062342  0.541702E-04      14.563     5        0.14     14.42      0.05    0.8523E-03  0.8460E-05  0.7030E-03
| 36  -2925.021067804  0.546216E-05      14.565     6        0.14     14.42      0.05    0.4494E-03  0.3768E-05  0.3657E-03
| 37  -2925.021069012  0.120866E-05      14.564     7        0.14     14.42      0.05    0.1305E-03  0.1829E-05  0.1170E-03
| 38  -2925.021069249  0.236387E-06      14.566     8        0.14     14.42      0.05    0.8534E-04  0.8295E-06  0.7247E-04
| ------------------------------------------------------------------------------------------------------------------------
| REACH CONVERGENCE AFTER  38 CYCLES
| MAX ERROR = 0.853364E-04   RMS CHANGE = 0.829513E-06   MAX CHANGE = 0.724680E-04
| -----------------------------------------------
 ALPHA ELECTRON DENSITY    =   223.0008207730
 BETA ELECTRON DENSITY     =   223.0008207730
 ELECTRONIC ENERGY    = -12592.090944572
 CORE_CORE REPULSION  =   9667.069875324
 TOTAL ENERGY         =  -2925.021069249

 @ End Energy calculation

  Skipping one-electron property calculation.

 @ Output cuEST Memory Footprint

------------- cuEST MEMORY USAGE ---------------
| Peak Host Footprint =    89.54 kB
| Host Allocations =    40
| Peak Device Footprint =    16.10 GB
| Device Allocations =    31
------------------------------------------------

 @ Finish Output cuEST Memory Footprint


 @ Output Timing Information

------------- TIMING ---------------
| CUEST INITIALIZATION TIME =    26.225876000(  4.49%)
| INITIAL GUESS TIME  =     2.051326000(  0.35%)
| DFT GRID OPERATIONS =     0.001587000(  0.00%)
| TOTAL SCF TIME      =   554.310996000( 94.90%)
|       TOTAL OP TIME      =   548.203554000( 93.85%)
|             TOTAL 1e TIME      =     0.113300000(  0.02%)
|             TOTAL 2e TIME      =   500.200957000( 85.63%)
|             TOTAL EXC TIME     =    47.478107000(  8.13%)
|       TOTAL DII TIME      =     6.006815000(  1.03%)
|             TOTAL DIAG TIME    =     1.846073000(  0.32%)
| TOTAL TIME          =   584.119252000
------------------------------------
| Job cpu time:  0 days  0 hours  9 minutes 44.1 seconds.

 @ Finish Output Timing Information

| Normal Termination. Task Finished on: Thu Aug 20 09:11:02 2026
