| *********************************************************************************************************
| **                                                                                                     **
| **           888888888888                                                                              **
| **         8888888888888888                                                                            **
| **      888888888888888888                                                                             **
| **     888888888888888888                                                                              **
| **    888888888888888                                                                                  **
| **   88888888888888888888                               88888                       8888:              **
| **   8888888888888888888888Z                            88888                       8888:              **
| **   888888888888888888888888?                          88888                       8888:              **
| **   8888888888888      8888888                                        888888       8888:              **
| **    88888888888         888888     8888:     88888    88888        888888888I     8888:    888888    **
| **    8888888888           88888:    8888:     88888    88888      $888888888888    8888:   888888     **
| **    I8Z 88888             88888    8888:     88888    88888    .888888     8888   8888: 888888       **
| **    .8Z 88888             88888    8888:     88888    88888    $88888             8888:88888         **
| **     8I 88888      .=88. .88888    8888:     88888    88888    88888              8888888888         **
| **    :8  88888      888888$8888$    8888:     88888    88888    8888O              88888888888        **
| **   ,7   +88888.     8888888888.    8888:     88888    88888    888888             88888O888888       **
| **         $888888:.   .8888888      88888....888888    88888     888888     8888   8888:  888888      **
| **          I8888888888888888888     888888888888888    88888     O888888888888O    8888:   888888     **
| **            O888888888888888888     88888888888888    88888       88888888888$    8888:    888888    **
| **               8888888Z     888      .8888I  88888    88888         8888888       8888:     888888   **
| **                                                                                                     **
| **                                                                                                     **
| **                                         Copyright (c) 2026                                          **
| **                          Regents of the University of California San Diego                          **
| **                                    & Michigan State University                                      **
| **                                        All Rights Reserved.                                         **
| **                                                                                                     **
| **             This software is subject to the terms of the Mozilla Public License, v. 2.0.            **
| **                                                                                                     **
| *********************************************************************************************************
|                                                                                                          
| Cite this work as:                                                                                       
| Manathunga, M.; O'Hearn, K. A.; Shajan, A.; Smith, J.; Miao, Y.; He, X.; Ayers, K.;                      
| Brothers, E.; Palos, E.; Tripathy, V.; Goetz, A.W.; Merz, K.M. QUICK-26.03.                              
| University of California,San Diego, CA and                                                               
| Michigan State University, East Lansing, MI, 2026                                                        
|                                                                                                          
| If you have any comments or queries, please reach out to us on GitHub issues or discussion sections:     
| https://github.com/merzlab/QUICK.                                                                        
|                                                                                                          
| TASK STARTS ON: Mon Sep 28 08:45:30 2026
| INPUT FILE :    morphine_grad_hf_6-31+gdp.in
| OUTPUT FILE:    morphine_grad_hf_6-31+gdp.out
| BASIS SET PATH: /home/msun12/QUICK-cuEST-install/basis

|------------ GPU INFORMATION ---------------
| CUDA ENABLED DEVICE         :        1
| CUDA DEVICE IN USE          :        0
| CUDA DEVICE NAME            : NVIDIA H100 80GB HBM3
| CUDA DEVICE PM              :      132
| CUDA DEVICE CORE FREQ(GHZ)  :     1.98
| CUDA DEVICE MEMORY SIZE (MB):    81079
| SUPPORTING CUDA VERSION     :      9.0
|--------------------------------------------

 @ Read Job And Atom

  KEYWORD=HF BASIS=6-31+G** CUTOFF=1.0E-10 DENSERMS=1.0E-6 GRADIENT CUEST GRDBG
 ============== JOB CARD =============
 METHOD = HARTREE FOCK
 DIRECT SCF 
 SAD INITAL GUESS 
 USE DIIS SCF
 PRINT ENERGY EVERY CYCLE
 READ SAD GUESS FROM FILE
 Level shifting allowed after cycle    3
 DIIS error must exceed 0.100 for level shifting
 Max HOMO-LUMO gap to allow level shifting = 0.200
 GRADIENT CALCULATION
 MAX SCF CYCLES =    200
 MAX DIIS CYCLES =   10
 DELTA DENSITY START CYCLE =    3
 COMPUTATIONAL CUTOFF: 
      TWO-e INTEGRAL         =  0.100E-09
      BASIS SET PRIME        =  0.100E-10
      MATRIX ELEMENTS        =  0.100E-09
      BASIS FUNCTION         =  0.100E-05
      NEAR-LINEAR DEPENDENCY =  0.100E-04
      GRADIENT CUTOFF  =  0.100E-06
 DENSITY MATRIX MAXIMUM RMS FOR CONVERGENCE  =  0.100E-05
 BASIS SET = 6-31+G**,  TYPE = CARTESIAN
| BASIS FILE = /home/msun12/QUICK-cuEST-install/basis/6-31PLGDP.BAS
| DATA FILE  =    morphine_grad_hf_6-31+gdp.dat

 @ Finish reading job


 @ Begin SAD initial guess

 For Atom Kind =    1
 ELEMENT = O 
 BASIS FUNCTIONS =   19
 For Atom Kind =    2
 ELEMENT = N 
 BASIS FUNCTIONS =   19
 For Atom Kind =    3
 ELEMENT = C 
 BASIS FUNCTIONS =   19
 For Atom Kind =    4
 ELEMENT = H 
 BASIS FUNCTIONS =    5

 @ Finish SAD initial guess


 @ Begin Reading Molecular Information


 =========== Molecule Input ==========
 TOTAL MOLECULAR CHARGE  =    0    MULTIPLICITY                =    1
 TOTAL ATOM NUMBER       =   40    NUMBER OF ATOM TYPES        =    4
 NUMBER OF HYDROGEN ATOM =   19    NUMBER OF NON-HYDROGEN ATOM =   21
 NUMBER OF ELECTRONS     =  152

 -- INPUT GEOMETRY -- :
    O          -1.9930      -0.4740       1.2005
    O          -2.7826      -2.5168      -0.2218
    O          -3.6220       1.8421       0.5579
    N           3.1777      -0.0101       0.4474
    C           0.3699      -0.7149       0.6616
    C           1.2913      -1.3046      -0.4170
    C           2.3441      -0.2023      -0.7640
    C          -0.9377      -1.4750       0.9848
    C           1.1988      -0.3907       1.9201
    C          -0.2516       0.5302       0.1205
    C           1.6887       1.1052      -1.3279
    C           2.4315       0.4754       1.6126
    C           0.3384       1.4306      -0.7480
    C          -1.3631      -2.5067      -0.0924
    C           0.5066      -1.8183      -1.5971
    C          -1.5672       0.6306       0.5136
    C          -0.7155      -2.3492      -1.4425
    C           4.3733       0.7916       0.2084
    C          -0.4184       2.5415      -1.1246
    C          -2.3310       1.7217       0.1620
    C          -1.7382       2.6936      -0.6541
    H           1.8278      -2.1759      -0.0118
    H           3.0029      -0.6035      -1.5465
    H          -0.8451      -2.0128       1.9373
    H           1.5366      -1.3335       2.3712
    H           0.5899       0.1174       2.6790
    H           1.5474       0.9596      -2.4075
    H           2.3530       1.9680      -1.2194
    H           2.1271       1.5205       1.4760
    H           3.0801       0.4584       2.4975
    H          -1.0772      -3.5067       0.2593
    H           0.9601      -1.7947      -2.5831
    H          -1.2300      -2.7505      -2.3109
    H           4.1500       1.8479       0.0287
    H           4.9380       0.4055      -0.6472
    H           5.0444       0.7352       1.0730
    H          -0.0062       3.2824      -1.8043
    H          -2.3121       3.5638      -0.9645
    H          -3.1557      -2.6446       0.6672
    H          -3.8483       1.0686       1.1031

============== BASIS INFOS ==============
 BASIS FUNCTIONS =  494
 NSHELL =  162 NPRIM  =  805
 JSHELL =  162 JBASIS =  347


 @ End Reading Molecular Information 


 @ Begin cuEST Initialization


 @ End cuEST Initialization


 @ Begin Energy Calculation

| Number of total basis functions:    494
| Number of linearly independent basis functions:    484
| condition number of overlap matrix:    9.530E+07
| Smallest eigenvalue of overlap matrix:    2.230E-07

                                         SCF ENERGY
| ------------------------------------------------------------------------------------------------------------------------
| NCYC       ENERGY         DELTA_E      SCF_TIME  DII_CYC   DII_TIME   O_TIME  DIAG_TIME    MAX_ERR    RMS_CHG    MAX_CHG
| ------------------------------------------------------------------------------------------------------------------------
|  1   -922.935494771      ------         0.326     1        0.02      0.30      0.01    0.5211E+00  0.1860E+00  0.1695E+02
|  2   -886.008424178  -.369271E+02       0.134     2        0.02      0.11      0.01    0.1448E+01  0.1791E+00  0.1541E+02
|  3   -929.589386973  0.435810E+02       0.134     3        0.02      0.11      0.01    0.4231E+00  0.2334E-01  0.8106E+00
|   ***  Level shifting applied  ( HOMO-LUMO gap =  0.057 au ) ***
|  4   -933.290276599  0.370089E+01       0.134     4        0.03      0.11      0.01    0.2274E+00  0.1146E-01  0.6947E+00
|   ***  Level shifting applied  ( HOMO-LUMO gap =  0.126 au ) ***
|  5   -933.760860333  0.470584E+00       0.131     5        0.02      0.11      0.01    0.1227E+00  0.4729E-02  0.4904E+00
|  6   -933.834620054  0.737597E-01       0.131     6        0.02      0.11      0.01    0.3177E-01  0.2611E-02  0.1277E+00
|  7   -933.853710719  0.190907E-01       0.131     7        0.02      0.11      0.01    0.7525E-02  0.7268E-03  0.2986E-01
|  8   -933.855257289  0.154657E-02       0.132     8        0.02      0.11      0.01    0.4163E-02  0.3111E-03  0.1345E-01
|  9   -933.855659456  0.402167E-03       0.133     9        0.02      0.11      0.01    0.1979E-02  0.1686E-03  0.7875E-02
| 10   -933.855777518  0.118062E-03       0.139    10        0.03      0.11      0.01    0.6302E-03  0.7112E-04  0.2830E-02
| 11   -933.855798386  0.208676E-04       0.139     1        0.03      0.11      0.01    0.3193E-03  0.3541E-04  0.1254E-02
| 12   -933.855803687  0.530089E-05       0.138     2        0.03      0.11      0.01    0.1344E-03  0.2084E-04  0.1196E-02
| 13   -933.855804926  0.123977E-05       0.138     3        0.03      0.11      0.01    0.3980E-04  0.6549E-05  0.1659E-03
| 14   -933.855805051  0.124680E-06       0.139     4        0.03      0.11      0.01    0.1812E-04  0.1508E-05  0.3979E-04
| 15   -933.855805060  0.921227E-08       0.138     5        0.03      0.11      0.01    0.1430E-04  0.5032E-06  0.1868E-04
| ------------------------------------------------------------------------------------------------------------------------
| REACH CONVERGENCE AFTER  15 CYCLES
| MAX ERROR = 0.143041E-04   RMS CHANGE = 0.503171E-06   MAX CHANGE = 0.186750E-04
| -----------------------------------------------
 ELECTRONIC ENERGY    =  -2763.163075541
 CORE_CORE REPULSION  =   1829.307270481
 TOTAL ENERGY         =   -933.855805060

 @ End Energy calculation


 DEBUG STEP 1 :  NUCLEAR REPULSION GRADIENT: 
    1              16.5837599762
    1               3.2794334784
    1             -14.1381316018
    2              17.4216119530
    2               9.5817318593
    2               4.6952930173
    3              19.0182136532
    3              -8.5789327064
    3              -3.1965902325
    4             -13.4075651339
    4               4.0409988234
    4              -3.0522269679
    5              -2.4764007564
    5               4.5804168493
    5              -5.3372804967
    6              -6.9234168358
    6               9.4405535420
    6               2.7723705453
    7              -9.0342529746
    7               2.1260008105
    7               8.1274449150
    8               1.8253988653
    8               9.4206731454
    8              -8.4823688548
    9              -2.9935097245
    9               2.1635081506
    9             -13.8110204481
   10              -0.0353685570
   10              -4.4072501799
   10              -0.4058830791
   11              -6.6968964570
   11              -7.1974810982
   11               9.8215920898
   12              -6.7133551641
   12              -5.2290967175
   12             -11.0694929140
   13              -2.7337659300
   13              -8.1456163648
   13               5.2748575912
   14               2.0125349212
   14              11.7328246812
   14              -0.0814853071
   15              -4.1525257455
   15               6.6344275630
   15              11.7244438720
   16               6.3461123918
   16              -4.7951256027
   16              -2.6430174795
   17               4.0179969550
   17               9.1214966996
   17              10.2422037323
   18             -13.4878763793
   18              -4.4635129785
   18               0.3699616225
   19              -0.8456086463
   19             -12.3566777164
   19               7.5108170904
   20               6.6142569688
   20              -6.7974985234
   20               0.0095257510
   21               5.7498199406
   21             -12.5452778518
   21               4.4334723938
   22              -1.9539880852
   22               3.0883613227
   22              -0.5796257323
   23              -2.4057912006
   23               1.1206630545
   23               2.4928780966
   24               0.1587744690
   24               2.1656694247
   24              -3.0958325151
   25              -1.1416532378
   25               2.2606804971
   25              -2.4601877641
   26               0.6247026104
   26              -0.9195541597
   26              -3.2273169408
   27              -0.5187073871
   27              -0.4578511072
   27               3.3824659516
   28              -1.9562682909
   28              -2.6411803581
   28               0.8715346061
   29              -0.4293604266
   29              -2.9040761433
   29              -1.1760104962
   30              -1.9729721245
   30              -0.3482419528
   30              -2.8468741718
   31              -0.2374422857
   31               3.5079464701
   31              -0.8311722341
   32              -1.0969152127
   32               0.8373122227
   32               3.1543779539
   33               1.2309912266
   33               1.6639304515
   33               2.7321302840
   34              -1.2777319949
   34              -2.5879450464
   34               0.3074202590
   35              -2.5470261159
   35               0.3498625554
   35               1.6059050327
   36              -2.6076223222
   36              -0.2577612993
   36              -1.5971905911
   37              -0.6990646972
   37              -2.6221469393
   37               1.9781353278
   38               1.5492559318
   38              -2.7876120050
   38               1.0167770795
   39               2.6306440539
   39               1.5309779801
   39              -2.4825159928
   40               2.5610117687
   40               1.3953691691
   40              -2.0093833921

 DEBUG STEP 2 :  KINETIC GRADIENT ADDED: 
    1              17.3718787475
    1               3.6313093803
    1             -14.7274281875
    2              17.7768439047
    2               9.4368064337
    2               5.6749294077
    3              19.6392679043
    3              -9.4629744147
    3              -2.8877544626
    4             -13.7645674408
    4               4.7452016062
    4              -3.2469015487
    5              -2.0913900130
    5               4.6813699023
    5              -5.7606768364
    6              -6.9338650816
    6               9.3712467726
    6               3.0553645072
    7              -8.8100586248
    7               1.6093398428
    7               8.1359409807
    8               1.6735414808
    8               9.3296094575
    8              -8.2359374046
    9              -2.9097305284
    9               2.2016341376
    9             -13.7444813523
   10              -0.9173960383
   10              -3.3649381241
   10              -1.0870012244
   11              -6.7588956334
   11              -6.9523784351
   11               9.8151938409
   12              -6.7758023060
   12              -5.2438013211
   12             -10.8472993828
   13              -3.5186855917
   13              -8.4295130207
   13               5.4944716389
   14               1.8691931891
   14              11.7525024319
   14              -0.3015669364
   15              -4.9230530303
   15               6.4494189971
   15              11.8937596712
   16               6.8000206411
   16              -5.3139586041
   16              -2.4853911940
   17               4.8286819846
   17               9.1970328753
   17              10.1952099226
   18             -13.2886955338
   18              -4.4212035897
   18               0.3683059347
   19              -1.0140721391
   19             -12.4995069532
   19               7.7292449511
   20               6.7872083430
   20              -6.7758228014
   20              -0.1024963751
   21               6.1214911336
   21             -13.1094591303
   21               4.6167229369
   22              -2.2577832995
   22               3.6030765065
   22              -0.8083302698
   23              -2.7966651638
   23               1.3673463498
   23               2.9743048013
   24               0.0899517791
   24               2.5098244965
   24              -3.6926705183
   25              -1.3380334062
   25               2.7990755157
   25              -2.7255907538
   26               0.9675764452
   26              -1.2161645981
   26              -3.6776279812
   27              -0.4346579530
   27              -0.3748650026
   27               4.0054126566
   28              -2.3375760128
   28              -3.1599081190
   28               0.8126782676
   29              -0.2631627102
   29              -3.5011020989
   29              -1.1100624308
   30              -2.3452262233
   30              -0.3435230364
   30              -3.3873572028
   31              -0.3941161953
   31               4.1116827052
   31              -1.0275066930
   32              -1.3670289483
   32               0.8287711377
   32               3.7709321641
   33               1.5404584365
   33               1.9148303768
   33               3.2926340236
   34              -1.1553422645
   34              -3.1946922735
   34               0.4083056636
   35              -2.8981464592
   35               0.5675534244
   35               2.1134763999
   36              -3.0200561846
   36              -0.2329643214
   36              -2.1059004539
   37              -0.9497618196
   37              -3.0772953820
   37               2.3976460087
   38               1.9013893308
   38              -3.3238837555
   38               1.2084759599
   39               3.0506283028
   39               1.6931360539
   39              -3.4060539925
   40               2.8456369786
   40               2.1971865781
   40              -2.5949745361

 DEBUG STEP 3 :  NUC-EN ATTRACTION GRADIENT ADDED:
    1             -17.5190245589
    1              -5.5002150099
    1              15.1170746263
    2             -15.0975388634
    2              -8.9680314851
    2              -9.0287787842
    3             -17.6640502541
    3              12.8953099334
    3               0.1555420908
    4              18.9737358360
    4              -8.4653504957
    4               5.3697597227
    5              -3.7697986360
    5              -4.5962602063
    5              14.0072125991
    6               5.9328283666
    6              -5.2765380207
    6             -12.8240985550
    7               3.0270867627
    7              12.8860106958
    7              -4.4543131153
    8              -2.1596823286
    8              -2.1532085785
    8               1.4958490890
    9               2.0902065960
    9              -2.1186697390
    9               7.9734979633
   10              11.6615759311
   10             -24.2581060453
   10              22.6085245183
   11               5.2695829930
   11              -0.5988479696
   11              -8.2960950474
   12               8.5263686259
   12               1.2237373400
   12               2.6045879989
   13              13.1862360242
   13              18.9449552326
   13              -9.5045616649
   14              -4.4916887698
   14             -11.3498272919
   14               3.4392042488
   15              16.9518388128
   15              -6.2064682974
   15              -9.5945451415
   16             -10.0380812002
   16              13.4493506120
   16              -3.1091773785
   17             -17.1046941551
   17              -7.3546421278
   17              -7.0332793602
   18               5.7051730946
   18               0.3602435287
   18               0.7521072628
   19               2.4715138712
   19               9.2989098165
   19              -9.3416691605
   20             -12.1738570736
   20               5.4007933773
   20               2.5197031838
   21             -11.4939887431
   21              19.5492280571
   21              -6.8612703408
   22               3.8942495390
   22              -7.1834677653
   22               2.1469565166
   23               4.9921288541
   23              -2.9828326870
   23              -6.0946288378
   24               0.6673949065
   24              -4.9122622282
   24               7.6504751984
   25               2.4577241976
   25              -5.8754595353
   25               4.1522449950
   26              -3.0556412820
   26               3.1693747163
   26               6.4662555169
   27              -0.4124702819
   27              -0.2643416714
   27              -7.5118192932
   28               4.4132712583
   28               6.4763742187
   28              -0.2293697944
   29              -0.7737818591
   29               6.8924789580
   29               0.6282820484
   30               4.0779933265
   30               0.3013226199
   30               6.4663825308
   31               1.1565352419
   31              -7.3519231258
   31               1.8006574290
   32               3.1155873679
   32              -0.7099112569
   32              -7.8417882124
   33              -3.3445724070
   33              -3.4955829717
   33              -7.0875112527
   34               0.2812514809
   34               5.9256932013
   34              -0.9049841764
   35               4.6372400845
   35              -1.5437357465
   35              -4.5687816918
   36               4.9374465337
   36               0.1497699404
   36               4.4260674899
   37               2.5080234892
   37               5.7579871332
   37              -4.9704092680
   38              -3.8975068293
   38               6.4766359753
   38              -2.3646625316
   39              -4.3271465192
   39              -2.4356768336
   39               6.9960032854
   40              -3.6114694331
   40              -5.5568162676
   40               4.8453552921

 DEBUG STEP 4 :  ERI GRADIENT ADDED:
    1              -0.0284523435
    1               0.0046994985
    1               0.0077658826
    2              -0.0063568880
    2               0.0075237687
    2              -0.0233550650
    3               0.0035104609
    3               0.0233911035
    3              -0.0160668944
    4              -0.0001457724
    4              -0.0026786590
    4               0.0043265620
    5               0.0088931535
    5              -0.0078973621
    5              -0.0018682498
    6              -0.0060901449
    6               0.0039764152
    6               0.0012249178
    7              -0.0020457518
    7               0.0014622673
    7              -0.0087478144
    8               0.0043519512
    8               0.0137693386
    8              -0.0202604852
    9              -0.0055370301
    9               0.0068961191
    9              -0.0074969655
   10               0.0009908960
   10              -0.0176377447
   10               0.0124458631
   11              -0.0045455620
   11               0.0044358220
   11               0.0084148432
   12               0.0009106215
   12              -0.0008741136
   12              -0.0000604532
   13               0.0086613741
   13               0.0002946881
   13              -0.0065538053
   14               0.0210295942
   14               0.0073204268
   14              -0.0001931133
   15               0.0232367804
   15               0.0075695786
   15              -0.0006467710
   16              -0.0087953077
   16              -0.0001397090
   16               0.0034590908
   17              -0.0188771909
   17              -0.0123877626
   17               0.0126374581
   18              -0.0033624571
   18               0.0044397753
   18              -0.0021410779
   19               0.0148824385
   19              -0.0000885356
   19              -0.0054095919
   20               0.0025461561
   20              -0.0045412595
   20               0.0032427490
   21              -0.0107863988
   21              -0.0013096294
   21               0.0048277850
   22              -0.0015612149
   22              -0.0106952115
   22               0.0006326053
   23               0.0036901039
   23              -0.0038358699
   23              -0.0085239719
   24               0.0040121492
   24              -0.0069030743
   24               0.0071686002
   25               0.0016516046
   25              -0.0048087481
   25               0.0037299169
   26              -0.0025146934
   26               0.0030774142
   26               0.0073967668
   27              -0.0025814421
   27              -0.0021202325
   27              -0.0062591045
   28               0.0005254368
   28               0.0083108792
   28               0.0010734407
   29               0.0001760839
   29               0.0030777712
   29              -0.0005260235
   30               0.0015732397
   30               0.0005934088
   30               0.0091717295
   31              -0.0028198128
   31              -0.0068856720
   31              -0.0020572668
   32               0.0022232860
   32               0.0000713755
   32              -0.0055502577
   33               0.0007161113
   33              -0.0018340993
   33              -0.0091446487
   34              -0.0020282913
   34               0.0017063633
   34              -0.0002791675
   35               0.0065985726
   35              -0.0016383976
   35              -0.0045051420
   36               0.0069078696
   36               0.0001115139
   36               0.0042192134
   37               0.0036213331
   37               0.0046174976
   37              -0.0049592005
   38              -0.0021550118
   38               0.0088686666
   38              -0.0045375632
   39              -0.0082750797
   39              -0.0055331077
   39               0.0301400585
   40              -0.0037788239
   40              -0.0244045035
   40               0.0172651504

 DEBUG STEP : TOTAL GRADIENT: 
    1              -0.0284523435
    2               0.0046994985
    3               0.0077658826
    4              -0.0063568880
    5               0.0075237687
    6              -0.0233550650
    7               0.0035104609
    8               0.0233911035
    9              -0.0160668944
   10              -0.0001457724
   11              -0.0026786590
   12               0.0043265620
   13               0.0088931535
   14              -0.0078973621
   15              -0.0018682498
   16              -0.0060901449
   17               0.0039764152
   18               0.0012249178
   19              -0.0020457518
   20               0.0014622673
   21              -0.0087478144
   22               0.0043519512
   23               0.0137693386
   24              -0.0202604852
   25              -0.0055370301
   26               0.0068961191
   27              -0.0074969655
   28               0.0009908960
   29              -0.0176377447
   30               0.0124458631
   31              -0.0045455620
   32               0.0044358220
   33               0.0084148432
   34               0.0009106215
   35              -0.0008741136
   36              -0.0000604532
   37               0.0086613741
   38               0.0002946881
   39              -0.0065538053
   40               0.0210295942
   41               0.0073204268
   42              -0.0001931133
   43               0.0232367804
   44               0.0075695786
   45              -0.0006467710
   46              -0.0087953077
   47              -0.0001397090
   48               0.0034590908
   49              -0.0188771909
   50              -0.0123877626
   51               0.0126374581
   52              -0.0033624571
   53               0.0044397753
   54              -0.0021410779
   55               0.0148824385
   56              -0.0000885356
   57              -0.0054095919
   58               0.0025461561
   59              -0.0045412595
   60               0.0032427490
   61              -0.0107863988
   62              -0.0013096294
   63               0.0048277850
   64              -0.0015612149
   65              -0.0106952115
   66               0.0006326053
   67               0.0036901039
   68              -0.0038358699
   69              -0.0085239719
   70               0.0040121492
   71              -0.0069030743
   72               0.0071686002
   73               0.0016516046
   74              -0.0048087481
   75               0.0037299169
   76              -0.0025146934
   77               0.0030774142
   78               0.0073967668
   79              -0.0025814421
   80              -0.0021202325
   81              -0.0062591045
   82               0.0005254368
   83               0.0083108792
   84               0.0010734407
   85               0.0001760839
   86               0.0030777712
   87              -0.0005260235
   88               0.0015732397
   89               0.0005934088
   90               0.0091717295
   91              -0.0028198128
   92              -0.0068856720
   93              -0.0020572668
   94               0.0022232860
   95               0.0000713755
   96              -0.0055502577
   97               0.0007161113
   98              -0.0018340993
   99              -0.0091446487
  100              -0.0020282913
  101               0.0017063633
  102              -0.0002791675
  103               0.0065985726
  104              -0.0016383976
  105              -0.0045051420
  106               0.0069078696
  107               0.0001115139
  108               0.0042192134
  109               0.0036213331
  110               0.0046174976
  111              -0.0049592005
  112              -0.0021550118
  113               0.0088686666
  114              -0.0045375632
  115              -0.0082750797
  116              -0.0055331077
  117               0.0301400585
  118              -0.0037788239
  119              -0.0244045035
  120               0.0172651504

 @ Begin Gradient Calculation

 ANALYTICAL GRADIENT: 
----------------------------------------
 COORDINATE    XYZ            GRADIENT
----------------------------------------
    1X    -1.9930001522    -0.0284523435
    1Y    -0.4740000362     0.0046994985
    1Z     1.2005000917     0.0077658826
    2X    -2.7826002125    -0.0063568880
    2Y    -2.5168001922     0.0075237687
    2Z    -0.2218000169    -0.0233550650
    3X    -3.6220002766     0.0035104609
    3Y     1.8421001407     0.0233911035
    3Z     0.5579000426    -0.0160668944
    4X     3.1777002427    -0.0001457724
    4Y    -0.0101000008    -0.0026786590
    4Z     0.4474000342     0.0043265620
    5X     0.3699000282     0.0088931535
    5Y    -0.7149000546    -0.0078973621
    5Z     0.6616000505    -0.0018682498
    6X     1.2913000986    -0.0060901449
    6Y    -1.3046000996     0.0039764152
    6Z    -0.4170000318     0.0012249178
    7X     2.3441001790    -0.0020457518
    7Y    -0.2023000154     0.0014622673
    7Z    -0.7640000583    -0.0087478144
    8X    -0.9377000716     0.0043519512
    8Y    -1.4750001126     0.0137693386
    8Z     0.9848000752    -0.0202604852
    9X     1.1988000915    -0.0055370301
    9Y    -0.3907000298     0.0068961191
    9Z     1.9201001466    -0.0074969655
   10X    -0.2516000192     0.0009908960
   10Y     0.5302000405    -0.0176377447
   10Z     0.1205000092     0.0124458631
   11X     1.6887001290    -0.0045455620
   11Y     1.1052000844     0.0044358220
   11Z    -1.3279001014     0.0084148432
   12X     2.4315001857     0.0009106215
   12Y     0.4754000363    -0.0008741136
   12Z     1.6126001231    -0.0000604532
   13X     0.3384000258     0.0086613741
   13Y     1.4306001092     0.0002946881
   13Z    -0.7480000571    -0.0065538053
   14X    -1.3631001041     0.0210295942
   14Y    -2.5067001914     0.0073204268
   14Z    -0.0924000071    -0.0001931133
   15X     0.5066000387     0.0232367804
   15Y    -1.8183001389     0.0075695786
   15Z    -1.5971001220    -0.0006467710
   16X    -1.5672001197    -0.0087953077
   16Y     0.6306000482    -0.0001397090
   16Z     0.5136000392     0.0034590908
   17X    -0.7155000546    -0.0188771909
   17Y    -2.3492001794    -0.0123877626
   17Z    -1.4425001102     0.0126374581
   18X     4.3733003340    -0.0033624571
   18Y     0.7916000604     0.0044397753
   18Z     0.2084000159    -0.0021410779
   19X    -0.4184000320     0.0148824385
   19Y     2.5415001941    -0.0000885356
   19Z    -1.1246000859    -0.0054095919
   20X    -2.3310001780     0.0025461561
   20Y     1.7217001315    -0.0045412595
   20Z     0.1620000124     0.0032427490
   21X    -1.7382001327    -0.0107863988
   21Y     2.6936002057    -0.0013096294
   21Z    -0.6541000499     0.0048277850
   22X     1.8278001396    -0.0015612149
   22Y    -2.1759001662    -0.0106952115
   22Z    -0.0118000009     0.0006326053
   23X     3.0029002293     0.0036901039
   23Y    -0.6035000461    -0.0038358699
   23Z    -1.5465001181    -0.0085239719
   24X    -0.8451000645     0.0040121492
   24Y    -2.0128001537    -0.0069030743
   24Z     1.9373001479     0.0071686002
   25X     1.5366001173     0.0016516046
   25Y    -1.3335001018    -0.0048087481
   25Z     2.3712001811     0.0037299169
   26X     0.5899000450    -0.0025146934
   26Y     0.1174000090     0.0030774142
   26Z     2.6790002046     0.0073967668
   27X     1.5474001182    -0.0025814421
   27Y     0.9596000733    -0.0021202325
   27Z    -2.4075001838    -0.0062591045
   28X     2.3530001797     0.0005254368
   28Y     1.9680001503     0.0083108792
   28Z    -1.2194000931     0.0010734407
   29X     2.1271001624     0.0001760839
   29Y     1.5205001161     0.0030777712
   29Z     1.4760001127    -0.0005260235
   30X     3.0801002352     0.0015732397
   30Y     0.4584000350     0.0005934088
   30Z     2.4975001907     0.0091717295
   31X    -1.0772000823    -0.0028198128
   31Y    -3.5067002678    -0.0068856720
   31Z     0.2593000198    -0.0020572668
   32X     0.9601000733     0.0022232860
   32Y    -1.7947001371     0.0000713755
   32Z    -2.5831001973    -0.0055502577
   33X    -1.2300000939     0.0007161113
   33Y    -2.7505002100    -0.0018340993
   33Z    -2.3109001765    -0.0091446487
   34X     4.1500003169    -0.0020282913
   34Y     1.8479001411     0.0017063633
   34Z     0.0287000022    -0.0002791675
   35X     4.9380003771     0.0065985726
   35Y     0.4055000310    -0.0016383976
   35Z    -0.6472000494    -0.0045051420
   36X     5.0444003852     0.0069078696
   36Y     0.7352000561     0.0001115139
   36Z     1.0730000819     0.0042192134
   37X    -0.0062000005     0.0036213331
   37Y     3.2824002507     0.0046174976
   37Z    -1.8043001378    -0.0049592005
   38X    -2.3121001766    -0.0021550118
   38Y     3.5638002721     0.0088686666
   38Z    -0.9645000737    -0.0045375632
   39X    -3.1557002410    -0.0082750797
   39Y    -2.6446002020    -0.0055331077
   39Z     0.6672000509     0.0301400585
   40X    -3.8483002939    -0.0037788239
   40Y     1.0686000816    -0.0244045035
   40Z     1.1031000842     0.0172651504
----------------------------------------

 @ End Gradient Calculation

  Skipping one-electron property calculation.

 @ Output cuEST Memory Footprint

------------- cuEST MEMORY USAGE ---------------
| Peak Host Footprint =    33.50 kB
| Host Allocations =    34
| Peak Device Footprint =     7.53 GB
| Device Allocations =    28
------------------------------------------------

 @ Finish Output cuEST Memory Footprint


 @ Output Timing Information

------------- TIMING ---------------
| INITIALIZATION TIME =     0.279766000(  4.33%)
| CUEST INITIALIZATION TIME =     0.421959000(  6.54%)
| INITIAL GUESS TIME  =     1.587030000( 24.58%)
| OVERLAP 1e INTEGRALS TIME      =     0.091971000( 1.42%)
| OVERLAP 1e DIAGONALIZATION TIME =     0.006927000( 0.11%)
| TOTAL SCF TIME      =     2.407983000( 37.29%)
|       TOTAL OP TIME      =     2.000400000( 30.98%)
|             TOTAL 1e TIME      =     0.194693000(  3.02%)
|                KINETIC 1e INTEGRALS TIME    =     0.090561000(  1.40%)
|                ATTRACTION 1e INTEGRALS TIME =     0.102784000(  1.59%)
|             TOTAL 2e TIME      =     1.538357000( 23.83%)
|             TOTAL ENERGY TIME  =     0.010498000(  0.16%)
|       TOTAL DII TIME      =     0.396350000(  6.14%)
|             TOTAL DIAG TIME    =     0.096736000(  1.50%)
| TOTAL GRADIENT TIME      =     1.660301000( 25.71%)
|       TOTAL NUCLEAR GRADIENT TIME =     0.000087000(  0.00%)
|       TOTAL 1e GRADIENT TIME      =     1.187027000( 18.93%)
|          KINETIC 1e GRADIENT TIME      =     1.187027000( 18.38%)
|          ATTRACTION 1e GRADIENT TIME   =     0.035018000(  0.54%)
|       TOTAL 2e GRADIENT TIME      =     0.437722000( 6.78%)
| TOTAL TIME          =     6.456724000
------------------------------------
| Job cpu time:  0 days  0 hours  0 minutes  6.5 seconds.

 @ Finish Output Timing Information

| Normal Termination. Task Finished on: Mon Sep 28 08:45:36 2026
