| *********************************************************************************************************
| **                                                                                                     **
| **           888888888888                                                                              **
| **         8888888888888888                                                                            **
| **      888888888888888888                                                                             **
| **     888888888888888888                                                                              **
| **    888888888888888                                                                                  **
| **   88888888888888888888                               88888                       8888:              **
| **   8888888888888888888888Z                            88888                       8888:              **
| **   888888888888888888888888?                          88888                       8888:              **
| **   8888888888888      8888888                                        888888       8888:              **
| **    88888888888         888888     8888:     88888    88888        888888888I     8888:    888888    **
| **    8888888888           88888:    8888:     88888    88888      $888888888888    8888:   888888     **
| **    I8Z 88888             88888    8888:     88888    88888    .888888     8888   8888: 888888       **
| **    .8Z 88888             88888    8888:     88888    88888    $88888             8888:88888         **
| **     8I 88888      .=88. .88888    8888:     88888    88888    88888              8888888888         **
| **    :8  88888      888888$8888$    8888:     88888    88888    8888O              88888888888        **
| **   ,7   +88888.     8888888888.    8888:     88888    88888    888888             88888O888888       **
| **         $888888:.   .8888888      88888....888888    88888     888888     8888   8888:  888888      **
| **          I8888888888888888888     888888888888888    88888     O888888888888O    8888:   888888     **
| **            O888888888888888888     88888888888888    88888       88888888888$    8888:    888888    **
| **               8888888Z     888      .8888I  88888    88888         8888888       8888:     888888   **
| **                                                                                                     **
| **                                                                                                     **
| **                                         Copyright (c) 2026                                          **
| **                          Regents of the University of California San Diego                          **
| **                                    & Michigan State University                                      **
| **                                        All Rights Reserved.                                         **
| **                                                                                                     **
| **             This software is subject to the terms of the Mozilla Public License, v. 2.0.            **
| **                                                                                                     **
| *********************************************************************************************************
|                                                                                                          
| Cite this work as:                                                                                       
| Manathunga, M.; O'Hearn, K. A.; Shajan, A.; Smith, J.; Miao, Y.; He, X.; Ayers, K.;                      
| Brothers, E.; Palos, E.; Tripathy, V.; Goetz, A.W.; Merz, K.M. QUICK-26.03.                              
| University of California,San Diego, CA and                                                               
| Michigan State University, East Lansing, MI, 2026                                                        
|                                                                                                          
| If you have any comments or queries, please reach out to us on GitHub issues or discussion sections:     
| https://github.com/merzlab/QUICK.                                                                        
|                                                                                                          
| TASK STARTS ON: Mon Sep 28 08:45:23 2026
| INPUT FILE :    morphine_grad_blyp_6-31+gdp.in
| OUTPUT FILE:    morphine_grad_blyp_6-31+gdp.out
| BASIS SET PATH: /home/msun12/QUICK-cuEST-install/basis

|------------ GPU INFORMATION ---------------
| CUDA ENABLED DEVICE         :        1
| CUDA DEVICE IN USE          :        0
| CUDA DEVICE NAME            : NVIDIA H100 80GB HBM3
| CUDA DEVICE PM              :      132
| CUDA DEVICE CORE FREQ(GHZ)  :     1.98
| CUDA DEVICE MEMORY SIZE (MB):    81079
| SUPPORTING CUDA VERSION     :      9.0
|--------------------------------------------

 @ Read Job And Atom

  KEYWORD=BLYP BASIS=6-31+G** CUTOFF=1.0E-10 DENSERMS=1.0E-6 GRADIENT CUEST GRDBG
 ============== JOB CARD =============
 METHOD = DENSITY FUNCTIONAL THEORY
 USING LIBXC VERSION: 4.3.4
 FUNCTIONAL INFORMATION:
 NAME = Becke 88 FAMILY = GGA KIND = EXCHANGE
 NAME = Lee, Yang & Parr FAMILY = GGA KIND = CORRELATION
 DIRECT SCF 
 SAD INITAL GUESS 
 USE DIIS SCF
 PRINT ENERGY EVERY CYCLE
 READ SAD GUESS FROM FILE
 STANDARD GRID = SG1
 Level shifting allowed after cycle    3
 DIIS error must exceed 0.100 for level shifting
 Max HOMO-LUMO gap to allow level shifting = 0.200
 GRADIENT CALCULATION
 MAX SCF CYCLES =    200
 MAX DIIS CYCLES =   10
 DELTA DENSITY START CYCLE =    3
 COMPUTATIONAL CUTOFF: 
      TWO-e INTEGRAL         =  0.100E-09
      BASIS SET PRIME        =  0.100E-10
      MATRIX ELEMENTS        =  0.100E-09
      BASIS FUNCTION         =  0.100E-05
      NEAR-LINEAR DEPENDENCY =  0.100E-04
      GRADIENT CUTOFF  =  0.100E-06
 DENSITY MATRIX MAXIMUM RMS FOR CONVERGENCE  =  0.100E-05
 BASIS SET = 6-31+G**,  TYPE = CARTESIAN
| BASIS FILE = /home/msun12/QUICK-cuEST-install/basis/6-31PLGDP.BAS
| DATA FILE  =    morphine_grad_blyp_6-31+gdp.dat

 @ Finish reading job


 @ Begin SAD initial guess

 For Atom Kind =    1
 ELEMENT = O 
 BASIS FUNCTIONS =   19
 For Atom Kind =    2
 ELEMENT = N 
 BASIS FUNCTIONS =   19
 For Atom Kind =    3
 ELEMENT = C 
 BASIS FUNCTIONS =   19
 For Atom Kind =    4
 ELEMENT = H 
 BASIS FUNCTIONS =    5

 @ Finish SAD initial guess


 @ Begin Reading Molecular Information


 =========== Molecule Input ==========
 TOTAL MOLECULAR CHARGE  =    0    MULTIPLICITY                =    1
 TOTAL ATOM NUMBER       =   40    NUMBER OF ATOM TYPES        =    4
 NUMBER OF HYDROGEN ATOM =   19    NUMBER OF NON-HYDROGEN ATOM =   21
 NUMBER OF ELECTRONS     =  152

 -- INPUT GEOMETRY -- :
    O          -1.9930      -0.4740       1.2005
    O          -2.7826      -2.5168      -0.2218
    O          -3.6220       1.8421       0.5579
    N           3.1777      -0.0101       0.4474
    C           0.3699      -0.7149       0.6616
    C           1.2913      -1.3046      -0.4170
    C           2.3441      -0.2023      -0.7640
    C          -0.9377      -1.4750       0.9848
    C           1.1988      -0.3907       1.9201
    C          -0.2516       0.5302       0.1205
    C           1.6887       1.1052      -1.3279
    C           2.4315       0.4754       1.6126
    C           0.3384       1.4306      -0.7480
    C          -1.3631      -2.5067      -0.0924
    C           0.5066      -1.8183      -1.5971
    C          -1.5672       0.6306       0.5136
    C          -0.7155      -2.3492      -1.4425
    C           4.3733       0.7916       0.2084
    C          -0.4184       2.5415      -1.1246
    C          -2.3310       1.7217       0.1620
    C          -1.7382       2.6936      -0.6541
    H           1.8278      -2.1759      -0.0118
    H           3.0029      -0.6035      -1.5465
    H          -0.8451      -2.0128       1.9373
    H           1.5366      -1.3335       2.3712
    H           0.5899       0.1174       2.6790
    H           1.5474       0.9596      -2.4075
    H           2.3530       1.9680      -1.2194
    H           2.1271       1.5205       1.4760
    H           3.0801       0.4584       2.4975
    H          -1.0772      -3.5067       0.2593
    H           0.9601      -1.7947      -2.5831
    H          -1.2300      -2.7505      -2.3109
    H           4.1500       1.8479       0.0287
    H           4.9380       0.4055      -0.6472
    H           5.0444       0.7352       1.0730
    H          -0.0062       3.2824      -1.8043
    H          -2.3121       3.5638      -0.9645
    H          -3.1557      -2.6446       0.6672
    H          -3.8483       1.0686       1.1031

============== BASIS INFOS ==============
 BASIS FUNCTIONS =  494
 NSHELL =  162 NPRIM  =  805
 JSHELL =  162 JBASIS =  347


 @ End Reading Molecular Information 


 @ Begin cuEST Initialization


 @ End cuEST Initialization


 @ Begin XC Quadrature Formation

 OCTAGO: OCTree Algorithm for Grid Operations 
   PRUNING CUTOFF       = 0.100E-07
   INITIAL GRID POINTS  =      151424
|   FINAL GRID POINTS    =           0
|   SIGNIFICANT NUMBER OF BASIS FUNCTIONS     =           0
|   SIGNIFICANT NUMBER OF PRIMITIVE FUNCTIONS =           0

 @ End XC Quadrature Formation


 @ Begin Energy Calculation

| Number of total basis functions:    494
| Number of linearly independent basis functions:    484
| condition number of overlap matrix:    9.530E+07
| Smallest eigenvalue of overlap matrix:    2.230E-07

                                         SCF ENERGY
| ------------------------------------------------------------------------------------------------------------------------
| NCYC       ENERGY         DELTA_E      SCF_TIME  DII_CYC   DII_TIME   O_TIME  DIAG_TIME    MAX_ERR    RMS_CHG    MAX_CHG
| ------------------------------------------------------------------------------------------------------------------------
|  1   -928.657006038      ------         0.360     1        0.02      0.34      0.01    0.5342E+00  0.3216E+00  0.2311E+02
|  2   -801.936821772  -.126720E+03       0.156     2        0.02      0.13      0.01    0.2426E+01  0.3108E+00  0.2163E+02
|  3   -934.354674062  0.132418E+03       0.165     3        0.02      0.14      0.01    0.5200E+00  0.1543E+00  0.1154E+02
|   ***  Level shifting applied  ( HOMO-LUMO gap =  0.048 au ) ***
|  4   -914.621491766  -.197332E+02       0.166     4        0.03      0.14      0.01    0.1043E+01  0.1603E+00  0.8700E+01
|   ***  Level shifting applied  ( HOMO-LUMO gap =  0.009 au ) ***
|  5   -937.348920115  0.227274E+02       0.171     5        0.03      0.14      0.01    0.2942E+00  0.2503E+00  0.1572E+02
|   ***  Level shifting applied  ( HOMO-LUMO gap =  0.004 au ) ***
|  6   -938.972009124  0.162309E+01       0.167     6        0.03      0.14      0.01    0.2050E+00  0.7356E-02  0.2631E+00
|   ***  Level shifting applied  ( HOMO-LUMO gap =  0.107 au ) ***
|  7   -939.257521432  0.285512E+00       0.163     7        0.02      0.14      0.01    0.4189E-01  0.6293E-02  0.3323E+00
|  8   -939.264114858  0.659343E-02       0.165     8        0.02      0.14      0.01    0.3761E-01  0.2966E-02  0.1152E+00
|  9   -939.283661319  0.195465E-01       0.164     9        0.02      0.14      0.01    0.2094E-01  0.9471E-03  0.7426E-01
| 10   -939.287561711  0.390039E-02       0.165    10        0.03      0.14      0.01    0.7182E-02  0.3567E-03  0.2723E-01
| 11   -939.287800932  0.239221E-03       0.171     1        0.03      0.14      0.01    0.2055E-02  0.8283E-04  0.7131E-02
| 12   -939.287823039  0.221069E-04       0.169     2        0.03      0.14      0.01    0.5514E-03  0.3109E-04  0.1218E-02
| 13   -939.287826173  0.313381E-05       0.171     3        0.03      0.14      0.01    0.1213E-03  0.1228E-04  0.5106E-03
| 14   -939.287826403  0.229998E-06       0.170     4        0.03      0.14      0.01    0.9340E-04  0.5787E-05  0.2393E-03
| 15   -939.287826515  0.112464E-06       0.177     5        0.03      0.14      0.01    0.2006E-04  0.3293E-05  0.1662E-03
| 16   -939.287826516  0.290129E-09       0.171     6        0.03      0.14      0.01    0.1909E-04  0.1420E-05  0.5772E-04
| 17   -939.287826521  0.592127E-08       0.170     7        0.03      0.14      0.01    0.1851E-04  0.2665E-06  0.1770E-04
| ------------------------------------------------------------------------------------------------------------------------
| REACH CONVERGENCE AFTER  17 CYCLES
| MAX ERROR = 0.185086E-04   RMS CHANGE = 0.266506E-06   MAX CHANGE = 0.176991E-04
| -----------------------------------------------
 ALPHA ELECTRON DENSITY    =    75.9989166222
 BETA ELECTRON DENSITY     =    75.9989166222
 ELECTRONIC ENERGY    =  -2768.595097002
 CORE_CORE REPULSION  =   1829.307270481
 TOTAL ENERGY         =   -939.287826521

 @ End Energy calculation


 DEBUG STEP 1 :  NUCLEAR REPULSION GRADIENT: 
    1              16.5837599762
    1               3.2794334784
    1             -14.1381316018
    2              17.4216119530
    2               9.5817318593
    2               4.6952930173
    3              19.0182136532
    3              -8.5789327064
    3              -3.1965902325
    4             -13.4075651339
    4               4.0409988234
    4              -3.0522269679
    5              -2.4764007564
    5               4.5804168493
    5              -5.3372804967
    6              -6.9234168358
    6               9.4405535420
    6               2.7723705453
    7              -9.0342529746
    7               2.1260008105
    7               8.1274449150
    8               1.8253988653
    8               9.4206731454
    8              -8.4823688548
    9              -2.9935097245
    9               2.1635081506
    9             -13.8110204481
   10              -0.0353685570
   10              -4.4072501799
   10              -0.4058830791
   11              -6.6968964570
   11              -7.1974810982
   11               9.8215920898
   12              -6.7133551641
   12              -5.2290967175
   12             -11.0694929140
   13              -2.7337659300
   13              -8.1456163648
   13               5.2748575912
   14               2.0125349212
   14              11.7328246812
   14              -0.0814853071
   15              -4.1525257455
   15               6.6344275630
   15              11.7244438720
   16               6.3461123918
   16              -4.7951256027
   16              -2.6430174795
   17               4.0179969550
   17               9.1214966996
   17              10.2422037323
   18             -13.4878763793
   18              -4.4635129785
   18               0.3699616225
   19              -0.8456086463
   19             -12.3566777164
   19               7.5108170904
   20               6.6142569688
   20              -6.7974985234
   20               0.0095257510
   21               5.7498199406
   21             -12.5452778518
   21               4.4334723938
   22              -1.9539880852
   22               3.0883613227
   22              -0.5796257323
   23              -2.4057912006
   23               1.1206630545
   23               2.4928780966
   24               0.1587744690
   24               2.1656694247
   24              -3.0958325151
   25              -1.1416532378
   25               2.2606804971
   25              -2.4601877641
   26               0.6247026104
   26              -0.9195541597
   26              -3.2273169408
   27              -0.5187073871
   27              -0.4578511072
   27               3.3824659516
   28              -1.9562682909
   28              -2.6411803581
   28               0.8715346061
   29              -0.4293604266
   29              -2.9040761433
   29              -1.1760104962
   30              -1.9729721245
   30              -0.3482419528
   30              -2.8468741718
   31              -0.2374422857
   31               3.5079464701
   31              -0.8311722341
   32              -1.0969152127
   32               0.8373122227
   32               3.1543779539
   33               1.2309912266
   33               1.6639304515
   33               2.7321302840
   34              -1.2777319949
   34              -2.5879450464
   34               0.3074202590
   35              -2.5470261159
   35               0.3498625554
   35               1.6059050327
   36              -2.6076223222
   36              -0.2577612993
   36              -1.5971905911
   37              -0.6990646972
   37              -2.6221469393
   37               1.9781353278
   38               1.5492559318
   38              -2.7876120050
   38               1.0167770795
   39               2.6306440539
   39               1.5309779801
   39              -2.4825159928
   40               2.5610117687
   40               1.3953691691
   40              -2.0093833921

 DEBUG STEP 2 :  KINETIC GRADIENT ADDED: 
    1              17.2593679354
    1               3.5623190362
    1             -14.6589250015
    2              17.7942527353
    2               9.4717654417
    2               5.5527221628
    3              19.6157529848
    3              -9.3764425696
    3              -2.9317829440
    4             -13.6412720405
    4               4.6440757750
    4              -3.1830514900
    5              -1.4441043891
    5               4.5990254334
    5              -5.3754077162
    6              -7.0600977483
    6               9.3966167556
    6               2.8022861768
    7              -8.6918763334
    7               1.7588043986
    7               8.2519422150
    8               1.5902824219
    8               9.5747925303
    8              -8.4231432500
    9              -2.9140835351
    9               2.0574257317
    9             -13.6376458385
   10              -0.8125010811
   10              -2.8645465009
   10              -0.9061400888
   11              -6.9120465205
   11              -7.0436334047
   11               9.5197374673
   12              -6.7052158947
   12              -5.2426228891
   12             -11.1071145810
   13              -3.9510572613
   13              -8.9068012772
   13               5.7868159646
   14               1.8108512823
   14              11.4933642021
   14              -0.2578367113
   15              -4.8649294672
   15               6.5101869829
   15              11.9486839014
   16               6.8713792106
   16              -5.1824106833
   16              -2.5511443994
   17               4.6934040132
   17               9.2315708698
   17              10.2014606764
   18             -13.4294453647
   18              -4.4871686532
   18               0.3848276778
   19              -1.0458348098
   19             -12.5899429751
   19               7.8055190868
   20               6.8844575485
   20              -6.7004797055
   20              -0.3185751545
   21               5.8779381124
   21             -12.9976383503
   21               4.5748012829
   22              -2.2173219754
   22               3.5314503278
   22              -0.7732651161
   23              -2.7335795829
   23               1.3301966040
   23               2.9014657045
   24               0.1031212371
   24               2.4578652232
   24              -3.5954493110
   25              -1.3156826649
   25               2.7289172873
   25              -2.6881486786
   26               0.9271372168
   26              -1.1755171418
   26              -3.6158342466
   27              -0.4408141869
   27              -0.3800466544
   27               3.9249079290
   28              -2.2837135976
   28              -3.0869190906
   28               0.8150323419
   29              -0.2800885829
   29              -3.4187569806
   29              -1.1031751848
   30              -2.2988829566
   30              -0.3444409162
   30              -3.3110440883
   31              -0.3604340236
   31               4.0240618826
   31              -1.0038208469
   32              -1.3307490646
   32               0.8308396790
   32               3.6830967745
   33               1.5047436873
   33               1.8818470592
   33               3.2086551403
   34              -1.1641139517
   34              -3.1145141810
   34               0.3933223519
   35              -2.8475168185
   35               0.5450158518
   35               2.0513338180
   36              -2.9626490182
   36              -0.2310824004
   36              -2.0450233020
   37              -0.9116306993
   37              -3.0191802929
   37               2.3409552806
   38               1.8535223712
   38              -3.2539836723
   38               1.1840256224
   39               3.0123350607
   39               1.6762298212
   39              -3.3109474441
   40               2.8210957513
   40               2.1097574456
   40              -2.5341161814

 DEBUG STEP 3 :  NUC-EN ATTRACTION GRADIENT ADDED:
    1             -15.7100776288
    1              -5.2294976874
    1              14.1393974565
    2             -15.3066350746
    2              -8.9885486560
    2              -7.9156639260
    3             -18.1793139192
    3              12.6809294624
    3               0.3425219719
    4              16.8565496916
    4              -7.9053856325
    4               4.1580157261
    5             -29.1776185984
    5              -1.6571025733
    5              -1.1495713397
    6              12.9671736571
    6              -5.8617849272
    6              -6.0798122870
    7              -3.4015340766
    7              13.1340182469
    7              -7.2380088177
    8               1.1057204130
    8              -6.4630632558
    8               9.5562839240
    9               2.3659258750
    9               3.4954984375
    9               2.4424969978
   10               9.8442997719
   10             -56.8835822073
   10              21.7495047959
   11               9.7983474617
   11               0.2467816208
   11               4.3805412020
   12               6.1911641700
   12               0.2921525999
   12               8.2641837599
   13              33.9796864738
   13              39.5885324408
   13             -16.2825096082
   14              -4.6949591297
   14              -3.2635681183
   14               1.7159058150
   15              17.6727455570
   15              -8.7086270791
   15             -12.1800950942
   16             -16.4602236610
   16              10.3651770630
   16              -4.8967995784
   17             -15.9110636617
   17              -7.0123266201
   17              -6.1795202854
   18               7.2596141138
   18               1.2961444064
   18               0.4609969880
   19               5.4609428511
   19              15.8708733021
   19             -13.7978479394
   20             -13.2388981621
   20               4.1910560855
   20              10.7456188651
   21              -5.6881093794
   21              18.0861996291
   21              -5.7074597751
   22               3.6661035555
   22              -6.8189352895
   22               1.8299696732
   23               4.4247275063
   23              -2.7767123281
   23              -5.5791885730
   24               0.5552529243
   24              -4.5324110754
   24               6.8943683014
   25               2.4236040360
   25              -5.5731984267
   25               3.9681931427
   26              -2.9850693855
   26               2.9563830875
   26               6.1533884186
   27              -0.5315888777
   27              -0.4347973979
   27              -7.2282553909
   28               4.0752576904
   28               6.0731776247
   28              -0.0659000614
   29              -0.8409887408
   29               6.4306172901
   29               0.2072745057
   30               3.9300923685
   30               0.2934767207
   30               6.0733333554
   31               0.6389823134
   31              -6.9337516367
   31               1.8129547229
   32               2.9102612800
   32              -0.8043533041
   32              -7.4394084379
   33              -3.2800894750
   33              -3.3850783607
   33              -6.7017897966
   34               0.1338789080
   34               5.6294783442
   34              -0.8118717670
   35               4.4321891064
   35              -1.6069913008
   35              -4.5040241928
   36               4.7316271084
   36               0.0191718183
   36               4.4025306680
   37               2.2168043002
   37               5.6508450446
   37              -4.7641671926
   38              -3.6842954940
   38               6.3657346155
   38              -2.3673094150
   39              -4.5941339682
   39              -2.6053980287
   39               6.7731357808
   40              -3.9563519005
   40              -5.2211339342
   40               4.8185874073

 DEBUG STEP 4 :  ERI GRADIENT ADDED:
    1               0.1908644652
    1               0.0984907501
    1              -0.1590273600
    2               0.0926834659
    2              -0.0361713912
    2               0.2958527592
    3               0.1822913385
    3              -0.2743623770
    3               0.1003347397
    4              -0.1074729993
    4               0.2148780556
    4              -0.0476226921
    5               0.5571629138
    5              -0.0046700173
    5              -0.0118814346
    6              -0.1079348512
    6              -0.0520631299
    6               0.0733346639
    7               0.2287255494
    7              -0.2443120100
    7               0.0081751457
    8              -0.0989654637
    8               0.0161717818
    8               0.0197646909
    9               0.0212276838
    9              -0.0723713413
    9               0.1763154146
   10              -0.2807030199
   10               0.9143723328
   10              -0.3556604590
   11              -0.0673755663
   11               0.1376678067
   11              -0.2198436071
   12               0.0211710462
   12               0.0593121560
   12               0.0271122222
   13              -0.5469713207
   13              -0.5073126385
   13               0.2989912576
   14              -0.0248315927
   14              -0.1548849825
   14              -0.0579590995
   15              -0.3089456419
   15              -0.0340453011
   15               0.0358083929
   16               0.1423925692
   16              -0.1534680876
   16               0.0950666036
   17               0.2874029138
   17               0.0196304475
   17              -0.0569945924
   18               0.0900863426
   18               0.0357020640
   18              -0.0077190356
   19              -0.0987870315
   19              -0.0598447046
   19               0.1180889235
   20               0.1363722817
   20               0.0456204773
   20              -0.1822017457
   21               0.0443873504
   21              -0.1635516081
   21               0.0443036400
   22              -0.1090446256
   22               0.1788836321
   22              -0.0783370852
   23              -0.1319334057
   23               0.0846981602
   23               0.1623472991
   24              -0.0199874369
   24               0.1146359704
   24              -0.1997429995
   25              -0.0710711452
   25               0.1897580898
   25              -0.0926213208
   26               0.1226765485
   26              -0.1040091307
   26              -0.1570163183
   27               0.0314655637
   27               0.0312502329
   27               0.2212981984
   28              -0.1345646829
   28              -0.1813885292
   28              -0.0229634156
   29               0.0623602373
   29              -0.2118269993
   29               0.0288979854
   30              -0.1333717061
   30               0.0021720039
   30              -0.1866788059
   31              -0.0509929229
   31               0.2080930751
   31              -0.0713749362
   32              -0.0984886760
   32              -0.0025360673
   32               0.2225092081
   33               0.1175701333
   33               0.0925759827
   33               0.1997195482
   34               0.0451732448
   34              -0.2190251652
   34               0.0356398495
   35              -0.1218014978
   35               0.0799668025
   35               0.1826786491
   36              -0.1439295321
   36               0.0114361126
   36              -0.1840543568
   37              -0.0876371136
   37              -0.1672700209
   37               0.1521389991
   38               0.1287638758
   38              -0.1965044414
   38               0.0702046376
   39               0.1418571450
   39               0.0551477956
   39              -0.2909706892
   40               0.1001755629
   40               0.2491542133
   40              -0.1859128746

 DEBUG STEP 5 :  XC GRADIENT ADDED:
    1               0.0054657788
    1               0.0079408401
    1              -0.0108616378
    2               0.0119688955
    2               0.0031748763
    2               0.0122743771
    3               0.0235692779
    3              -0.0075735426
    3              -0.0045090056
    4              -0.0072266455
    4               0.0076897321
    4               0.0006169161
    5               0.0066896628
    5              -0.0033754717
    5              -0.0038239352
    6              -0.0019909237
    6               0.0024912624
    6               0.0075000385
    7               0.0012208320
    7               0.0001271876
    7              -0.0049072306
    8              -0.0103901605
    8               0.0186815885
    8              -0.0155025442
    9              -0.0051267828
    9               0.0045020237
    9              -0.0056088402
   10              -0.0072821005
   10              -0.0085044040
   10               0.0094250963
   11               0.0004965744
   11               0.0061571442
   11               0.0045853372
   12               0.0038687079
   12               0.0026748657
   12              -0.0028201458
   13              -0.0059045809
   13              -0.0009678063
   13              -0.0001583983
   14               0.0042297525
   14               0.0038186479
   14               0.0046806899
   15               0.0011482191
   15              -0.0016285008
   15              -0.0020747509
   16              -0.0100434498
   16              -0.0018965244
   16               0.0029036463
   17               0.0024771212
   17              -0.0040806470
   17               0.0043934662
   18              -0.0049809593
   18               0.0052055301
   18              -0.0018234243
   19               0.0105638980
   19              -0.0065963329
   19              -0.0001543289
   20              -0.0002165859
   20              -0.0067847960
   20               0.0036476286
   21              -0.0062803555
   21              -0.0085395637
   21               0.0068901083
   22              -0.0068866931
   22              -0.0004850502
   22              -0.0040979292
   23              -0.0037372208
   23               0.0010211411
   23               0.0005025495
   24               0.0025037166
   24              -0.0002359719
   24              -0.0043273334
   25              -0.0014067090
   25               0.0049980066
   25              -0.0011728554
   26               0.0033248628
   26              -0.0019104705
   26              -0.0007947791
   27              -0.0016246940
   27              -0.0008773486
   27               0.0055804715
   28              -0.0068466744
   28              -0.0015033269
   28               0.0002266179
   29               0.0035364490
   29              -0.0104824724
   29               0.0000974530
   30              -0.0052505944
   30               0.0000352005
   30              -0.0010143688
   31              -0.0074758223
   31               0.0062316806
   31              -0.0064878957
   32              -0.0037685146
   32              -0.0004925190
   32               0.0055065961
   33               0.0064822314
   33               0.0031496825
   33               0.0012665027
   34               0.0001350788
   34              -0.0119975060
   34               0.0022050703
   35               0.0001163602
   35               0.0021404917
   35               0.0046286271
   36              -0.0008107424
   36               0.0001573857
   36              -0.0049124669
   37              -0.0012988925
   37              -0.0036595869
   37               0.0028808015
   38               0.0041566934
   38              -0.0013291079
   38              -0.0007191508
   39               0.0036281492
   39              -0.0004664351
   39              -0.0021582860
   40               0.0029668406
   40               0.0031900977
   40              -0.0018826873

 DEBUG STEP : TOTAL GRADIENT: 
    1               0.0054657788
    2               0.0079408401
    3              -0.0108616378
    4               0.0119688955
    5               0.0031748763
    6               0.0122743771
    7               0.0235692779
    8              -0.0075735426
    9              -0.0045090056
   10              -0.0072266455
   11               0.0076897321
   12               0.0006169161
   13               0.0066896628
   14              -0.0033754717
   15              -0.0038239352
   16              -0.0019909237
   17               0.0024912624
   18               0.0075000385
   19               0.0012208320
   20               0.0001271876
   21              -0.0049072306
   22              -0.0103901605
   23               0.0186815885
   24              -0.0155025442
   25              -0.0051267828
   26               0.0045020237
   27              -0.0056088402
   28              -0.0072821005
   29              -0.0085044040
   30               0.0094250963
   31               0.0004965744
   32               0.0061571442
   33               0.0045853372
   34               0.0038687079
   35               0.0026748657
   36              -0.0028201458
   37              -0.0059045809
   38              -0.0009678063
   39              -0.0001583983
   40               0.0042297525
   41               0.0038186479
   42               0.0046806899
   43               0.0011482191
   44              -0.0016285008
   45              -0.0020747509
   46              -0.0100434498
   47              -0.0018965244
   48               0.0029036463
   49               0.0024771212
   50              -0.0040806470
   51               0.0043934662
   52              -0.0049809593
   53               0.0052055301
   54              -0.0018234243
   55               0.0105638980
   56              -0.0065963329
   57              -0.0001543289
   58              -0.0002165859
   59              -0.0067847960
   60               0.0036476286
   61              -0.0062803555
   62              -0.0085395637
   63               0.0068901083
   64              -0.0068866931
   65              -0.0004850502
   66              -0.0040979292
   67              -0.0037372208
   68               0.0010211411
   69               0.0005025495
   70               0.0025037166
   71              -0.0002359719
   72              -0.0043273334
   73              -0.0014067090
   74               0.0049980066
   75              -0.0011728554
   76               0.0033248628
   77              -0.0019104705
   78              -0.0007947791
   79              -0.0016246940
   80              -0.0008773486
   81               0.0055804715
   82              -0.0068466744
   83              -0.0015033269
   84               0.0002266179
   85               0.0035364490
   86              -0.0104824724
   87               0.0000974530
   88              -0.0052505944
   89               0.0000352005
   90              -0.0010143688
   91              -0.0074758223
   92               0.0062316806
   93              -0.0064878957
   94              -0.0037685146
   95              -0.0004925190
   96               0.0055065961
   97               0.0064822314
   98               0.0031496825
   99               0.0012665027
  100               0.0001350788
  101              -0.0119975060
  102               0.0022050703
  103               0.0001163602
  104               0.0021404917
  105               0.0046286271
  106              -0.0008107424
  107               0.0001573857
  108              -0.0049124669
  109              -0.0012988925
  110              -0.0036595869
  111               0.0028808015
  112               0.0041566934
  113              -0.0013291079
  114              -0.0007191508
  115               0.0036281492
  116              -0.0004664351
  117              -0.0021582860
  118               0.0029668406
  119               0.0031900977
  120              -0.0018826873

 @ Begin Gradient Calculation

 ANALYTICAL GRADIENT: 
----------------------------------------
 COORDINATE    XYZ            GRADIENT
----------------------------------------
    1X    -1.9930001522     0.0054657788
    1Y    -0.4740000362     0.0079408401
    1Z     1.2005000917    -0.0108616378
    2X    -2.7826002125     0.0119688955
    2Y    -2.5168001922     0.0031748763
    2Z    -0.2218000169     0.0122743771
    3X    -3.6220002766     0.0235692779
    3Y     1.8421001407    -0.0075735426
    3Z     0.5579000426    -0.0045090056
    4X     3.1777002427    -0.0072266455
    4Y    -0.0101000008     0.0076897321
    4Z     0.4474000342     0.0006169161
    5X     0.3699000282     0.0066896628
    5Y    -0.7149000546    -0.0033754717
    5Z     0.6616000505    -0.0038239352
    6X     1.2913000986    -0.0019909237
    6Y    -1.3046000996     0.0024912624
    6Z    -0.4170000318     0.0075000385
    7X     2.3441001790     0.0012208320
    7Y    -0.2023000154     0.0001271876
    7Z    -0.7640000583    -0.0049072306
    8X    -0.9377000716    -0.0103901605
    8Y    -1.4750001126     0.0186815885
    8Z     0.9848000752    -0.0155025442
    9X     1.1988000915    -0.0051267828
    9Y    -0.3907000298     0.0045020237
    9Z     1.9201001466    -0.0056088402
   10X    -0.2516000192    -0.0072821005
   10Y     0.5302000405    -0.0085044040
   10Z     0.1205000092     0.0094250963
   11X     1.6887001290     0.0004965744
   11Y     1.1052000844     0.0061571442
   11Z    -1.3279001014     0.0045853372
   12X     2.4315001857     0.0038687079
   12Y     0.4754000363     0.0026748657
   12Z     1.6126001231    -0.0028201458
   13X     0.3384000258    -0.0059045809
   13Y     1.4306001092    -0.0009678063
   13Z    -0.7480000571    -0.0001583983
   14X    -1.3631001041     0.0042297525
   14Y    -2.5067001914     0.0038186479
   14Z    -0.0924000071     0.0046806899
   15X     0.5066000387     0.0011482191
   15Y    -1.8183001389    -0.0016285008
   15Z    -1.5971001220    -0.0020747509
   16X    -1.5672001197    -0.0100434498
   16Y     0.6306000482    -0.0018965244
   16Z     0.5136000392     0.0029036463
   17X    -0.7155000546     0.0024771212
   17Y    -2.3492001794    -0.0040806470
   17Z    -1.4425001102     0.0043934662
   18X     4.3733003340    -0.0049809593
   18Y     0.7916000604     0.0052055301
   18Z     0.2084000159    -0.0018234243
   19X    -0.4184000320     0.0105638980
   19Y     2.5415001941    -0.0065963329
   19Z    -1.1246000859    -0.0001543289
   20X    -2.3310001780    -0.0002165859
   20Y     1.7217001315    -0.0067847960
   20Z     0.1620000124     0.0036476286
   21X    -1.7382001327    -0.0062803555
   21Y     2.6936002057    -0.0085395637
   21Z    -0.6541000499     0.0068901083
   22X     1.8278001396    -0.0068866931
   22Y    -2.1759001662    -0.0004850502
   22Z    -0.0118000009    -0.0040979292
   23X     3.0029002293    -0.0037372208
   23Y    -0.6035000461     0.0010211411
   23Z    -1.5465001181     0.0005025495
   24X    -0.8451000645     0.0025037166
   24Y    -2.0128001537    -0.0002359719
   24Z     1.9373001479    -0.0043273334
   25X     1.5366001173    -0.0014067090
   25Y    -1.3335001018     0.0049980066
   25Z     2.3712001811    -0.0011728554
   26X     0.5899000450     0.0033248628
   26Y     0.1174000090    -0.0019104705
   26Z     2.6790002046    -0.0007947791
   27X     1.5474001182    -0.0016246940
   27Y     0.9596000733    -0.0008773486
   27Z    -2.4075001838     0.0055804715
   28X     2.3530001797    -0.0068466744
   28Y     1.9680001503    -0.0015033269
   28Z    -1.2194000931     0.0002266179
   29X     2.1271001624     0.0035364490
   29Y     1.5205001161    -0.0104824724
   29Z     1.4760001127     0.0000974530
   30X     3.0801002352    -0.0052505944
   30Y     0.4584000350     0.0000352005
   30Z     2.4975001907    -0.0010143688
   31X    -1.0772000823    -0.0074758223
   31Y    -3.5067002678     0.0062316806
   31Z     0.2593000198    -0.0064878957
   32X     0.9601000733    -0.0037685146
   32Y    -1.7947001371    -0.0004925190
   32Z    -2.5831001973     0.0055065961
   33X    -1.2300000939     0.0064822314
   33Y    -2.7505002100     0.0031496825
   33Z    -2.3109001765     0.0012665027
   34X     4.1500003169     0.0001350788
   34Y     1.8479001411    -0.0119975060
   34Z     0.0287000022     0.0022050703
   35X     4.9380003771     0.0001163602
   35Y     0.4055000310     0.0021404917
   35Z    -0.6472000494     0.0046286271
   36X     5.0444003852    -0.0008107424
   36Y     0.7352000561     0.0001573857
   36Z     1.0730000819    -0.0049124669
   37X    -0.0062000005    -0.0012988925
   37Y     3.2824002507    -0.0036595869
   37Z    -1.8043001378     0.0028808015
   38X    -2.3121001766     0.0041566934
   38Y     3.5638002721    -0.0013291079
   38Z    -0.9645000737    -0.0007191508
   39X    -3.1557002410     0.0036281492
   39Y    -2.6446002020    -0.0004664351
   39Z     0.6672000509    -0.0021582860
   40X    -3.8483002939     0.0029668406
   40Y     1.0686000816     0.0031900977
   40Z     1.1031000842    -0.0018826873
----------------------------------------

 @ End Gradient Calculation

  Skipping one-electron property calculation.

 @ Output cuEST Memory Footprint

------------- cuEST MEMORY USAGE ---------------
| Peak Host Footprint =    24.34 kB
| Host Allocations =    44
| Peak Device Footprint =     7.13 GB
| Device Allocations =    38
------------------------------------------------

 @ Finish Output cuEST Memory Footprint


 @ Output Timing Information

------------- TIMING ---------------
| INITIALIZATION TIME =     0.319002000(  4.35%)
| CUEST INITIALIZATION TIME =     0.288473000(  3.93%)
| INITIAL GUESS TIME  =     1.589833000( 21.67%)
| OVERLAP 1e INTEGRALS TIME      =     0.090839000( 1.24%)
| OVERLAP 1e DIAGONALIZATION TIME =     0.006768000( 0.09%)
| DFT GRID OPERATIONS =     0.002248000(  0.03%)
|       TOTAL GRID FORMATION TIME   =     0.002248000(  0.03%)
|       TOTAL GRID WEIGHT TIME      =     0.000000000(  0.00%)
|       TOTAL OCTREE RUN TIME       =     0.000000000(  0.00%)
|       TOTAL PRESCREENING TIME     =     0.000000000(  0.00%)
|       TOTAL DATA PACKING TIME     =     0.000000000(  0.00%)
| TOTAL SCF TIME      =     3.234717000( 44.08%)
|       TOTAL OP TIME      =     2.758909000( 37.60%)
|             TOTAL 1e TIME      =     0.192863000(  2.63%)
|                KINETIC 1e INTEGRALS TIME    =     0.090917000(  1.24%)
|                ATTRACTION 1e INTEGRALS TIME =     0.100660000(  1.37%)
|             TOTAL 2e TIME      =     1.548066000( 21.10%)
|             TOTAL EXC TIME     =     0.758428000( 10.34%)
|             TOTAL ENERGY TIME  =     0.011013000(  0.15%)
|       TOTAL DII TIME      =     0.463058000(  6.31%)
|             TOTAL DIAG TIME    =     0.109230000(  1.49%)
| TOTAL GRADIENT TIME      =     1.782032000( 24.29%)
|       TOTAL NUCLEAR GRADIENT TIME =     0.000087000(  0.00%)
|       TOTAL 1e GRADIENT TIME      =     1.185721000( 16.63%)
|          KINETIC 1e GRADIENT TIME      =     1.185721000( 16.16%)
|          ATTRACTION 1e GRADIENT TIME   =     0.034289000(  0.47%)
|       TOTAL 2e GRADIENT TIME      =     0.432356000( 5.89%)
|       TOTAL EXC GRADIENT TIME     =     0.129144000(  1.76%)
| TOTAL TIME          =     7.337823000
------------------------------------
| Job cpu time:  0 days  0 hours  0 minutes  7.3 seconds.

 @ Finish Output Timing Information

| Normal Termination. Task Finished on: Mon Sep 28 08:45:30 2026
