| *********************************************************************************************************
| **                                                                                                     **
| **           888888888888                                                                              **
| **         8888888888888888                                                                            **
| **      888888888888888888                                                                             **
| **     888888888888888888                                                                              **
| **    888888888888888                                                                                  **
| **   88888888888888888888                               88888                       8888:              **
| **   8888888888888888888888Z                            88888                       8888:              **
| **   888888888888888888888888?                          88888                       8888:              **
| **   8888888888888      8888888                                        888888       8888:              **
| **    88888888888         888888     8888:     88888    88888        888888888I     8888:    888888    **
| **    8888888888           88888:    8888:     88888    88888      $888888888888    8888:   888888     **
| **    I8Z 88888             88888    8888:     88888    88888    .888888     8888   8888: 888888       **
| **    .8Z 88888             88888    8888:     88888    88888    $88888             8888:88888         **
| **     8I 88888      .=88. .88888    8888:     88888    88888    88888              8888888888         **
| **    :8  88888      888888$8888$    8888:     88888    88888    8888O              88888888888        **
| **   ,7   +88888.     8888888888.    8888:     88888    88888    888888             88888O888888       **
| **         $888888:.   .8888888      88888....888888    88888     888888     8888   8888:  888888      **
| **          I8888888888888888888     888888888888888    88888     O888888888888O    8888:   888888     **
| **            O888888888888888888     88888888888888    88888       88888888888$    8888:    888888    **
| **               8888888Z     888      .8888I  88888    88888         8888888       8888:     888888   **
| **                                                                                                     **
| **                                                                                                     **
| **                                         Copyright (c) 2026                                          **
| **                          Regents of the University of California San Diego                          **
| **                                    & Michigan State University                                      **
| **                                        All Rights Reserved.                                         **
| **                                                                                                     **
| **             This software is subject to the terms of the Mozilla Public License, v. 2.0.            **
| **                                                                                                     **
| *********************************************************************************************************
|                                                                                                          
| Cite this work as:                                                                                       
| Manathunga, M.; O'Hearn, K. A.; Shajan, A.; Smith, J.; Miao, Y.; He, X.; Ayers, K.;                      
| Brothers, E.; Palos, E.; Tripathy, V.; Goetz, A.W.; Merz, K.M. QUICK-26.03.                              
| University of California,San Diego, CA and                                                               
| Michigan State University, East Lansing, MI, 2026                                                        
|                                                                                                          
| If you have any comments or queries, please reach out to us on GitHub issues or discussion sections:     
| https://github.com/merzlab/QUICK.                                                                        
|                                                                                                          
| TASK STARTS ON: Mon Sep 28 08:45:13 2026
| INPUT FILE :    morphine_grad_b3lyp_6-31+gdp.in
| OUTPUT FILE:    morphine_grad_b3lyp_6-31+gdp.out
| BASIS SET PATH: /home/msun12/QUICK-cuEST-install/basis

|------------ GPU INFORMATION ---------------
| CUDA ENABLED DEVICE         :        1
| CUDA DEVICE IN USE          :        0
| CUDA DEVICE NAME            : NVIDIA H100 80GB HBM3
| CUDA DEVICE PM              :      132
| CUDA DEVICE CORE FREQ(GHZ)  :     1.98
| CUDA DEVICE MEMORY SIZE (MB):    81079
| SUPPORTING CUDA VERSION     :      9.0
|--------------------------------------------

 @ Read Job And Atom

  KEYWORD=B3LYP BASIS=6-31+G** CUTOFF=1.0E-10 DENSERMS=1.0E-6 GRADIENT CUEST GRDBG
 ============== JOB CARD =============
 METHOD = DENSITY FUNCTIONAL THEORY
 DENSITY FUNCTIONAL = B3LYP
 DIRECT SCF 
 SAD INITAL GUESS 
 USE DIIS SCF
 PRINT ENERGY EVERY CYCLE
 READ SAD GUESS FROM FILE
 STANDARD GRID = SG1
 Level shifting allowed after cycle    3
 DIIS error must exceed 0.100 for level shifting
 Max HOMO-LUMO gap to allow level shifting = 0.200
 GRADIENT CALCULATION
 MAX SCF CYCLES =    200
 MAX DIIS CYCLES =   10
 DELTA DENSITY START CYCLE =    3
 COMPUTATIONAL CUTOFF: 
      TWO-e INTEGRAL         =  0.100E-09
      BASIS SET PRIME        =  0.100E-10
      MATRIX ELEMENTS        =  0.100E-09
      BASIS FUNCTION         =  0.100E-05
      NEAR-LINEAR DEPENDENCY =  0.100E-04
      GRADIENT CUTOFF  =  0.100E-06
 DENSITY MATRIX MAXIMUM RMS FOR CONVERGENCE  =  0.100E-05
 BASIS SET = 6-31+G**,  TYPE = CARTESIAN
| BASIS FILE = /home/msun12/QUICK-cuEST-install/basis/6-31PLGDP.BAS
| DATA FILE  =    morphine_grad_b3lyp_6-31+gdp.dat

 @ Finish reading job


 @ Begin SAD initial guess

 For Atom Kind =    1
 ELEMENT = O 
 BASIS FUNCTIONS =   19
 For Atom Kind =    2
 ELEMENT = N 
 BASIS FUNCTIONS =   19
 For Atom Kind =    3
 ELEMENT = C 
 BASIS FUNCTIONS =   19
 For Atom Kind =    4
 ELEMENT = H 
 BASIS FUNCTIONS =    5

 @ Finish SAD initial guess


 @ Begin Reading Molecular Information


 =========== Molecule Input ==========
 TOTAL MOLECULAR CHARGE  =    0    MULTIPLICITY                =    1
 TOTAL ATOM NUMBER       =   40    NUMBER OF ATOM TYPES        =    4
 NUMBER OF HYDROGEN ATOM =   19    NUMBER OF NON-HYDROGEN ATOM =   21
 NUMBER OF ELECTRONS     =  152

 -- INPUT GEOMETRY -- :
    O          -1.9930      -0.4740       1.2005
    O          -2.7826      -2.5168      -0.2218
    O          -3.6220       1.8421       0.5579
    N           3.1777      -0.0101       0.4474
    C           0.3699      -0.7149       0.6616
    C           1.2913      -1.3046      -0.4170
    C           2.3441      -0.2023      -0.7640
    C          -0.9377      -1.4750       0.9848
    C           1.1988      -0.3907       1.9201
    C          -0.2516       0.5302       0.1205
    C           1.6887       1.1052      -1.3279
    C           2.4315       0.4754       1.6126
    C           0.3384       1.4306      -0.7480
    C          -1.3631      -2.5067      -0.0924
    C           0.5066      -1.8183      -1.5971
    C          -1.5672       0.6306       0.5136
    C          -0.7155      -2.3492      -1.4425
    C           4.3733       0.7916       0.2084
    C          -0.4184       2.5415      -1.1246
    C          -2.3310       1.7217       0.1620
    C          -1.7382       2.6936      -0.6541
    H           1.8278      -2.1759      -0.0118
    H           3.0029      -0.6035      -1.5465
    H          -0.8451      -2.0128       1.9373
    H           1.5366      -1.3335       2.3712
    H           0.5899       0.1174       2.6790
    H           1.5474       0.9596      -2.4075
    H           2.3530       1.9680      -1.2194
    H           2.1271       1.5205       1.4760
    H           3.0801       0.4584       2.4975
    H          -1.0772      -3.5067       0.2593
    H           0.9601      -1.7947      -2.5831
    H          -1.2300      -2.7505      -2.3109
    H           4.1500       1.8479       0.0287
    H           4.9380       0.4055      -0.6472
    H           5.0444       0.7352       1.0730
    H          -0.0062       3.2824      -1.8043
    H          -2.3121       3.5638      -0.9645
    H          -3.1557      -2.6446       0.6672
    H          -3.8483       1.0686       1.1031

============== BASIS INFOS ==============
 BASIS FUNCTIONS =  494
 NSHELL =  162 NPRIM  =  805
 JSHELL =  162 JBASIS =  347


 @ End Reading Molecular Information 


 @ Begin cuEST Initialization


 @ End cuEST Initialization


 @ Begin XC Quadrature Formation

 OCTAGO: OCTree Algorithm for Grid Operations 
   PRUNING CUTOFF       = 0.100E-07
   INITIAL GRID POINTS  =      151424
|   FINAL GRID POINTS    =           0
|   SIGNIFICANT NUMBER OF BASIS FUNCTIONS     =           0
|   SIGNIFICANT NUMBER OF PRIMITIVE FUNCTIONS =           0

 @ End XC Quadrature Formation


 @ Begin Energy Calculation

| Number of total basis functions:    494
| Number of linearly independent basis functions:    484
| condition number of overlap matrix:    9.530E+07
| Smallest eigenvalue of overlap matrix:    2.230E-07

                                         SCF ENERGY
| ------------------------------------------------------------------------------------------------------------------------
| NCYC       ENERGY         DELTA_E      SCF_TIME  DII_CYC   DII_TIME   O_TIME  DIAG_TIME    MAX_ERR    RMS_CHG    MAX_CHG
| ------------------------------------------------------------------------------------------------------------------------
|  1   -928.991456649      ------         0.413     1        0.02      0.39      0.01    0.5317E+00  0.2734E+00  0.1840E+02
|  2   -835.987539350  -.930039E+02       0.184     2        0.02      0.16      0.01    0.2219E+01  0.2637E+00  0.1580E+02
|  3   -935.700784129  0.997132E+02       0.193     3        0.02      0.17      0.01    0.4045E+00  0.1606E+00  0.1100E+02
|   ***  Level shifting applied  ( HOMO-LUMO gap =  0.026 au ) ***
|  4   -924.073942271  -.116268E+02       0.195     4        0.03      0.17      0.01    0.8303E+00  0.1538E+00  0.1124E+02
|   ***  Level shifting applied  ( HOMO-LUMO gap =  0.004 au ) ***
|  5   -939.266467363  0.151925E+02       0.200     5        0.03      0.17      0.01    0.1630E+00  0.8661E-02  0.3874E+00
|   ***  Level shifting applied  ( HOMO-LUMO gap =  0.033 au ) ***
|  6   -939.584125894  0.317659E+00       0.192     6        0.02      0.17      0.01    0.7709E-01  0.7140E-02  0.4930E+00
|  7   -939.662326756  0.782009E-01       0.191     7        0.02      0.17      0.01    0.3254E-01  0.2649E-02  0.1569E+00
|  8   -939.671367169  0.904041E-02       0.193     8        0.02      0.17      0.01    0.2247E-01  0.1319E-02  0.6456E-01
|  9   -939.676645733  0.527856E-02       0.193     9        0.02      0.17      0.01    0.5110E-02  0.4237E-03  0.2605E-01
| 10   -939.676836935  0.191201E-03       0.193    10        0.03      0.17      0.01    0.2299E-02  0.1266E-03  0.4961E-02
| 11   -939.676920916  0.839814E-04       0.199     1        0.03      0.17      0.01    0.5870E-03  0.5098E-04  0.1855E-02
| 12   -939.676925225  0.430862E-05       0.197     2        0.03      0.17      0.01    0.3142E-03  0.1597E-04  0.6321E-03
| 13   -939.676926575  0.135062E-05       0.199     3        0.03      0.17      0.01    0.1036E-03  0.4102E-05  0.1389E-03
| 14   -939.676926627  0.514910E-07       0.202     4        0.03      0.17      0.01    0.4682E-04  0.1775E-05  0.1097E-03
| 15   -939.676926638  0.116274E-07       0.200     5        0.03      0.17      0.01    0.1610E-04  0.5054E-06  0.5234E-04
| ------------------------------------------------------------------------------------------------------------------------
| REACH CONVERGENCE AFTER  15 CYCLES
| MAX ERROR = 0.161009E-04   RMS CHANGE = 0.505425E-06   MAX CHANGE = 0.523390E-04
| -----------------------------------------------
 ALPHA ELECTRON DENSITY    =    75.9989724294
 BETA ELECTRON DENSITY     =    75.9989724294
 ELECTRONIC ENERGY    =  -2768.984197119
 CORE_CORE REPULSION  =   1829.307270481
 TOTAL ENERGY         =   -939.676926638

 @ End Energy calculation


 DEBUG STEP 1 :  NUCLEAR REPULSION GRADIENT: 
    1              16.5837599762
    1               3.2794334784
    1             -14.1381316018
    2              17.4216119530
    2               9.5817318593
    2               4.6952930173
    3              19.0182136532
    3              -8.5789327064
    3              -3.1965902325
    4             -13.4075651339
    4               4.0409988234
    4              -3.0522269679
    5              -2.4764007564
    5               4.5804168493
    5              -5.3372804967
    6              -6.9234168358
    6               9.4405535420
    6               2.7723705453
    7              -9.0342529746
    7               2.1260008105
    7               8.1274449150
    8               1.8253988653
    8               9.4206731454
    8              -8.4823688548
    9              -2.9935097245
    9               2.1635081506
    9             -13.8110204481
   10              -0.0353685570
   10              -4.4072501799
   10              -0.4058830791
   11              -6.6968964570
   11              -7.1974810982
   11               9.8215920898
   12              -6.7133551641
   12              -5.2290967175
   12             -11.0694929140
   13              -2.7337659300
   13              -8.1456163648
   13               5.2748575912
   14               2.0125349212
   14              11.7328246812
   14              -0.0814853071
   15              -4.1525257455
   15               6.6344275630
   15              11.7244438720
   16               6.3461123918
   16              -4.7951256027
   16              -2.6430174795
   17               4.0179969550
   17               9.1214966996
   17              10.2422037323
   18             -13.4878763793
   18              -4.4635129785
   18               0.3699616225
   19              -0.8456086463
   19             -12.3566777164
   19               7.5108170904
   20               6.6142569688
   20              -6.7974985234
   20               0.0095257510
   21               5.7498199406
   21             -12.5452778518
   21               4.4334723938
   22              -1.9539880852
   22               3.0883613227
   22              -0.5796257323
   23              -2.4057912006
   23               1.1206630545
   23               2.4928780966
   24               0.1587744690
   24               2.1656694247
   24              -3.0958325151
   25              -1.1416532378
   25               2.2606804971
   25              -2.4601877641
   26               0.6247026104
   26              -0.9195541597
   26              -3.2273169408
   27              -0.5187073871
   27              -0.4578511072
   27               3.3824659516
   28              -1.9562682909
   28              -2.6411803581
   28               0.8715346061
   29              -0.4293604266
   29              -2.9040761433
   29              -1.1760104962
   30              -1.9729721245
   30              -0.3482419528
   30              -2.8468741718
   31              -0.2374422857
   31               3.5079464701
   31              -0.8311722341
   32              -1.0969152127
   32               0.8373122227
   32               3.1543779539
   33               1.2309912266
   33               1.6639304515
   33               2.7321302840
   34              -1.2777319949
   34              -2.5879450464
   34               0.3074202590
   35              -2.5470261159
   35               0.3498625554
   35               1.6059050327
   36              -2.6076223222
   36              -0.2577612993
   36              -1.5971905911
   37              -0.6990646972
   37              -2.6221469393
   37               1.9781353278
   38               1.5492559318
   38              -2.7876120050
   38               1.0167770795
   39               2.6306440539
   39               1.5309779801
   39              -2.4825159928
   40               2.5610117687
   40               1.3953691691
   40              -2.0093833921

 DEBUG STEP 2 :  KINETIC GRADIENT ADDED: 
    1              17.2786006620
    1               3.5768242099
    1             -14.6737011180
    2              17.7886247200
    2               9.4659135013
    2               5.5805836576
    3              19.6219497387
    3              -9.3983167147
    3              -2.9206874877
    4             -13.6702948003
    4               4.6676233652
    4              -3.1960589444
    5              -1.5368922834
    5               4.6103116823
    5              -5.4524091588
    6              -7.0492547811
    6               9.3822182901
    6               2.8617832489
    7              -8.6933453312
    7               1.7151333741
    7               8.2190535471
    8               1.6039568059
    8               9.5266727896
    8              -8.3835341675
    9              -2.9101201484
    9               2.0828408573
    9             -13.6463660015
   10              -0.8088558182
   10              -2.8756770138
   10              -0.9840319972
   11              -6.8951829342
   11              -7.0165753236
   11               9.5652406321
   12              -6.7194800433
   12              -5.2374621583
   12             -11.0543279878
   13              -3.9063226957
   13              -8.8594676194
   13               5.7598635237
   14               1.8177675049
   14              11.5272548051
   14              -0.2682381110
   15              -4.8835841343
   15               6.5036486296
   15              11.9379631697
   16               6.8372258918
   16              -5.2203539596
   16              -2.5216724364
   17               4.7301585911
   17               9.2253265659
   17              10.1948979556
   18             -13.3952501461
   18              -4.4705431657
   18               0.3795533787
   19              -1.0297784024
   19             -12.5738905475
   19               7.7898496968
   20               6.8645868969
   20              -6.7105501655
   20              -0.2817346844
   21               5.9269851361
   21             -13.0274346670
   21               4.5871388165
   22              -2.2261312518
   22               3.5473903882
   22              -0.7806127847
   23              -2.7468027167
   23               1.3381330707
   23               2.9170032395
   24               0.1005306385
   24               2.4688771967
   24              -3.6165629889
   25              -1.3206267715
   25               2.7443106613
   25              -2.6967001987
   26               0.9359795264
   26              -1.1842991484
   26              -3.6298192144
   27              -0.4393080711
   27              -0.3788084010
   27               3.9429727347
   28              -2.2951926722
   28              -3.1029238353
   28               0.8147948503
   29              -0.2764053905
   29              -3.4367677990
   29              -1.1045758196
   30              -2.3089734963
   30              -0.3446633034
   30              -3.3278330864
   31              -0.3669013823
   31               4.0428125370
   31              -1.0089037913
   32              -1.3397003157
   32               0.8304122209
   32               3.7038768629
   33               1.5136931579
   33               1.8898626263
   33               3.2283757231
   34              -1.1621933024
   34              -3.1325236144
   34               0.3965778132
   35              -2.8588703261
   35               0.5499464392
   35               2.0658226740
   36              -2.9756648380
   36              -0.2316231696
   36              -2.0591049265
   37              -0.9203251840
   37              -3.0332836576
   37               2.3545392797
   38               1.8649887228
   38              -3.2712775330
   38               1.1901798416
   39               3.0224736996
   39               1.6806369917
   39              -3.3343469122
   40               2.8279355444
   40               2.1302915943
   40              -2.5488488286

 DEBUG STEP 3 :  NUC-EN ATTRACTION GRADIENT ADDED:
    1             -16.1387935840
    1              -5.3084197232
    1              14.4304936537
    2             -15.3120296512
    2              -9.0106667455
    2              -8.2196158092
    3             -18.1614644709
    3              12.7941576059
    3               0.2961485521
    4              17.4097168397
    4              -8.1545412832
    4               4.4625727643
    5             -22.9642434423
    5              -2.4278992867
    5               2.4837391080
    6              11.2254774867
    6              -5.6741302632
    6              -7.8571601893
    7              -1.8695488071
    7              13.0352788699
    7              -6.3422772131
    8               0.2280150491
    8              -5.4957001931
    8               7.6939099745
    9               2.2232540958
    9               2.0917464097
    9               4.0685689113
   10               9.6226445814
   10             -49.7020567275
   10              21.8124657930
   11               9.1765630544
   11               0.2590067211
   11               1.1504114240
   12               6.9121749327
   12               0.6291371703
   12               6.9838017339
   13              29.8527958222
   13              34.7151782311
   13             -14.3285478762
   14              -4.6353121673
   14              -5.1108982197
   14               2.1651548382
   15              17.5168218690
   15              -8.2500821108
   15             -11.7192207561
   16             -15.0127277701
   16              11.2883659251
   16              -4.4817108207
   17             -16.2832770477
   17              -7.1207361955
   17              -6.4918916185
   18               6.9775135852
   18               1.0836283937
   18               0.5583589537
   19               4.3459338850
   19              14.4373971894
   19             -12.7015926077
   20             -12.9166542894
   20               4.4928506714
   20               8.4896166574
   21              -7.2417572988
   21              18.6568537166
   21              -6.0810649863
   22               3.7323695847
   22              -6.9172041865
   22               1.9138415832
   23               4.5566452453
   23              -2.8254966828
   23              -5.7027905600
   24               0.5745761655
   24              -4.6167778075
   24               7.0899291012
   25               2.4346313160
   25              -5.6629304612
   25               4.0186408565
   26              -3.0129937683
   26               3.0161246173
   26               6.2406836172
   27              -0.5080472145
   27              -0.3973406701
   27              -7.3164456831
   28               4.1596433968
   28               6.1794083821
   28              -0.1099172101
   29              -0.8322316065
   29               6.5575699598
   29               0.3015020954
   30               3.9663700640
   30               0.3014318757
   30               6.1676440694
   31               0.7659993144
   31              -7.0378863183
   31               1.8137710116
   32               2.9782225942
   32              -0.7779307624
   32              -7.5491017749
   33              -3.3123111368
   33              -3.4206519799
   33              -6.8035722367
   34               0.1571251504
   34               5.7166105300
   34              -0.8350232123
   35               4.4759972173
   35              -1.5936520392
   35              -4.5367108014
   36               4.7811100125
   36               0.0521067788
   36               4.4234349631
   37               2.2957122113
   37               5.6891026664
   37              -4.8280390275
   38              -3.7465160503
   38               6.4107214026
   38              -2.3726932330
   39              -4.5418544336
   39              -2.5635924488
   39               6.8659763681
   40              -3.8795507349
   40              -5.3380830121
   40               4.8467095863

 DEBUG STEP 4 :  ERI GRADIENT ADDED:
    1               0.1508925967
    1               0.0828298073
    1              -0.1282282460
    2               0.0698803209
    2              -0.0287897394
    2               0.2378840387
    3               0.1448516655
    3              -0.2184274658
    3               0.0797620306
    4              -0.0943305935
    4               0.1765157584
    4              -0.0420075013
    5               0.3843443271
    5              -0.0003964673
    5              -0.0395566993
    6              -0.0726612050
    6              -0.0442552180
    6               0.0771055783
    7               0.1692843652
    7              -0.2016513386
    7              -0.0065370365
    8              -0.0660008269
    8               0.0004677748
    8               0.0270196408
    9               0.0175396562
    9              -0.0435672221
    9               0.1232895203
   10              -0.2217858031
   10               0.6843316236
   10              -0.2899284590
   11              -0.0493701218
   11               0.1134046539
   11              -0.1437573981
   12               0.0084182693
   12               0.0447536071
   12               0.0411892009
   13              -0.4081120800
   13              -0.3584209799
   13               0.2098196648
   14              -0.0123986036
   14              -0.1035630606
   14              -0.0505604563
   15              -0.2458881618
   15              -0.0285777812
   15               0.0260531048
   16               0.1094723552
   16              -0.1325754802
   16               0.0762030355
   17               0.2372667170
   17               0.0118084352
   17              -0.0422244426
   18               0.0808842766
   18               0.0343667335
   18              -0.0081495526
   19              -0.0644882222
   19              -0.0434799274
   19               0.0859279499
   20               0.1030854320
   20               0.0294394331
   20              -0.1232587073
   21               0.0529239574
   21              -0.1412979861
   21               0.0409909806
   22              -0.0891530022
   22               0.1440569126
   22              -0.0640587297
   23              -0.1076177720
   23               0.0686271460
   23               0.1314727984
   24              -0.0159123634
   24               0.0926072741
   24              -0.1629368123
   25              -0.0573413094
   25               0.1537292106
   25              -0.0749137011
   26               0.0991244425
   26              -0.0843715789
   26              -0.1268397515
   27               0.0248757410
   27               0.0245562361
   27               0.1790037248
   28              -0.1098655531
   28              -0.1466736764
   28              -0.0180116832
   29               0.0503179535
   29              -0.1720381790
   29               0.0222530778
   30              -0.1080571434
   30               0.0017964292
   30              -0.1508602236
   31              -0.0432132277
   31               0.1686682130
   31              -0.0580843934
   32              -0.0801976444
   32              -0.0022382863
   32               0.1808045286
   33               0.0958092045
   33               0.0752168938
   33               0.1617395027
   34               0.0359267280
   34              -0.1779417121
   34               0.0290634258
   35              -0.0982925237
   35               0.0642445984
   35               0.1476749885
   36              -0.1162440446
   36               0.0088022115
   36              -0.1487016559
   37              -0.0712296147
   37              -0.1352350385
   37               0.1232017115
   38               0.1047428272
   38              -0.1583607833
   38               0.0562078662
   39               0.1127288274
   39               0.0434637757
   39              -0.2304854662
   40               0.0797901535
   40               0.1981751934
   40              -0.1475654539

 DEBUG STEP 5 :  XC GRADIENT ADDED:
    1              -0.0065634659
    1               0.0063915338
    1              -0.0033281857
    2               0.0035727238
    2               0.0039845640
    2               0.0019570757
    3               0.0139837217
    3               0.0014261946
    3              -0.0064824067
    4              -0.0043283915
    4               0.0028388847
    4               0.0022945118
    5               0.0075297845
    5              -0.0050407537
    5              -0.0029097924
    6              -0.0019275972
    6               0.0014370903
    6               0.0062743442
    7               0.0011918823
    7              -0.0004130675
    7              -0.0077536806
    8              -0.0060530459
    8               0.0153444946
    8              -0.0150174240
    9              -0.0055716905
    9               0.0046014210
    9              -0.0040306627
   10              -0.0048230185
   10              -0.0101712793
   10               0.0100813095
   11               0.0003517465
   11               0.0070091679
   11               0.0039891444
   12               0.0036081717
   12               0.0033834775
   12              -0.0002418383
   13              -0.0017625330
   13              -0.0005267779
   13              -0.0017345150
   14               0.0091768133
   14               0.0032550787
   14               0.0040496469
   15               0.0076008317
   15               0.0006122886
   15              -0.0039154630
   16              -0.0102273524
   16              -0.0003199486
   16               0.0031450182
   17              -0.0040875897
   17              -0.0070073406
   17               0.0044270781
   18              -0.0022629583
   18               0.0059840459
   18              -0.0021640440
   19               0.0125534032
   19              -0.0029960361
   19              -0.0030154176
   20               0.0009103073
   20              -0.0061956376
   20               0.0035040465
   21              -0.0086543395
   21              -0.0043968258
   21               0.0055774440
   22              -0.0047129040
   22              -0.0043902393
   22              -0.0024116168
   23              -0.0009144819
   23              -0.0007428068
   23              -0.0029104676
   24               0.0028642359
   24              -0.0027401594
   24              -0.0001019909
   25              -0.0001123038
   25               0.0011153651
   25               0.0009277592
   26               0.0010406464
   26               0.0000634516
   26               0.0025523651
   27              -0.0019328303
   27              -0.0013031819
   27               0.0008857707
   28              -0.0041273740
   28               0.0022241426
   28               0.0003378426
   29               0.0023461848
   29              -0.0055846635
   29              -0.0000319152
   30              -0.0025948635
   30               0.0002459302
   30               0.0028778300
   31              -0.0058928926
   31               0.0014172937
   31              -0.0047613065
   32              -0.0016179953
   32              -0.0003941255
   32               0.0012717124
   33               0.0043090654
   33               0.0012857115
   33              -0.0026370581
   34              -0.0004938606
   34              -0.0069447788
   34               0.0013391633
   35               0.0027184569
   35               0.0007224260
   35               0.0010377736
   36               0.0022478290
   36               0.0001601718
   36              -0.0013571039
   37               0.0005070771
   37              -0.0004187597
   37              -0.0000969333
   38               0.0017486239
   38               0.0025515050
   38              -0.0021674213
   39              -0.0002099156
   39              -0.0020282859
   39               0.0069330073
   40               0.0006098986
   40              -0.0044395710
   40               0.0036064002

 DEBUG STEP : TOTAL GRADIENT: 
    1              -0.0065634659
    2               0.0063915338
    3              -0.0033281857
    4               0.0035727238
    5               0.0039845640
    6               0.0019570757
    7               0.0139837217
    8               0.0014261946
    9              -0.0064824067
   10              -0.0043283915
   11               0.0028388847
   12               0.0022945118
   13               0.0075297845
   14              -0.0050407537
   15              -0.0029097924
   16              -0.0019275972
   17               0.0014370903
   18               0.0062743442
   19               0.0011918823
   20              -0.0004130675
   21              -0.0077536806
   22              -0.0060530459
   23               0.0153444946
   24              -0.0150174240
   25              -0.0055716905
   26               0.0046014210
   27              -0.0040306627
   28              -0.0048230185
   29              -0.0101712793
   30               0.0100813095
   31               0.0003517465
   32               0.0070091679
   33               0.0039891444
   34               0.0036081717
   35               0.0033834775
   36              -0.0002418383
   37              -0.0017625330
   38              -0.0005267779
   39              -0.0017345150
   40               0.0091768133
   41               0.0032550787
   42               0.0040496469
   43               0.0076008317
   44               0.0006122886
   45              -0.0039154630
   46              -0.0102273524
   47              -0.0003199486
   48               0.0031450182
   49              -0.0040875897
   50              -0.0070073406
   51               0.0044270781
   52              -0.0022629583
   53               0.0059840459
   54              -0.0021640440
   55               0.0125534032
   56              -0.0029960361
   57              -0.0030154176
   58               0.0009103073
   59              -0.0061956376
   60               0.0035040465
   61              -0.0086543395
   62              -0.0043968258
   63               0.0055774440
   64              -0.0047129040
   65              -0.0043902393
   66              -0.0024116168
   67              -0.0009144819
   68              -0.0007428068
   69              -0.0029104676
   70               0.0028642359
   71              -0.0027401594
   72              -0.0001019909
   73              -0.0001123038
   74               0.0011153651
   75               0.0009277592
   76               0.0010406464
   77               0.0000634516
   78               0.0025523651
   79              -0.0019328303
   80              -0.0013031819
   81               0.0008857707
   82              -0.0041273740
   83               0.0022241426
   84               0.0003378426
   85               0.0023461848
   86              -0.0055846635
   87              -0.0000319152
   88              -0.0025948635
   89               0.0002459302
   90               0.0028778300
   91              -0.0058928926
   92               0.0014172937
   93              -0.0047613065
   94              -0.0016179953
   95              -0.0003941255
   96               0.0012717124
   97               0.0043090654
   98               0.0012857115
   99              -0.0026370581
  100              -0.0004938606
  101              -0.0069447788
  102               0.0013391633
  103               0.0027184569
  104               0.0007224260
  105               0.0010377736
  106               0.0022478290
  107               0.0001601718
  108              -0.0013571039
  109               0.0005070771
  110              -0.0004187597
  111              -0.0000969333
  112               0.0017486239
  113               0.0025515050
  114              -0.0021674213
  115              -0.0002099156
  116              -0.0020282859
  117               0.0069330073
  118               0.0006098986
  119              -0.0044395710
  120               0.0036064002

 @ Begin Gradient Calculation

 ANALYTICAL GRADIENT: 
----------------------------------------
 COORDINATE    XYZ            GRADIENT
----------------------------------------
    1X    -1.9930001522    -0.0065634659
    1Y    -0.4740000362     0.0063915338
    1Z     1.2005000917    -0.0033281857
    2X    -2.7826002125     0.0035727238
    2Y    -2.5168001922     0.0039845640
    2Z    -0.2218000169     0.0019570757
    3X    -3.6220002766     0.0139837217
    3Y     1.8421001407     0.0014261946
    3Z     0.5579000426    -0.0064824067
    4X     3.1777002427    -0.0043283915
    4Y    -0.0101000008     0.0028388847
    4Z     0.4474000342     0.0022945118
    5X     0.3699000282     0.0075297845
    5Y    -0.7149000546    -0.0050407537
    5Z     0.6616000505    -0.0029097924
    6X     1.2913000986    -0.0019275972
    6Y    -1.3046000996     0.0014370903
    6Z    -0.4170000318     0.0062743442
    7X     2.3441001790     0.0011918823
    7Y    -0.2023000154    -0.0004130675
    7Z    -0.7640000583    -0.0077536806
    8X    -0.9377000716    -0.0060530459
    8Y    -1.4750001126     0.0153444946
    8Z     0.9848000752    -0.0150174240
    9X     1.1988000915    -0.0055716905
    9Y    -0.3907000298     0.0046014210
    9Z     1.9201001466    -0.0040306627
   10X    -0.2516000192    -0.0048230185
   10Y     0.5302000405    -0.0101712793
   10Z     0.1205000092     0.0100813095
   11X     1.6887001290     0.0003517465
   11Y     1.1052000844     0.0070091679
   11Z    -1.3279001014     0.0039891444
   12X     2.4315001857     0.0036081717
   12Y     0.4754000363     0.0033834775
   12Z     1.6126001231    -0.0002418383
   13X     0.3384000258    -0.0017625330
   13Y     1.4306001092    -0.0005267779
   13Z    -0.7480000571    -0.0017345150
   14X    -1.3631001041     0.0091768133
   14Y    -2.5067001914     0.0032550787
   14Z    -0.0924000071     0.0040496469
   15X     0.5066000387     0.0076008317
   15Y    -1.8183001389     0.0006122886
   15Z    -1.5971001220    -0.0039154630
   16X    -1.5672001197    -0.0102273524
   16Y     0.6306000482    -0.0003199486
   16Z     0.5136000392     0.0031450182
   17X    -0.7155000546    -0.0040875897
   17Y    -2.3492001794    -0.0070073406
   17Z    -1.4425001102     0.0044270781
   18X     4.3733003340    -0.0022629583
   18Y     0.7916000604     0.0059840459
   18Z     0.2084000159    -0.0021640440
   19X    -0.4184000320     0.0125534032
   19Y     2.5415001941    -0.0029960361
   19Z    -1.1246000859    -0.0030154176
   20X    -2.3310001780     0.0009103073
   20Y     1.7217001315    -0.0061956376
   20Z     0.1620000124     0.0035040465
   21X    -1.7382001327    -0.0086543395
   21Y     2.6936002057    -0.0043968258
   21Z    -0.6541000499     0.0055774440
   22X     1.8278001396    -0.0047129040
   22Y    -2.1759001662    -0.0043902393
   22Z    -0.0118000009    -0.0024116168
   23X     3.0029002293    -0.0009144819
   23Y    -0.6035000461    -0.0007428068
   23Z    -1.5465001181    -0.0029104676
   24X    -0.8451000645     0.0028642359
   24Y    -2.0128001537    -0.0027401594
   24Z     1.9373001479    -0.0001019909
   25X     1.5366001173    -0.0001123038
   25Y    -1.3335001018     0.0011153651
   25Z     2.3712001811     0.0009277592
   26X     0.5899000450     0.0010406464
   26Y     0.1174000090     0.0000634516
   26Z     2.6790002046     0.0025523651
   27X     1.5474001182    -0.0019328303
   27Y     0.9596000733    -0.0013031819
   27Z    -2.4075001838     0.0008857707
   28X     2.3530001797    -0.0041273740
   28Y     1.9680001503     0.0022241426
   28Z    -1.2194000931     0.0003378426
   29X     2.1271001624     0.0023461848
   29Y     1.5205001161    -0.0055846635
   29Z     1.4760001127    -0.0000319152
   30X     3.0801002352    -0.0025948635
   30Y     0.4584000350     0.0002459302
   30Z     2.4975001907     0.0028778300
   31X    -1.0772000823    -0.0058928926
   31Y    -3.5067002678     0.0014172937
   31Z     0.2593000198    -0.0047613065
   32X     0.9601000733    -0.0016179953
   32Y    -1.7947001371    -0.0003941255
   32Z    -2.5831001973     0.0012717124
   33X    -1.2300000939     0.0043090654
   33Y    -2.7505002100     0.0012857115
   33Z    -2.3109001765    -0.0026370581
   34X     4.1500003169    -0.0004938606
   34Y     1.8479001411    -0.0069447788
   34Z     0.0287000022     0.0013391633
   35X     4.9380003771     0.0027184569
   35Y     0.4055000310     0.0007224260
   35Z    -0.6472000494     0.0010377736
   36X     5.0444003852     0.0022478290
   36Y     0.7352000561     0.0001601718
   36Z     1.0730000819    -0.0013571039
   37X    -0.0062000005     0.0005070771
   37Y     3.2824002507    -0.0004187597
   37Z    -1.8043001378    -0.0000969333
   38X    -2.3121001766     0.0017486239
   38Y     3.5638002721     0.0025515050
   38Z    -0.9645000737    -0.0021674213
   39X    -3.1557002410    -0.0002099156
   39Y    -2.6446002020    -0.0020282859
   39Z     0.6672000509     0.0069330073
   40X    -3.8483002939     0.0006098986
   40Y     1.0686000816    -0.0044395710
   40Z     1.1031000842     0.0036064002
----------------------------------------

 @ End Gradient Calculation

  Skipping one-electron property calculation.

 @ Output cuEST Memory Footprint

------------- cuEST MEMORY USAGE ---------------
| Peak Host Footprint =    33.50 kB
| Host Allocations =    46
| Peak Device Footprint =    13.56 GB
| Device Allocations =    40
------------------------------------------------

 @ Finish Output cuEST Memory Footprint


 @ Output Timing Information

------------- TIMING ---------------
| INITIALIZATION TIME =     0.492003000(  5.43%)
| CUEST INITIALIZATION TIME =     0.570615000(  6.30%)
| INITIAL GUESS TIME  =     1.919934000( 21.20%)
| OVERLAP 1e INTEGRALS TIME      =     0.865788000( 9.56%)
| OVERLAP 1e DIAGONALIZATION TIME =     0.006931000( 0.08%)
| DFT GRID OPERATIONS =     0.002690000(  0.03%)
|       TOTAL GRID FORMATION TIME   =     0.002690000(  0.03%)
|       TOTAL GRID WEIGHT TIME      =     0.000000000(  0.00%)
|       TOTAL OCTREE RUN TIME       =     0.000000000(  0.00%)
|       TOTAL PRESCREENING TIME     =     0.000000000(  0.00%)
|       TOTAL DATA PACKING TIME     =     0.000000000(  0.00%)
| TOTAL SCF TIME      =     3.339961000( 36.88%)
|       TOTAL OP TIME      =     2.928535000( 32.34%)
|             TOTAL 1e TIME      =     0.196215000(  2.17%)
|                KINETIC 1e INTEGRALS TIME    =     0.091205000(  1.01%)
|                ATTRACTION 1e INTEGRALS TIME =     0.103678000(  1.14%)
|             TOTAL 2e TIME      =     1.555874000( 17.18%)
|             TOTAL EXC TIME     =     0.920359000( 10.16%)
|             TOTAL ENERGY TIME  =     0.010127000(  0.11%)
|       TOTAL DII TIME      =     0.400067000(  4.42%)
|             TOTAL DIAG TIME    =     0.096383000(  1.06%)
| TOTAL GRADIENT TIME      =     1.820681000( 20.10%)
|       TOTAL NUCLEAR GRADIENT TIME =     0.000089000(  0.00%)
|       TOTAL 1e GRADIENT TIME      =     1.186467000( 13.48%)
|          KINETIC 1e GRADIENT TIME      =     1.186467000( 13.10%)
|          ATTRACTION 1e GRADIENT TIME   =     0.034123000(  0.38%)
|       TOTAL 2e GRADIENT TIME      =     0.448183000( 4.95%)
|       TOTAL EXC GRADIENT TIME     =     0.151365000(  1.67%)
| TOTAL TIME          =     9.056819000
------------------------------------
| Job cpu time:  0 days  0 hours  0 minutes  9.1 seconds.

 @ Finish Output Timing Information

| Normal Termination. Task Finished on: Mon Sep 28 08:45:22 2026
