| *********************************************************************************************************
| **                                                                                                     **
| **           888888888888                                                                              **
| **         8888888888888888                                                                            **
| **      888888888888888888                                                                             **
| **     888888888888888888                                                                              **
| **    888888888888888                                                                                  **
| **   88888888888888888888                               88888                       8888:              **
| **   8888888888888888888888Z                            88888                       8888:              **
| **   888888888888888888888888?                          88888                       8888:              **
| **   8888888888888      8888888                                        888888       8888:              **
| **    88888888888         888888     8888:     88888    88888        888888888I     8888:    888888    **
| **    8888888888           88888:    8888:     88888    88888      $888888888888    8888:   888888     **
| **    I8Z 88888             88888    8888:     88888    88888    .888888     8888   8888: 888888       **
| **    .8Z 88888             88888    8888:     88888    88888    $88888             8888:88888         **
| **     8I 88888      .=88. .88888    8888:     88888    88888    88888              8888888888         **
| **    :8  88888      888888$8888$    8888:     88888    88888    8888O              88888888888        **
| **   ,7   +88888.     8888888888.    8888:     88888    88888    888888             88888O888888       **
| **         $888888:.   .8888888      88888....888888    88888     888888     8888   8888:  888888      **
| **          I8888888888888888888     888888888888888    88888     O888888888888O    8888:   888888     **
| **            O888888888888888888     88888888888888    88888       88888888888$    8888:    888888    **
| **               8888888Z     888      .8888I  88888    88888         8888888       8888:     888888   **
| **                                                                                                     **
| **                                                                                                     **
| **                                         Copyright (c) 2026                                          **
| **                          Regents of the University of California San Diego                          **
| **                                    & Michigan State University                                      **
| **                                        All Rights Reserved.                                         **
| **                                                                                                     **
| **             This software is subject to the terms of the Mozilla Public License, v. 2.0.            **
| **                                                                                                     **
| *********************************************************************************************************
|                                                                                                          
| Cite this work as:                                                                                       
| Manathunga, M.; O'Hearn, K. A.; Shajan, A.; Smith, J.; Miao, Y.; He, X.; Ayers, K.;                      
| Brothers, E.; Palos, E.; Tripathy, V.; Goetz, A.W.; Merz, K.M. QUICK-26.03.                              
| University of California,San Diego, CA and                                                               
| Michigan State University, East Lansing, MI, 2026                                                        
|                                                                                                          
| If you have any comments or queries, please reach out to us on GitHub issues or discussion sections:     
| https://github.com/merzlab/QUICK.                                                                        
|                                                                                                          
| TASK STARTS ON: Mon Sep 28 08:46:28 2026
| INPUT FILE :    taxol_grad_blyp_6-31+gdp.in
| OUTPUT FILE:    taxol_grad_blyp_6-31+gdp.out
| BASIS SET PATH: /home/msun12/QUICK-cuEST-install/basis

|------------ GPU INFORMATION ---------------
| CUDA ENABLED DEVICE         :        1
| CUDA DEVICE IN USE          :        0
| CUDA DEVICE NAME            : NVIDIA H100 80GB HBM3
| CUDA DEVICE PM              :      132
| CUDA DEVICE CORE FREQ(GHZ)  :     1.98
| CUDA DEVICE MEMORY SIZE (MB):    81079
| SUPPORTING CUDA VERSION     :      9.0
|--------------------------------------------

 @ Read Job And Atom

  KEYWORD=BLYP BASIS=6-31+G** CUTOFF=1.0E-10 DENSERMS=1.0E-6 GRADIENT CUEST
 ============== JOB CARD =============
 METHOD = DENSITY FUNCTIONAL THEORY
 USING LIBXC VERSION: 4.3.4
 FUNCTIONAL INFORMATION:
 NAME = Becke 88 FAMILY = GGA KIND = EXCHANGE
 NAME = Lee, Yang & Parr FAMILY = GGA KIND = CORRELATION
 DIRECT SCF 
 SAD INITAL GUESS 
 USE DIIS SCF
 PRINT ENERGY EVERY CYCLE
 READ SAD GUESS FROM FILE
 STANDARD GRID = SG1
 Level shifting allowed after cycle    3
 DIIS error must exceed 0.100 for level shifting
 Max HOMO-LUMO gap to allow level shifting = 0.200
 GRADIENT CALCULATION
 MAX SCF CYCLES =    200
 MAX DIIS CYCLES =   10
 DELTA DENSITY START CYCLE =    3
 COMPUTATIONAL CUTOFF: 
      TWO-e INTEGRAL         =  0.100E-09
      BASIS SET PRIME        =  0.100E-10
      MATRIX ELEMENTS        =  0.100E-09
      BASIS FUNCTION         =  0.100E-05
      NEAR-LINEAR DEPENDENCY =  0.100E-04
      GRADIENT CUTOFF  =  0.100E-06
 DENSITY MATRIX MAXIMUM RMS FOR CONVERGENCE  =  0.100E-05
 BASIS SET = 6-31+G**,  TYPE = CARTESIAN
| BASIS FILE = /home/msun12/QUICK-cuEST-install/basis/6-31PLGDP.BAS
| DATA FILE  =    taxol_grad_blyp_6-31+gdp.dat

 @ Finish reading job


 @ Begin SAD initial guess

 For Atom Kind =    1
 ELEMENT = C 
 BASIS FUNCTIONS =   19
 For Atom Kind =    2
 ELEMENT = O 
 BASIS FUNCTIONS =   19
 For Atom Kind =    3
 ELEMENT = N 
 BASIS FUNCTIONS =   19
 For Atom Kind =    4
 ELEMENT = H 
 BASIS FUNCTIONS =    5

 @ Finish SAD initial guess


 @ Begin Reading Molecular Information


 =========== Molecule Input ==========
 TOTAL MOLECULAR CHARGE  =    0    MULTIPLICITY                =    1
 TOTAL ATOM NUMBER       =  110    NUMBER OF ATOM TYPES        =    4
 NUMBER OF HYDROGEN ATOM =   49    NUMBER OF NON-HYDROGEN ATOM =   61
 NUMBER OF ELECTRONS     =  446

 -- INPUT GEOMETRY -- :
    C          -6.3961       1.6376      -1.0167
    C          -5.5976       1.9480       0.3157
    C          -4.1358       1.3889       0.3062
    C          -4.0900      -0.2069       0.0760
    C          -5.3005      -0.5560      -0.7831
    C          -5.6408       0.5560      -1.7454
    C          -2.8203      -0.7723      -0.5951
    C          -3.4405       1.9810       1.5955
    C          -1.5723      -0.0770      -0.1719
    O          -2.6953      -2.1590      -0.1698
    O          -1.8693       1.2309      -0.7751
    C          -1.3334      -0.1176       1.4102
    C          -0.8881       1.2875       1.4845
    C           0.3196       1.5771       0.9641
    O          -4.0361       2.4498       2.5048
    O          -1.9505       2.1871       1.7492
    C          -0.2199      -0.3744      -0.8072
    C           0.8361       0.5393      -0.0882
    O          -6.3706      -0.7461       0.1815
    C          -7.5080      -1.5313       0.1764
    O          -7.7343      -2.1872       1.1532
    C          -8.4523      -1.4158      -0.9939
    C          -5.4161      -1.5091      -2.0070
    O          -6.2193      -0.4454      -2.6903
    O          -5.4268       3.3774       0.3776
    O          -1.6122       4.1801       0.0344
    C          -0.7941       5.2258       0.2991
    O          -0.3049       5.8646      -0.5895
    C          -0.5432       5.4737       1.7764
    C           1.2299       2.7853       1.0315
    O           1.9361      -0.3334       0.3600
    C           3.1924       0.0393       0.0732
    O           3.4565       1.0474      -0.5230
    C           4.1742      -1.0075       0.5409
    C           5.5923      -0.5508       0.2305
    C           6.6535      -1.6277       0.4268
    C           6.3531      -2.9590       0.6578
    C           7.3484      -3.9223       0.5946
    C           8.6553      -3.5578       0.3263
    C           8.9721      -2.2174       0.1751
    C           7.9781      -1.2615       0.2323
    O           4.0118      -1.2781       1.9326
    N           5.9708       0.6810       0.8873
    C           6.1083       1.9571       0.3956
    O           6.3193       2.8804       1.1683
    C           5.8856       2.2295      -1.0684
    C           6.1183       1.3531      -2.1154
    C           5.5666       1.5986      -3.3628
    C           4.8505       2.7661      -3.5881
    C           4.7601       3.7103      -2.5860
    C           5.2758       3.4420      -1.3327
    C          -2.1367      -3.0476      -1.0301
    O          -2.1452      -2.8534      -2.2329
    C          -1.5034      -4.2030      -0.3691
    C          -1.4396      -4.3267       1.0054
    C          -0.7639      -5.3990       1.5627
    C          -0.1729      -6.3469       0.7428
    C          -0.2556      -6.2275      -0.6353
    C          -0.9156      -5.1510      -1.1911
    C          -0.2097      -1.1547       1.8364
    C          -2.4301      -0.4562       2.4708
    H          -3.6492       1.8683      -0.5156
    H          -4.2442      -0.7298       0.9946
    H          -6.1319       1.5762       1.1739
    H          -6.4278       2.5627      -1.5682
    H          -7.3896       1.3053      -0.7745
    H          -4.7466       0.9454      -2.2120
    H          -2.8856      -0.7190      -1.6683
    H          -1.1756       1.8958      -0.6851
    H          -1.8482       3.6442       0.8092
    H          -0.3040      -0.0417      -1.8339
    H           0.0915      -1.3953      -0.8029
    H           1.2665       1.1760      -0.8368
    H          -7.9448      -1.4088      -1.9397
    H          -8.9861      -0.4737      -0.9254
    H          -9.1715      -2.2206      -0.9250
    H          -5.9697      -2.4207      -1.8715
    H          -4.4957      -1.6916      -2.5342
    H          -6.1859       3.7990       0.8058
    H          -0.4047       4.5303       2.2919
    H          -1.4092       5.9590       2.2202
    H           0.3171       6.0932       1.8872
    H           1.4833       3.0343       2.0569
    H           0.8689       3.6688       0.5366
    H           2.1685       2.5342       0.5368
    H           3.9670      -1.8925      -0.0573
    H           5.5542      -0.3517      -0.8218
    H           5.3545      -3.2557       0.9039
    H           7.0989      -4.9514       0.7469
    H           9.4172      -4.3037       0.2408
    H           9.9857      -1.9178       0.0023
    H           8.2255      -0.2253       0.1253
    H           3.1299      -1.6338       2.1084
    H           6.0936       0.6251       1.8860
    H           6.7084       0.4705      -1.9833
    H           5.6744       0.8728      -4.1413
    H           4.3798       2.9274      -4.5336
    H           4.2564       4.6442      -2.7661
    H           5.1747       4.1495      -0.5327
    H          -1.9016      -3.5962       1.6316
    H          -0.6960      -5.4955       2.6284
    H           0.3482      -7.1761       1.1766
    H           0.1935      -6.9648      -1.2689
    H          -0.9826      -5.0259      -2.2518
    H           0.6895      -0.6503       2.1318
    H           0.0409      -1.8507       1.0571
    H          -0.5497      -1.7388       2.6731
    H          -2.6865      -1.5071       2.3903
    H          -3.3390       0.1001       2.4689
    H          -1.9770      -0.2959       3.4410

============== BASIS INFOS ==============
 BASIS FUNCTIONS = 1404
 NSHELL =  452 NPRIM  = 2295
 JSHELL =  452 JBASIS =  977


 @ End Reading Molecular Information 


 @ Begin cuEST Initialization


 @ End cuEST Initialization


 @ Begin XC Quadrature Formation

 OCTAGO: OCTree Algorithm for Grid Operations 
   PRUNING CUTOFF       = 0.100E-07
   INITIAL GRID POINTS  =      416624
|   FINAL GRID POINTS    =           0
|   SIGNIFICANT NUMBER OF BASIS FUNCTIONS     =           0
|   SIGNIFICANT NUMBER OF PRIMITIVE FUNCTIONS =           0

 @ End XC Quadrature Formation


 @ Begin Energy Calculation

| Number of total basis functions:   1404
| Number of linearly independent basis functions:   1373
| condition number of overlap matrix:    4.850E+08
| Smallest eigenvalue of overlap matrix:    4.639E-08

                                         SCF ENERGY
| ------------------------------------------------------------------------------------------------------------------------
| NCYC       ENERGY         DELTA_E      SCF_TIME  DII_CYC   DII_TIME   O_TIME  DIAG_TIME    MAX_ERR    RMS_CHG    MAX_CHG
| ------------------------------------------------------------------------------------------------------------------------
|  1  -2897.947364883      ------         3.951     1        0.11      3.84      0.02    0.5421E+00  0.1781E+00  0.4364E+02
|  2  -2696.191493012  -.201756E+03       1.487     2        0.11      1.37      0.02    0.1877E+01  0.2098E+00  0.4859E+02
|  3  -2584.961204012  -.111230E+03       1.526     3        0.14      1.38      0.02    0.2333E+01  0.1394E+00  0.5005E+02
|   ***  Level shifting applied  ( HOMO-LUMO gap =  0.004 au ) ***
|  4  -2777.778788060  0.192818E+03       1.523     4        0.14      1.38      0.02    0.1075E+01  0.1701E+01  0.6539E+03
|   ***  Level shifting applied  ( HOMO-LUMO gap =  0.002 au ) ***
|  5  -1926.499643607  -.851279E+03       1.527     5        0.15      1.37      0.02    0.1835E+01  0.1082E+01  0.3277E+03
|   ***  Level shifting applied  ( HOMO-LUMO gap =  0.005 au ) ***
|  6  -2314.777308299  0.388278E+03       1.540     6        0.15      1.38      0.02    0.1346E+01  0.4465E+00  0.1800E+03
|   ***  Level shifting applied  ( HOMO-LUMO gap =  0.004 au ) ***
|  7  -2464.022430415  0.149245E+03       1.541     7        0.15      1.38      0.02    0.1798E+01  0.1209E+00  0.3050E+02
|   ***  Level shifting applied  ( HOMO-LUMO gap =  0.006 au ) ***
|  8  -2567.633332857  0.103611E+03       1.549     8        0.16      1.38      0.02    0.2086E+01  0.4217E-01  0.9812E+01
|   ***  Level shifting applied  ( HOMO-LUMO gap =  0.001 au ) ***
|  9  -2602.456459054  0.348231E+02       1.555     9        0.16      1.38      0.02    0.1253E+01  0.1152E+00  0.3536E+02
|   ***  Level shifting applied  ( HOMO-LUMO gap =  0.015 au ) ***
| 10  -2682.787631044  0.803312E+02       1.557    10        0.17      1.38      0.02    0.1464E+01  0.3174E-01  0.7483E+01
|   ***  Level shifting applied  ( HOMO-LUMO gap =  0.008 au ) ***
| 11  -2718.665458733  0.358778E+02       1.596     1        0.21      1.38      0.02    0.1013E+01  0.6627E-01  0.3499E+02
|   ***  Level shifting applied  ( HOMO-LUMO gap =  0.035 au ) ***
| 12  -2709.104080890  -.956138E+01       1.591     2        0.21      1.38      0.02    0.1142E+01  0.1495E+00  0.7901E+02
|   ***  Level shifting applied  ( HOMO-LUMO gap =  0.016 au ) ***
| 13  -2798.953534739  0.898495E+02       1.594     3        0.21      1.38      0.02    0.1031E+01  0.4428E+00  0.2847E+03
|   ***  Level shifting applied  ( HOMO-LUMO gap =  0.002 au ) ***
| 14  -2654.499984850  -.144454E+03       1.595     4        0.21      1.38      0.02    0.2189E+01  0.1931E+01  0.3865E+03
|   ***  Level shifting applied  ( HOMO-LUMO gap =  0.001 au ) ***
| 15   -428.924247258  -.222558E+04       1.595     5        0.21      1.38      0.02    0.4267E+01  0.5881E+00  0.6686E+02
|   ***  Level shifting applied  ( HOMO-LUMO gap =  0.002 au ) ***
| 16  -1006.082119526  0.577158E+03       1.599     6        0.21      1.38      0.02    0.3647E+01  0.4084E+00  0.6516E+02
|   ***  Level shifting applied  ( HOMO-LUMO gap =  0.014 au ) ***
| 17  -1154.690398554  0.148608E+03       1.594     7        0.21      1.38      0.02    0.3185E+01  0.1728E+00  0.3473E+02
|   ***  Level shifting applied  ( HOMO-LUMO gap =  0.002 au ) ***
| 18  -1236.928152837  0.822378E+02       1.594     8        0.21      1.38      0.02    0.2795E+01  0.3485E+00  0.5892E+02
|   ***  Level shifting applied  ( HOMO-LUMO gap =  0.066 au ) ***
| 19  -1354.250846069  0.117323E+03       1.592     9        0.21      1.38      0.02    0.2609E+01  0.2144E+00  0.3609E+02
|   ***  Level shifting applied  ( HOMO-LUMO gap =  0.013 au ) ***
| 20  -1474.978270016  0.120727E+03       1.595    10        0.21      1.38      0.02    0.2791E+01  0.1422E+00  0.1700E+02
|   ***  Level shifting applied  ( HOMO-LUMO gap =  0.002 au ) ***
| 21  -1531.717067255  0.567388E+02       1.594     1        0.21      1.38      0.02    0.3110E+01  0.2619E+00  0.4656E+02
|   ***  Level shifting applied  ( HOMO-LUMO gap =  0.054 au ) ***
| 22  -1630.817313448  0.991002E+02       1.602     2        0.21      1.39      0.02    0.2663E+01  0.3495E+00  0.4375E+02
|   ***  Level shifting applied  ( HOMO-LUMO gap =  0.004 au ) ***
| 23  -1882.907700232  0.252090E+03       1.598     3        0.21      1.38      0.02    0.2668E+01  0.5382E+01  0.1825E+04
|   ***  Level shifting applied  ( HOMO-LUMO gap =  0.001 au ) ***
| 24   -228.011993636  -.165490E+04       1.596     4        0.21      1.38      0.02    0.2859E+01  0.1143E+02  0.5132E+04
|   ***  Level shifting applied  ( HOMO-LUMO gap =  0.008 au ) ***
| 25   3358.615084391  -.358663E+04       1.597     5        0.21      1.38      0.02    0.4639E+01  0.1146E+02  0.5185E+04
|   ***  Level shifting applied  ( HOMO-LUMO gap =  0.010 au ) ***
| 26  -1680.157117677  0.503877E+04       1.596     6        0.21      1.38      0.02    0.3454E+01  0.4675E+01  0.2105E+04
|   ***  Level shifting applied  ( HOMO-LUMO gap =  0.005 au ) ***
| 27  -1749.744017675  0.695869E+02       1.596     7        0.21      1.38      0.02    0.2362E+01  0.3173E+01  0.7312E+03
|   ***  Level shifting applied  ( HOMO-LUMO gap =  0.005 au ) ***
| 28   -962.382079916  -.787362E+03       1.602     8        0.21      1.38      0.02    0.3864E+01  0.3108E+01  0.7409E+03
|   ***  Level shifting applied  ( HOMO-LUMO gap =  0.001 au ) ***
| 29  -2689.164437145  0.172678E+04       1.596     9        0.21      1.38      0.02    0.1619E+01  0.6125E+00  0.2243E+03
|   ***  Level shifting applied  ( HOMO-LUMO gap =  0.011 au ) ***
| 30  -2245.997691814  -.443167E+03       1.597    10        0.21      1.38      0.02    0.2266E+01  0.3750E+01  0.1840E+04
|   ***  Level shifting applied  ( HOMO-LUMO gap =  0.003 au ) ***
| 31  -1398.046942111  -.847951E+03       1.595     1        0.21      1.38      0.02    0.2412E+01  0.3708E+01  0.1825E+04
|   ***  Level shifting applied  ( HOMO-LUMO gap =  0.003 au ) ***
| 32  -2785.991136154  0.138794E+04       1.596     2        0.21      1.38      0.02    0.1165E+01  0.1438E+01  0.3483E+03
|   ***  Level shifting applied  ( HOMO-LUMO gap =  0.004 au ) ***
| 33  -2114.611485906  -.671380E+03       1.596     3        0.21      1.38      0.02    0.2643E+01  0.1379E+01  0.3351E+03
|   ***  Level shifting applied  ( HOMO-LUMO gap =  0.007 au ) ***
| 34  -2779.378722555  0.664767E+03       1.599     4        0.21      1.38      0.02    0.1757E+01  0.7692E+01  0.2592E+04
|   ***  Level shifting applied  ( HOMO-LUMO gap =  0.005 au ) ***
| 35  -1547.606143575  -.123177E+04       1.596     5        0.21      1.38      0.02    0.2299E+01  0.1545E+01  0.3207E+03
|   ***  Level shifting applied  ( HOMO-LUMO gap =  0.001 au ) ***
| 36  -1542.797894779  -.480825E+01       1.598     6        0.21      1.38      0.02    0.2421E+01  0.5132E+01  0.3044E+04
|   ***  Level shifting applied  ( HOMO-LUMO gap =  0.010 au ) ***
| 37  -1360.740877439  -.182057E+03       1.600     7        0.21      1.38      0.02    0.2993E+01  0.1057E+01  0.3109E+03
|   ***  Level shifting applied  ( HOMO-LUMO gap =  0.007 au ) ***
| 38  -1360.551117475  -.189760E+00       1.600     8        0.21      1.38      0.02    0.3036E+01  0.5739E+00  0.9570E+02
|   ***  Level shifting applied  ( HOMO-LUMO gap =  0.050 au ) ***
| 39  -1368.663638747  0.811252E+01       1.597     9        0.21      1.38      0.02    0.3101E+01  0.2274E+01  0.6568E+03
|   ***  Level shifting applied  ( HOMO-LUMO gap =  0.022 au ) ***
| 40  -1611.573459854  0.242910E+03       1.598    10        0.21      1.38      0.02    0.4263E+01  0.3041E+01  0.1516E+04
|   ***  Level shifting applied  ( HOMO-LUMO gap =  0.002 au ) ***
| 41  -1792.948074671  0.181375E+03       1.604     1        0.21      1.39      0.02    0.4186E+01  0.3578E+01  0.2010E+04
|   ***  Level shifting applied  ( HOMO-LUMO gap =  0.005 au ) ***
| 42  -1915.648137651  0.122700E+03       1.597     2        0.21      1.38      0.02    0.3942E+01  0.5509E+01  0.2070E+04
|   ***  Level shifting applied  ( HOMO-LUMO gap =  0.006 au ) ***
| 43   1919.968370369  -.383562E+04       1.602     3        0.21      1.38      0.02    0.5526E+01  0.1547E+01  0.7197E+03
|   ***  Level shifting applied  ( HOMO-LUMO gap =  0.003 au ) ***
| 44   1815.698196785  0.104270E+03       1.599     4        0.21      1.38      0.02    0.5611E+01  0.1032E+02  0.5386E+04
|   ***  Level shifting applied  ( HOMO-LUMO gap =  0.092 au ) ***
| 45   2195.395865609  -.379698E+03       1.599     5        0.21      1.38      0.02    0.4772E+01  0.1114E+01  0.2649E+03
|   ***  Level shifting applied  ( HOMO-LUMO gap =  0.014 au ) ***
| 46   -647.252558832  0.284265E+04       1.594     6        0.21      1.38      0.02    0.2166E+01  0.2682E+01  0.4933E+03
|   ***  Level shifting applied  ( HOMO-LUMO gap =  0.017 au ) ***
| 47    129.795176517  -.777048E+03       1.595     7        0.21      1.38      0.02    0.5100E+01  0.4862E+01  0.1160E+04
|   ***  Level shifting applied  ( HOMO-LUMO gap =  0.002 au ) ***
| 48  -2059.022788841  0.218882E+04       1.592     8        0.21      1.38      0.02    0.2467E+01  0.4669E+01  0.1200E+04
|   ***  Level shifting applied  ( HOMO-LUMO gap =  0.004 au ) ***
| 49     16.985420829  -.207601E+04       1.594     9        0.21      1.38      0.02    0.4390E+01  0.6635E+00  0.2036E+03
|   ***  Level shifting applied  ( HOMO-LUMO gap =  0.002 au ) ***
| 50   -104.472504072  0.121458E+03       1.596    10        0.21      1.38      0.02    0.4498E+01  0.3259E+00  0.5433E+02
|   ***  Level shifting applied  ( HOMO-LUMO gap =  0.009 au ) ***
| 51    -76.611243847  -.278613E+02       1.595     1        0.21      1.38      0.02    0.4322E+01  0.1693E+00  0.3303E+02
|   ***  Level shifting applied  ( HOMO-LUMO gap =  0.021 au ) ***
| 52    -86.676141717  0.100649E+02       1.598     2        0.21      1.38      0.02    0.4289E+01  0.7111E+01  0.2006E+04
|   ***  Level shifting applied  ( HOMO-LUMO gap =  0.045 au ) ***
| 53   3274.702695676  -.336138E+04       1.596     3        0.21      1.38      0.02    0.4696E+01  0.2085E+01  0.8079E+03
|   ***  Level shifting applied  ( HOMO-LUMO gap =  0.021 au ) ***
| 54   2636.716257307  0.637986E+03       1.596     4        0.21      1.38      0.02    0.4312E+01  0.1045E+01  0.2651E+03
|   ***  Level shifting applied  ( HOMO-LUMO gap =  0.017 au ) ***
| 55   2607.581030523  0.291352E+02       1.597     5        0.21      1.38      0.02    0.4319E+01  0.1110E+01  0.4576E+03
|   ***  Level shifting applied  ( HOMO-LUMO gap =  0.046 au ) ***
| 56   2558.307395722  0.492736E+02       1.595     6        0.21      1.38      0.02    0.4290E+01  0.1002E+02  0.3066E+04
|   ***  Level shifting applied  ( HOMO-LUMO gap =  0.023 au ) ***
| 57    968.112686203  0.159019E+04       1.596     7        0.21      1.38      0.02    0.3436E+01  0.2769E+01  0.6064E+03
|   ***  Level shifting applied  ( HOMO-LUMO gap =  0.010 au ) ***
| 58   -158.328793811  0.112644E+04       1.594     8        0.21      1.38      0.02    0.4152E+01  0.3459E+01  0.6322E+03
|   ***  Level shifting applied  ( HOMO-LUMO gap =  0.009 au ) ***
| 59   4132.152099743  -.429048E+04       1.596     9        0.21      1.38      0.02    0.4528E+01  0.2935E+01  0.5948E+03
|   ***  Level shifting applied  ( HOMO-LUMO gap =  0.033 au ) ***
| 60  -1067.605641876  0.519976E+04       1.599    10        0.21      1.38      0.02    0.3364E+01  0.5203E+01  0.1858E+04
|   ***  Level shifting applied  ( HOMO-LUMO gap =  0.006 au ) ***
| 61    830.991726484  -.189860E+04       1.597     1        0.21      1.38      0.02    0.4196E+01  0.4517E+01  0.1818E+04
|   ***  Level shifting applied  ( HOMO-LUMO gap =  0.000 au ) ***
| 62  -2113.722423946  0.294471E+04       1.594     2        0.21      1.38      0.02    0.2535E+01  0.2328E+01  0.6909E+03
|   ***  Level shifting applied  ( HOMO-LUMO gap =  0.003 au ) ***
| 63   1124.781246708  -.323850E+04       1.593     3        0.21      1.38      0.02    0.4161E+01  0.9387E+00  0.2944E+03
|   ***  Level shifting applied  ( HOMO-LUMO gap =  0.006 au ) ***
| 64    716.342341648  0.408439E+03       1.594     4        0.21      1.38      0.02    0.3707E+01  0.4587E+00  0.1452E+03
|   ***  Level shifting applied  ( HOMO-LUMO gap =  0.014 au ) ***
| 65    650.156429267  0.661859E+02       1.594     5        0.21      1.38      0.02    0.3678E+01  0.5728E+00  0.1192E+03
|   ***  Level shifting applied  ( HOMO-LUMO gap =  0.047 au ) ***
| 66    443.399725090  0.206757E+03       1.599     6        0.21      1.38      0.02    0.3604E+01  0.3159E+01  0.6917E+03
|   ***  Level shifting applied  ( HOMO-LUMO gap =  0.008 au ) ***
| 67  -1345.254492028  0.178865E+04       1.594     7        0.21      1.38      0.02    0.3259E+01  0.2569E+01  0.5707E+03
|   ***  Level shifting applied  ( HOMO-LUMO gap =  0.003 au ) ***
| 68   -235.849636750  -.110940E+04       1.592     8        0.21      1.38      0.02    0.3567E+01  0.1753E+01  0.4598E+03
|   ***  Level shifting applied  ( HOMO-LUMO gap =  0.020 au ) ***
| 69  -1011.250908217  0.775401E+03       1.596     9        0.21      1.38      0.02    0.3230E+01  0.3851E+01  0.1029E+04
|   ***  Level shifting applied  ( HOMO-LUMO gap =  0.008 au ) ***
| 70     -7.141912729  -.100411E+04       1.592    10        0.21      1.38      0.02    0.3660E+01  0.2349E+01  0.5535E+03
|   ***  Level shifting applied  ( HOMO-LUMO gap =  0.004 au ) ***
| 71   -405.961248490  0.398819E+03       1.596     1        0.21      1.38      0.02    0.3761E+01  0.1434E+01  0.2742E+03
|   ***  Level shifting applied  ( HOMO-LUMO gap =  0.018 au ) ***
| 72  -1404.141021205  0.998180E+03       1.593     2        0.21      1.38      0.02    0.2974E+01  0.3443E+01  0.9869E+03
|   ***  Level shifting applied  ( HOMO-LUMO gap =  0.008 au ) ***
| 73   2706.841672307  -.411098E+04       1.596     3        0.21      1.38      0.02    0.4943E+01  0.2790E+01  0.6574E+03
|   ***  Level shifting applied  ( HOMO-LUMO gap =  0.012 au ) ***
| 74   -164.868697657  0.287171E+04       1.596     4        0.21      1.38      0.02    0.3312E+01  0.3096E+01  0.1327E+04
|   ***  Level shifting applied  ( HOMO-LUMO gap =  0.001 au ) ***
| 75   -725.312506545  0.560444E+03       1.595     5        0.21      1.38      0.02    0.2772E+01  0.4994E+01  0.1486E+04
|   ***  Level shifting applied  ( HOMO-LUMO gap =  0.001 au ) ***
| 76  -1539.883353539  0.814571E+03       1.593     6        0.21      1.38      0.02    0.3635E+01  0.4447E+01  0.1482E+04
|   ***  Level shifting applied  ( HOMO-LUMO gap =  0.002 au ) ***
| 77  -2059.318441875  0.519435E+03       1.596     7        0.21      1.38      0.02    0.2372E+01  0.2232E+01  0.6742E+03
|   ***  Level shifting applied  ( HOMO-LUMO gap =  0.001 au ) ***
| 78  -1280.171531692  -.779147E+03       1.595     8        0.21      1.38      0.02    0.4441E+01  0.1141E+01  0.4415E+03
|   ***  Level shifting applied  ( HOMO-LUMO gap =  0.003 au ) ***
| 79  -1524.443025355  0.244271E+03       1.601     9        0.21      1.39      0.02    0.2580E+01  0.1110E+01  0.2663E+03
|   ***  Level shifting applied  ( HOMO-LUMO gap =  0.002 au ) ***
| 80   -628.902137618  -.895541E+03       1.593    10        0.21      1.38      0.02    0.3327E+01  0.6146E+00  0.1134E+03
|   ***  Level shifting applied  ( HOMO-LUMO gap =  0.009 au ) ***
| 81  -1161.711818921  0.532810E+03       1.594     1        0.21      1.38      0.02    0.3596E+01  0.5895E+00  0.1337E+03
|   ***  Level shifting applied  ( HOMO-LUMO gap =  0.011 au ) ***
| 82  -1539.208903379  0.377497E+03       1.595     2        0.21      1.38      0.02    0.3271E+01  0.1807E+01  0.7628E+03
|   ***  Level shifting applied  ( HOMO-LUMO gap =  0.002 au ) ***
| 83   -586.665103382  -.952544E+03       1.597     3        0.21      1.38      0.02    0.3627E+01  0.2519E+01  0.9195E+03
|   ***  Level shifting applied  ( HOMO-LUMO gap =  0.004 au ) ***
| 84  -2516.422316856  0.192976E+04       1.594     4        0.21      1.38      0.02    0.2627E+01  0.7837E+01  0.3648E+04
|   ***  Level shifting applied  ( HOMO-LUMO gap =  0.002 au ) ***
| 85   -890.070132465  -.162635E+04       1.594     5        0.21      1.38      0.02    0.3549E+01  0.1250E+02  0.3645E+04
|   ***  Level shifting applied  ( HOMO-LUMO gap =  0.009 au ) ***
| 86   -904.956299950  0.148862E+02       1.597     6        0.21      1.38      0.02    0.2915E+01  0.1108E+02  0.3617E+04
|   ***  Level shifting applied  ( HOMO-LUMO gap =  0.002 au ) ***
| 87  -1774.617946613  0.869662E+03       1.594     7        0.21      1.38      0.02    0.2539E+01  0.1358E+02  0.3894E+04
|   ***  Level shifting applied  ( HOMO-LUMO gap =  0.008 au ) ***
| 88   1809.459841580  -.358408E+04       1.594     8        0.21      1.38      0.02    0.4121E+01  0.3328E+01  0.9667E+03
|   ***  Level shifting applied  ( HOMO-LUMO gap =  0.007 au ) ***
| 89    442.601091734  0.136686E+04       1.594     9        0.21      1.38      0.02    0.4418E+01  0.3346E+01  0.7706E+03
|   ***  Level shifting applied  ( HOMO-LUMO gap =  0.009 au ) ***
| 90   -411.383777027  0.853985E+03       1.594    10        0.21      1.38      0.02    0.3446E+01  0.5879E+01  0.2016E+04
|   ***  Level shifting applied  ( HOMO-LUMO gap =  0.003 au ) ***
| 91   -848.665698266  0.437282E+03       1.597     1        0.21      1.38      0.02    0.3600E+01  0.5938E+01  0.1924E+04
|   ***  Level shifting applied  ( HOMO-LUMO gap =  0.001 au ) ***
| 92  -1356.873665316  0.508208E+03       1.594     2        0.21      1.38      0.02    0.2721E+01  0.3751E+01  0.9913E+03
|   ***  Level shifting applied  ( HOMO-LUMO gap =  0.002 au ) ***
| 93  -2221.448585817  0.864575E+03       1.595     3        0.21      1.38      0.02    0.2697E+01  0.4815E+01  0.1644E+04
|   ***  Level shifting applied  ( HOMO-LUMO gap =  0.000 au ) ***
| 94  -1503.190421489  -.718258E+03       1.594     4        0.21      1.38      0.02    0.3904E+01  0.4478E+01  0.1567E+04
|   ***  Level shifting applied  ( HOMO-LUMO gap =  0.003 au ) ***
| 95  -1367.716432091  -.135474E+03       1.598     5        0.21      1.38      0.02    0.3223E+01  0.1655E+01  0.7097E+03
|   ***  Level shifting applied  ( HOMO-LUMO gap =  0.011 au ) ***
| 96  -1728.656269991  0.360940E+03       1.596     6        0.21      1.38      0.02    0.2554E+01  0.1435E+01  0.7628E+03
|   ***  Level shifting applied  ( HOMO-LUMO gap =  0.005 au ) ***
| 97  -2618.334761007  0.889678E+03       1.597     7        0.21      1.38      0.02    0.1316E+01  0.1049E+02  0.7244E+04
|   ***  Level shifting applied  ( HOMO-LUMO gap =  0.003 au ) ***
| 98  -1697.101182660  -.921234E+03       1.599     8        0.21      1.38      0.02    0.3239E+01  0.9746E+01  0.6526E+04
|   ***  Level shifting applied  ( HOMO-LUMO gap =  0.004 au ) ***
| 99  -2309.635994614  0.612535E+03       1.596     9        0.21      1.38      0.02    0.2366E+01  0.1100E+01  0.7061E+03
|   ***  Level shifting applied  ( HOMO-LUMO gap =  0.001 au ) ***
|100  -2697.554088493  0.387918E+03       1.594    10        0.21      1.38      0.02    0.1285E+01  0.2079E+00  0.1011E+03
|   ***  Level shifting applied  ( HOMO-LUMO gap =  0.004 au ) ***
|101  -2851.307558888  0.153753E+03       1.594     1        0.21      1.38      0.02    0.8515E+00  0.4195E+01  0.2633E+04
|   ***  Level shifting applied  ( HOMO-LUMO gap =  0.002 au ) ***
|102  -1631.742963913  -.121956E+04       1.595     2        0.21      1.38      0.02    0.2898E+01  0.1913E+01  0.4451E+03
|   ***  Level shifting applied  ( HOMO-LUMO gap =  0.004 au ) ***
|103  -2233.780399622  0.602037E+03       1.595     3        0.21      1.38      0.02    0.2170E+01  0.1007E+01  0.6558E+03
|   ***  Level shifting applied  ( HOMO-LUMO gap =  0.009 au ) ***
|104  -2336.224875017  0.102444E+03       1.596     4        0.21      1.38      0.02    0.2647E+01  0.2182E+01  0.1386E+04
|   ***  Level shifting applied  ( HOMO-LUMO gap =  0.002 au ) ***
|105  -2599.371336176  0.263146E+03       1.597     5        0.21      1.38      0.02    0.1878E+01  0.4038E+00  0.1110E+03
|   ***  Level shifting applied  ( HOMO-LUMO gap =  0.002 au ) ***
|106  -2740.958949802  0.141588E+03       1.596     6        0.21      1.38      0.02    0.1186E+01  0.2322E+00  0.6487E+02
|   ***  Level shifting applied  ( HOMO-LUMO gap =  0.004 au ) ***
|107  -2863.254165121  0.122295E+03       1.596     7        0.21      1.38      0.02    0.9433E+00  0.4343E+00  0.5605E+02
|   ***  Level shifting applied  ( HOMO-LUMO gap =  0.006 au ) ***
|108  -2477.374883182  -.385879E+03       1.595     8        0.21      1.38      0.02    0.1606E+01  0.3961E+00  0.5062E+02
|   ***  Level shifting applied  ( HOMO-LUMO gap =  0.000 au ) ***
|109  -2790.282547391  0.312908E+03       1.596     9        0.21      1.38      0.02    0.1341E+01  0.8081E-01  0.1548E+02
|   ***  Level shifting applied  ( HOMO-LUMO gap =  0.012 au ) ***
|110  -2913.622683855  0.123340E+03       1.595    10        0.21      1.38      0.02    0.6001E+00  0.1268E+00  0.5551E+02
|   ***  Level shifting applied  ( HOMO-LUMO gap =  0.028 au ) ***
|111  -2667.221952628  -.246401E+03       1.596     1        0.21      1.38      0.02    0.1139E+01  0.1314E+00  0.5548E+02
|   ***  Level shifting applied  ( HOMO-LUMO gap =  0.003 au ) ***
|112  -2873.423491138  0.206202E+03       1.597     2        0.21      1.38      0.02    0.8950E+00  0.6348E-01  0.1869E+02
|   ***  Level shifting applied  ( HOMO-LUMO gap =  0.006 au ) ***
|113  -2923.508938397  0.500854E+02       1.595     3        0.21      1.38      0.02    0.4427E+00  0.8370E-02  0.7425E+00
|   ***  Level shifting applied  ( HOMO-LUMO gap =  0.034 au ) ***
|114  -2922.907446810  -.601492E+00       1.598     4        0.21      1.38      0.02    0.6496E+00  0.4584E-02  0.5995E+00
|   ***  Level shifting applied  ( HOMO-LUMO gap =  0.006 au ) ***
|115  -2925.945522467  0.303808E+01       1.596     5        0.21      1.38      0.02    0.1527E+00  0.2758E-02  0.2509E+00
|   ***  Level shifting applied  ( HOMO-LUMO gap =  0.135 au ) ***
|116  -2926.214971266  0.269449E+00       1.601     6        0.21      1.38      0.02    0.1937E+00  0.1115E-02  0.1091E+00
|   ***  Level shifting applied  ( HOMO-LUMO gap =  0.093 au ) ***
|117  -2926.295672550  0.807013E-01       1.576     7        0.19      1.38      0.02    0.3809E-01  0.6536E-03  0.5314E-01
|118  -2926.310009792  0.143372E-01       1.570     8        0.19      1.37      0.02    0.1683E-01  0.4419E-03  0.6183E-01
|119  -2926.312195153  0.218536E-02       1.570     9        0.19      1.37      0.02    0.1752E-01  0.2096E-03  0.1665E-01
|120  -2926.314161224  0.196607E-02       1.571    10        0.19      1.38      0.02    0.6401E-02  0.1416E-03  0.2034E-01
|121  -2926.314467275  0.306051E-03       1.572     1        0.19      1.38      0.02    0.4476E-02  0.5275E-04  0.4542E-02
|122  -2926.314568875  0.101600E-03       1.576     2        0.19      1.38      0.02    0.1842E-02  0.2268E-04  0.2388E-02
|123  -2926.314590269  0.213934E-04       1.571     3        0.19      1.38      0.02    0.7207E-03  0.8135E-05  0.1087E-02
|124  -2926.314593966  0.369689E-05       1.573     4        0.19      1.38      0.02    0.1960E-03  0.3271E-05  0.2836E-03
|125  -2926.314594382  0.416550E-06       1.573     5        0.19      1.38      0.02    0.9589E-04  0.1338E-05  0.1287E-03
|126  -2926.314594437  0.553409E-07       1.570     6        0.19      1.37      0.02    0.4505E-04  0.6198E-06  0.5455E-04
| ------------------------------------------------------------------------------------------------------------------------
| REACH CONVERGENCE AFTER 126 CYCLES
| MAX ERROR = 0.450504E-04   RMS CHANGE = 0.619804E-06   MAX CHANGE = 0.545546E-04
| -----------------------------------------------
 ALPHA ELECTRON DENSITY    =   223.0010776129
 BETA ELECTRON DENSITY     =   223.0010776129
 ELECTRONIC ENERGY    = -12593.384469761
 CORE_CORE REPULSION  =   9667.069875324
 TOTAL ENERGY         =  -2926.314594437

 @ End Energy calculation


 @ Begin Gradient Calculation

 ANALYTICAL GRADIENT: 
----------------------------------------
 COORDINATE    XYZ            GRADIENT
----------------------------------------
    1X    -6.3960620484    -0.0086732841
    1Y     1.6375501950     0.0022797058
    1Z    -1.0167391376     0.0009158927
    2X    -5.5976016175    -0.0029761678
    2Y     1.9479657588    -0.0102843704
    2Z     0.3156763941     0.0112652184
    3X    -4.1358426958     0.0082821361
    3Y     1.3888886961     0.0043233119
    3Z     0.3061559434    -0.0176606836
    4X    -4.0900119523    -0.0026941398
    4Y    -0.2069339958    -0.0078804773
    4Z     0.0759908158     0.0126663778
    5X    -5.3005248048     0.0028864475
    5Y    -0.5559696325     0.0047721797
    5Z    -0.7831189998     0.0041902580
    6X    -5.6408357108     0.0081522020
    6Y     0.5560152125     0.0105923662
    6Z    -1.7454175833     0.0033545863
    7X    -2.8203121254     0.0045275579
    7Y    -0.7723427990     0.0103645812
    7Z    -0.5951161554    -0.0033217419
    8X    -3.4405170127    -0.0115363616
    8Y     1.9809802613     0.0212782810
    8Z     1.5954933618     0.0157892407
    9X    -1.5722955801    -0.0083727420
    9Y    -0.0769638959    -0.0091350991
    9Z    -0.1719253231     0.0067604186
   10X    -2.6953277358     0.0088950001
   10Y    -2.1590275449     0.0001800617
   10Z    -0.1697708530    -0.0195546775
   11X    -1.8693494728     0.0133475348
   11Y     1.2308627640     0.0039484390
   11Z    -0.7751224092     0.0106668301
   12X    -1.3334065318     0.0010748642
   12Y    -0.1176307990     0.0148288181
   12Z     1.4101577377    -0.0101185759
   13X    -0.8881045478     0.0213680143
   13Y     1.2874585683    -0.0087641253
   13Z     1.4845317434    -0.0097946283
   14X     0.3196037144    -0.0280005841
   14Y     1.5770568504    -0.0011421010
   14Z     0.9640606036     0.0142514491
   15X    -4.0360630582     0.0194413387
   15Y     2.4497905671    -0.0146666375
   15Z     2.5047991213    -0.0271329369
   16X    -1.9504981989    -0.0133134267
   16Y     2.1870801370    -0.0068066531
   16Z     1.7492358836    -0.0098777333
   17X    -0.2198636968    -0.0011190078
   17Y    -0.3744037186    -0.0117323154
   17Z    -0.8072270516    -0.0049727860
   18X     0.8361322639     0.0054890721
   18Y     0.5392960612     0.0022329429
   18Z    -0.0882305667    -0.0106451765
   19X    -6.3705655165    -0.0069161384
   19Y    -0.7461437470    -0.0001005507
   19Z     0.1814962939    -0.0162287474
   20X    -7.5079891033    -0.0017930664
   20Y    -1.5312545569    -0.0095206665
   20Z     0.1764442435     0.0293663884
   21X    -7.7343174206     0.0083195375
   21Y    -2.1872431170     0.0198269868
   21Z     1.1532460581    -0.0331206692
   22X    -8.4523256355     0.0021622495
   22Y    -1.4157501381     0.0048429097
   22Z    -0.9939260359    -0.0079533221
   23X    -5.4161060936     0.0066379591
   23Y    -1.5091024852    -0.0239533086
   23Z    -2.0070004333    -0.0064749003
   24X    -6.2192576349     0.0002039190
   24Y    -0.4454467640    -0.0006591445
   24Z    -2.6902952054     0.0080582936
   25X    -5.4267630344    -0.0057185445
   25Y     3.3774439679    -0.0058234439
   25Z     0.3776243788     0.0029102593
   26X    -1.6122442331     0.0084106067
   26Y     4.1801173692    -0.0002067752
   26Z     0.0343779426     0.0291285276
   27X    -0.7940924306     0.0068452754
   27Y     5.2257743591     0.0102519245
   27Z     0.2990567328    -0.0310900312
   28X    -0.3048947533    -0.0141179147
   28Y     5.8645770378    -0.0226717644
   28Z    -0.5895333050     0.0314717305
   29X    -0.5432142115     0.0126458755
   29Y     5.4736988580     0.0056095528
   29Z     1.7763875257     0.0042878350
   30X     1.2298581039    -0.0012207803
   30Y     2.7852910627     0.0074071958
   30Z     1.0315035488    -0.0013761414
   31X     1.9361231978     0.0117176249
   31Y    -0.3334212455     0.0137861417
   31Z     0.3599506875    -0.0083488793
   32X     3.1923973838     0.0088183528
   32Y     0.0392867930     0.0126566380
   32Z     0.0732008056    -0.0040867182
   33X     3.4564615139    -0.0109960291
   33Y     1.0474090400    -0.0309322614
   33Z    -0.5229789999     0.0213745658
   34X     4.1741653088     0.0018012657
   34Y    -1.0074733869    -0.0017884272
   34Z     0.5409361113    -0.0065980771
   35X     5.5923107171    -0.0032979581
   35Y    -0.5507792521     0.0090919613
   35Z     0.2305424976    -0.0107452280
   36X     6.6535037881     0.0105317571
   36Y    -1.6276655543    -0.0118738869
   36Z     0.4267850326     0.0018779608
   37X     6.3531150051     0.0058868891
   37Y    -2.9590429360     0.0059157526
   37Z     0.6578478902    -0.0010040277
   38X     7.3484382612     0.0015030979
   38Y    -3.9223477295     0.0053131441
   38Z     0.5946433254    -0.0011664291
   39X     8.6553271210    -0.0051602261
   39Y    -3.5577624717     0.0045101219
   39Z     0.3262773549     0.0002500628
   40X     8.9721243751    -0.0080063142
   40Y    -2.2174055893    -0.0004287817
   40Z     0.1751067634     0.0008553246
   41X     7.9780886392    -0.0038473072
   41Y    -1.2615409463    -0.0055625098
   41Z     0.2323472177     0.0013084551
   42X     4.0117557664    -0.0122825778
   42Y    -1.2781154276    -0.0002505940
   42Z     1.9325733176    -0.0104414659
   43X     5.9708271360    -0.0010414048
   43Y     0.6810003920     0.0028350389
   43Z     0.8873416378     0.0008756390
   44X     6.1083015365     0.0017293201
   44Y     1.9571430895     0.0110002157
   44Z     0.3956142302     0.0183988107
   45X     6.3193162726    -0.0090695414
   45Y     2.8803622800    -0.0257713596
   45Z     1.1682892292    -0.0250215515
   46X     5.8856240794    -0.0085365149
   46Y     2.2294773203     0.0039127537
   46Z    -1.0684369316    -0.0183677543
   47X     6.1182760772    -0.0038255995
   47Y     1.3530946933     0.0071709961
   47Z    -2.1154263515     0.0062549607
   48X     5.5666096951    -0.0020773940
   48Y     1.5985928121     0.0005652653
   48Z    -3.3627524368     0.0035539995
   49X     4.8504996604     0.0001187547
   49Y     2.7660993212     0.0045200595
   49Z    -3.5880647940     0.0079915478
   50X     4.7600527335     0.0049092496
   50Y     3.7102514633    -0.0130633604
   50Z    -2.5859740575     0.0001355281
   51X     5.2758312329     0.0035570514
   51Y     3.4419996328    -0.0117648784
   51Z    -1.3326645918    -0.0019251103
   52X    -2.1366951232     0.0025122713
   52Y    -3.0476308227    -0.0026478505
   52Z    -1.0300506687     0.0021156943
   53X    -2.1451656838    -0.0025671950
   53Y    -2.8533799779     0.0003409488
   53Z    -2.2328872205     0.0255969532
   54X    -1.5033715748     0.0099955549
   54Y    -4.2030090710    -0.0120814271
   54Z    -0.3691075382     0.0092115935
   55X    -1.4395727999     0.0009717761
   55Y    -4.3266984404     0.0009940689
   55Z     1.0054186368    -0.0120353639
   56X    -0.7638830383     0.0002621640
   56Y    -5.3989755623     0.0005472197
   56Z     1.5627243193    -0.0071738542
   57X    -0.1728504332    -0.0036006793
   57Y    -6.3468611347     0.0061432029
   57Z     0.7427716867    -0.0042196053
   58X    -0.2555829795    -0.0032129771
   58Y    -6.2275391756     0.0049443185
   58Z    -0.6353203685     0.0045647619
   59X    -0.9155594699    -0.0018050697
   59Y    -5.1509647533     0.0049611282
   59Z    -1.1911104510     0.0089571331
   60X    -0.2097392960     0.0098991382
   60Y    -1.1547475382    -0.0050228282
   60Z     1.8364341802     0.0028338257
   61X    -2.4300503956    -0.0063457104
   61Y    -0.4562313148     0.0037601396
   61Z     2.4707643087     0.0078813220
   62X    -3.6491745187    -0.0060640308
   62Y     1.8683153927    -0.0057953838
   62Z    -0.5155830594     0.0114071343
   63X    -4.2442042941     0.0012549867
   63Y    -0.7298029557     0.0053910103
   63Z     0.9946071660    -0.0144616215
   64X    -6.1319130983     0.0082411999
   64Y     1.5761652304     0.0032836149
   64Z     1.1739417496    -0.0116222506
   65X    -6.4278100209     0.0027133829
   65Y     2.5627464257    -0.0108471993
   65Z    -1.5682089798     0.0086636834
   66X    -7.3896389443     0.0146596299
   66Y     1.3053382297     0.0016733622
   66Z    -0.7744957191    -0.0028086995
   67X    -4.7465709525    -0.0107709681
   67Y     0.9454138022    -0.0067324577
   67Z    -2.2120482489     0.0074578696
   68X    -2.8855556304     0.0012897363
   68Y    -0.7190312849     0.0025010590
   68Z    -1.6682582674     0.0132914403
   69X    -1.1756472598    -0.0111493466
   69Y     1.8958447948    -0.0055635337
   69Z    -0.6850815723    -0.0035528259
   70X    -1.8481633811     0.0001760312
   70Y     3.6442038083     0.0046359232
   70Z     0.8091516318    -0.0155880328
   71X    -0.3040223032    -0.0020142983
   71Y    -0.0416779132     0.0015432087
   71Z    -1.8339006500     0.0119499668
   72X     0.0915191370    -0.0062330526
   72Y    -1.3952922665     0.0180140129
   72Z    -0.8028716213    -0.0011203747
   73X     1.2665208967    -0.0092580617
   73Y     1.1759764098    -0.0091517535
   73Z    -0.8367613039     0.0119968350
   74X    -7.9447757667    -0.0049076902
   74Y    -1.4087837076    -0.0007767033
   74Z    -1.9396808281     0.0132527171
   75X    -8.9860731662     0.0058871844
   75Y    -0.4736978662    -0.0106504398
   75Z    -0.9254125307    -0.0011549150
   76X    -9.1714810604     0.0075716066
   76Y    -2.2205725696     0.0078134462
   76Z    -0.9250167206     0.0002038546
   77X    -5.9696663559     0.0086546567
   77Y    -2.4206610149     0.0140517152
   77Z    -1.8715271229    -0.0015199738
   78X    -4.4956991333    -0.0120682773
   78Y    -1.6916168492     0.0035467312
   78Z    -2.5341524535     0.0076592436
   79X    -6.1859311524     0.0055447089
   79Y     3.7990295001    -0.0004364961
   79Z     0.8057985915    -0.0044588254
   80X    -0.4047348909    -0.0015120163
   80Y     4.5302822759     0.0058800512
   80Z     2.2918681450    -0.0075234701
   81X    -1.4092254776     0.0074811906
   81Y     5.9590269651    -0.0059148058
   81Z     2.2201989695    -0.0038746588
   82X     0.3171041142    -0.0167731682
   82Y     6.0931668053    -0.0130152474
   82Z     1.8871610341    -0.0036971038
   83X     1.4832825233     0.0005021559
   83Y     3.0343297417    -0.0037343725
   83Z     2.0569032671    -0.0105123182
   84X     0.8689347864     0.0048094631
   84Y     3.6687759202    -0.0110670768
   84Z     0.5365847410     0.0064956941
   85X     2.1684890256    -0.0036642390
   85Y     2.5341565935    -0.0007638582
   85Z     0.5367745110     0.0003875835
   86X     3.9669616429     0.0014233961
   86Y    -1.8924970245     0.0122536758
   86Z    -0.0572581044     0.0057872692
   87X     5.5541776341     0.0006051054
   87Y    -0.3516751969    -0.0023457433
   87Z    -0.8217997928     0.0147365289
   88X     5.3544978589     0.0135038867
   88Y    -3.2557102186     0.0046367775
   88Z     0.9038848590    -0.0016128383
   89X     7.0989144921     0.0038290740
   89Y    -4.9513961981     0.0159672818
   89Z     0.7469288470    -0.0029665466
   90X     9.4171946391    -0.0119326384
   90Y    -4.3036937586     0.0116118443
   90Z     0.2407856384     0.0001950332
   91X     9.9857451625    -0.0149991481
   91Y    -1.9177654664    -0.0040830431
   91Z     0.0023467702     0.0024544686
   92X     8.2254739781    -0.0039918786
   92Y    -0.2253064972    -0.0142607911
   92Z     0.1253413196     0.0027607592
   93X     3.1299497190     0.0088821110
   93Y    -1.6337869448     0.0018450259
   93Z     2.1083780410     0.0010826624
   94X     6.0936142953    -0.0014983792
   94Y     0.6250744177    -0.0009300412
   94Z     1.8859549340    -0.0124069420
   95X     6.7084385023    -0.0087142293
   95Y     0.4705180859     0.0119946461
   95Z    -1.9833353715    -0.0016540772
   96X     5.6743955033    -0.0034609281
   96Y     0.8727860166     0.0103005050
   96Z    -4.1412753062     0.0128767035
   97X     4.3798459545     0.0066713848
   97Y     2.9274162635    -0.0038086190
   97Z    -4.5335959262     0.0159577343
   98X     4.2563846850     0.0058564015
   98Y     4.6442142246    -0.0102445944
   98Z    -2.7660689312     0.0018931005
   99X     5.1747309752     0.0024986104
   99Y     4.1495329469    -0.0082053218
   99Z    -0.5327311807    -0.0098020538
  100X    -1.9015966152     0.0068729395
  100Y    -3.5961884646    -0.0101426802
  100Z     1.6316251146    -0.0089364733
  101X    -0.6959961231    -0.0003675117
  101Y    -5.4955301297     0.0013069295
  101Z     2.6284273507    -0.0144424447
  102X     0.3482320666    -0.0075026145
  102Y    -7.1761497180     0.0121362021
  102Z     1.1766068899    -0.0063554166
  103X     0.1934856248    -0.0067143007
  103Y    -6.9647955319     0.0106194152
  103Z    -1.2689412269     0.0090122113
  104X    -0.9826070850     0.0007353182
  104Y    -5.0258756638    -0.0014124315
  104Z    -2.2518210920     0.0148636839
  105X     0.6895305627    -0.0102378999
  105Y    -0.6503325997    -0.0058279244
  105Z     2.1318040128    -0.0060621061
  106X     0.0408559131    -0.0027798785
  106Y    -1.8507204713     0.0077918171
  106Z     1.0570934807     0.0068475548
  107X    -0.5497152620     0.0046583172
  107Y    -1.7387967528     0.0073067578
  107Z     2.6730564641    -0.0111373746
  108X    -2.6864695851     0.0030951846
  108Y    -1.5071205751     0.0078226416
  108Z     2.3903168925    -0.0004387628
  109X    -3.3390145450     0.0127502746
  109Y     0.1000510676    -0.0075433656
  109Z     2.4688671085    -0.0013762709
  110X    -1.9770021010    -0.0043325822
  110Y    -0.2959025626    -0.0018465457
  110Z     3.4410103628    -0.0108119835
----------------------------------------

 @ End Gradient Calculation

  Skipping one-electron property calculation.

 @ Output cuEST Memory Footprint

------------- cuEST MEMORY USAGE ---------------
| Peak Host Footprint =    68.65 kB
| Host Allocations =    44
| Peak Device Footprint =    25.39 GB
| Device Allocations =    38
------------------------------------------------

 @ Finish Output cuEST Memory Footprint


 @ Output Timing Information

------------- TIMING ---------------
| INITIALIZATION TIME =     0.307523000(  0.14%)
| CUEST INITIALIZATION TIME =     1.257127000(  0.57%)
| INITIAL GUESS TIME  =     4.513127000(  2.05%)
| OVERLAP 1e INTEGRALS TIME      =     1.188822000( 0.54%)
| OVERLAP 1e DIAGONALIZATION TIME =     0.022098000( 0.01%)
| DFT GRID OPERATIONS =     0.005797000(  0.00%)
|       TOTAL GRID FORMATION TIME   =     0.005797000(  0.00%)
|       TOTAL GRID WEIGHT TIME      =     0.000000000(  0.00%)
|       TOTAL OCTREE RUN TIME       =     0.000000000(  0.00%)
|       TOTAL PRESCREENING TIME     =     0.000000000(  0.00%)
|       TOTAL DATA PACKING TIME     =     0.000000000(  0.00%)
| TOTAL SCF TIME      =   205.102582000( 93.07%)
|       TOTAL OP TIME      =   178.756757000( 81.12%)
|             TOTAL 1e TIME      =     2.452954000(  1.11%)
|                KINETIC 1e INTEGRALS TIME    =     1.183574000(  0.54%)
|                ATTRACTION 1e INTEGRALS TIME =     1.259697000(  0.57%)
|             TOTAL 2e TIME      =   151.438592000( 68.72%)
|             TOTAL EXC TIME     =    18.731463000(  8.50%)
|             TOTAL ENERGY TIME  =     0.952243000(  0.43%)
|       TOTAL DII TIME      =    25.427957000( 11.54%)
|             TOTAL DIAG TIME    =     2.579282000(  1.17%)
| TOTAL GRADIENT TIME      =     9.928448000(  4.51%)
|       TOTAL NUCLEAR GRADIENT TIME =     0.000560000(  0.00%)
|       TOTAL 1e GRADIENT TIME      =     6.012205000(  2.76%)
|          KINETIC 1e GRADIENT TIME      =     6.012205000(  2.73%)
|          ATTRACTION 1e GRADIENT TIME   =     0.074724000(  0.03%)
|       TOTAL 2e GRADIENT TIME      =     3.349306000( 1.52%)
|       TOTAL EXC GRADIENT TIME     =     0.491633000(  0.22%)
| TOTAL TIME          =   220.366948000
------------------------------------
| Job cpu time:  0 days  0 hours  3 minutes 40.4 seconds.

 @ Finish Output Timing Information

| Normal Termination. Task Finished on: Mon Sep 28 08:50:08 2026
