| *********************************************************************************************************
| **                                                                                                     **
| **           888888888888                                                                              **
| **         8888888888888888                                                                            **
| **      888888888888888888                                                                             **
| **     888888888888888888                                                                              **
| **    888888888888888                                                                                  **
| **   88888888888888888888                               88888                       8888:              **
| **   8888888888888888888888Z                            88888                       8888:              **
| **   888888888888888888888888?                          88888                       8888:              **
| **   8888888888888      8888888                                        888888       8888:              **
| **    88888888888         888888     8888:     88888    88888        888888888I     8888:    888888    **
| **    8888888888           88888:    8888:     88888    88888      $888888888888    8888:   888888     **
| **    I8Z 88888             88888    8888:     88888    88888    .888888     8888   8888: 888888       **
| **    .8Z 88888             88888    8888:     88888    88888    $88888             8888:88888         **
| **     8I 88888      .=88. .88888    8888:     88888    88888    88888              8888888888         **
| **    :8  88888      888888$8888$    8888:     88888    88888    8888O              88888888888        **
| **   ,7   +88888.     8888888888.    8888:     88888    88888    888888             88888O888888       **
| **         $888888:.   .8888888      88888....888888    88888     888888     8888   8888:  888888      **
| **          I8888888888888888888     888888888888888    88888     O888888888888O    8888:   888888     **
| **            O888888888888888888     88888888888888    88888       88888888888$    8888:    888888    **
| **               8888888Z     888      .8888I  88888    88888         8888888       8888:     888888   **
| **                                                                                                     **
| **                                                                                                     **
| **                                         Copyright (c) 2026                                          **
| **                          Regents of the University of California San Diego                          **
| **                                    & Michigan State University                                      **
| **                                        All Rights Reserved.                                         **
| **                                                                                                     **
| **             This software is subject to the terms of the Mozilla Public License, v. 2.0.            **
| **                                                                                                     **
| *********************************************************************************************************
|                                                                                                          
| Cite this work as:                                                                                       
| Manathunga, M.; O'Hearn, K. A.; Shajan, A.; Smith, J.; Miao, Y.; He, X.; Ayers, K.;                      
| Brothers, E.; Palos, E.; Tripathy, V.; Goetz, A.W.; Merz, K.M. QUICK-26.03.                              
| University of California,San Diego, CA and                                                               
| Michigan State University, East Lansing, MI, 2026                                                        
|                                                                                                          
| If you have any comments or queries, please reach out to us on GitHub issues or discussion sections:     
| https://github.com/merzlab/QUICK.                                                                        
|                                                                                                          
| TASK STARTS ON: Mon Sep 28 08:50:09 2026
| INPUT FILE :    taxol_grad_hf_6-31+gdp.in
| OUTPUT FILE:    taxol_grad_hf_6-31+gdp.out
| BASIS SET PATH: /home/msun12/QUICK-cuEST-install/basis

|------------ GPU INFORMATION ---------------
| CUDA ENABLED DEVICE         :        1
| CUDA DEVICE IN USE          :        0
| CUDA DEVICE NAME            : NVIDIA H100 80GB HBM3
| CUDA DEVICE PM              :      132
| CUDA DEVICE CORE FREQ(GHZ)  :     1.98
| CUDA DEVICE MEMORY SIZE (MB):    81079
| SUPPORTING CUDA VERSION     :      9.0
|--------------------------------------------

 @ Read Job And Atom

  KEYWORD=HF BASIS=6-31+G** CUTOFF=1.0E-10 DENSERMS=1.0E-6 GRADIENT CUEST
 ============== JOB CARD =============
 METHOD = HARTREE FOCK
 DIRECT SCF 
 SAD INITAL GUESS 
 USE DIIS SCF
 PRINT ENERGY EVERY CYCLE
 READ SAD GUESS FROM FILE
 Level shifting allowed after cycle    3
 DIIS error must exceed 0.100 for level shifting
 Max HOMO-LUMO gap to allow level shifting = 0.200
 GRADIENT CALCULATION
 MAX SCF CYCLES =    200
 MAX DIIS CYCLES =   10
 DELTA DENSITY START CYCLE =    3
 COMPUTATIONAL CUTOFF: 
      TWO-e INTEGRAL         =  0.100E-09
      BASIS SET PRIME        =  0.100E-10
      MATRIX ELEMENTS        =  0.100E-09
      BASIS FUNCTION         =  0.100E-05
      NEAR-LINEAR DEPENDENCY =  0.100E-04
      GRADIENT CUTOFF  =  0.100E-06
 DENSITY MATRIX MAXIMUM RMS FOR CONVERGENCE  =  0.100E-05
 BASIS SET = 6-31+G**,  TYPE = CARTESIAN
| BASIS FILE = /home/msun12/QUICK-cuEST-install/basis/6-31PLGDP.BAS
| DATA FILE  =    taxol_grad_hf_6-31+gdp.dat

 @ Finish reading job


 @ Begin SAD initial guess

 For Atom Kind =    1
 ELEMENT = C 
 BASIS FUNCTIONS =   19
 For Atom Kind =    2
 ELEMENT = O 
 BASIS FUNCTIONS =   19
 For Atom Kind =    3
 ELEMENT = N 
 BASIS FUNCTIONS =   19
 For Atom Kind =    4
 ELEMENT = H 
 BASIS FUNCTIONS =    5

 @ Finish SAD initial guess


 @ Begin Reading Molecular Information


 =========== Molecule Input ==========
 TOTAL MOLECULAR CHARGE  =    0    MULTIPLICITY                =    1
 TOTAL ATOM NUMBER       =  110    NUMBER OF ATOM TYPES        =    4
 NUMBER OF HYDROGEN ATOM =   49    NUMBER OF NON-HYDROGEN ATOM =   61
 NUMBER OF ELECTRONS     =  446

 -- INPUT GEOMETRY -- :
    C          -6.3961       1.6376      -1.0167
    C          -5.5976       1.9480       0.3157
    C          -4.1358       1.3889       0.3062
    C          -4.0900      -0.2069       0.0760
    C          -5.3005      -0.5560      -0.7831
    C          -5.6408       0.5560      -1.7454
    C          -2.8203      -0.7723      -0.5951
    C          -3.4405       1.9810       1.5955
    C          -1.5723      -0.0770      -0.1719
    O          -2.6953      -2.1590      -0.1698
    O          -1.8693       1.2309      -0.7751
    C          -1.3334      -0.1176       1.4102
    C          -0.8881       1.2875       1.4845
    C           0.3196       1.5771       0.9641
    O          -4.0361       2.4498       2.5048
    O          -1.9505       2.1871       1.7492
    C          -0.2199      -0.3744      -0.8072
    C           0.8361       0.5393      -0.0882
    O          -6.3706      -0.7461       0.1815
    C          -7.5080      -1.5313       0.1764
    O          -7.7343      -2.1872       1.1532
    C          -8.4523      -1.4158      -0.9939
    C          -5.4161      -1.5091      -2.0070
    O          -6.2193      -0.4454      -2.6903
    O          -5.4268       3.3774       0.3776
    O          -1.6122       4.1801       0.0344
    C          -0.7941       5.2258       0.2991
    O          -0.3049       5.8646      -0.5895
    C          -0.5432       5.4737       1.7764
    C           1.2299       2.7853       1.0315
    O           1.9361      -0.3334       0.3600
    C           3.1924       0.0393       0.0732
    O           3.4565       1.0474      -0.5230
    C           4.1742      -1.0075       0.5409
    C           5.5923      -0.5508       0.2305
    C           6.6535      -1.6277       0.4268
    C           6.3531      -2.9590       0.6578
    C           7.3484      -3.9223       0.5946
    C           8.6553      -3.5578       0.3263
    C           8.9721      -2.2174       0.1751
    C           7.9781      -1.2615       0.2323
    O           4.0118      -1.2781       1.9326
    N           5.9708       0.6810       0.8873
    C           6.1083       1.9571       0.3956
    O           6.3193       2.8804       1.1683
    C           5.8856       2.2295      -1.0684
    C           6.1183       1.3531      -2.1154
    C           5.5666       1.5986      -3.3628
    C           4.8505       2.7661      -3.5881
    C           4.7601       3.7103      -2.5860
    C           5.2758       3.4420      -1.3327
    C          -2.1367      -3.0476      -1.0301
    O          -2.1452      -2.8534      -2.2329
    C          -1.5034      -4.2030      -0.3691
    C          -1.4396      -4.3267       1.0054
    C          -0.7639      -5.3990       1.5627
    C          -0.1729      -6.3469       0.7428
    C          -0.2556      -6.2275      -0.6353
    C          -0.9156      -5.1510      -1.1911
    C          -0.2097      -1.1547       1.8364
    C          -2.4301      -0.4562       2.4708
    H          -3.6492       1.8683      -0.5156
    H          -4.2442      -0.7298       0.9946
    H          -6.1319       1.5762       1.1739
    H          -6.4278       2.5627      -1.5682
    H          -7.3896       1.3053      -0.7745
    H          -4.7466       0.9454      -2.2120
    H          -2.8856      -0.7190      -1.6683
    H          -1.1756       1.8958      -0.6851
    H          -1.8482       3.6442       0.8092
    H          -0.3040      -0.0417      -1.8339
    H           0.0915      -1.3953      -0.8029
    H           1.2665       1.1760      -0.8368
    H          -7.9448      -1.4088      -1.9397
    H          -8.9861      -0.4737      -0.9254
    H          -9.1715      -2.2206      -0.9250
    H          -5.9697      -2.4207      -1.8715
    H          -4.4957      -1.6916      -2.5342
    H          -6.1859       3.7990       0.8058
    H          -0.4047       4.5303       2.2919
    H          -1.4092       5.9590       2.2202
    H           0.3171       6.0932       1.8872
    H           1.4833       3.0343       2.0569
    H           0.8689       3.6688       0.5366
    H           2.1685       2.5342       0.5368
    H           3.9670      -1.8925      -0.0573
    H           5.5542      -0.3517      -0.8218
    H           5.3545      -3.2557       0.9039
    H           7.0989      -4.9514       0.7469
    H           9.4172      -4.3037       0.2408
    H           9.9857      -1.9178       0.0023
    H           8.2255      -0.2253       0.1253
    H           3.1299      -1.6338       2.1084
    H           6.0936       0.6251       1.8860
    H           6.7084       0.4705      -1.9833
    H           5.6744       0.8728      -4.1413
    H           4.3798       2.9274      -4.5336
    H           4.2564       4.6442      -2.7661
    H           5.1747       4.1495      -0.5327
    H          -1.9016      -3.5962       1.6316
    H          -0.6960      -5.4955       2.6284
    H           0.3482      -7.1761       1.1766
    H           0.1935      -6.9648      -1.2689
    H          -0.9826      -5.0259      -2.2518
    H           0.6895      -0.6503       2.1318
    H           0.0409      -1.8507       1.0571
    H          -0.5497      -1.7388       2.6731
    H          -2.6865      -1.5071       2.3903
    H          -3.3390       0.1001       2.4689
    H          -1.9770      -0.2959       3.4410

============== BASIS INFOS ==============
 BASIS FUNCTIONS = 1404
 NSHELL =  452 NPRIM  = 2295
 JSHELL =  452 JBASIS =  977


 @ End Reading Molecular Information 


 @ Begin cuEST Initialization


 @ End cuEST Initialization


 @ Begin Energy Calculation

| Number of total basis functions:   1404
| Number of linearly independent basis functions:   1373
| condition number of overlap matrix:    4.850E+08
| Smallest eigenvalue of overlap matrix:    4.639E-08

                                         SCF ENERGY
| ------------------------------------------------------------------------------------------------------------------------
| NCYC       ENERGY         DELTA_E      SCF_TIME  DII_CYC   DII_TIME   O_TIME  DIAG_TIME    MAX_ERR    RMS_CHG    MAX_CHG
| ------------------------------------------------------------------------------------------------------------------------
|  1  -2880.875548612      ------         4.115     1        0.11      4.00      0.02    0.5162E+00  0.4722E-01  0.7449E+01
|  2  -2864.484253821  -.163913E+02       1.658     2        0.11      1.54      0.02    0.9345E+00  0.1198E+00  0.5717E+02
|  3  -2830.979254238  -.335050E+02       1.691     3        0.14      1.55      0.02    0.1102E+01  0.1157E+00  0.5761E+02
|   ***  Level shifting applied  ( HOMO-LUMO gap =  0.001 au ) ***
|  4  -2906.242062440  0.752628E+02       1.706     4        0.14      1.56      0.02    0.3624E+00  0.7824E-02  0.5154E+00
|   ***  Level shifting applied  ( HOMO-LUMO gap =  0.010 au ) ***
|  5  -2907.159141567  0.917079E+00       1.702     5        0.15      1.55      0.02    0.2368E+00  0.4997E-02  0.6192E+00
|   ***  Level shifting applied  ( HOMO-LUMO gap =  0.036 au ) ***
|  6  -2909.712033790  0.255289E+01       1.690     6        0.13      1.55      0.02    0.5157E-01  0.1788E-02  0.1348E+00
|  7  -2909.854946561  0.142913E+00       1.694     7        0.13      1.55      0.02    0.3013E-01  0.7836E-03  0.6852E-01
|  8  -2909.888181320  0.332348E-01       1.694     8        0.14      1.55      0.02    0.1655E-01  0.2718E-03  0.2040E-01
|  9  -2909.893549712  0.536839E-02       1.701     9        0.15      1.55      0.02    0.7112E-02  0.1598E-03  0.1177E-01
| 10  -2909.895046643  0.149693E-02       1.708    10        0.15      1.55      0.02    0.3232E-02  0.7183E-04  0.6260E-02
| 11  -2909.895301805  0.255162E-03       1.742     1        0.19      1.55      0.02    0.1227E-02  0.3120E-04  0.2293E-02
| 12  -2909.895352195  0.503902E-04       1.741     2        0.19      1.55      0.02    0.6859E-03  0.1487E-04  0.1237E-02
| 13  -2909.895362404  0.102090E-04       1.745     3        0.19      1.55      0.02    0.2275E-03  0.5831E-05  0.4413E-03
| 14  -2909.895364101  0.169704E-05       1.748     4        0.19      1.55      0.02    0.5735E-04  0.2486E-05  0.1952E-03
| 15  -2909.895364354  0.253194E-06       1.741     5        0.19      1.55      0.02    0.2918E-04  0.6414E-06  0.3416E-04
| ------------------------------------------------------------------------------------------------------------------------
| REACH CONVERGENCE AFTER  15 CYCLES
| MAX ERROR = 0.291767E-04   RMS CHANGE = 0.641364E-06   MAX CHANGE = 0.341641E-04
| -----------------------------------------------
 ELECTRONIC ENERGY    = -12576.965239678
 CORE_CORE REPULSION  =   9667.069875324
 TOTAL ENERGY         =  -2909.895364354

 @ End Energy calculation


 @ Begin Gradient Calculation

 ANALYTICAL GRADIENT: 
----------------------------------------
 COORDINATE    XYZ            GRADIENT
----------------------------------------
    1X    -6.3960620484    -0.0085046583
    1Y     1.6375501950    -0.0019156664
    1Z    -1.0167391376    -0.0033852041
    2X    -5.5976016175    -0.0051187679
    2Y     1.9479657588    -0.0222719629
    2Z     0.3156763941     0.0105044526
    3X    -4.1358426958     0.0071743550
    3Y     1.3888886961     0.0006558338
    3Z     0.3061559434    -0.0083898966
    4X    -4.0900119523    -0.0004239505
    4Y    -0.2069339958    -0.0022110618
    4Z     0.0759908158     0.0048028263
    5X    -5.3005248048     0.0166929614
    5Y    -0.5559696325     0.0029465386
    5Z    -0.7831189998     0.0033871823
    6X    -5.6408357108     0.0104004321
    6Y     0.5560152125     0.0322092680
    6Z    -1.7454175833     0.0122000098
    7X    -2.8203121254    -0.0007470108
    7Y    -0.7723427990     0.0217098644
    7Z    -0.5951161554    -0.0003482738
    8X    -3.4405170127    -0.0083203905
    8Y     1.9809802613    -0.0108537909
    8Z     1.5954933618    -0.0323685782
    9X    -1.5722955801    -0.0032228173
    9Y    -0.0769638959    -0.0212649789
    9Z    -0.1719253231     0.0091212053
   10X    -2.6953277358    -0.0049927253
   10Y    -2.1590275449     0.0038338510
   10Z    -0.1697708530     0.0178311107
   11X    -1.8693494728    -0.0206188914
   11Y     1.2308627640     0.0065930167
   11Z    -0.7751224092    -0.0085580798
   12X    -1.3334065318     0.0002317723
   12Y    -0.1176307990     0.0130537519
   12Z     1.4101577377    -0.0031428218
   13X    -0.8881045478     0.0117832125
   13Y     1.2874585683    -0.0240751088
   13Z     1.4845317434     0.0009594539
   14X     0.3196037144    -0.0015411289
   14Y     1.5770568504     0.0102488334
   14Z     0.9640606036     0.0035319696
   15X    -4.0360630582    -0.0202161482
   15Y     2.4497905671     0.0172350610
   15Z     2.5047991213     0.0292487644
   16X    -1.9504981989     0.0049198911
   16Y     2.1870801370     0.0145005061
   16Z     1.7492358836    -0.0030376458
   17X    -0.2198636968     0.0004968745
   17Y    -0.3744037186    -0.0132235981
   17Z    -0.8072270516    -0.0028508424
   18X     0.8361322639    -0.0111052181
   18Y     0.5392960612     0.0097931594
   18Z    -0.0882305667    -0.0096937072
   19X    -6.3705655165     0.0052726876
   19Y    -0.7461437470     0.0135872771
   19Z     0.1814962939     0.0021297384
   20X    -7.5079891033    -0.0132218386
   20Y    -1.5312545569     0.0044047058
   20Z     0.1764442435    -0.0188544071
   21X    -7.7343174206    -0.0059403552
   21Y    -2.1872431170    -0.0178715491
   21Z     1.1532460581     0.0267773541
   22X    -8.4523256355     0.0033486734
   22Y    -1.4157501381     0.0034430716
   22Z    -0.9939260359    -0.0052225181
   23X    -5.4161060936     0.0161282217
   23Y    -1.5091024852    -0.0385265007
   23Z    -2.0070004333     0.0013272416
   24X    -6.2192576349    -0.0300949150
   24Y    -0.4454467640    -0.0025020036
   24Z    -2.6902952054    -0.0302034870
   25X    -5.4267630344     0.0255329017
   25Y     3.3774439679     0.0091063526
   25Z     0.3776243788    -0.0103880784
   26X    -1.6122442331    -0.0079494547
   26Y     4.1801173692    -0.0121188980
   26Z     0.0343779426    -0.0073344013
   27X    -0.7940924306     0.0035508941
   27Y     5.2257743591     0.0028563036
   27Z     0.2990567328     0.0119161630
   28X    -0.3048947533     0.0142347727
   28Y     5.8645770378     0.0147828097
   28Z    -0.5895333050    -0.0203673855
   29X    -0.5432142115     0.0127776394
   29Y     5.4736988580     0.0057937452
   29Z     1.7763875257     0.0051512634
   30X     1.2298581039    -0.0072403571
   30Y     2.7852910627    -0.0004133238
   30Z     1.0315035488    -0.0005399076
   31X     1.9361231978    -0.0081984438
   31Y    -0.3334212455    -0.0183843235
   31Z     0.3599506875     0.0095418002
   32X     3.1923973838     0.0250917343
   32Y     0.0392867930    -0.0225920628
   32Z     0.0732008056     0.0119366679
   33X     3.4564615139     0.0057635530
   33Y     1.0474090400     0.0317625530
   33Z    -0.5229789999    -0.0141843224
   34X     4.1741653088    -0.0008082897
   34Y    -1.0074733869     0.0015788599
   34Z     0.5409361113    -0.0205879068
   35X     5.5923107171    -0.0026142015
   35Y    -0.5507792521     0.0002590670
   35Z     0.2305424976    -0.0032811845
   36X     6.6535037881     0.0037151715
   36Y    -1.6276655543    -0.0045323694
   36Z     0.4267850326     0.0014063159
   37X     6.3531150051    -0.0002533817
   37Y    -2.9590429360     0.0021452903
   37Z     0.6578478902     0.0004428870
   38X     7.3484382612    -0.0017744038
   38Y    -3.9223477295    -0.0017528958
   38Z     0.5946433254     0.0001649907
   39X     8.6553271210     0.0013162011
   39Y    -3.5577624717     0.0000029267
   39Z     0.3262773549    -0.0006244051
   40X     8.9721243751    -0.0005695622
   40Y    -2.2174055893     0.0008490191
   40Z     0.1751067634    -0.0000750318
   41X     7.9780886392    -0.0023148386
   41Y    -1.2615409463     0.0011870534
   41Z     0.2323472177     0.0005963866
   42X     4.0117557664     0.0183659570
   42Y    -1.2781154276     0.0047380374
   42Z     1.9325733176     0.0165331865
   43X     5.9708271360    -0.0035734473
   43Y     0.6810003920    -0.0077228460
   43Z     0.8873416378    -0.0082139571
   44X     6.1083015365    -0.0020387276
   44Y     1.9571430895    -0.0101635630
   44Z     0.3956142302    -0.0193933024
   45X     6.3193162726     0.0022330676
   45Y     2.8803622800     0.0255960400
   45Z     1.1682892292     0.0175224275
   46X     5.8856240794    -0.0057758691
   46Y     2.2294773203    -0.0034526971
   46Z    -1.0684369316    -0.0071980247
   47X     6.1182760772    -0.0003013702
   47Y     1.3530946933     0.0005864994
   47Z    -2.1154263515     0.0074878117
   48X     5.5666096951    -0.0016533401
   48Y     1.5985928121    -0.0040567650
   48Z    -3.3627524368    -0.0031615077
   49X     4.8504996604    -0.0037885876
   49Y     2.7660993212     0.0059085864
   49Z    -3.5880647940    -0.0001764883
   50X     4.7600527335     0.0031153812
   50Y     3.7102514633    -0.0069388329
   50Z    -2.5859740575     0.0000887741
   51X     5.2758312329     0.0024522588
   51Y     3.4419996328    -0.0048403763
   51Z    -1.3326645918    -0.0003951576
   52X    -2.1366951232     0.0158191000
   52Y    -3.0476308227    -0.0335447801
   52Z    -1.0300506687     0.0349375872
   53X    -2.1451656838    -0.0021217961
   53Y    -2.8533799779     0.0111717188
   53Z    -2.2328872205    -0.0456312017
   54X    -1.5033715748     0.0034767331
   54Y    -4.2030090710    -0.0017006314
   54Z    -0.3691075382     0.0067489145
   55X    -1.4395727999    -0.0010169312
   55Y    -4.3266984404     0.0041321936
   55Z     1.0054186368    -0.0058923098
   56X    -0.7638830383     0.0003574714
   56Y    -5.3989755623     0.0003819564
   56Z     1.5627243193    -0.0007605707
   57X    -0.1728504332     0.0009003465
   57Y    -6.3468611347    -0.0010382211
   57Z     0.7427716867    -0.0008829650
   58X    -0.2555829795    -0.0007957485
   58Y    -6.2275391756     0.0010146219
   58Z    -0.6353203685     0.0011719170
   59X    -0.9155594699    -0.0016697297
   59Y    -5.1509647533     0.0036818031
   59Z    -1.1911104510     0.0018922081
   60X    -0.2097392960     0.0079307791
   60Y    -1.1547475382    -0.0051061991
   60Z     1.8364341802     0.0036032780
   61X    -2.4300503956    -0.0034118643
   61Y    -0.4562313148     0.0032614606
   61Z     2.4707643087     0.0057463155
   62X    -3.6491745187     0.0026145685
   62Y     1.8683153927    -0.0010879463
   62Z    -0.5155830594    -0.0007378989
   63X    -4.2442042941    -0.0009609400
   63Y    -0.7298029557    -0.0006869781
   63Z     0.9946071660    -0.0026125960
   64X    -6.1319130983     0.0017813716
   64Y     1.5761652304    -0.0028250778
   64Z     1.1739417496    -0.0014745113
   65X    -6.4278100209     0.0031801892
   65Y     2.5627464257    -0.0006893192
   65Z    -1.5682089798     0.0036675524
   66X    -7.3896389443     0.0038662679
   66Y     1.3053382297    -0.0028798043
   66Z    -0.7744957191     0.0002754284
   67X    -4.7465709525     0.0005510799
   67Y     0.9454138022    -0.0010427651
   67Z    -2.2120482489     0.0022572399
   68X    -2.8855556304     0.0004628968
   68Y    -0.7190312849     0.0036450653
   68Z    -1.6682582674    -0.0012623035
   69X    -1.1756472598     0.0159030633
   69Y     1.8958447948     0.0176173771
   69Z    -0.6850815723     0.0014426011
   70X    -1.8481633811    -0.0100338033
   70Y     3.6442038083    -0.0174924327
   70Z     0.8091516318     0.0143233609
   71X    -0.3040223032    -0.0036412642
   71Y    -0.0416779132     0.0052654816
   71Z    -1.8339006500     0.0007957789
   72X     0.0915191370    -0.0028419084
   72Y    -1.3952922665     0.0060035377
   72Z    -0.8028716213    -0.0009315270
   73X     1.2665208967    -0.0022054422
   73Y     1.1759764098     0.0000162286
   73Z    -0.8367613039     0.0027941679
   74X    -7.9447757667     0.0014543936
   74Y    -1.4087837076     0.0012436332
   74Z    -1.9396808281     0.0009051977
   75X    -8.9860731662    -0.0001999109
   75Y    -0.4736978662    -0.0007218329
   75Z    -0.9254125307    -0.0023085781
   76X    -9.1714810604    -0.0006374122
   76Y    -2.2205725696    -0.0002948609
   76Z    -0.9250167206     0.0002824142
   77X    -5.9696663559     0.0020064744
   77Y    -2.4206610149     0.0028402365
   77Z    -1.8715271229     0.0005262643
   78X    -4.4956991333     0.0006109961
   78Y    -1.6916168492     0.0006680255
   78Z    -2.5341524535     0.0019816108
   79X    -6.1859311524    -0.0218334472
   79Y     3.7990295001     0.0134433514
   79Z     0.8057985915     0.0104358484
   80X    -0.4047348909     0.0001126815
   80Y     4.5302822759    -0.0040467334
   80Z     2.2918681450    -0.0006651925
   81X    -1.4092254776    -0.0008880477
   81Y     5.9590269651    -0.0009903986
   81Z     2.2201989695     0.0022550893
   82X     0.3171041142    -0.0080134185
   82Y     6.0931668053    -0.0066597493
   82Z     1.8871610341    -0.0019053346
   83X     1.4832825233     0.0035531930
   83Y     3.0343297417    -0.0005922185
   83Z     2.0569032671     0.0000654713
   84X     0.8689347864     0.0009203050
   84Y     3.6687759202     0.0004545796
   84Z     0.5365847410     0.0013544434
   85X     2.1684890256     0.0076413568
   85Y     2.5341565935    -0.0033092648
   85Z     0.5367745110    -0.0055973359
   86X     3.9669616429     0.0003215343
   86Y    -1.8924970245     0.0001502320
   86Z    -0.0572581044    -0.0026224920
   87X     5.5541776341     0.0007704796
   87Y    -0.3516751969     0.0020512004
   87Z    -0.8217997928    -0.0005829583
   88X     5.3544978589     0.0015478182
   88Y    -3.2557102186     0.0018354674
   88Z     0.9038848590     0.0014121842
   89X     7.0989144921     0.0009143022
   89Y    -4.9513961981     0.0043625139
   89Z     0.7469288470    -0.0011928327
   90X     9.4171946391    -0.0033469844
   90Y    -4.3036937586     0.0031606838
   90Z     0.2407856384    -0.0011580990
   91X     9.9857451625    -0.0034811601
   91Y    -1.9177654664    -0.0005711520
   91Z     0.0023467702     0.0005503544
   92X     8.2254739781    -0.0018504565
   92Y    -0.2253064972    -0.0019169464
   92Z     0.1253413196     0.0017141548
   93X     3.1299497190    -0.0219093773
   93Y    -1.6337869448    -0.0101578186
   93Z     2.1083780410     0.0059568814
   94X     6.0936142953     0.0009164251
   94Y     0.6250744177    -0.0030372087
   94Z     1.8859549340     0.0094587217
   95X     6.7084385023    -0.0013607469
   95Y     0.4705180859     0.0016495159
   95Z    -1.9833353715     0.0004391403
   96X     5.6743955033    -0.0025503233
   96Y     0.8727860166     0.0018861130
   96Z    -4.1412753062     0.0041123185
   97X     4.3798459545     0.0009822387
   97Y     2.9274162635    -0.0024076878
   97Z    -4.5335959262     0.0054002076
   98X     4.2563846850     0.0001829262
   98Y     4.6442142246     0.0006240611
   98Z    -2.7660689312    -0.0001568956
   99X     5.1747309752     0.0016747681
   99Y     4.1495329469     0.0000364746
   99Z    -0.5327311807     0.0001616281
  100X    -1.9015966152     0.0014297982
  100Y    -3.5961884646    -0.0009625564
  100Z     1.6316251146    -0.0015269342
  101X    -0.6959961231     0.0005760775
  101Y    -5.4955301297     0.0002472357
  101Z     2.6284273507    -0.0022215377
  102X     0.3482320666    -0.0015042020
  102Y    -7.1761497180     0.0026516131
  102Z     1.1766068899    -0.0014158825
  103X     0.1934856248    -0.0016158581
  103Y    -6.9647955319     0.0021885472
  103Z    -1.2689412269     0.0016646803
  104X    -0.9826070850    -0.0003023027
  104Y    -5.0258756638     0.0006081097
  104Z    -2.2518210920     0.0026285819
  105X     0.6895305627     0.0006971160
  105Y    -0.6503325997    -0.0000519472
  105Z     2.1318040128    -0.0030418288
  106X     0.0408559131    -0.0002459379
  106Y    -1.8507204713     0.0006498125
  106Z     1.0570934807    -0.0023109601
  107X    -0.5497152620     0.0018429513
  107Y    -1.7387967528     0.0007321856
  107Z     2.6730564641    -0.0027614773
  108X    -2.6864695851     0.0005379636
  108Y    -1.5071205751    -0.0036551831
  108Z     2.3903168925    -0.0010506171
  109X    -3.3390145450     0.0016317281
  109Y     0.1000510676     0.0004815803
  109Z     2.4688671085    -0.0021384993
  110X    -1.9770021010    -0.0004059043
  110Y    -0.2959025626    -0.0003696111
  110Z     3.4410103628    -0.0007516630
----------------------------------------

 @ End Gradient Calculation

  Skipping one-electron property calculation.

 @ Output cuEST Memory Footprint

------------- cuEST MEMORY USAGE ---------------
| Peak Host Footprint =    95.01 kB
| Host Allocations =    34
| Peak Device Footprint =    69.44 GB
| Device Allocations =    28
------------------------------------------------

 @ Finish Output cuEST Memory Footprint


 @ Output Timing Information

------------- TIMING ---------------
| INITIALIZATION TIME =     0.278863000(  0.58%)
| CUEST INITIALIZATION TIME =     2.396816000(  5.03%)
| INITIAL GUESS TIME  =     4.511671000(  9.46%)
| OVERLAP 1e INTEGRALS TIME      =     1.197106000( 2.51%)
| OVERLAP 1e DIAGONALIZATION TIME =     0.025523000( 0.05%)
| TOTAL SCF TIME      =    30.528524000( 64.03%)
|       TOTAL OP TIME      =    28.132570000( 59.01%)
|             TOTAL 1e TIME      =     2.451110000(  5.14%)
|                KINETIC 1e INTEGRALS TIME    =     1.182134000(  2.48%)
|                ATTRACTION 1e INTEGRALS TIME =     1.259336000(  2.64%)
|             TOTAL 2e TIME      =    22.769461000( 47.76%)
|             TOTAL ENERGY TIME  =     0.113568000(  0.24%)
|       TOTAL DII TIME      =     2.286303000(  4.80%)
|             TOTAL DIAG TIME    =     0.305504000(  0.64%)
| TOTAL GRADIENT TIME      =    10.721988000( 22.49%)
|       TOTAL NUCLEAR GRADIENT TIME =     0.000555000(  0.00%)
|       TOTAL 1e GRADIENT TIME      =     6.030771000( 12.81%)
|          KINETIC 1e GRADIENT TIME      =     6.030771000( 12.65%)
|          ATTRACTION 1e GRADIENT TIME   =     0.075020000(  0.16%)
|       TOTAL 2e GRADIENT TIME      =     4.615626000( 9.68%)
| TOTAL TIME          =    47.676436000
------------------------------------
| Job cpu time:  0 days  0 hours  0 minutes 47.7 seconds.

 @ Finish Output Timing Information

| Normal Termination. Task Finished on: Mon Sep 28 08:50:56 2026
