| *********************************************************************************************************
| **                                                                                                     **
| **           888888888888                                                                              **
| **         8888888888888888                                                                            **
| **      888888888888888888                                                                             **
| **     888888888888888888                                                                              **
| **    888888888888888                                                                                  **
| **   88888888888888888888                               88888                       8888:              **
| **   8888888888888888888888Z                            88888                       8888:              **
| **   888888888888888888888888?                          88888                       8888:              **
| **   8888888888888      8888888                                        888888       8888:              **
| **    88888888888         888888     8888:     88888    88888        888888888I     8888:    888888    **
| **    8888888888           88888:    8888:     88888    88888      $888888888888    8888:   888888     **
| **    I8Z 88888             88888    8888:     88888    88888    .888888     8888   8888: 888888       **
| **    .8Z 88888             88888    8888:     88888    88888    $88888             8888:88888         **
| **     8I 88888      .=88. .88888    8888:     88888    88888    88888              8888888888         **
| **    :8  88888      888888$8888$    8888:     88888    88888    8888O              88888888888        **
| **   ,7   +88888.     8888888888.    8888:     88888    88888    888888             88888O888888       **
| **         $888888:.   .8888888      88888....888888    88888     888888     8888   8888:  888888      **
| **          I8888888888888888888     888888888888888    88888     O888888888888O    8888:   888888     **
| **            O888888888888888888     88888888888888    88888       88888888888$    8888:    888888    **
| **               8888888Z     888      .8888I  88888    88888         8888888       8888:     888888   **
| **                                                                                                     **
| **                                                                                                     **
| **                                         Copyright (c) 2026                                          **
| **                          Regents of the University of California San Diego                          **
| **                                    & Michigan State University                                      **
| **                                        All Rights Reserved.                                         **
| **                                                                                                     **
| **             This software is subject to the terms of the Mozilla Public License, v. 2.0.            **
| **                                                                                                     **
| *********************************************************************************************************
|                                                                                                          
| Cite this work as:                                                                                       
| Manathunga, M.; O'Hearn, K. A.; Shajan, A.; Smith, J.; Miao, Y.; He, X.; Ayers, K.;                      
| Brothers, E.; Palos, E.; Tripathy, V.; Goetz, A.W.; Merz, K.M. QUICK-26.03.                              
| University of California,San Diego, CA and                                                               
| Michigan State University, East Lansing, MI, 2026                                                        
|                                                                                                          
| If you have any comments or queries, please reach out to us on GitHub issues or discussion sections:     
| https://github.com/merzlab/QUICK.                                                                        
|                                                                                                          
| TASK STARTS ON: Sat Aug 29 07:27:20 2026
| INPUT FILE :    /work2/11707/msun12/stampede3/quickruns/3447189/txl2/taxol_blyp_def2-TZVP.in
| OUTPUT FILE:    /work2/11707/msun12/stampede3/quickruns/3447189/txl2/taxol_blyp_def2-TZVP.out
| BASIS SET PATH: /home1/11707/msun12/QUICK-cuEST-install/basis

|------------ GPU INFORMATION ---------------
| CUDA ENABLED DEVICE         :        1
| CUDA DEVICE IN USE          :        0
| CUDA DEVICE NAME            : NVIDIA H100
| CUDA DEVICE PM              :      132
| CUDA DEVICE CORE FREQ(GHZ)  :     1.98
| CUDA DEVICE MEMORY SIZE (MB):    95321
| SUPPORTING CUDA VERSION     :      9.0
|--------------------------------------------

 @ Read Job And Atom

  KEYWORD=BLYP BASIS=DEF2-TZVP CUTOFF=1.0E-10 DENSERMS=1.0E-6 GRADIENT CUEST
 ============== JOB CARD =============
 METHOD = DENSITY FUNCTIONAL THEORY
 USING LIBXC VERSION: 4.3.4
 FUNCTIONAL INFORMATION:
 NAME = Becke 88 FAMILY = GGA KIND = EXCHANGE
 NAME = Lee, Yang & Parr FAMILY = GGA KIND = CORRELATION
 DIRECT SCF 
 SAD INITAL GUESS 
 USE DIIS SCF
 PRINT ENERGY EVERY CYCLE
 READ SAD GUESS FROM FILE
 STANDARD GRID = SG1
 Level shifting allowed after cycle    3
 DIIS error must exceed 0.100 for level shifting
 Max HOMO-LUMO gap to allow level shifting = 0.200
 GRADIENT CALCULATION
 MAX SCF CYCLES =    200
 MAX DIIS CYCLES =   10
 DELTA DENSITY START CYCLE =    3
 COMPUTATIONAL CUTOFF: 
      TWO-e INTEGRAL         =  0.100E-09
      BASIS SET PRIME        =  0.100E-10
      MATRIX ELEMENTS        =  0.100E-09
      BASIS FUNCTION         =  0.100E-05
      NEAR-LINEAR DEPENDENCY =  0.100E-04
      GRADIENT CUTOFF  =  0.100E-06
 DENSITY MATRIX MAXIMUM RMS FOR CONVERGENCE  =  0.100E-05
 BASIS SET = DEF2-TZVP,  TYPE = CARTESIAN
| BASIS FILE = /home1/11707/msun12/QUICK-cuEST-install/basis/DEF2-TZVP.BAS
| DATA FILE  =    /work2/11707/msun12/stampede3/quickruns/3447189/txl2/taxol_blyp_def2-TZVP.dat

 @ Finish reading job


 @ Begin SAD initial guess

 For Atom Kind =    1
 ELEMENT = C 
 BASIS FUNCTIONS =   36
 For Atom Kind =    2
 ELEMENT = O 
 BASIS FUNCTIONS =   36
 For Atom Kind =    3
 ELEMENT = N 
 BASIS FUNCTIONS =   36
 For Atom Kind =    4
 ELEMENT = H 
 BASIS FUNCTIONS =    6

 @ Finish SAD initial guess


 @ Begin Reading Molecular Information


 =========== Molecule Input ==========
 TOTAL MOLECULAR CHARGE  =    0    MULTIPLICITY                =    1
 TOTAL ATOM NUMBER       =  110    NUMBER OF ATOM TYPES        =    4
 NUMBER OF HYDROGEN ATOM =   49    NUMBER OF NON-HYDROGEN ATOM =   61
 NUMBER OF ELECTRONS     =  446

 -- INPUT GEOMETRY -- :
    C          -6.3961       1.6376      -1.0167
    C          -5.5976       1.9480       0.3157
    C          -4.1358       1.3889       0.3062
    C          -4.0900      -0.2069       0.0760
    C          -5.3005      -0.5560      -0.7831
    C          -5.6408       0.5560      -1.7454
    C          -2.8203      -0.7723      -0.5951
    C          -3.4405       1.9810       1.5955
    C          -1.5723      -0.0770      -0.1719
    O          -2.6953      -2.1590      -0.1698
    O          -1.8693       1.2309      -0.7751
    C          -1.3334      -0.1176       1.4102
    C          -0.8881       1.2875       1.4845
    C           0.3196       1.5771       0.9641
    O          -4.0361       2.4498       2.5048
    O          -1.9505       2.1871       1.7492
    C          -0.2199      -0.3744      -0.8072
    C           0.8361       0.5393      -0.0882
    O          -6.3706      -0.7461       0.1815
    C          -7.5080      -1.5313       0.1764
    O          -7.7343      -2.1872       1.1532
    C          -8.4523      -1.4158      -0.9939
    C          -5.4161      -1.5091      -2.0070
    O          -6.2193      -0.4454      -2.6903
    O          -5.4268       3.3774       0.3776
    O          -1.6122       4.1801       0.0344
    C          -0.7941       5.2258       0.2991
    O          -0.3049       5.8646      -0.5895
    C          -0.5432       5.4737       1.7764
    C           1.2299       2.7853       1.0315
    O           1.9361      -0.3334       0.3600
    C           3.1924       0.0393       0.0732
    O           3.4565       1.0474      -0.5230
    C           4.1742      -1.0075       0.5409
    C           5.5923      -0.5508       0.2305
    C           6.6535      -1.6277       0.4268
    C           6.3531      -2.9590       0.6578
    C           7.3484      -3.9223       0.5946
    C           8.6553      -3.5578       0.3263
    C           8.9721      -2.2174       0.1751
    C           7.9781      -1.2615       0.2323
    O           4.0118      -1.2781       1.9326
    N           5.9708       0.6810       0.8873
    C           6.1083       1.9571       0.3956
    O           6.3193       2.8804       1.1683
    C           5.8856       2.2295      -1.0684
    C           6.1183       1.3531      -2.1154
    C           5.5666       1.5986      -3.3628
    C           4.8505       2.7661      -3.5881
    C           4.7601       3.7103      -2.5860
    C           5.2758       3.4420      -1.3327
    C          -2.1367      -3.0476      -1.0301
    O          -2.1452      -2.8534      -2.2329
    C          -1.5034      -4.2030      -0.3691
    C          -1.4396      -4.3267       1.0054
    C          -0.7639      -5.3990       1.5627
    C          -0.1729      -6.3469       0.7428
    C          -0.2556      -6.2275      -0.6353
    C          -0.9156      -5.1510      -1.1911
    C          -0.2097      -1.1547       1.8364
    C          -2.4301      -0.4562       2.4708
    H          -3.6492       1.8683      -0.5156
    H          -4.2442      -0.7298       0.9946
    H          -6.1319       1.5762       1.1739
    H          -6.4278       2.5627      -1.5682
    H          -7.3896       1.3053      -0.7745
    H          -4.7466       0.9454      -2.2120
    H          -2.8856      -0.7190      -1.6683
    H          -1.1756       1.8958      -0.6851
    H          -1.8482       3.6442       0.8092
    H          -0.3040      -0.0417      -1.8339
    H           0.0915      -1.3953      -0.8029
    H           1.2665       1.1760      -0.8368
    H          -7.9448      -1.4088      -1.9397
    H          -8.9861      -0.4737      -0.9254
    H          -9.1715      -2.2206      -0.9250
    H          -5.9697      -2.4207      -1.8715
    H          -4.4957      -1.6916      -2.5342
    H          -6.1859       3.7990       0.8058
    H          -0.4047       4.5303       2.2919
    H          -1.4092       5.9590       2.2202
    H           0.3171       6.0932       1.8872
    H           1.4833       3.0343       2.0569
    H           0.8689       3.6688       0.5366
    H           2.1685       2.5342       0.5368
    H           3.9670      -1.8925      -0.0573
    H           5.5542      -0.3517      -0.8218
    H           5.3545      -3.2557       0.9039
    H           7.0989      -4.9514       0.7469
    H           9.4172      -4.3037       0.2408
    H           9.9857      -1.9178       0.0023
    H           8.2255      -0.2253       0.1253
    H           3.1299      -1.6338       2.1084
    H           6.0936       0.6251       1.8860
    H           6.7084       0.4705      -1.9833
    H           5.6744       0.8728      -4.1413
    H           4.3798       2.9274      -4.5336
    H           4.2564       4.6442      -2.7661
    H           5.1747       4.1495      -0.5327
    H          -1.9016      -3.5962       1.6316
    H          -0.6960      -5.4955       2.6284
    H           0.3482      -7.1761       1.1766
    H           0.1935      -6.9648      -1.2689
    H          -0.9826      -5.0259      -2.2518
    H           0.6895      -0.6503       2.1318
    H           0.0409      -1.8507       1.0571
    H          -0.5497      -1.7388       2.6731
    H          -2.6865      -1.5071       2.3903
    H          -3.3390       0.1001       2.4689
    H          -1.9770      -0.2959       3.4410

============== BASIS INFOS ==============
 BASIS FUNCTIONS = 2490
 NSHELL =  867 NPRIM  = 3503
 JSHELL =  867 JBASIS = 1514


 @ End Reading Molecular Information 


 @ Begin cuEST Initialization


 @ End cuEST Initialization


 @ Begin XC Quadrature Formation

 OCTAGO: OCTree Algorithm for Grid Operations 
   PRUNING CUTOFF       = 0.100E-06
   INITIAL GRID POINTS  =      416624
|   FINAL GRID POINTS    =           0
|   SIGNIFICANT NUMBER OF BASIS FUNCTIONS     =           0
|   SIGNIFICANT NUMBER OF PRIMITIVE FUNCTIONS =           0

 @ End XC Quadrature Formation


 @ Begin Energy Calculation

| Number of total basis functions:   2490
| Number of linearly independent basis functions:   2484
| condition number of overlap matrix:    6.017E+06
| Smallest eigenvalue of overlap matrix:    3.159E-06

                                         SCF ENERGY
| ------------------------------------------------------------------------------------------------------------------------
| NCYC       ENERGY         DELTA_E      SCF_TIME  DII_CYC   DII_TIME   O_TIME  DIAG_TIME    MAX_ERR    RMS_CHG    MAX_CHG
| ------------------------------------------------------------------------------------------------------------------------
|  1  -2891.674152459      ------         0.919     1        0.34      0.56      0.05    0.5800E+00  0.9437E+00  0.7083E+03
|  2  -1416.814052414  -.147486E+04       0.666     2        0.31      0.34      0.05    0.2915E+01  0.9353E+00  0.7030E+03
|  3  -2698.777299290  0.128196E+04       0.765     3        0.39      0.36      0.05    0.1662E+01  0.3571E-01  0.1447E+02
|   ***  Level shifting applied  ( HOMO-LUMO gap =  0.002 au ) ***
|  4  -2830.283181237  0.131506E+03       0.778     4        0.40      0.36      0.05    0.1033E+01  0.7207E+00  0.4626E+03
|   ***  Level shifting applied  ( HOMO-LUMO gap =  0.002 au ) ***
|  5  -1399.018131223  -.143127E+04       0.789     5        0.41      0.36      0.05    0.2259E+01  0.5082E+00  0.3299E+03
|   ***  Level shifting applied  ( HOMO-LUMO gap =  0.001 au ) ***
|  6  -1800.501629585  0.401483E+03       0.803     6        0.43      0.35      0.05    0.1991E+01  0.1221E+00  0.5152E+02
|   ***  Level shifting applied  ( HOMO-LUMO gap =  0.008 au ) ***
|  7  -2020.656560795  0.220155E+03       0.823     7        0.45      0.36      0.05    0.1875E+01  0.4415E-01  0.1582E+02
|   ***  Level shifting applied  ( HOMO-LUMO gap =  0.001 au ) ***
|  8  -2082.084435420  0.614279E+02       0.837     8        0.46      0.36      0.05    0.2053E+01  0.4318E-01  0.2354E+02
|   ***  Level shifting applied  ( HOMO-LUMO gap =  0.011 au ) ***
|  9  -2154.125532687  0.720411E+02       0.851     9        0.47      0.36      0.05    0.1784E+01  0.4531E-01  0.2193E+02
|   ***  Level shifting applied  ( HOMO-LUMO gap =  0.012 au ) ***
| 10  -2223.546169186  0.694206E+02       0.865    10        0.49      0.36      0.05    0.1863E+01  0.5901E-01  0.2634E+02
|   ***  Level shifting applied  ( HOMO-LUMO gap =  0.017 au ) ***
| 11  -2300.970396288  0.774242E+02       0.982     1        0.60      0.36      0.05    0.2190E+01  0.4618E+00  0.4525E+03
|   ***  Level shifting applied  ( HOMO-LUMO gap =  0.016 au ) ***
| 12  -1888.060906950  -.412909E+03       0.980     2        0.60      0.36      0.05    0.2212E+01  0.5567E-01  0.2102E+02
|   ***  Level shifting applied  ( HOMO-LUMO gap =  0.004 au ) ***
| 13  -1852.838424957  -.352225E+02       0.980     3        0.60      0.35      0.05    0.2410E+01  0.6476E+00  0.4474E+03
|   ***  Level shifting applied  ( HOMO-LUMO gap =  0.016 au ) ***
| 14  -1228.585919980  -.624253E+03       0.981     4        0.60      0.36      0.05    0.2618E+01  0.2130E+01  0.1550E+04
|   ***  Level shifting applied  ( HOMO-LUMO gap =  0.003 au ) ***
| 15   6551.248547369  -.777983E+04       0.986     5        0.60      0.36      0.05    0.5640E+01  0.1382E+01  0.1226E+04
|   ***  Level shifting applied  ( HOMO-LUMO gap =  0.012 au ) ***
| 16   3964.336008319  0.258691E+04       0.979     6        0.60      0.35      0.05    0.5144E+01  0.4007E+00  0.2101E+03
|   ***  Level shifting applied  ( HOMO-LUMO gap =  0.006 au ) ***
| 17   3197.143983144  0.767192E+03       0.982     7        0.61      0.36      0.05    0.4780E+01  0.5095E+00  0.4708E+03
|   ***  Level shifting applied  ( HOMO-LUMO gap =  0.009 au ) ***
| 18   2408.214572343  0.788929E+03       0.982     8        0.60      0.36      0.05    0.4531E+01  0.1822E+00  0.8779E+02
|   ***  Level shifting applied  ( HOMO-LUMO gap =  0.016 au ) ***
| 19   2035.469683720  0.372745E+03       0.980     9        0.60      0.36      0.05    0.4777E+01  0.2933E+00  0.1719E+03
|   ***  Level shifting applied  ( HOMO-LUMO gap =  0.005 au ) ***
| 20   1367.761289374  0.667708E+03       0.980    10        0.60      0.35      0.05    0.4011E+01  0.1919E+00  0.7599E+02
|   ***  Level shifting applied  ( HOMO-LUMO gap =  0.006 au ) ***
| 21    820.823914615  0.546937E+03       0.982     1        0.60      0.36      0.05    0.3775E+01  0.9502E+00  0.6362E+03
|   ***  Level shifting applied  ( HOMO-LUMO gap =  0.007 au ) ***
| 22    -65.926284299  0.886750E+03       0.981     2        0.60      0.36      0.05    0.3899E+01  0.7448E+00  0.5062E+03
|   ***  Level shifting applied  ( HOMO-LUMO gap =  0.011 au ) ***
| 23  -1870.905896078  0.180498E+04       0.980     3        0.60      0.35      0.05    0.2364E+01  0.1825E+01  0.1848E+04
|   ***  Level shifting applied  ( HOMO-LUMO gap =  0.010 au ) ***
| 24   1735.318188753  -.360622E+04       0.983     4        0.61      0.36      0.05    0.4587E+01  0.2002E+01  0.1431E+04
|   ***  Level shifting applied  ( HOMO-LUMO gap =  0.008 au ) ***
| 25   6026.406351222  -.429109E+04       0.981     5        0.60      0.36      0.05    0.5852E+01  0.8657E+00  0.5818E+03
|   ***  Level shifting applied  ( HOMO-LUMO gap =  0.008 au ) ***
| 26   4131.004514951  0.189540E+04       0.980     6        0.60      0.35      0.05    0.4818E+01  0.4612E+00  0.4171E+03
|   ***  Level shifting applied  ( HOMO-LUMO gap =  0.027 au ) ***
| 27   3471.952274695  0.659052E+03       0.981     7        0.60      0.36      0.05    0.4559E+01  0.1340E+00  0.8789E+02
|   ***  Level shifting applied  ( HOMO-LUMO gap =  0.010 au ) ***
| 28   3288.022628495  0.183930E+03       0.981     8        0.60      0.36      0.05    0.4483E+01  0.1948E+00  0.7825E+02
|   ***  Level shifting applied  ( HOMO-LUMO gap =  0.021 au ) ***
| 29   3106.155564255  0.181867E+03       0.980     9        0.60      0.35      0.05    0.4420E+01  0.1198E+00  0.3170E+02
|   ***  Level shifting applied  ( HOMO-LUMO gap =  0.005 au ) ***
| 30   2980.300325622  0.125855E+03       0.981    10        0.60      0.36      0.05    0.4352E+01  0.1497E+00  0.6339E+02
|   ***  Level shifting applied  ( HOMO-LUMO gap =  0.018 au ) ***
| 31   2862.370608010  0.117930E+03       0.981     1        0.60      0.36      0.05    0.4306E+01  0.5150E+00  0.2712E+03
|   ***  Level shifting applied  ( HOMO-LUMO gap =  0.005 au ) ***
| 32   1446.186986554  0.141618E+04       0.982     2        0.60      0.36      0.05    0.4171E+01  0.3671E+01  0.2215E+04
|   ***  Level shifting applied  ( HOMO-LUMO gap =  0.016 au ) ***
| 33   7001.549966523  -.555536E+04       0.980     3        0.60      0.35      0.05    0.6605E+01  0.3861E+01  0.2227E+04
|   ***  Level shifting applied  ( HOMO-LUMO gap =  0.012 au ) ***
| 34   6827.719260533  0.173831E+03       0.981     4        0.60      0.36      0.05    0.5314E+01  0.1814E+01  0.1532E+04
|   ***  Level shifting applied  ( HOMO-LUMO gap =  0.015 au ) ***
| 35   1106.451997329  0.572127E+04       0.981     5        0.60      0.36      0.05    0.4077E+01  0.2905E+01  0.1657E+04
|   ***  Level shifting applied  ( HOMO-LUMO gap =  0.008 au ) ***
| 36   1376.365280079  -.269913E+03       0.980     6        0.60      0.35      0.05    0.4639E+01  0.3573E+01  0.2271E+04
|   ***  Level shifting applied  ( HOMO-LUMO gap =  0.002 au ) ***
| 37   -659.433551774  0.203580E+04       0.982     7        0.60      0.36      0.05    0.2951E+01  0.3127E+01  0.2387E+04
|   ***  Level shifting applied  ( HOMO-LUMO gap =  0.008 au ) ***
| 38   1609.227869465  -.226866E+04       0.981     8        0.60      0.36      0.05    0.4585E+01  0.1807E+01  0.1414E+04
|   ***  Level shifting applied  ( HOMO-LUMO gap =  0.006 au ) ***
| 39  -1387.747646986  0.299698E+04       0.980     9        0.60      0.35      0.05    0.2850E+01  0.1609E+01  0.1050E+04
|   ***  Level shifting applied  ( HOMO-LUMO gap =  0.005 au ) ***
| 40   -203.790266779  -.118396E+04       0.980    10        0.60      0.35      0.05    0.3781E+01  0.1575E+01  0.1050E+04
|   ***  Level shifting applied  ( HOMO-LUMO gap =  0.005 au ) ***
| 41  -2163.596668637  0.195981E+04       0.983     1        0.61      0.36      0.05    0.2480E+01  0.5392E+00  0.3167E+03
|   ***  Level shifting applied  ( HOMO-LUMO gap =  0.007 au ) ***
| 42  -1075.300881141  -.108830E+04       0.983     2        0.61      0.36      0.05    0.3473E+01  0.3596E+00  0.3192E+03
|   ***  Level shifting applied  ( HOMO-LUMO gap =  0.001 au ) ***
| 43  -2328.678475944  0.125338E+04       0.983     3        0.61      0.36      0.05    0.2492E+01  0.1748E+01  0.1153E+04
|   ***  Level shifting applied  ( HOMO-LUMO gap =  0.006 au ) ***
| 44   -413.558082404  -.191512E+04       0.982     4        0.60      0.36      0.05    0.3750E+01  0.1597E+01  0.1073E+04
|   ***  Level shifting applied  ( HOMO-LUMO gap =  0.001 au ) ***
| 45  -1748.233673948  0.133468E+04       0.982     5        0.61      0.36      0.05    0.2397E+01  0.3071E+00  0.1105E+03
|   ***  Level shifting applied  ( HOMO-LUMO gap =  0.012 au ) ***
| 46  -2353.243319304  0.605010E+03       0.983     6        0.61      0.36      0.05    0.2539E+01  0.1065E+01  0.7028E+03
|   ***  Level shifting applied  ( HOMO-LUMO gap =  0.005 au ) ***
| 47  -1583.896246596  -.769347E+03       0.982     7        0.61      0.36      0.05    0.3360E+01  0.2289E+01  0.2596E+04
|   ***  Level shifting applied  ( HOMO-LUMO gap =  0.005 au ) ***
| 48  -1180.822444034  -.403074E+03       0.982     8        0.60      0.36      0.05    0.3305E+01  0.2038E+01  0.2594E+04
|   ***  Level shifting applied  ( HOMO-LUMO gap =  0.004 au ) ***
| 49  -2865.030105230  0.168421E+04       0.982     9        0.61      0.35      0.05    0.1082E+01  0.5013E+00  0.5735E+03
|   ***  Level shifting applied  ( HOMO-LUMO gap =  0.007 au ) ***
| 50  -1922.644947874  -.942385E+03       0.983    10        0.60      0.36      0.05    0.2725E+01  0.4062E+00  0.5515E+03
|   ***  Level shifting applied  ( HOMO-LUMO gap =  0.003 au ) ***
| 51  -2341.127784044  0.418483E+03       0.982     1        0.61      0.36      0.05    0.1899E+01  0.2131E+00  0.1586E+03
|   ***  Level shifting applied  ( HOMO-LUMO gap =  0.007 au ) ***
| 52  -2607.428019472  0.266300E+03       0.982     2        0.60      0.36      0.05    0.2359E+01  0.8133E-01  0.5405E+02
|   ***  Level shifting applied  ( HOMO-LUMO gap =  0.002 au ) ***
| 53  -2797.307958550  0.189880E+03       0.983     3        0.61      0.35      0.05    0.1217E+01  0.2491E-01  0.1382E+02
|   ***  Level shifting applied  ( HOMO-LUMO gap =  0.006 au ) ***
| 54  -2891.561768288  0.942538E+02       0.983     4        0.61      0.36      0.05    0.9422E+00  0.1332E+00  0.1336E+03
|   ***  Level shifting applied  ( HOMO-LUMO gap =  0.002 au ) ***
| 55  -2680.698692964  -.210863E+03       0.983     5        0.61      0.36      0.05    0.1338E+01  0.1276E+00  0.1270E+03
|   ***  Level shifting applied  ( HOMO-LUMO gap =  0.004 au ) ***
| 56  -2894.454741332  0.213756E+03       0.982     6        0.61      0.35      0.05    0.9480E+00  0.1473E-01  0.5794E+01
|   ***  Level shifting applied  ( HOMO-LUMO gap =  0.011 au ) ***
| 57  -2901.127713942  0.667297E+01       0.983     7        0.61      0.36      0.05    0.7153E+00  0.1201E-01  0.1060E+02
|   ***  Level shifting applied  ( HOMO-LUMO gap =  0.014 au ) ***
| 58  -2926.183977090  0.250563E+02       0.984     8        0.61      0.36      0.05    0.4136E+00  0.3019E-02  0.1199E+01
|   ***  Level shifting applied  ( HOMO-LUMO gap =  0.066 au ) ***
| 59  -2926.220601715  0.366246E-01       0.985     9        0.61      0.35      0.05    0.5315E+00  0.1266E-02  0.5387E+00
|   ***  Level shifting applied  ( HOMO-LUMO gap =  0.020 au ) ***
| 60  -2927.279649642  0.105905E+01       0.920    10        0.54      0.36      0.05    0.6775E-01  0.8321E-03  0.3665E+00
| 61  -2927.322858174  0.432085E-01       0.919     1        0.54      0.36      0.05    0.8541E-01  0.2896E-03  0.8140E-01
| 62  -2927.352626209  0.297680E-01       0.916     2        0.54      0.35      0.05    0.2481E-01  0.1513E-03  0.4396E-01
| 63  -2927.358230954  0.560474E-02       0.918     3        0.54      0.36      0.05    0.2263E-01  0.6910E-04  0.1749E-01
| 64  -2927.360641013  0.241006E-02       0.917     4        0.54      0.36      0.05    0.1508E-01  0.4527E-04  0.1210E-01
| 65  -2927.361035286  0.394273E-03       0.917     5        0.54      0.36      0.05    0.5166E-02  0.2569E-04  0.7652E-02
| 66  -2927.361168481  0.133195E-03       0.917     6        0.54      0.35      0.05    0.1765E-02  0.1319E-04  0.4999E-02
| 67  -2927.361216633  0.481525E-04       0.918     7        0.54      0.36      0.05    0.7511E-03  0.3887E-05  0.1035E-02
| 68  -2927.361221544  0.491105E-05       0.916     8        0.54      0.35      0.05    0.3613E-03  0.1639E-05  0.4278E-03
| 69  -2927.361222556  0.101206E-05       0.917     9        0.54      0.35      0.05    0.1279E-03  0.8164E-06  0.1424E-03
| 70  -2927.361222700  0.143596E-06       0.917    10        0.54      0.36      0.05    0.5731E-04  0.3918E-06  0.1055E-03
| 71  -2927.361222742  0.423533E-07       0.918     1        0.54      0.36      0.05    0.2533E-04  0.1478E-06  0.4591E-04
| ------------------------------------------------------------------------------------------------------------------------
| REACH CONVERGENCE AFTER  71 CYCLES
| MAX ERROR = 0.253268E-04   RMS CHANGE = 0.147819E-06   MAX CHANGE = 0.459092E-04
| -----------------------------------------------
 ALPHA ELECTRON DENSITY    =   223.0011423305
 BETA ELECTRON DENSITY     =   223.0011423305
 ELECTRONIC ENERGY    = -12594.431098066
 CORE_CORE REPULSION  =   9667.069875324
 TOTAL ENERGY         =  -2927.361222742

 @ End Energy calculation


 @ Begin Gradient Calculation

 ANALYTICAL GRADIENT: 
----------------------------------------
 COORDINATE    XYZ            GRADIENT
----------------------------------------
    1X    -6.3960620484     0.3969287148
    1Y     1.6375501950    -0.9086805423
    1Z    -1.0167391376    -0.2469456554
    2X    -5.5976016175     1.5397069685
    2Y     1.9479657588     0.8545093553
    2Z     0.3156763941     0.6179640711
    3X    -4.1358426958    -0.8446597037
    3Y     1.3888886961    -1.0326304244
    3Z     0.3061559434    -0.5564747012
    4X    -4.0900119523     1.3025255221
    4Y    -0.2069339958     0.4974923792
    4Z     0.0759908158     0.1758980210
    5X    -5.3005248048    -0.5097938808
    5Y    -0.5559696325     0.8294641366
    5Z    -0.7831189998    -0.3332955770
    6X    -5.6408357108    -0.4749982692
    6Y     0.5560152125    -0.3831650157
    6Z    -1.7454175833     0.9261861116
    7X    -2.8203121254    -0.9099848433
    7Y    -0.7723427990    -1.0795589637
    7Z    -0.5951161554     1.0544146791
    8X    -3.4405170127     0.1370836983
    8Y     1.9809802613     0.9876425773
    8Z     1.5954933618    -0.1794555974
    9X    -1.5722955801     0.8192429461
    9Y    -0.0769638959     1.4092975614
    9Z    -0.1719253231    -0.8865790912
   10X    -2.6953277358     0.6603572306
   10Y    -2.1590275449     1.1695796566
   10Z    -0.1697708530    -0.6418024655
   11X    -1.8693494728    -0.1271411161
   11Y     1.2308627640    -2.1014798547
   11Z    -0.7751224092     1.2260783882
   12X    -1.3334065318     0.9673910411
   12Y    -0.1176307990     0.2769995232
   12Z     1.4101577377     0.6753813593
   13X    -0.8881045478    -1.1399123522
   13Y     1.2874585683    -0.0333068004
   13Z     1.4845317434    -1.4669857147
   14X     0.3196037144    -0.2456308322
   14Y     1.5770568504    -0.7636296784
   14Z     0.9640606036     0.1649863458
   15X    -4.0360630582     0.1240669512
   15Y     2.4497905671    -1.2762726254
   15Z     2.5047991213    -0.4979425910
   16X    -1.9504981989     0.6897429672
   16Y     2.1870801370    -1.7305904060
   16Z     1.7492358836     0.6864514456
   17X    -0.2198636968    -0.8799819358
   17Y    -0.3744037186     0.2410716024
   17Z    -0.8072270516     0.6561163582
   18X     0.8361322639     0.4678546953
   18Y     0.5392960612     0.4983444817
   18Z    -0.0882305667     0.6621150143
   19X    -6.3705655165     0.2440264443
   19Y    -0.7461437470    -0.5600344690
   19Z     0.1814962939    -0.5802520441
   20X    -7.5079891033    -0.0156479513
   20Y    -1.5312545569    -0.2103447048
   20Z     0.1764442435     0.3648794551
   21X    -7.7343174206     0.7885381133
   21Y    -2.1872431170     0.9800584616
   21Z     1.1532460581    -0.9421166179
   22X    -8.4523256355     0.1823110018
   22Y    -1.4157501381     0.1889738772
   22Z    -0.9939260359     0.0157368737
   23X    -5.4161060936     0.5583534652
   23Y    -1.5091024852     1.3056680164
   23Z    -2.0070004333     0.3144142644
   24X    -6.2192576349     0.6555161752
   24Y    -0.4454467640    -0.4567789646
   24Z    -2.6902952054     0.9970478409
   25X    -5.4267630344    -0.4841413373
   25Y     3.3774439679    -1.5492707572
   25Z     0.3776243788    -0.3638300173
   26X    -1.6122442331     0.4100338294
   26Y     4.1801173692     0.5476044176
   26Z     0.0343779426     0.2852542443
   27X    -0.7940924306     0.1726091069
   27Y     5.2257743591    -0.2857435693
   27Z     0.2990567328    -0.6384882825
   28X    -0.3048947533    -0.4474014535
   28Y     5.8645770378    -0.8477796948
   28Z    -0.5895333050     0.7474678871
   29X    -0.5432142115    -0.2648023432
   29Y     5.4736988580    -0.2437870952
   29Z     1.7763875257    -0.1659176151
   30X     1.2298581039    -0.4596629228
   30Y     2.7852910627    -0.6295937756
   30Z     1.0315035488    -0.3236309334
   31X     1.9361231978     0.1204546877
   31Y    -0.3334212455     0.7638399739
   31Z     0.3599506875    -1.1140365194
   32X     3.1923973838     1.3293592104
   32Y     0.0392867930     0.6262260874
   32Z     0.0732008056     0.5660074415
   33X     3.4564615139    -1.8730839358
   33Y     1.0474090400    -1.7350930992
   33Z    -0.5229789999     0.5852207849
   34X     4.1741653088    -0.0643764597
   34Y    -1.0074733869     0.9642080556
   34Z     0.5409361113     0.0306753000
   35X     5.5923107171     0.3873508351
   35Y    -0.5507792521    -0.2008009653
   35Z     0.2305424976     1.1970036633
   36X     6.6535037881    -0.8480235384
   36Y    -1.6276655543     0.1155475119
   36Z     0.4267850326    -0.4760478438
   37X     6.3531150051     1.0322038280
   37Y    -2.9590429360     0.3900405112
   37Z     0.6578478902     0.1054968731
   38X     7.3484382612    -0.1724724893
   38Y    -3.9223477295     1.0715424903
   38Z     0.5946433254    -0.5766793736
   39X     8.6553271210    -0.0852233957
   39Y    -3.5577624717     0.6794663599
   39Z     0.3262773549     0.1584037340
   40X     8.9721243751    -1.1494431322
   40Y    -2.2174055893     0.0489837023
   40Z     0.1751067634    -0.2266679935
   41X     7.9780886392    -0.3211792506
   41Y    -1.2615409463    -0.8578868986
   41Z     0.2323472177     0.4307581343
   42X     4.0117557664     0.0251986312
   42Y    -1.2781154276     0.0896509690
   42Z     1.9325733176    -0.8039753269
   43X     5.9708271360     0.0813861724
   43Y     0.6810003920     0.6701926636
   43Z     0.8873416378    -1.3854181130
   44X     6.1083015365    -0.7036750906
   44Y     1.9571430895    -0.7684046712
   44Z     0.3956142302     0.3354624395
   45X     6.3193162726    -0.4638172938
   45Y     2.8803622800    -0.9373748455
   45Z     1.1682892292    -0.5429708781
   46X     5.8856240794    -0.5814969976
   46Y     2.2294773203     0.0775219384
   46Z    -1.0684369316    -0.3861319300
   47X     6.1182760772     0.1163677318
   47Y     1.3530946933     0.4850775496
   47Z    -2.1154263515     0.2868164933
   48X     5.5666096951    -0.2284631641
   48Y     1.5985928121     0.6502479850
   48Z    -3.3627524368    -0.1300897548
   49X     4.8504996604     0.2751777970
   49Y     2.7660993212    -0.3402499251
   49Z    -3.5880647940     0.7229603058
   50X     4.7600527335    -0.2304050435
   50Y     3.7102514633    -0.4635548139
   50Z    -2.5859740575     0.1560535743
   51X     5.2758312329     0.2186298302
   51Y     3.4419996328    -1.1246341325
   51Z    -1.3326645918     0.4701189399
   52X    -2.1366951232    -0.1309952123
   52Y    -3.0476308227     1.0120848837
   52Z    -1.0300506687     0.3602267094
   53X    -2.1451656838     0.2435625199
   53Y    -2.8533799779    -0.0368852979
   53Z    -2.2328872205     0.6797368946
   54X    -1.5033715748    -0.2667902021
   54Y    -4.2030090710     0.1338393615
   54Z    -0.3691075382    -0.1825170274
   55X    -1.4395727999     0.0479875373
   55Y    -4.3266984404    -0.1507149595
   55Z     1.0054186368    -0.1465413717
   56X    -0.7638830383    -0.0964313141
   56Y    -5.3989755623    -0.1054753318
   56Z     1.5627243193    -0.6620966235
   57X    -0.1728504332     0.0110237144
   57Y    -6.3468611347     0.7874729845
   57Z     0.7427716867    -0.2148465413
   58X    -0.2555829795     0.0063377520
   58Y    -6.2275391756     0.5171641561
   58Z    -0.6353203685    -0.0822653929
   59X    -0.9155594699     0.1110057825
   59Y    -5.1509647533     0.5636836217
   59Z    -1.1911104510     0.6851723719
   60X    -0.2097392960    -0.8664171300
   60Y    -1.1547475382     0.8388795954
   60Z     1.8364341802    -0.7658654600
   61X    -2.4300503956     0.4983410581
   61Y    -0.4562313148     0.2471739806
   61Z     2.4707643087    -1.0160089699
   62X    -3.6491745187    -0.1348549843
   62Y     1.8683153927    -0.1014478086
   62Z    -0.5155830594     0.1430495241
   63X    -4.2442042941     0.2336529283
   63Y    -0.7298029557    -0.0139345569
   63Z     0.9946071660    -0.2335808574
   64X    -6.1319130983     0.0885932167
   64Y     1.5761652304    -0.0128698261
   64Z     1.1739417496    -0.1570328114
   65X    -6.4278100209    -0.1427525201
   65Y     2.5627464257    -0.1534652170
   65Z    -1.5682089798     0.1628235704
   66X    -7.3896389443     0.1749929743
   66Y     1.3053382297    -0.0008450519
   66Z    -0.7744957191     0.1137322276
   67X    -4.7465709525    -0.1780205212
   67Y     0.9454138022     0.0581098464
   67Z    -2.2120482489     0.0591735775
   68X    -2.8855556304     0.0293689471
   68Y    -0.7190312849     0.0482944817
   68Z    -1.6682582674     0.1232433925
   69X    -1.1756472598    -0.0700433952
   69Y     1.8958447948    -0.0352844653
   69Z    -0.6850815723    -0.0640263252
   70X    -1.8481633811     0.1011131271
   70Y     3.6442038083     0.0895852839
   70Z     0.8091516318    -0.2264614954
   71X    -0.3040223032    -0.0495122965
   71Y    -0.0416779132     0.0321126013
   71Z    -1.8339006500     0.2172095532
   72X     0.0915191370     0.0068957412
   72Y    -1.3952922665     0.3242604439
   72Z    -0.8028716213    -0.1752988002
   73X     1.2665208967    -0.1258754532
   73Y     1.1759764098    -0.0577565725
   73Z    -0.8367613039     0.2340357289
   74X    -7.9447757667    -0.0144580061
   74Y    -1.4087837076     0.0317370844
   74Z    -1.9396808281    -0.0026646798
   75X    -8.9860731662     0.0545486918
   75Y    -0.4736978662    -0.0498827891
   75Z    -0.9254125307    -0.0015086392
   76X    -9.1714810604     0.1492044333
   76Y    -2.2205725696     0.0051469862
   76Z    -0.9250167206     0.0600185280
   77X    -5.9696663559     0.1741378541
   77Y    -2.4206610149     0.0413479136
   77Z    -1.8715271229    -0.0094657150
   78X    -4.4956991333    -0.2520647533
   78Y    -1.6916168492     0.0599356583
   78Z    -2.5341524535    -0.0417347358
   79X    -6.1859311524     0.1442414584
   79Y     3.7990295001    -0.2094507616
   79Z     0.8057985915     0.0662785123
   80X    -0.4047348909     0.0262506269
   80Y     4.5302822759     0.0809150979
   80Z     2.2918681450    -0.0322986327
   81X    -1.4092254776     0.0845398846
   81Y     5.9590269651    -0.0940083974
   81Z     2.2201989695     0.0664921267
   82X     0.3171041142    -0.0558116493
   82Y     6.0931668053    -0.0312560565
   82Z     1.8871610341    -0.0480812104
   83X     1.4832825233    -0.1121368881
   83Y     3.0343297417     0.0446582535
   83Z     2.0569032671    -0.0233203637
   84X     0.8689347864    -0.0425000644
   84Y     3.6687759202    -0.1252692908
   84Z     0.5365847410     0.1377939855
   85X     2.1684890256    -0.1541124415
   85Y     2.5341565935     0.0166739905
   85Z     0.5367745110    -0.0727967047
   86X     3.9669616429     0.1570357126
   86Y    -1.8924970245     0.0928358473
   86Z    -0.0572581044     0.0689064188
   87X     5.5541776341    -0.1602117153
   87Y    -0.3516751969     0.0546741416
   87Z    -0.8217997928     0.2591622661
   88X     5.3544978589     0.0990376279
   88Y    -3.2557102186     0.0189251586
   88Z     0.9038848590     0.0730153321
   89X     7.0989144921     0.1138096620
   89Y    -4.9513961981     0.1848886236
   89Z     0.7469288470     0.0019885451
   90X     9.4171946391    -0.0969684422
   90Y    -4.3036937586     0.1018736462
   90Z     0.2407856384    -0.0820076023
   91X     9.9857451625    -0.0818772556
   91Y    -1.9177654664    -0.0027155588
   91Z     0.0023467702    -0.0498175146
   92X     8.2254739781    -0.1579809815
   92Y    -0.2253064972    -0.2012990049
   92Z     0.1253413196    -0.0351786767
   93X     3.1299497190     0.1378648983
   93Y    -1.6337869448     0.0824682863
   93Z     2.1083780410    -0.0461279644
   94X     6.0936142953     0.0278030385
   94Y     0.6250744177    -0.0611564521
   94Z     1.8859549340    -0.0602898401
   95X     6.7084385023    -0.1016488518
   95Y     0.4705180859     0.1686483345
   95Z    -1.9833353715    -0.1060632576
   96X     5.6743955033     0.0791857929
   96Y     0.8727860166     0.0717387332
   96Z    -4.1412753062     0.1190666277
   97X     4.3798459545    -0.0283090460
   97Y     2.9274162635     0.0033333690
   97Z    -4.5335959262     0.0926401553
   98X     4.2563846850     0.0616394886
   98Y     4.6442142246    -0.2252423611
   98Z    -2.7660689312     0.1174622820
   99X     5.1747309752    -0.1005783992
   99Y     4.1495329469    -0.0784161452
   99Z    -0.5327311807    -0.1158661755
  100X    -1.9015966152     0.0442423404
  100Y    -3.5961884646    -0.1903813263
  100Z     1.6316251146    -0.0498372962
  101X    -0.6959961231     0.0238757738
  101Y    -5.4955301297     0.0050982998
  101Z     2.6284273507    -0.0356618356
  102X     0.3482320666    -0.0272615241
  102Y    -7.1761497180     0.1599524098
  102Z     1.1766068899    -0.1235386244
  103X     0.1934856248    -0.0321098532
  103Y    -6.9647955319     0.1781662272
  103Z    -1.2689412269     0.0466046225
  104X    -0.9826070850    -0.0105166202
  104Y    -5.0258756638     0.0023933152
  104Z    -2.2518210920     0.0307311738
  105X     0.6895305627    -0.0180585410
  105Y    -0.6503325997    -0.0168576184
  105Z     2.1318040128    -0.0958594203
  106X     0.0408559131     0.1002928472
  106Y    -1.8507204713     0.0938814978
  106Z     1.0570934807     0.1266360186
  107X    -0.5497152620     0.1311407876
  107Y    -1.7387967528    -0.0673052927
  107Z     2.6730564641    -0.2461290701
  108X    -2.6864695851     0.1430236626
  108Y    -1.5071205751     0.0926295796
  108Z     2.3903168925     0.0163223411
  109X    -3.3390145450     0.0243451204
  109Y     0.1000510676    -0.0180017562
  109Z     2.4688671085     0.1048872120
  110X    -1.9770021010     0.0022041986
  110Y    -0.2959025626    -0.1032669482
  110Z     3.4410103628    -0.1112554687
----------------------------------------

 @ End Gradient Calculation

  Skipping one-electron property calculation.

 @ Output cuEST Memory Footprint

------------- cuEST MEMORY USAGE ---------------
| Peak Host Footprint =    76.08 kB
| Host Allocations =    41
| Peak Device Footprint =    42.10 GB
| Device Allocations =    34
------------------------------------------------

 @ Finish Output cuEST Memory Footprint


 @ Output Timing Information

------------- TIMING ---------------
| CUEST INITIALIZATION TIME =     2.006001000(  0.93%)
| INITIAL GUESS TIME  =    97.122872000( 44.88%)
| DFT GRID OPERATIONS =     0.002960000(  0.00%)
| TOTAL SCF TIME      =    67.425203000( 31.16%)
|       TOTAL OP TIME      =    25.625769000( 11.84%)
|             TOTAL 1e TIME      =     0.219396000(  0.10%)
|             TOTAL 2e TIME      =     5.748573000(  2.66%)
|             TOTAL EXC TIME     =    13.162341000(  6.08%)
|       TOTAL DII TIME      =    40.258489000( 18.60%)
|             TOTAL DIAG TIME    =     3.586615000(  1.66%)
| TOTAL GRADIENT TIME      =    45.797991000( 21.16%)
|       TOTAL 1e GRADIENT TIME      =    13.603135000(19.15%)
|       TOTAL 2e GRADIENT TIME      =     3.752030000( 1.73%)
|       TOTAL EXC GRADIENT TIME     =     0.585660000(  0.27%)
| TOTAL TIME          =   216.414406000
------------------------------------
| Job cpu time:  0 days  0 hours  3 minutes 36.4 seconds.

 @ Finish Output Timing Information

| Normal Termination. Task Finished on: Sat Aug 29 07:30:56 2026
