| *********************************************************************************************************
| **                                                                                                     **
| **           888888888888                                                                              **
| **         8888888888888888                                                                            **
| **      888888888888888888                                                                             **
| **     888888888888888888                                                                              **
| **    888888888888888                                                                                  **
| **   88888888888888888888                               88888                       8888:              **
| **   8888888888888888888888Z                            88888                       8888:              **
| **   888888888888888888888888?                          88888                       8888:              **
| **   8888888888888      8888888                                        888888       8888:              **
| **    88888888888         888888     8888:     88888    88888        888888888I     8888:    888888    **
| **    8888888888           88888:    8888:     88888    88888      $888888888888    8888:   888888     **
| **    I8Z 88888             88888    8888:     88888    88888    .888888     8888   8888: 888888       **
| **    .8Z 88888             88888    8888:     88888    88888    $88888             8888:88888         **
| **     8I 88888      .=88. .88888    8888:     88888    88888    88888              8888888888         **
| **    :8  88888      888888$8888$    8888:     88888    88888    8888O              88888888888        **
| **   ,7   +88888.     8888888888.    8888:     88888    88888    888888             88888O888888       **
| **         $888888:.   .8888888      88888....888888    88888     888888     8888   8888:  888888      **
| **          I8888888888888888888     888888888888888    88888     O888888888888O    8888:   888888     **
| **            O888888888888888888     88888888888888    88888       88888888888$    8888:    888888    **
| **               8888888Z     888      .8888I  88888    88888         8888888       8888:     888888   **
| **                                                                                                     **
| **                                                                                                     **
| **                                         Copyright (c) 2026                                          **
| **                          Regents of the University of California San Diego                          **
| **                                    & Michigan State University                                      **
| **                                        All Rights Reserved.                                         **
| **                                                                                                     **
| **             This software is subject to the terms of the Mozilla Public License, v. 2.0.            **
| **                                                                                                     **
| *********************************************************************************************************
|                                                                                                          
| Cite this work as:                                                                                       
| Manathunga, M.; O'Hearn, K. A.; Shajan, A.; Smith, J.; Miao, Y.; He, X.; Ayers, K.;                      
| Brothers, E.; Palos, E.; Tripathy, V.; Goetz, A.W.; Merz, K.M. QUICK-26.03.                              
| University of California,San Diego, CA and                                                               
| Michigan State University, East Lansing, MI, 2026                                                        
|                                                                                                          
| If you have any comments or queries, please reach out to us on GitHub issues or discussion sections:     
| https://github.com/merzlab/QUICK.                                                                        
|                                                                                                          
| TASK STARTS ON: Wed Jul 22 18:21:18 2026
| INPUT FILE :    /work2/11707/msun12/stampede3/quickruns/3337069/mph1/morphine_def2-TZVPD.in
| OUTPUT FILE:    /work2/11707/msun12/stampede3/quickruns/3337069/mph1/morphine_def2-TZVPD.out
| BASIS SET PATH: /home1/11707/msun12/QUICK-install/basis

|------------ GPU INFORMATION ---------------
| CUDA ENABLED DEVICE         :        1
| CUDA DEVICE IN USE          :        0
| CUDA DEVICE NAME            : NVIDIA H100
| CUDA DEVICE PM              :      132
| CUDA DEVICE CORE FREQ(GHZ)  :     1.98
| CUDA DEVICE MEMORY SIZE (MB):    95321
| SUPPORTING CUDA VERSION     :      9.0
|--------------------------------------------

 @ Read Job And Atom

  KEYWORD=DFT B3LYP BASIS=DEF2-TZVPD CUTOFF=1.0E-10 DENSERMS=1.0E-6 ENERGY
 ============== JOB CARD =============
 METHOD = DENSITY FUNCTIONAL THEORY
 DENSITY FUNCTIONAL = B3LYP
 DIRECT SCF 
 SAD INITAL GUESS 
 USE DIIS SCF
 PRINT ENERGY EVERY CYCLE
 READ SAD GUESS FROM FILE
 STANDARD GRID = SG1
 Level shifting allowed after cycle    3
 DIIS error must exceed 0.100 for level shifting
 Max HOMO-LUMO gap to allow level shifting = 0.200
 MAX SCF CYCLES =    200
 MAX DIIS CYCLES =   10
 DELTA DENSITY START CYCLE =    3
 COMPUTATIONAL CUTOFF: 
      TWO-e INTEGRAL         =  0.100E-09
      BASIS SET PRIME        =  0.100E-10
      MATRIX ELEMENTS        =  0.100E-09
      BASIS FUNCTION         =  0.100E-05
      NEAR-LINEAR DEPENDENCY =  0.100E-04
 DENSITY MATRIX MAXIMUM RMS FOR CONVERGENCE  =  0.100E-05
 BASIS SET = DEF2-TZVPD,  TYPE = CARTESIAN
| BASIS FILE = /home1/11707/msun12/QUICK-install/basis/DEF2-TZVPD.BAS
| DATA FILE  =    /work2/11707/msun12/stampede3/quickruns/3337069/mph1/morphine_def2-TZVPD.dat

 @ Finish reading job


 @ Begin SAD initial guess

 For Atom Kind =    1
 ELEMENT = O 
 BASIS FUNCTIONS =   46
 For Atom Kind =    2
 ELEMENT = N 
 BASIS FUNCTIONS =   43
 For Atom Kind =    3
 ELEMENT = C 
 BASIS FUNCTIONS =   43
 For Atom Kind =    4
 ELEMENT = H 
 BASIS FUNCTIONS =    9

 @ Finish SAD initial guess


 @ Begin Reading Molecular Information


 =========== Molecule Input ==========
 TOTAL MOLECULAR CHARGE  =    0    MULTIPLICITY                =    1
 TOTAL ATOM NUMBER       =   40    NUMBER OF ATOM TYPES        =    4
 NUMBER OF HYDROGEN ATOM =   19    NUMBER OF NON-HYDROGEN ATOM =   21
 NUMBER OF ELECTRONS     =  152

 -- INPUT GEOMETRY -- :
    O          -1.9930      -0.4740       1.2005
    O          -2.7826      -2.5168      -0.2218
    O          -3.6220       1.8421       0.5579
    N           3.1777      -0.0101       0.4474
    C           0.3699      -0.7149       0.6616
    C           1.2913      -1.3046      -0.4170
    C           2.3441      -0.2023      -0.7640
    C          -0.9377      -1.4750       0.9848
    C           1.1988      -0.3907       1.9201
    C          -0.2516       0.5302       0.1205
    C           1.6887       1.1052      -1.3279
    C           2.4315       0.4754       1.6126
    C           0.3384       1.4306      -0.7480
    C          -1.3631      -2.5067      -0.0924
    C           0.5066      -1.8183      -1.5971
    C          -1.5672       0.6306       0.5136
    C          -0.7155      -2.3492      -1.4425
    C           4.3733       0.7916       0.2084
    C          -0.4184       2.5415      -1.1246
    C          -2.3310       1.7217       0.1620
    C          -1.7382       2.6936      -0.6541
    H           1.8278      -2.1759      -0.0118
    H           3.0029      -0.6035      -1.5465
    H          -0.8451      -2.0128       1.9373
    H           1.5366      -1.3335       2.3712
    H           0.5899       0.1174       2.6790
    H           1.5474       0.9596      -2.4075
    H           2.3530       1.9680      -1.2194
    H           2.1271       1.5205       1.4760
    H           3.0801       0.4584       2.4975
    H          -1.0772      -3.5067       0.2593
    H           0.9601      -1.7947      -2.5831
    H          -1.2300      -2.7505      -2.3109
    H           4.1500       1.8479       0.0287
    H           4.9380       0.4055      -0.6472
    H           5.0444       0.7352       1.0730
    H          -0.0062       3.2824      -1.8043
    H          -2.3121       3.5638      -0.9645
    H          -3.1557      -2.6446       0.6672
    H          -3.8483       1.0686       1.1031

============== BASIS INFOS ==============
 BASIS FUNCTIONS = 1083
 NSHELL =  371 NPRIM  = 1436
 JSHELL =  371 JBASIS =  598


 @ End Reading Molecular Information 


 @ Begin XC Quadrature Formation

 OCTAGO: OCTree Algorithm for Grid Operations 
   PRUNING CUTOFF       = 0.100E-07
   INITIAL GRID POINTS  =      151424
|   FINAL GRID POINTS    =       97146
|   SIGNIFICANT NUMBER OF BASIS FUNCTIONS     =      616848
|   SIGNIFICANT NUMBER OF PRIMITIVE FUNCTIONS =      630221

 @ End XC Quadrature Formation


 @ Begin Energy Calculation

| Number of total basis functions:   1083
| Number of linearly independent basis functions:   1035
| condition number of overlap matrix:    8.603E+09
| Smallest eigenvalue of overlap matrix:    4.870E-09

                                         SCF ENERGY
| ------------------------------------------------------------------------------------------------------------------------
| NCYC       ENERGY         DELTA_E      SCF_TIME  DII_CYC   DII_TIME   O_TIME  DIAG_TIME    MAX_ERR    RMS_CHG    MAX_CHG
| ------------------------------------------------------------------------------------------------------------------------
|  1   -945.319895449      ------        28.811     1        0.07     28.74      0.02    0.2158E+01  0.6067E-02  0.2953E+00
|  2   -939.568855462  -.575104E+01     135.815     2        0.07    135.74      0.02    0.1705E+00  0.5343E-02  0.6079E+00
|  3   -939.370806089  -.198049E+00     134.587     3        0.08    134.50      0.01    0.2129E+00  0.2693E-02  0.3423E+00
|   ***  Level shifting applied  ( HOMO-LUMO gap =  0.098 au ) ***
|  4   -939.970135495  0.599329E+00     131.037     4        0.07    130.96      0.01    0.3946E-01  0.8117E-03  0.4921E-01
|  5   -939.980444051  0.103086E-01     124.563     5        0.08    124.48      0.01    0.2418E-01  0.1568E-03  0.9451E-02
|  6   -939.983693367  0.324932E-02     117.123     6        0.08    117.04      0.01    0.6983E-02  0.6533E-04  0.4237E-02
|  7   -939.984119962  0.426595E-03     111.416     7        0.08    111.33      0.01    0.4195E-02  0.2356E-04  0.1963E-02
|  8   -939.984222113  0.102152E-03     105.269     8        0.09    105.18      0.01    0.5734E-03  0.5746E-05  0.2782E-03
|  9   -939.984226001  0.388830E-05      96.390     9        0.09     96.30      0.01    0.3440E-03  0.2029E-05  0.1575E-03
| 10   -939.984226504  0.502905E-06      87.633    10        0.09     87.54      0.01    0.9046E-04  0.9905E-06  0.4248E-04
| ------------------------------------------------------------------------------------------------------------------------
| REACH CONVERGENCE AFTER  10 CYCLES
| MAX ERROR = 0.904558E-04   RMS CHANGE = 0.990508E-06   MAX CHANGE = 0.424780E-04
| -----------------------------------------------
 ALPHA ELECTRON DENSITY    =    75.9990069703
 BETA ELECTRON DENSITY     =    75.9990069703
 ELECTRONIC ENERGY    =  -2769.291496985
 CORE_CORE REPULSION  =   1829.307270481
 TOTAL ENERGY         =   -939.984226504

 @ End Energy calculation

  Skipping one-electron property calculation.

 @ Output Timing Information

------------- TIMING ---------------
| INITIAL GUESS TIME  =    10.358205000(  0.96%)
| DFT GRID OPERATIONS =     0.175200000(  0.02%)
| TOTAL SCF TIME      =  1073.611789000( 99.01%)
|       TOTAL OP TIME      =  1072.777971000( 98.93%)
|             TOTAL 1e TIME      =     0.969152000(  0.09%)
|             TOTAL 2e TIME      =  1033.133512000( 95.27%)
|             TOTAL EXC TIME     =    37.543107000(  3.46%)
|       TOTAL DII TIME      =     0.796704000(  0.07%)
|             TOTAL DIAG TIME    =     0.149956000(  0.01%)
| TOTAL TIME          =  1084.370389000
------------------------------------
| Job cpu time:  0 days  0 hours 18 minutes  4.4 seconds.

 @ Finish Output Timing Information

| Normal Termination. Task Finished on: Wed Jul 22 18:39:22 2026
