| *********************************************************************************************************
| **                                                                                                     **
| **           888888888888                                                                              **
| **         8888888888888888                                                                            **
| **      888888888888888888                                                                             **
| **     888888888888888888                                                                              **
| **    888888888888888                                                                                  **
| **   88888888888888888888                               88888                       8888:              **
| **   8888888888888888888888Z                            88888                       8888:              **
| **   888888888888888888888888?                          88888                       8888:              **
| **   8888888888888      8888888                                        888888       8888:              **
| **    88888888888         888888     8888:     88888    88888        888888888I     8888:    888888    **
| **    8888888888           88888:    8888:     88888    88888      $888888888888    8888:   888888     **
| **    I8Z 88888             88888    8888:     88888    88888    .888888     8888   8888: 888888       **
| **    .8Z 88888             88888    8888:     88888    88888    $88888             8888:88888         **
| **     8I 88888      .=88. .88888    8888:     88888    88888    88888              8888888888         **
| **    :8  88888      888888$8888$    8888:     88888    88888    8888O              88888888888        **
| **   ,7   +88888.     8888888888.    8888:     88888    88888    888888             88888O888888       **
| **         $888888:.   .8888888      88888....888888    88888     888888     8888   8888:  888888      **
| **          I8888888888888888888     888888888888888    88888     O888888888888O    8888:   888888     **
| **            O888888888888888888     88888888888888    88888       88888888888$    8888:    888888    **
| **               8888888Z     888      .8888I  88888    88888         8888888       8888:     888888   **
| **                                                                                                     **
| **                                                                                                     **
| **                                         Copyright (c) 2026                                          **
| **                          Regents of the University of California San Diego                          **
| **                                    & Michigan State University                                      **
| **                                        All Rights Reserved.                                         **
| **                                                                                                     **
| **             This software is subject to the terms of the Mozilla Public License, v. 2.0.            **
| **                                                                                                     **
| *********************************************************************************************************
|                                                                                                          
| Cite this work as:                                                                                       
| Manathunga, M.; O'Hearn, K. A.; Shajan, A.; Smith, J.; Miao, Y.; He, X.; Ayers, K.;                      
| Brothers, E.; Palos, E.; Tripathy, V.; Goetz, A.W.; Merz, K.M. QUICK-26.03.                              
| University of California,San Diego, CA and                                                               
| Michigan State University, East Lansing, MI, 2026                                                        
|                                                                                                          
| If you have any comments or queries, please reach out to us on GitHub issues or discussion sections:     
| https://github.com/merzlab/QUICK.                                                                        
|                                                                                                          
| TASK STARTS ON: Fri Aug 28 18:49:46 2026
| INPUT FILE :    /work2/11707/msun12/stampede3/quickruns/3446277/txl3/taxol_def2-SVP.in
| OUTPUT FILE:    /work2/11707/msun12/stampede3/quickruns/3446277/txl3/taxol_def2-SVP.out
| BASIS SET PATH: /home1/11707/msun12/QUICK-cuEST-install/basis

|------------ GPU INFORMATION ---------------
| CUDA ENABLED DEVICE         :        1
| CUDA DEVICE IN USE          :        0
| CUDA DEVICE NAME            : NVIDIA H100
| CUDA DEVICE PM              :      132
| CUDA DEVICE CORE FREQ(GHZ)  :     1.98
| CUDA DEVICE MEMORY SIZE (MB):    95321
| SUPPORTING CUDA VERSION     :      9.0
|--------------------------------------------

 @ Read Job And Atom

  KEYWORD=B3LYP BASIS=DEF2-SVP CUTOFF=1.0E-10 DENSERMS=1.0E-6 GRADIENT CUEST
 ============== JOB CARD =============
 METHOD = DENSITY FUNCTIONAL THEORY
 DENSITY FUNCTIONAL = B3LYP
 DIRECT SCF 
 SAD INITAL GUESS 
 USE DIIS SCF
 PRINT ENERGY EVERY CYCLE
 READ SAD GUESS FROM FILE
 STANDARD GRID = SG1
 Level shifting allowed after cycle    3
 DIIS error must exceed 0.100 for level shifting
 Max HOMO-LUMO gap to allow level shifting = 0.200
 GRADIENT CALCULATION
 MAX SCF CYCLES =    200
 MAX DIIS CYCLES =   10
 DELTA DENSITY START CYCLE =    3
 COMPUTATIONAL CUTOFF: 
      TWO-e INTEGRAL         =  0.100E-09
      BASIS SET PRIME        =  0.100E-10
      MATRIX ELEMENTS        =  0.100E-09
      BASIS FUNCTION         =  0.100E-05
      NEAR-LINEAR DEPENDENCY =  0.100E-04
      GRADIENT CUTOFF  =  0.100E-06
 DENSITY MATRIX MAXIMUM RMS FOR CONVERGENCE  =  0.100E-05
 BASIS SET = DEF2-SVP,  TYPE = CARTESIAN
| BASIS FILE = /home1/11707/msun12/QUICK-cuEST-install/basis/DEF2-SVP.BAS
| DATA FILE  =    /work2/11707/msun12/stampede3/quickruns/3446277/txl3/taxol_def2-SVP.dat

 @ Finish reading job


 @ Begin SAD initial guess

 For Atom Kind =    1
 ELEMENT = C 
 BASIS FUNCTIONS =   15
 For Atom Kind =    2
 ELEMENT = O 
 BASIS FUNCTIONS =   15
 For Atom Kind =    3
 ELEMENT = N 
 BASIS FUNCTIONS =   15
 For Atom Kind =    4
 ELEMENT = H 
 BASIS FUNCTIONS =    5

 @ Finish SAD initial guess


 @ Begin Reading Molecular Information


 =========== Molecule Input ==========
 TOTAL MOLECULAR CHARGE  =    0    MULTIPLICITY                =    1
 TOTAL ATOM NUMBER       =  110    NUMBER OF ATOM TYPES        =    4
 NUMBER OF HYDROGEN ATOM =   49    NUMBER OF NON-HYDROGEN ATOM =   61
 NUMBER OF ELECTRONS     =  446

 -- INPUT GEOMETRY -- :
    C          -6.3961       1.6376      -1.0167
    C          -5.5976       1.9480       0.3157
    C          -4.1358       1.3889       0.3062
    C          -4.0900      -0.2069       0.0760
    C          -5.3005      -0.5560      -0.7831
    C          -5.6408       0.5560      -1.7454
    C          -2.8203      -0.7723      -0.5951
    C          -3.4405       1.9810       1.5955
    C          -1.5723      -0.0770      -0.1719
    O          -2.6953      -2.1590      -0.1698
    O          -1.8693       1.2309      -0.7751
    C          -1.3334      -0.1176       1.4102
    C          -0.8881       1.2875       1.4845
    C           0.3196       1.5771       0.9641
    O          -4.0361       2.4498       2.5048
    O          -1.9505       2.1871       1.7492
    C          -0.2199      -0.3744      -0.8072
    C           0.8361       0.5393      -0.0882
    O          -6.3706      -0.7461       0.1815
    C          -7.5080      -1.5313       0.1764
    O          -7.7343      -2.1872       1.1532
    C          -8.4523      -1.4158      -0.9939
    C          -5.4161      -1.5091      -2.0070
    O          -6.2193      -0.4454      -2.6903
    O          -5.4268       3.3774       0.3776
    O          -1.6122       4.1801       0.0344
    C          -0.7941       5.2258       0.2991
    O          -0.3049       5.8646      -0.5895
    C          -0.5432       5.4737       1.7764
    C           1.2299       2.7853       1.0315
    O           1.9361      -0.3334       0.3600
    C           3.1924       0.0393       0.0732
    O           3.4565       1.0474      -0.5230
    C           4.1742      -1.0075       0.5409
    C           5.5923      -0.5508       0.2305
    C           6.6535      -1.6277       0.4268
    C           6.3531      -2.9590       0.6578
    C           7.3484      -3.9223       0.5946
    C           8.6553      -3.5578       0.3263
    C           8.9721      -2.2174       0.1751
    C           7.9781      -1.2615       0.2323
    O           4.0118      -1.2781       1.9326
    N           5.9708       0.6810       0.8873
    C           6.1083       1.9571       0.3956
    O           6.3193       2.8804       1.1683
    C           5.8856       2.2295      -1.0684
    C           6.1183       1.3531      -2.1154
    C           5.5666       1.5986      -3.3628
    C           4.8505       2.7661      -3.5881
    C           4.7601       3.7103      -2.5860
    C           5.2758       3.4420      -1.3327
    C          -2.1367      -3.0476      -1.0301
    O          -2.1452      -2.8534      -2.2329
    C          -1.5034      -4.2030      -0.3691
    C          -1.4396      -4.3267       1.0054
    C          -0.7639      -5.3990       1.5627
    C          -0.1729      -6.3469       0.7428
    C          -0.2556      -6.2275      -0.6353
    C          -0.9156      -5.1510      -1.1911
    C          -0.2097      -1.1547       1.8364
    C          -2.4301      -0.4562       2.4708
    H          -3.6492       1.8683      -0.5156
    H          -4.2442      -0.7298       0.9946
    H          -6.1319       1.5762       1.1739
    H          -6.4278       2.5627      -1.5682
    H          -7.3896       1.3053      -0.7745
    H          -4.7466       0.9454      -2.2120
    H          -2.8856      -0.7190      -1.6683
    H          -1.1756       1.8958      -0.6851
    H          -1.8482       3.6442       0.8092
    H          -0.3040      -0.0417      -1.8339
    H           0.0915      -1.3953      -0.8029
    H           1.2665       1.1760      -0.8368
    H          -7.9448      -1.4088      -1.9397
    H          -8.9861      -0.4737      -0.9254
    H          -9.1715      -2.2206      -0.9250
    H          -5.9697      -2.4207      -1.8715
    H          -4.4957      -1.6916      -2.5342
    H          -6.1859       3.7990       0.8058
    H          -0.4047       4.5303       2.2919
    H          -1.4092       5.9590       2.2202
    H           0.3171       6.0932       1.8872
    H           1.4833       3.0343       2.0569
    H           0.8689       3.6688       0.5366
    H           2.1685       2.5342       0.5368
    H           3.9670      -1.8925      -0.0573
    H           5.5542      -0.3517      -0.8218
    H           5.3545      -3.2557       0.9039
    H           7.0989      -4.9514       0.7469
    H           9.4172      -4.3037       0.2408
    H           9.9857      -1.9178       0.0023
    H           8.2255      -0.2253       0.1253
    H           3.1299      -1.6338       2.1084
    H           6.0936       0.6251       1.8860
    H           6.7084       0.4705      -1.9833
    H           5.6744       0.8728      -4.1413
    H           4.3798       2.9274      -4.5336
    H           4.2564       4.6442      -2.7661
    H           5.1747       4.1495      -0.5327
    H          -1.9016      -3.5962       1.6316
    H          -0.6960      -5.4955       2.6284
    H           0.3482      -7.1761       1.1766
    H           0.1935      -6.9648      -1.2689
    H          -0.9826      -5.0259      -2.2518
    H           0.6895      -0.6503       2.1318
    H           0.0409      -1.8507       1.0571
    H          -0.5497      -1.7388       2.6731
    H          -2.6865      -1.5071       2.3903
    H          -3.3390       0.1001       2.4689
    H          -1.9770      -0.2959       3.4410

============== BASIS INFOS ==============
 BASIS FUNCTIONS = 1160
 NSHELL =  513 NPRIM  = 1868
 JSHELL =  513 JBASIS =  977


 @ End Reading Molecular Information 


 @ Begin XC Quadrature Formation

 OCTAGO: OCTree Algorithm for Grid Operations 
   PRUNING CUTOFF       = 0.100E-06
   INITIAL GRID POINTS  =      416624
|   FINAL GRID POINTS    =           0
|   SIGNIFICANT NUMBER OF BASIS FUNCTIONS     =           0
|   SIGNIFICANT NUMBER OF PRIMITIVE FUNCTIONS =           0

 @ End XC Quadrature Formation


 @ Begin Energy Calculation

| condition number of overlap matrix:    3.861E+04
| Smallest eigenvalue of overlap matrix:    2.574E-04

                                         SCF ENERGY
| ------------------------------------------------------------------------------------------------------------------------
| NCYC       ENERGY         DELTA_E      SCF_TIME  DII_CYC   DII_TIME   O_TIME  DIAG_TIME    MAX_ERR    RMS_CHG    MAX_CHG
| ------------------------------------------------------------------------------------------------------------------------
|  1  -2897.635718387      ------         0.369     1        0.07      0.30      0.02    0.5272E+00  0.9223E-01  0.3287E+02
|  2  -2634.246488239  -.263389E+03       0.317     2        0.07      0.24      0.02    0.1756E+01  0.1048E+00  0.3302E+02
|  3  -2598.654577456  -.355919E+02       0.339     3        0.09      0.24      0.02    0.1471E+01  0.1490E+00  0.5364E+02
|   ***  Level shifting applied  ( HOMO-LUMO gap =  0.003 au ) ***
|  4  -2476.182598171  -.122472E+03       0.342     4        0.09      0.25      0.02    0.1382E+01  0.9890E-01  0.3322E+02
|   ***  Level shifting applied  ( HOMO-LUMO gap =  0.003 au ) ***
|  5  -2718.807570759  0.242625E+03       0.347     5        0.10      0.25      0.02    0.1910E+01  0.5021E-01  0.1272E+02
|   ***  Level shifting applied  ( HOMO-LUMO gap =  0.001 au ) ***
|  6  -2805.311041174  0.865035E+02       0.348     6        0.10      0.25      0.02    0.9048E+00  0.6067E-01  0.1909E+02
|   ***  Level shifting applied  ( HOMO-LUMO gap =  0.004 au ) ***
|  7  -2896.393566991  0.910825E+02       0.348     7        0.10      0.25      0.02    0.5666E+00  0.2346E-01  0.6988E+01
|   ***  Level shifting applied  ( HOMO-LUMO gap =  0.005 au ) ***
|  8  -2863.438485394  -.329551E+02       0.400     8        0.15      0.25      0.03    0.1042E+01  0.2146E-01  0.6973E+01
|   ***  Level shifting applied  ( HOMO-LUMO gap =  0.003 au ) ***
|  9  -2918.676116631  0.552376E+02       1.020     9        0.76      0.25      0.02    0.5098E+00  0.4767E-02  0.8960E+00
|   ***  Level shifting applied  ( HOMO-LUMO gap =  0.001 au ) ***
| 10  -2924.197920075  0.552180E+01       0.364    10        0.11      0.25      0.02    0.5795E+00  0.2357E-02  0.4849E+00
|   ***  Level shifting applied  ( HOMO-LUMO gap =  0.118 au ) ***
| 11  -2925.026168110  0.828248E+00       0.389     1        0.14      0.25      0.02    0.1575E+00  0.1013E-02  0.1332E+00
|   ***  Level shifting applied  ( HOMO-LUMO gap =  0.131 au ) ***
| 12  -2925.112915830  0.867477E-01       0.384     2        0.12      0.26      0.02    0.8411E-01  0.4386E-03  0.6291E-01
| 13  -2925.136426925  0.235111E-01       0.375     3        0.12      0.25      0.02    0.2675E-01  0.2215E-03  0.2134E-01
| 14  -2925.140966538  0.453961E-02       0.378     4        0.13      0.25      0.02    0.1303E-01  0.1076E-03  0.1108E-01
| 15  -2925.142347215  0.138068E-02       0.374     5        0.12      0.25      0.02    0.5739E-02  0.3991E-04  0.4411E-02
| 16  -2925.142613742  0.266527E-03       0.371     6        0.12      0.25      0.02    0.2839E-02  0.1795E-04  0.1904E-02
| 17  -2925.142652041  0.382988E-04       0.372     7        0.12      0.24      0.02    0.1201E-02  0.9525E-05  0.1138E-02
| 18  -2925.142661765  0.972367E-05       0.372     8        0.12      0.24      0.02    0.5966E-03  0.4484E-05  0.4513E-03
| 19  -2925.142663852  0.208729E-05       0.372     9        0.12      0.24      0.02    0.1827E-03  0.2106E-05  0.2388E-03
| 20  -2925.142664275  0.422780E-06       0.371    10        0.12      0.24      0.02    0.5978E-04  0.6045E-06  0.6945E-04
| ------------------------------------------------------------------------------------------------------------------------
| REACH CONVERGENCE AFTER  20 CYCLES
| MAX ERROR = 0.597830E-04   RMS CHANGE = 0.604493E-06   MAX CHANGE = 0.694467E-04
| -----------------------------------------------
 ALPHA ELECTRON DENSITY    =   223.0008063606
 BETA ELECTRON DENSITY     =   223.0008063606
 ELECTRONIC ENERGY    = -12592.212539598
 CORE_CORE REPULSION  =   9667.069875324
 TOTAL ENERGY         =  -2925.142664275

 @ End Energy calculation


 @ Begin Gradient Calculation

 ANALYTICAL GRADIENT: 
----------------------------------------
 COORDINATE    XYZ            GRADIENT
----------------------------------------
    1X    -6.3960620484    -0.0152890425
    1Y     1.6375501950     0.0060285300
    1Z    -1.0167391376    -0.0034581465
    2X    -5.5976016175    -0.0078239326
    2Y     1.9479657588    -0.0248977075
    2Z     0.3156763941     0.0171083577
    3X    -4.1358426958     0.0120614310
    3Y     1.3888886961     0.0083936310
    3Z     0.3061559434    -0.0213582617
    4X    -4.0900119523    -0.0043297516
    4Y    -0.2069339958    -0.0120949551
    4Z     0.0759908158     0.0180816831
    5X    -5.3005248048     0.0096314813
    5Y    -0.5559696325     0.0040867034
    5Z    -0.7831189998    -0.0011363850
    6X    -5.6408357108     0.0168269535
    6Y     0.5560152125     0.0234623715
    6Z    -1.7454175833     0.0062055012
    7X    -2.8203121254     0.0029079963
    7Y    -0.7723427990     0.0197568426
    7Z    -0.5951161554    -0.0133013964
    8X    -3.4405170127    -0.0080877690
    8Y     1.9809802613     0.0061592376
    8Z     1.5954933618    -0.0065034097
    9X    -1.5722955801    -0.0055248904
    9Y    -0.0769638959    -0.0197456546
    9Z    -0.1719253231     0.0100360157
   10X    -2.6953277358     0.0022131540
   10Y    -2.1590275449    -0.0009458547
   10Z    -0.1697708530    -0.0014342401
   11X    -1.8693494728     0.0027558307
   11Y     1.2308627640     0.0114144745
   11Z    -0.7751224092     0.0013746057
   12X    -1.3334065318     0.0000992842
   12Y    -0.1176307990     0.0160042014
   12Z     1.4101577377    -0.0083471211
   13X    -0.8881045478     0.0266101415
   13Y     1.2874585683    -0.0164381453
   13Z     1.4845317434    -0.0081088722
   14X     0.3196037144    -0.0232899608
   14Y     1.5770568504     0.0017284034
   14Z     0.9640606036     0.0151646516
   15X    -4.0360630582     0.0024502447
   15Y     2.4497905671     0.0004146768
   15Z     2.5047991213     0.0007439555
   16X    -1.9504981989    -0.0084542549
   16Y     2.1870801370     0.0052638440
   16Z     1.7492358836    -0.0024941199
   17X    -0.2198636968     0.0013706965
   17Y    -0.3744037186    -0.0179025373
   17Z    -0.8072270516    -0.0108150223
   18X     0.8361322639     0.0004808514
   18Y     0.5392960612     0.0125900062
   18Z    -0.0882305667    -0.0163203952
   19X    -6.3705655165    -0.0044584058
   19Y    -0.7461437470     0.0049980056
   19Z     0.1814962939    -0.0034741091
   20X    -7.5079891033    -0.0043337465
   20Y    -1.5312545569     0.0002399235
   20Z     0.1764442435     0.0027909838
   21X    -7.7343174206     0.0010476225
   21Y    -2.1872431170     0.0002943933
   21Z     1.1532460581    -0.0021430937
   22X    -8.4523256355    -0.0031554988
   22Y    -1.4157501381     0.0050629573
   22Z    -0.9939260359    -0.0120654275
   23X    -5.4161060936     0.0150666857
   23Y    -1.5091024852    -0.0413106530
   23Z    -2.0070004333    -0.0050081464
   24X    -6.2192576349    -0.0143513251
   24Y    -0.4454467640    -0.0000313696
   24Z    -2.6902952054    -0.0112134504
   25X    -5.4267630344     0.0010263021
   25Y     3.3774439679     0.0068978215
   25Z     0.3776243788    -0.0002892443
   26X    -1.6122442331    -0.0007443903
   26Y     4.1801173692    -0.0069531387
   26Z     0.0343779426     0.0158539715
   27X    -0.7940924306     0.0023933177
   27Y     5.2257743591     0.0056287997
   27Z     0.2990567328    -0.0067492770
   28X    -0.3048947533     0.0001477410
   28Y     5.8645770378    -0.0035002190
   28Z    -0.5895333050     0.0041025365
   29X    -0.5432142115     0.0142905196
   29Y     5.4736988580     0.0080453427
   29Z     1.7763875257     0.0108746717
   30X     1.2298581039     0.0030290617
   30Y     2.7852910627     0.0114451338
   30Z     1.0315035488    -0.0011314913
   31X     1.9361231978     0.0047666286
   31Y    -0.3334212455    -0.0029137140
   31Z     0.3599506875     0.0005306626
   32X     3.1923973838     0.0143307975
   32Y     0.0392867930    -0.0018144913
   32Z     0.0732008056     0.0036598387
   33X     3.4564615139    -0.0029372415
   33Y     1.0474090400    -0.0040382646
   33Z    -0.5229789999     0.0048663363
   34X     4.1741653088     0.0002324404
   34Y    -1.0074733869    -0.0037898874
   34Z     0.5409361113    -0.0202969412
   35X     5.5923107171    -0.0035521798
   35Y    -0.5507792521     0.0055340447
   35Z     0.2305424976    -0.0168994164
   36X     6.6535037881     0.0099262875
   36Y    -1.6276655543    -0.0109625812
   36Z     0.4267850326     0.0030031590
   37X     6.3531150051    -0.0013392755
   37Y    -2.9590429360     0.0036911844
   37Z     0.6578478902     0.0003513728
   38X     7.3484382612    -0.0005553834
   38Y    -3.9223477295    -0.0032567228
   38Z     0.5946433254     0.0001492791
   39X     8.6553271210     0.0012715181
   39Y    -3.5577624717    -0.0015394527
   39Z     0.3262773549    -0.0004660684
   40X     8.9721243751     0.0001696025
   40Y    -2.2174055893     0.0019020576
   40Z     0.1751067634    -0.0004246966
   41X     7.9780886392    -0.0018870265
   41Y    -1.2615409463     0.0022173982
   41Z     0.2323472177     0.0001715750
   42X     4.0117557664    -0.0058871408
   42Y    -1.2781154276    -0.0017460512
   42Z     1.9325733176     0.0049385903
   43X     5.9708271360    -0.0001592122
   43Y     0.6810003920     0.0019289606
   43Z     0.8873416378     0.0063833644
   44X     6.1083015365    -0.0027424835
   44Y     1.9571430895    -0.0053082997
   44Z     0.3956142302    -0.0029098125
   45X     6.3193162726    -0.0020151025
   45Y     2.8803622800     0.0004200900
   45Z     1.1682892292    -0.0019936601
   46X     5.8856240794    -0.0062452334
   46Y     2.2294773203     0.0034222510
   46Z    -1.0684369316    -0.0164385856
   47X     6.1182760772     0.0007951402
   47Y     1.3530946933     0.0008834922
   47Z    -2.1154263515     0.0070680290
   48X     5.5666096951    -0.0009048234
   48Y     1.5985928121    -0.0051076275
   48Z    -3.3627524368    -0.0028935163
   49X     4.8504996604    -0.0040023078
   49Y     2.7660993212     0.0061396896
   49Z    -3.5880647940     0.0001085812
   50X     4.7600527335     0.0015993063
   50Y     3.7102514633    -0.0056612202
   50Z    -2.5859740575    -0.0012447056
   51X     5.2758312329     0.0027926953
   51Y     3.4419996328    -0.0057666606
   51Z    -1.3326645918     0.0034543804
   52X    -2.1366951232     0.0086940973
   52Y    -3.0476308227    -0.0167916806
   52Z    -1.0300506687     0.0186852968
   53X    -2.1451656838    -0.0025020633
   53Y    -2.8533799779     0.0049516499
   53Z    -2.2328872205    -0.0085405820
   54X    -1.5033715748     0.0080783947
   54Y    -4.2030090710    -0.0100716300
   54Z    -0.3691075382     0.0089900390
   55X    -1.4395727999    -0.0025035809
   55Y    -4.3266984404     0.0060423470
   55Z     1.0054186368    -0.0073067662
   56X    -0.7638830383     0.0005590115
   56Y    -5.3989755623    -0.0000624285
   56Z     1.5627243193     0.0011999661
   57X    -0.1728504332     0.0008470970
   57Y    -6.3468611347    -0.0007325233
   57Z     0.7427716867    -0.0005453334
   58X    -0.2555829795     0.0001866965
   58Y    -6.2275391756    -0.0007075370
   58Z    -0.6353203685    -0.0004517314
   59X    -0.9155594699    -0.0022733474
   59Y    -5.1509647533     0.0055623566
   59Z    -1.1911104510     0.0006017710
   60X    -0.2097392960     0.0153930852
   60Y    -1.1547475382    -0.0107971579
   60Z     1.8364341802     0.0058924657
   61X    -2.4300503956    -0.0108418378
   61Y    -0.4562313148     0.0020342212
   61Z     2.4707643087     0.0135790826
   62X    -3.6491745187    -0.0054198955
   62Y     1.8683153927    -0.0056057060
   62Z    -0.5155830594     0.0104562514
   63X    -4.2442042941     0.0012415976
   63Y    -0.7298029557     0.0053865858
   63Z     0.9946071660    -0.0141146316
   64X    -6.1319130983     0.0076593540
   64Y     1.5761652304     0.0044469656
   64Z     1.1739417496    -0.0116708013
   65X    -6.4278100209     0.0018258071
   65Y     2.5627464257    -0.0109791190
   65Z    -1.5682089798     0.0081158079
   66X    -7.3896389443     0.0143541888
   66Y     1.3053382297     0.0023508171
   66Z    -0.7744957191    -0.0025473442
   67X    -4.7465709525    -0.0109180348
   67Y     0.9454138022    -0.0065428502
   67Z    -2.2120482489     0.0063566299
   68X    -2.8855556304     0.0011771094
   68Y    -0.7190312849     0.0025678684
   68Z    -1.6682582674     0.0126708684
   69X    -1.1756472598    -0.0043175266
   69Y     1.8958447948     0.0005400417
   69Z    -0.6850815723    -0.0039546782
   70X    -1.8481633811    -0.0029247824
   70Y     3.6442038083    -0.0008009435
   70Z     0.8091516318    -0.0080842472
   71X    -0.3040223032    -0.0016466469
   71Y    -0.0416779132     0.0014435069
   71Z    -1.8339006500     0.0112573142
   72X     0.0915191370    -0.0066133431
   72Y    -1.3952922665     0.0184057119
   72Z    -0.8028716213    -0.0015624207
   73X     1.2665208967    -0.0092799000
   73Y     1.1759764098    -0.0089294666
   73Z    -0.8367613039     0.0115019025
   74X    -7.9447757667    -0.0057897710
   74Y    -1.4087837076    -0.0013325754
   74Z    -1.9396808281     0.0138692927
   75X    -8.9860731662     0.0056483032
   75Y    -0.4736978662    -0.0110376646
   75Z    -0.9254125307    -0.0015790694
   76X    -9.1714810604     0.0076717476
   76Y    -2.2205725696     0.0080795880
   76Z    -0.9250167206    -0.0004536954
   77X    -5.9696663559     0.0090058832
   77Y    -2.4206610149     0.0144015720
   77Z    -1.8715271229    -0.0020164957
   78X    -4.4956991333    -0.0130553333
   78Y    -1.6916168492     0.0037092278
   78Z    -2.5341524535     0.0075950561
   79X    -6.1859311524    -0.0014290740
   79Y     3.7990295001     0.0052982988
   79Z     0.8057985915    -0.0002118820
   80X    -0.4047348909    -0.0010581896
   80Y     4.5302822759     0.0066005339
   80Z     2.2918681450    -0.0070458285
   81X    -1.4092254776     0.0079277066
   81Y     5.9590269651    -0.0057627169
   81Z     2.2201989695    -0.0037525283
   82X     0.3171041142    -0.0175720160
   82Y     6.0931668053    -0.0138478858
   82Z     1.8871610341    -0.0032516646
   83X     1.4832825233     0.0006805467
   83Y     3.0343297417    -0.0038580892
   83Z     2.0569032671    -0.0107198807
   84X     0.8689347864     0.0052001250
   84Y     3.6687759202    -0.0118268393
   84Z     0.5365847410     0.0071529412
   85X     2.1684890256    -0.0037622117
   85Y     2.5341565935    -0.0003388683
   85Z     0.5367745110     0.0008983846
   86X     3.9669616429     0.0017899087
   86Y    -1.8924970245     0.0109851284
   86Z    -0.0572581044     0.0061632622
   87X     5.5541776341     0.0001480161
   87Y    -0.3516751969    -0.0025469307
   87Z    -0.8217997928     0.0147097704
   88X     5.3544978589     0.0141816695
   88Y    -3.2557102186     0.0043083189
   88Z     0.9038848590    -0.0018690000
   89X     7.0989144921     0.0039354393
   89Y    -4.9513961981     0.0166987962
   89Z     0.7469288470    -0.0030173104
   90X     9.4171946391    -0.0124834279
   90Y    -4.3036937586     0.0121316016
   90Z     0.2407856384     0.0001132410
   91X     9.9857451625    -0.0156647332
   91Y    -1.9177654664    -0.0041735786
   91Z     0.0023467702     0.0026195424
   92X     8.2254739781    -0.0038208415
   92Y    -0.2253064972    -0.0148755354
   92Z     0.1253413196     0.0029083358
   93X     3.1299497190     0.0004469036
   93Y    -1.6337869448    -0.0015540464
   93Z     2.1083780410     0.0043044485
   94X     6.0936142953    -0.0005325219
   94Y     0.6250744177    -0.0009717558
   94Z     1.8859549340    -0.0082763748
   95X     6.7084385023    -0.0084438409
   95Y     0.4705180859     0.0126688419
   95Z    -1.9833353715    -0.0021466608
   96X     5.6743955033    -0.0034913601
   96Y     0.8727860166     0.0106754390
   96Z    -4.1412753062     0.0134446074
   97X     4.3798459545     0.0068893104
   97Y     2.9274162635    -0.0040292630
   97Z    -4.5335959262     0.0166922169
   98X     4.2563846850     0.0061439084
   98Y     4.6442142246    -0.0106935354
   98Z    -2.7660689312     0.0020755639
   99X     5.1747309752     0.0022116599
   99Y     4.1495329469    -0.0082526385
   99Z    -0.5327311807    -0.0107208202
  100X    -1.9015966152     0.0073037681
  100Y    -3.5961884646    -0.0108238520
  100Z     1.6316251146    -0.0089499118
  101X    -0.6959961231    -0.0004293798
  101Y    -5.4955301297     0.0014251722
  101Z     2.6284273507    -0.0150613959
  102X     0.3482320666    -0.0078448551
  102Y    -7.1761497180     0.0126817229
  102Z     1.1766068899    -0.0066405335
  103X     0.1934856248    -0.0070840194
  103Y    -6.9647955319     0.0111748801
  103Z    -1.2689412269     0.0093551846
  104X    -0.9826070850     0.0010146986
  104Y    -5.0258756638    -0.0019355563
  104Z    -2.2518210920     0.0155874982
  105X     0.6895305627    -0.0109628640
  105Y    -0.6503325997    -0.0059890994
  105Z     2.1318040128    -0.0054193940
  106X     0.0408559131    -0.0029917122
  106Y    -1.8507204713     0.0077990442
  106Z     1.0570934807     0.0076955372
  107X    -0.5497152620     0.0052738428
  107Y    -1.7387967528     0.0073889482
  107Z     2.6730564641    -0.0114221537
  108X    -2.6864695851     0.0030335922
  108Y    -1.5071205751     0.0077123538
  108Z     2.3903168925     0.0000558945
  109X    -3.3390145450     0.0135664333
  109Y     0.1000510676    -0.0080567730
  109Z     2.4688671085    -0.0006190129
  110X    -1.9770021010    -0.0046561450
  110Y    -0.2959025626    -0.0018725539
  110Z     3.4410103628    -0.0106991151
----------------------------------------

 @ End Gradient Calculation

  Skipping one-electron property calculation.

 @ Output cuEST Memory Footprint

------------- cuEST MEMORY USAGE ---------------
| Peak Host Footprint =    91.11 kB
| Host Allocations =    43
| Peak Device Footprint =    43.08 GB
| Device Allocations =    36
------------------------------------------------

 @ Finish Output cuEST Memory Footprint


 @ Output Timing Information

------------- TIMING ---------------
| CUEST INITIALIZATION TIME =     1.609167000(  7.96%)
| INITIAL GUESS TIME  =     4.336421000( 21.44%)
| DFT GRID OPERATIONS =     0.002982000(  0.01%)
| TOTAL SCF TIME      =     7.989710000( 39.50%)
|       TOTAL OP TIME      =     5.019370000( 24.82%)
|             TOTAL 1e TIME      =     0.036317000(  0.18%)
|             TOTAL 2e TIME      =     2.958253000( 14.63%)
|             TOTAL EXC TIME     =     1.615088000(  7.99%)
|       TOTAL DII TIME      =     2.880419000( 14.24%)
|             TOTAL DIAG TIME    =     0.343430000(  1.70%)
| TOTAL GRADIENT TIME      =     5.166466000( 25.54%)
|       TOTAL 1e GRADIENT TIME      =     2.565505000(13.70%)
|       TOTAL 2e GRADIENT TIME      =     2.012366000( 9.95%)
|       TOTAL EXC GRADIENT TIME     =     0.379487000(  1.88%)
| TOTAL TIME          =    20.225793000
------------------------------------
| Job cpu time:  0 days  0 hours  0 minutes 20.2 seconds.

 @ Finish Output Timing Information

| Normal Termination. Task Finished on: Fri Aug 28 18:50:07 2026
