| *********************************************************************************************************
| **                                                                                                     **
| **           888888888888                                                                              **
| **         8888888888888888                                                                            **
| **      888888888888888888                                                                             **
| **     888888888888888888                                                                              **
| **    888888888888888                                                                                  **
| **   88888888888888888888                               88888                       8888:              **
| **   8888888888888888888888Z                            88888                       8888:              **
| **   888888888888888888888888?                          88888                       8888:              **
| **   8888888888888      8888888                                        888888       8888:              **
| **    88888888888         888888     8888:     88888    88888        888888888I     8888:    888888    **
| **    8888888888           88888:    8888:     88888    88888      $888888888888    8888:   888888     **
| **    I8Z 88888             88888    8888:     88888    88888    .888888     8888   8888: 888888       **
| **    .8Z 88888             88888    8888:     88888    88888    $88888             8888:88888         **
| **     8I 88888      .=88. .88888    8888:     88888    88888    88888              8888888888         **
| **    :8  88888      888888$8888$    8888:     88888    88888    8888O              88888888888        **
| **   ,7   +88888.     8888888888.    8888:     88888    88888    888888             88888O888888       **
| **         $888888:.   .8888888      88888....888888    88888     888888     8888   8888:  888888      **
| **          I8888888888888888888     888888888888888    88888     O888888888888O    8888:   888888     **
| **            O888888888888888888     88888888888888    88888       88888888888$    8888:    888888    **
| **               8888888Z     888      .8888I  88888    88888         8888888       8888:     888888   **
| **                                                                                                     **
| **                                                                                                     **
| **                                         Copyright (c) 2026                                          **
| **                          Regents of the University of California San Diego                          **
| **                                    & Michigan State University                                      **
| **                                        All Rights Reserved.                                         **
| **                                                                                                     **
| **             This software is subject to the terms of the Mozilla Public License, v. 2.0.            **
| **                                                                                                     **
| *********************************************************************************************************
|                                                                                                          
| Cite this work as:                                                                                       
| Manathunga, M.; O'Hearn, K. A.; Shajan, A.; Smith, J.; Miao, Y.; He, X.; Ayers, K.;                      
| Brothers, E.; Palos, E.; Tripathy, V.; Goetz, A.W.; Merz, K.M. QUICK-26.03.                              
| University of California,San Diego, CA and                                                               
| Michigan State University, East Lansing, MI, 2026                                                        
|                                                                                                          
| If you have any comments or queries, please reach out to us on GitHub issues or discussion sections:     
| https://github.com/merzlab/QUICK.                                                                        
|                                                                                                          
| TASK STARTS ON: Sat Aug 29 12:26:56 2026
| INPUT FILE :    /work2/11707/msun12/stampede3/quickruns/3447191/txl3/taxol_blyp_def2-TZVP.in
| OUTPUT FILE:    /work2/11707/msun12/stampede3/quickruns/3447191/txl3/taxol_blyp_def2-TZVP.out
| BASIS SET PATH: /home1/11707/msun12/QUICK-install/basis

|------------ GPU INFORMATION ---------------
| CUDA ENABLED DEVICE         :        1
| CUDA DEVICE IN USE          :        0
| CUDA DEVICE NAME            : NVIDIA H100
| CUDA DEVICE PM              :      132
| CUDA DEVICE CORE FREQ(GHZ)  :     1.98
| CUDA DEVICE MEMORY SIZE (MB):    95321
| SUPPORTING CUDA VERSION     :      9.0
|--------------------------------------------

 @ Read Job And Atom

  KEYWORD=BLYP BASIS=DEF2-TZVP CUTOFF=1.0E-10 DENSERMS=1.0E-6 GRADIENT CUEST
 ============== JOB CARD =============
 METHOD = DENSITY FUNCTIONAL THEORY
 USING LIBXC VERSION: 4.3.4
 FUNCTIONAL INFORMATION:
 NAME = Becke 88 FAMILY = GGA KIND = EXCHANGE
 NAME = Lee, Yang & Parr FAMILY = GGA KIND = CORRELATION
 DIRECT SCF 
 SAD INITAL GUESS 
 USE DIIS SCF
 PRINT ENERGY EVERY CYCLE
 READ SAD GUESS FROM FILE
 STANDARD GRID = SG1
 Level shifting allowed after cycle    3
 DIIS error must exceed 0.100 for level shifting
 Max HOMO-LUMO gap to allow level shifting = 0.200
 GRADIENT CALCULATION
 MAX SCF CYCLES =    200
 MAX DIIS CYCLES =   10
 DELTA DENSITY START CYCLE =    3
 COMPUTATIONAL CUTOFF: 
      TWO-e INTEGRAL         =  0.100E-09
      BASIS SET PRIME        =  0.100E-10
      MATRIX ELEMENTS        =  0.100E-09
      BASIS FUNCTION         =  0.100E-05
      NEAR-LINEAR DEPENDENCY =  0.100E-04
      GRADIENT CUTOFF  =  0.100E-06
 DENSITY MATRIX MAXIMUM RMS FOR CONVERGENCE  =  0.100E-05
 BASIS SET = DEF2-TZVP,  TYPE = CARTESIAN
| BASIS FILE = /home1/11707/msun12/QUICK-install/basis/DEF2-TZVP.BAS
| DATA FILE  =    /work2/11707/msun12/stampede3/quickruns/3447191/txl3/taxol_blyp_def2-TZVP.dat

 @ Finish reading job


 @ Begin SAD initial guess

 For Atom Kind =    1
 ELEMENT = C 
 BASIS FUNCTIONS =   36
 For Atom Kind =    2
 ELEMENT = O 
 BASIS FUNCTIONS =   36
 For Atom Kind =    3
 ELEMENT = N 
 BASIS FUNCTIONS =   36
 For Atom Kind =    4
 ELEMENT = H 
 BASIS FUNCTIONS =    6

 @ Finish SAD initial guess


 @ Begin Reading Molecular Information


 =========== Molecule Input ==========
 TOTAL MOLECULAR CHARGE  =    0    MULTIPLICITY                =    1
 TOTAL ATOM NUMBER       =  110    NUMBER OF ATOM TYPES        =    4
 NUMBER OF HYDROGEN ATOM =   49    NUMBER OF NON-HYDROGEN ATOM =   61
 NUMBER OF ELECTRONS     =  446

 -- INPUT GEOMETRY -- :
    C          -6.3961       1.6376      -1.0167
    C          -5.5976       1.9480       0.3157
    C          -4.1358       1.3889       0.3062
    C          -4.0900      -0.2069       0.0760
    C          -5.3005      -0.5560      -0.7831
    C          -5.6408       0.5560      -1.7454
    C          -2.8203      -0.7723      -0.5951
    C          -3.4405       1.9810       1.5955
    C          -1.5723      -0.0770      -0.1719
    O          -2.6953      -2.1590      -0.1698
    O          -1.8693       1.2309      -0.7751
    C          -1.3334      -0.1176       1.4102
    C          -0.8881       1.2875       1.4845
    C           0.3196       1.5771       0.9641
    O          -4.0361       2.4498       2.5048
    O          -1.9505       2.1871       1.7492
    C          -0.2199      -0.3744      -0.8072
    C           0.8361       0.5393      -0.0882
    O          -6.3706      -0.7461       0.1815
    C          -7.5080      -1.5313       0.1764
    O          -7.7343      -2.1872       1.1532
    C          -8.4523      -1.4158      -0.9939
    C          -5.4161      -1.5091      -2.0070
    O          -6.2193      -0.4454      -2.6903
    O          -5.4268       3.3774       0.3776
    O          -1.6122       4.1801       0.0344
    C          -0.7941       5.2258       0.2991
    O          -0.3049       5.8646      -0.5895
    C          -0.5432       5.4737       1.7764
    C           1.2299       2.7853       1.0315
    O           1.9361      -0.3334       0.3600
    C           3.1924       0.0393       0.0732
    O           3.4565       1.0474      -0.5230
    C           4.1742      -1.0075       0.5409
    C           5.5923      -0.5508       0.2305
    C           6.6535      -1.6277       0.4268
    C           6.3531      -2.9590       0.6578
    C           7.3484      -3.9223       0.5946
    C           8.6553      -3.5578       0.3263
    C           8.9721      -2.2174       0.1751
    C           7.9781      -1.2615       0.2323
    O           4.0118      -1.2781       1.9326
    N           5.9708       0.6810       0.8873
    C           6.1083       1.9571       0.3956
    O           6.3193       2.8804       1.1683
    C           5.8856       2.2295      -1.0684
    C           6.1183       1.3531      -2.1154
    C           5.5666       1.5986      -3.3628
    C           4.8505       2.7661      -3.5881
    C           4.7601       3.7103      -2.5860
    C           5.2758       3.4420      -1.3327
    C          -2.1367      -3.0476      -1.0301
    O          -2.1452      -2.8534      -2.2329
    C          -1.5034      -4.2030      -0.3691
    C          -1.4396      -4.3267       1.0054
    C          -0.7639      -5.3990       1.5627
    C          -0.1729      -6.3469       0.7428
    C          -0.2556      -6.2275      -0.6353
    C          -0.9156      -5.1510      -1.1911
    C          -0.2097      -1.1547       1.8364
    C          -2.4301      -0.4562       2.4708
    H          -3.6492       1.8683      -0.5156
    H          -4.2442      -0.7298       0.9946
    H          -6.1319       1.5762       1.1739
    H          -6.4278       2.5627      -1.5682
    H          -7.3896       1.3053      -0.7745
    H          -4.7466       0.9454      -2.2120
    H          -2.8856      -0.7190      -1.6683
    H          -1.1756       1.8958      -0.6851
    H          -1.8482       3.6442       0.8092
    H          -0.3040      -0.0417      -1.8339
    H           0.0915      -1.3953      -0.8029
    H           1.2665       1.1760      -0.8368
    H          -7.9448      -1.4088      -1.9397
    H          -8.9861      -0.4737      -0.9254
    H          -9.1715      -2.2206      -0.9250
    H          -5.9697      -2.4207      -1.8715
    H          -4.4957      -1.6916      -2.5342
    H          -6.1859       3.7990       0.8058
    H          -0.4047       4.5303       2.2919
    H          -1.4092       5.9590       2.2202
    H           0.3171       6.0932       1.8872
    H           1.4833       3.0343       2.0569
    H           0.8689       3.6688       0.5366
    H           2.1685       2.5342       0.5368
    H           3.9670      -1.8925      -0.0573
    H           5.5542      -0.3517      -0.8218
    H           5.3545      -3.2557       0.9039
    H           7.0989      -4.9514       0.7469
    H           9.4172      -4.3037       0.2408
    H           9.9857      -1.9178       0.0023
    H           8.2255      -0.2253       0.1253
    H           3.1299      -1.6338       2.1084
    H           6.0936       0.6251       1.8860
    H           6.7084       0.4705      -1.9833
    H           5.6744       0.8728      -4.1413
    H           4.3798       2.9274      -4.5336
    H           4.2564       4.6442      -2.7661
    H           5.1747       4.1495      -0.5327
    H          -1.9016      -3.5962       1.6316
    H          -0.6960      -5.4955       2.6284
    H           0.3482      -7.1761       1.1766
    H           0.1935      -6.9648      -1.2689
    H          -0.9826      -5.0259      -2.2518
    H           0.6895      -0.6503       2.1318
    H           0.0409      -1.8507       1.0571
    H          -0.5497      -1.7388       2.6731
    H          -2.6865      -1.5071       2.3903
    H          -3.3390       0.1001       2.4689
    H          -1.9770      -0.2959       3.4410

============== BASIS INFOS ==============
 BASIS FUNCTIONS = 2490
 NSHELL =  867 NPRIM  = 3503
 JSHELL =  867 JBASIS = 1514


 @ End Reading Molecular Information 


 @ Begin XC Quadrature Formation

 OCTAGO: OCTree Algorithm for Grid Operations 
   PRUNING CUTOFF       = 0.100E-06
   INITIAL GRID POINTS  =      416624
|   FINAL GRID POINTS    =      263209
|   SIGNIFICANT NUMBER OF BASIS FUNCTIONS     =     1097433
|   SIGNIFICANT NUMBER OF PRIMITIVE FUNCTIONS =     1130743

 @ End XC Quadrature Formation


 @ Begin Energy Calculation

| Number of total basis functions:   2490
| Number of linearly independent basis functions:   2484
| condition number of overlap matrix:    6.071E+06
| Smallest eigenvalue of overlap matrix:    3.160E-06

                                         SCF ENERGY
| ------------------------------------------------------------------------------------------------------------------------
| NCYC       ENERGY         DELTA_E      SCF_TIME  DII_CYC   DII_TIME   O_TIME  DIAG_TIME    MAX_ERR    RMS_CHG    MAX_CHG
| ------------------------------------------------------------------------------------------------------------------------
|  1  -2939.462682461      ------        66.050     1        0.32     65.70      0.05    0.2217E+01  0.4422E-02  0.1031E+01
|  2  -2925.420695509  -.140420E+02     457.267     2        0.34    456.91      0.05    0.3513E+00  0.1111E-01  0.5504E+01
|  3  -2919.416530114  -.600417E+01     465.242     3        0.41    464.81      0.05    0.9800E+00  0.7105E-02  0.3478E+01
|   ***  Level shifting applied  ( HOMO-LUMO gap =  0.012 au ) ***
|  4  -2926.541856361  0.712533E+01     449.249     4        0.43    448.80      0.05    0.4094E+00  0.2205E-02  0.1038E+01
|   ***  Level shifting applied  ( HOMO-LUMO gap =  0.013 au ) ***
|  5  -2927.271406423  0.729550E+00     409.942     5        0.38    409.54      0.05    0.8060E-01  0.1075E-02  0.3746E+00
|  6  -2927.316631056  0.452246E-01     399.578     6        0.46    399.10      0.05    0.1157E+00  0.2611E-03  0.9883E-01
|   ***  Level shifting applied  ( HOMO-LUMO gap =  0.108 au ) ***
|  7  -2927.355138593  0.385075E-01     356.077     7        0.40    355.65      0.05    0.1982E-01  0.1608E-03  0.5944E-01
|  8  -2927.356911260  0.177267E-02     334.849     8        0.42    334.41      0.05    0.1815E-01  0.7110E-04  0.1745E-01
|  9  -2927.358631217  0.171996E-02     309.314     9        0.44    308.86      0.05    0.7829E-02  0.2413E-04  0.7149E-02
| 10  -2927.358890235  0.259018E-03     280.158    10        0.45    279.69      0.05    0.2088E-02  0.8253E-05  0.1719E-02
| 11  -2927.358936111  0.458752E-04     251.958     1        0.57    251.37      0.05    0.7583E-03  0.3621E-05  0.7806E-03
| 12  -2927.358941562  0.545123E-05     220.897     2        0.58    220.30      0.05    0.3184E-03  0.1410E-05  0.4831E-03
| 13  -2927.358942192  0.630456E-06     193.997     3        0.58    193.40      0.05    0.1271E-03  0.6260E-06  0.1139E-03
| 14  -2927.358942417  0.224371E-06     172.327     4        0.57    171.73      0.05    0.7203E-04  0.2871E-06  0.1013E-03
| 15  -2927.358942521  0.104415E-06     150.884     5        0.58    150.29      0.05    0.3837E-04  0.2979E-06  0.6707E-04
| ------------------------------------------------------------------------------------------------------------------------
| REACH CONVERGENCE AFTER  15 CYCLES
| MAX ERROR = 0.383735E-04   RMS CHANGE = 0.297869E-06   MAX CHANGE = 0.670665E-04
| -----------------------------------------------
 ALPHA ELECTRON DENSITY    =   223.0013940299
 BETA ELECTRON DENSITY     =   223.0013940299
 ELECTRONIC ENERGY    = -12594.428817845
 CORE_CORE REPULSION  =   9667.069875324
 TOTAL ENERGY         =  -2927.358942521

 @ End Energy calculation


 @ Begin Gradient Calculation

 ANALYTICAL GRADIENT: 
----------------------------------------
 COORDINATE    XYZ            GRADIENT
----------------------------------------
    1X    -6.3960620484    -0.0215132770
    1Y     1.6375501950    -0.0007741414
    1Z    -1.0167391376     0.0043400704
    2X    -5.5976016175    -0.0029213874
    2Y     1.9479657588    -0.0113160988
    2Z     0.3156763941     0.0110340814
    3X    -4.1358426958     0.0089970390
    3Y     1.3888886961     0.0041066616
    3Z     0.3061559434    -0.0168915513
    4X    -4.0900119523    -0.0023377390
    4Y    -0.2069339958    -0.0078710109
    4Z     0.0759908158     0.0130728621
    5X    -5.3005248048     0.0038734376
    5Y    -0.5559696325     0.0034271885
    5Z    -0.7831189998     0.0040286542
    6X    -5.6408357108     0.0079342927
    6Y     0.5560152125     0.0103473841
    6Z    -1.7454175833     0.0016021946
    7X    -2.8203121254     0.0044484967
    7Y    -0.7723427990     0.0076278216
    7Z    -0.5951161554    -0.0038933479
    8X    -3.4405170127    -0.0022963169
    8Y     1.9809802613     0.0141149787
    8Z     1.5954933618     0.0020256184
    9X    -1.5722955801    -0.0077321146
    9Y    -0.0769638959    -0.0100389204
    9Z    -0.1719253231     0.0078669493
   10X    -2.6953277358     0.0036469250
   10Y    -2.1590275449     0.0074076035
   10Z    -0.1697708530    -0.0007120625
   11X    -1.8693494728     0.0098788668
   11Y     1.2308627640     0.0038297522
   11Z    -0.7751224092     0.0100004572
   12X    -1.3334065318    -0.0002360076
   12Y    -0.1176307990     0.0134426424
   12Z     1.4101577377    -0.0108665629
   13X    -0.8881045478     0.0180143708
   13Y     1.2874585683    -0.0094578117
   13Z     1.4845317434    -0.0067100890
   14X     0.3196037144    -0.0237038965
   14Y     1.5770568504     0.0005573980
   14Z     0.9640606036     0.0124538177
   15X    -4.0360630582     0.0095185386
   15Y     2.4497905671    -0.0069343313
   15Z     2.5047991213    -0.0121111874
   16X    -1.9504981989    -0.0141932786
   16Y     2.1870801370    -0.0036810969
   16Z     1.7492358836    -0.0095633265
   17X    -0.2198636968     0.0001258097
   17Y    -0.3744037186    -0.0114511907
   17Z    -0.8072270516    -0.0047842620
   18X     0.8361322639     0.0061053637
   18Y     0.5392960612     0.0023128250
   18Z    -0.0882305667    -0.0110144510
   19X    -6.3705655165    -0.0052870585
   19Y    -0.7461437470     0.0020920502
   19Z     0.1814962939    -0.0144854563
   20X    -7.5079891033     0.0004773448
   20Y    -1.5312545569    -0.0021625517
   20Z     0.1764442435     0.0168924630
   21X    -7.7343174206     0.0049479152
   21Y    -2.1872431170     0.0099354549
   21Z     1.1532460581    -0.0180159382
   22X    -8.4523256355     0.0020165174
   22Y    -1.4157501381     0.0047067045
   22Z    -0.9939260359    -0.0080055615
   23X    -5.4161060936     0.0074886212
   23Y    -1.5091024852    -0.0239845733
   23Z    -2.0070004333    -0.0061737730
   24X    -6.2192576349    -0.0020860047
   24Y    -0.4454467640    -0.0006972626
   24Z    -2.6902952054     0.0060603678
   25X    -5.4267630344    -0.0028770291
   25Y     3.3774439679    -0.0050227614
   25Z     0.3776243788     0.0019699638
   26X    -1.6122442331     0.0064551701
   26Y     4.1801173692    -0.0024058469
   26Z     0.0343779426     0.0255851594
   27X    -0.7940924306     0.0020193668
   27Y     5.2257743591     0.0034621214
   27Z     0.2990567328    -0.0200040179
   28X    -0.3048947533    -0.0069248189
   28Y     5.8645770378    -0.0128437555
   28Z    -0.5895333050     0.0180099092
   29X    -0.5432142115     0.0122367526
   29Y     5.4736988580     0.0055095229
   29Z     1.7763875257     0.0045122297
   30X     1.2298581039    -0.0007849176
   30Y     2.7852910627     0.0073506650
   30Z     1.0315035488    -0.0012201380
   31X     1.9361231978     0.0070452317
   31Y    -0.3334212455     0.0103414452
   31Z     0.3599506875    -0.0052409213
   32X     3.1923973838     0.0062163644
   32Y     0.0392867930     0.0040136157
   32Z     0.0732008056    -0.0002428826
   33X     3.4564615139    -0.0085433369
   33Y     1.0474090400    -0.0165286464
   33Z    -0.5229789999     0.0139126110
   34X     4.1741653088     0.0059112320
   34Y    -1.0074733869     0.0013136305
   34Z     0.5409361113    -0.0110228529
   35X     5.5923107171    -0.0087272008
   35Y    -0.5507792521     0.0104686804
   35Z     0.2305424976    -0.0072956867
   36X     6.6535037881     0.0088617793
   36Y    -1.6276655543    -0.0169961906
   36Z     0.4267850326     0.0049100320
   37X     6.3531150051    -0.0124981081
   37Y    -2.9590429360    -0.0055599022
   37Z     0.6578478902     0.0053596598
   38X     7.3484382612     0.0101546851
   38Y    -3.9223477295     0.0056757320
   38Z     0.5946433254    -0.0029151084
   39X     8.6553271210     0.0013699945
   39Y    -3.5577624717    -0.0035999305
   39Z     0.3262773549    -0.0001146905
   40X     8.9721243751    -0.0096386294
   40Y    -2.2174055893    -0.0011298739
   40Z     0.1751067634     0.0029614552
   41X     7.9780886392    -0.0027866274
   41Y    -1.2615409463     0.0132921056
   41Z     0.2323472177     0.0002865821
   42X     4.0117557664    -0.0014010582
   42Y    -1.2781154276    -0.0044196585
   42Z     1.9325733176    -0.0112208968
   43X     5.9708271360     0.0033719340
   43Y     0.6810003920     0.0026836481
   43Z     0.8873416378    -0.0068584380
   44X     6.1083015365    -0.0039803123
   44Y     1.9571430895    -0.0038850737
   44Z     0.3956142302     0.0120486094
   45X     6.3193162726    -0.0032998927
   45Y     2.8803622800    -0.0163780077
   45Z     1.1682892292    -0.0156841976
   46X     5.8856240794    -0.0095334993
   46Y     2.2294773203     0.0075521859
   46Z    -1.0684369316    -0.0151681957
   47X     6.1182760772    -0.0060541594
   47Y     1.3530946933     0.0183638892
   47Z    -2.1154263515     0.0159486794
   48X     5.5666096951     0.0019372117
   48Y     1.5985928121    -0.0044030123
   48Z    -3.3627524368    -0.0014392893
   49X     4.8504996604    -0.0001959477
   49Y     2.7660993212     0.0068613127
   49Z    -3.5880647940     0.0063525987
   50X     4.7600527335     0.0051470067
   50Y     3.7102514633    -0.0162946667
   50Z    -2.5859740575     0.0025723550
   51X     5.2758312329     0.0037431046
   51Y     3.4419996328    -0.0075671025
   51Z    -1.3326645918    -0.0069211120
   52X    -2.1366951232     0.0121133784
   52Y    -3.0476308227    -0.0110741236
   52Z    -1.0300506687    -0.0052437639
   53X    -2.1451656838    -0.0047884444
   53Y    -2.8533799779    -0.0018913213
   53Z    -2.2328872205     0.0225881300
   54X    -1.5033715748     0.0005013500
   54Y    -4.2030090710     0.0014951849
   54Z    -0.3691075382    -0.0040632273
   55X    -1.4395727999    -0.0057957321
   55Y    -4.3266984404     0.0129180563
   55Z     1.0054186368    -0.0155356250
   56X    -0.7638830383    -0.0090251445
   56Y    -5.3989755623     0.0087467478
   56Z     1.5627243193     0.0237843095
   57X    -0.1728504332     0.0174976123
   57Y    -6.3468611347    -0.0121598560
   57Z     0.7427716867    -0.0041304080
   58X    -0.2555829795    -0.0011729365
   58Y    -6.2275391756    -0.0050202890
   58Z    -0.6353203685    -0.0122168033
   59X    -0.9155594699    -0.0041832949
   59Y    -5.1509647533     0.0072991015
   59Z    -1.1911104510    -0.0004797010
   60X    -0.2097392960     0.0097050438
   60Y    -1.1547475382    -0.0048941829
   60Z     1.8364341802     0.0029905723
   61X    -2.4300503956    -0.0065016226
   61Y    -0.4562313148     0.0039039856
   61Z     2.4707643087     0.0073776647
   62X    -3.6491745187    -0.0042426646
   62Y     1.8683153927    -0.0043434047
   62Z    -0.5155830594     0.0090405387
   63X    -4.2442042941     0.0006593833
   63Y    -0.7298029557     0.0036514435
   63Z     0.9946071660    -0.0119497403
   64X    -6.1319130983     0.0066471144
   64Y     1.5761652304     0.0022578572
   64Z     1.1739417496    -0.0090631151
   65X    -6.4278100209     0.0025989022
   65Y     2.5627464257    -0.0083238396
   65Z    -1.5682089798     0.0069559867
   66X    -7.3896389443     0.0237863710
   66Y     1.3053382297     0.0046193130
   66Z    -0.7744957191    -0.0050967664
   67X    -4.7465709525    -0.0085179501
   67Y     0.9454138022    -0.0057806673
   67Z    -2.2120482489     0.0061684248
   68X    -2.8855556304     0.0016101968
   68Y    -0.7190312849     0.0020732071
   68Z    -1.6682582674     0.0101914795
   69X    -1.1756472598    -0.0089445787
   69Y     1.8958447948    -0.0024189347
   69Z    -0.6850815723    -0.0038652195
   70X    -1.8481633811    -0.0009822540
   70Y     3.6442038083     0.0025018683
   70Z     0.8091516318    -0.0130593114
   71X    -0.3040223032    -0.0023428605
   71Y    -0.0416779132     0.0024214683
   71Z    -1.8339006500     0.0091343242
   72X     0.0915191370    -0.0051921418
   72Y    -1.3952922665     0.0149212416
   72Z    -0.8028716213    -0.0011443887
   73X     1.2665208967    -0.0073021945
   73Y     1.1759764098    -0.0074050165
   73Z    -0.8367613039     0.0098711749
   74X    -7.9447757667    -0.0037131939
   74Y    -1.4087837076    -0.0005097797
   74Z    -1.9396808281     0.0105405566
   75X    -8.9860731662     0.0045761227
   75Y    -0.4736978662    -0.0083013738
   75Z    -0.9254125307    -0.0011716929
   76X    -9.1714810604     0.0057514670
   76Y    -2.2205725696     0.0058728132
   76Z    -0.9250167206     0.0002718671
   77X    -5.9696663559     0.0070650148
   77Y    -2.4206610149     0.0112752063
   77Z    -1.8715271229    -0.0014159246
   78X    -4.4956991333    -0.0092232845
   78Y    -1.6916168492     0.0027993348
   78Z    -2.5341524535     0.0062726044
   79X    -6.1859311524     0.0030328514
   79Y     3.7990295001     0.0015745891
   79Z     0.8057985915    -0.0029634160
   80X    -0.4047348909    -0.0010844295
   80Y     4.5302822759     0.0036567317
   80Z     2.2918681450    -0.0059144750
   81X    -1.4092254776     0.0054836892
   81Y     5.9590269651    -0.0046060718
   81Z     2.2201989695    -0.0025771515
   82X     0.3171041142    -0.0142561412
   82Y     6.0931668053    -0.0112409079
   82Z     1.8871610341    -0.0032113822
   83X     1.4832825233     0.0012277392
   83Y     3.0343297417    -0.0030162112
   83Z     2.0569032671    -0.0078401744
   84X     0.8689347864     0.0040301787
   84Y     3.6687759202    -0.0090027807
   84Z     0.5365847410     0.0050712987
   85X     2.1684890256    -0.0015895430
   85Y     2.5341565935    -0.0007426563
   85Z     0.5367745110    -0.0003702622
   86X     3.9669616429    -0.0011183326
   86Y    -1.8924970245     0.0122281770
   86Z    -0.0572581044     0.0023660962
   87X     5.5541776341    -0.0002932405
   87Y    -0.3516751969    -0.0030072579
   87Z    -0.8217997928     0.0124751213
   88X     5.3544978589     0.0106505595
   88Y    -3.2557102186     0.0036026842
   88Z     0.9038848590    -0.0008080305
   89X     7.0989144921     0.0021171887
   89Y    -4.9513961981     0.0202726350
   89Z     0.7469288470    -0.0035268765
   90X     9.4171946391    -0.0084806303
   90Y    -4.3036937586     0.0064742854
   90Z     0.2407856384    -0.0013418149
   91X     9.9857451625    -0.0129194068
   91Y    -1.9177654664    -0.0050665704
   91Z     0.0023467702     0.0024386615
   92X     8.2254739781    -0.0038555695
   92Y    -0.2253064972    -0.0128545518
   92Z     0.1253413196     0.0031314337
   93X     3.1299497190     0.0064709663
   93Y    -1.6337869448     0.0012633961
   93Z     2.1083780410     0.0017872513
   94X     6.0936142953    -0.0005434508
   94Y     0.6250744177     0.0005785180
   94Z     1.8859549340    -0.0050483125
   95X     6.7084385023    -0.0036534908
   95Y     0.4705180859     0.0013664962
   95Z    -1.9833353715    -0.0028221570
   96X     5.6743955033    -0.0028583483
   96Y     0.8727860166     0.0079662427
   96Z    -4.1412753062     0.0114478171
   97X     4.3798459545     0.0033473639
   97Y     2.9274162635    -0.0035338110
   97Z    -4.5335959262     0.0091333235
   98X     4.2563846850     0.0028763651
   98Y     4.6442142246    -0.0042110395
   98Z    -2.7660689312     0.0019412801
   99X     5.1747309752     0.0020052686
   99Y     4.1495329469    -0.0063157492
   99Z    -0.5327311807    -0.0055084188
  100X    -1.9015966152     0.0050206637
  100Y    -3.5961884646    -0.0080045245
  100Z     1.6316251146    -0.0042695642
  101X    -0.6959961231    -0.0001728225
  101Y    -5.4955301297     0.0007490558
  101Z     2.6284273507    -0.0092201834
  102X     0.3482320666    -0.0075182731
  102Y    -7.1761497180     0.0107589379
  102Z     1.1766068899    -0.0061047112
  103X     0.1934856248    -0.0054080125
  103Y    -6.9647955319     0.0083791605
  103Z    -1.2689412269     0.0070637853
  104X    -0.9826070850     0.0009427438
  104Y    -5.0258756638    -0.0016199062
  104Z    -2.2518210920     0.0116848440
  105X     0.6895305627    -0.0076854435
  105Y    -0.6503325997    -0.0046639565
  105Z     2.1318040128    -0.0051679383
  106X     0.0408559131    -0.0019513132
  106Y    -1.8507204713     0.0056497759
  106Z     1.0570934807     0.0050257082
  107X    -0.5497152620     0.0040501075
  107Y    -1.7387967528     0.0055196512
  107Z     2.6730564641    -0.0089592592
  108X    -2.6864695851     0.0022097068
  108Y    -1.5071205751     0.0051568991
  108Z     2.3903168925    -0.0007011721
  109X    -3.3390145450     0.0104613091
  109Y     0.1000510676    -0.0060642667
  109Z     2.4688671085    -0.0008082447
  110X    -1.9770021010    -0.0035126663
  110Y    -0.2959025626    -0.0012746157
  110Z     3.4410103628    -0.0083864061
----------------------------------------

 @ End Gradient Calculation

  Skipping one-electron property calculation.

 @ Output Timing Information

------------- TIMING ---------------
| INITIAL GUESS TIME  =    92.647127000(  0.97%)
| DFT GRID OPERATIONS =     0.582376000(  0.01%)
| TOTAL SCF TIME      =  4522.132239000( 47.20%)
|       TOTAL OP TIME      =  4514.885228000( 47.13%)
|             TOTAL 1e TIME      =     4.342904000(  0.05%)
|             TOTAL 2e TIME      =  4436.603451000( 46.31%)
|             TOTAL EXC TIME     =    68.261063000(  0.71%)
|       TOTAL DII TIME      =     6.924946000(  0.07%)
|             TOTAL DIAG TIME    =     0.772338000(  0.01%)
| TOTAL GRADIENT TIME      =  4965.280706000( 51.83%)
|       TOTAL 1e GRADIENT TIME      =    13.545447000( 0.43%)
|       TOTAL 2e GRADIENT TIME      =  4916.325291000(51.32%)
|       TOTAL EXC GRADIENT TIME     =     7.821694000(  0.08%)
| TOTAL TIME          =  9580.427936000
------------------------------------
| Job cpu time:  0 days  2 hours 39 minutes 40.4 seconds.

 @ Finish Output Timing Information

| Normal Termination. Task Finished on: Sat Aug 29 15:06:37 2026
