| *********************************************************************************************************
| **                                                                                                     **
| **           888888888888                                                                              **
| **         8888888888888888                                                                            **
| **      888888888888888888                                                                             **
| **     888888888888888888                                                                              **
| **    888888888888888                                                                                  **
| **   88888888888888888888                               88888                       8888:              **
| **   8888888888888888888888Z                            88888                       8888:              **
| **   888888888888888888888888?                          88888                       8888:              **
| **   8888888888888      8888888                                        888888       8888:              **
| **    88888888888         888888     8888:     88888    88888        888888888I     8888:    888888    **
| **    8888888888           88888:    8888:     88888    88888      $888888888888    8888:   888888     **
| **    I8Z 88888             88888    8888:     88888    88888    .888888     8888   8888: 888888       **
| **    .8Z 88888             88888    8888:     88888    88888    $88888             8888:88888         **
| **     8I 88888      .=88. .88888    8888:     88888    88888    88888              8888888888         **
| **    :8  88888      888888$8888$    8888:     88888    88888    8888O              88888888888        **
| **   ,7   +88888.     8888888888.    8888:     88888    88888    888888             88888O888888       **
| **         $888888:.   .8888888      88888....888888    88888     888888     8888   8888:  888888      **
| **          I8888888888888888888     888888888888888    88888     O888888888888O    8888:   888888     **
| **            O888888888888888888     88888888888888    88888       88888888888$    8888:    888888    **
| **               8888888Z     888      .8888I  88888    88888         8888888       8888:     888888   **
| **                                                                                                     **
| **                                                                                                     **
| **                                         Copyright (c) 2026                                          **
| **                          Regents of the University of California San Diego                          **
| **                                    & Michigan State University                                      **
| **                                        All Rights Reserved.                                         **
| **                                                                                                     **
| **             This software is subject to the terms of the Mozilla Public License, v. 2.0.            **
| **                                                                                                     **
| *********************************************************************************************************
|
| Cite this work as:
| Manathunga, M.; O'Hearn, K. A.; Shajan, A.; Smith, J.; Miao, Y.; He, X.; Ayers, K.;
| Brothers, E.; Palos, E.; Tripathy, V.; Goetz, A.W.; Merz, K.M. QUICK-26.03.
| University of California,San Diego, CA and
| Michigan State University, East Lansing, MI, 2026
|
| If you have any comments or queries, please reach out to us on GitHub issues or discussion sections:
| https://github.com/merzlab/QUICK.
|
| TASK STARTS ON: Wed Sep 30 18:24:18 2026
| INPUT FILE :    morphine_hf_6-31+gdp.in
| OUTPUT FILE:    morphine_hf_6-31+gdp.out
| BASIS SET PATH: /home/msun26/QUICK-cuEST-install/basis

|------------ GPU INFORMATION ---------------
| CUDA ENABLED DEVICE         :        1
| CUDA DEVICE IN USE          :        0
| CUDA DEVICE NAME            : NVIDIA GeForce RTX 5080
| CUDA DEVICE PM              :       84
| CUDA DEVICE CORE FREQ(GHZ)  :     2.73
| CUDA DEVICE MEMORY SIZE (MB):    15808
| SUPPORTING CUDA VERSION     :     12.0
|--------------------------------------------

 @ Read Job And Atom

  KEYWORD=HF BASIS=6-31+G** CUTOFF=1.0E-10 DENSERMS=1.0E-6 GRADIENT CUEST CHK_WRITE_DEN
 ============== JOB CARD =============
 METHOD = HARTREE FOCK
 DIRECT SCF
 SAD INITAL GUESS
 USE DIIS SCF
 PRINT ENERGY EVERY CYCLE
 CHECKPOINTING TO DATA FILE
 READ SAD GUESS FROM FILE
 Level shifting allowed after cycle    3
 DIIS error must exceed 0.100 for level shifting
 Max HOMO-LUMO gap to allow level shifting = 0.200
 GRADIENT CALCULATION
 MAX SCF CYCLES =    200
 MAX DIIS CYCLES =   10
 DELTA DENSITY START CYCLE =    3
 COMPUTATIONAL CUTOFF:
      TWO-e INTEGRAL         =  0.100E-09
      BASIS SET PRIME        =  0.100E-10
      MATRIX ELEMENTS        =  0.100E-09
      BASIS FUNCTION         =  0.100E-05
      NEAR-LINEAR DEPENDENCY =  0.100E-04
      GRADIENT CUTOFF  =  0.100E-06
 DENSITY MATRIX MAXIMUM RMS FOR CONVERGENCE  =  0.100E-05
 BASIS SET = 6-31+G**,  TYPE = CARTESIAN
| BASIS FILE = /home/msun26/QUICK-cuEST-install/basis/6-31PLGDP.BAS
| DATA FILE  =    morphine_hf_6-31+gdp.dat

 @ Finish reading job


 @ Begin SAD initial guess

 For Atom Kind =    1
 ELEMENT = O
 BASIS FUNCTIONS =   19
 For Atom Kind =    2
 ELEMENT = N
 BASIS FUNCTIONS =   19
 For Atom Kind =    3
 ELEMENT = C
 BASIS FUNCTIONS =   19
 For Atom Kind =    4
 ELEMENT = H
 BASIS FUNCTIONS =    5

 @ Finish SAD initial guess


 @ Begin Reading Molecular Information


 =========== Molecule Input ==========
 TOTAL MOLECULAR CHARGE  =    0    MULTIPLICITY                =    1
 TOTAL ATOM NUMBER       =   40    NUMBER OF ATOM TYPES        =    4
 NUMBER OF HYDROGEN ATOM =   19    NUMBER OF NON-HYDROGEN ATOM =   21
 NUMBER OF ELECTRONS     =  152

 -- INPUT GEOMETRY -- :
    O          -1.9930      -0.4740       1.2005
    O          -2.7826      -2.5168      -0.2218
    O          -3.6220       1.8421       0.5579
    N           3.1777      -0.0101       0.4474
    C           0.3699      -0.7149       0.6616
    C           1.2913      -1.3046      -0.4170
    C           2.3441      -0.2023      -0.7640
    C          -0.9377      -1.4750       0.9848
    C           1.1988      -0.3907       1.9201
    C          -0.2516       0.5302       0.1205
    C           1.6887       1.1052      -1.3279
    C           2.4315       0.4754       1.6126
    C           0.3384       1.4306      -0.7480
    C          -1.3631      -2.5067      -0.0924
    C           0.5066      -1.8183      -1.5971
    C          -1.5672       0.6306       0.5136
    C          -0.7155      -2.3492      -1.4425
    C           4.3733       0.7916       0.2084
    C          -0.4184       2.5415      -1.1246
    C          -2.3310       1.7217       0.1620
    C          -1.7382       2.6936      -0.6541
    H           1.8278      -2.1759      -0.0118
    H           3.0029      -0.6035      -1.5465
    H          -0.8451      -2.0128       1.9373
    H           1.5366      -1.3335       2.3712
    H           0.5899       0.1174       2.6790
    H           1.5474       0.9596      -2.4075
    H           2.3530       1.9680      -1.2194
    H           2.1271       1.5205       1.4760
    H           3.0801       0.4584       2.4975
    H          -1.0772      -3.5067       0.2593
    H           0.9601      -1.7947      -2.5831
    H          -1.2300      -2.7505      -2.3109
    H           4.1500       1.8479       0.0287
    H           4.9380       0.4055      -0.6472
    H           5.0444       0.7352       1.0730
    H          -0.0062       3.2824      -1.8043
    H          -2.3121       3.5638      -0.9645
    H          -3.1557      -2.6446       0.6672
    H          -3.8483       1.0686       1.1031

============== BASIS INFOS ==============
 BASIS FUNCTIONS =  494
 NSHELL =  162 NPRIM  =  805
 JSHELL =  162 JBASIS =  347


 @ End Reading Molecular Information


 @ Begin cuEST Initialization


 @ End cuEST Initialization


 @ Begin Energy Calculation

| Number of total basis functions:    494
| Number of linearly independent basis functions:    484
| condition number of overlap matrix:    9.530E+07
| Smallest eigenvalue of overlap matrix:    2.230E-07

                                         SCF ENERGY
| ------------------------------------------------------------------------------------------------------------------------
| NCYC       ENERGY         DELTA_E      SCF_TIME  DII_CYC   DII_TIME   O_TIME  DIAG_TIME    MAX_ERR    RMS_CHG    MAX_CHG
| ------------------------------------------------------------------------------------------------------------------------
|  1   -922.935494758      ------         0.213     1        0.02      0.19      0.01    0.5211E+00  0.1860E+00  0.1695E+02
|  2   -886.008424172  -.369271E+02       0.111     2        0.02      0.09      0.01    0.1448E+01  0.1791E+00  0.1541E+02
|  3   -929.589386995  0.435810E+02       0.114     3        0.03      0.09      0.01    0.4231E+00  0.2334E-01  0.8106E+00
|   ***  Level shifting applied  ( HOMO-LUMO gap =  0.057 au ) ***
|  4   -933.290276593  0.370089E+01       0.114     4        0.03      0.09      0.01    0.2274E+00  0.1146E-01  0.6947E+00
|   ***  Level shifting applied  ( HOMO-LUMO gap =  0.126 au ) ***
|  5   -933.760860332  0.470584E+00       0.111     5        0.03      0.09      0.01    0.1227E+00  0.4730E-02  0.4904E+00
|  6   -933.834620045  0.737597E-01       0.112     6        0.03      0.09      0.01    0.3177E-01  0.2611E-02  0.1277E+00
|  7   -933.853710729  0.190907E-01       0.112     7        0.03      0.09      0.01    0.7525E-02  0.7269E-03  0.2988E-01
|  8   -933.855257290  0.154656E-02       0.112     8        0.03      0.09      0.01    0.4163E-02  0.3110E-03  0.1343E-01
|  9   -933.855659442  0.402152E-03       0.113     9        0.03      0.09      0.01    0.1979E-02  0.1686E-03  0.7879E-02
| 10   -933.855777520  0.118078E-03       0.113    10        0.03      0.09      0.01    0.6302E-03  0.7112E-04  0.2776E-02
| 11   -933.855798381  0.208610E-04       0.115     1        0.03      0.09      0.01    0.3193E-03  0.3531E-04  0.1251E-02
| 12   -933.855803688  0.530650E-05       0.115     2        0.03      0.09      0.01    0.1344E-03  0.2081E-04  0.1173E-02
| 13   -933.855804923  0.123540E-05       0.115     3        0.03      0.09      0.01    0.3980E-04  0.6604E-05  0.1616E-03
| 14   -933.855805035  0.111981E-06       0.115     4        0.03      0.09      0.01    0.1812E-04  0.1934E-05  0.1407E-03
| 15   -933.855805043  0.770524E-08       0.115     5        0.03      0.09      0.01    0.1431E-04  0.1117E-05  0.6561E-04
| 16   -933.855805047  0.404452E-08       0.115     6        0.03      0.09      0.01    0.1412E-04  0.1006E-05  0.1034E-03
| 17   -933.855805057  0.995078E-08       0.114     7        0.03      0.09      0.01    0.1416E-04  0.8795E-06  0.3625E-04
| ------------------------------------------------------------------------------------------------------------------------
| REACH CONVERGENCE AFTER  17 CYCLES
| MAX ERROR = 0.141551E-04   RMS CHANGE = 0.879533E-06   MAX CHANGE = 0.362493E-04
| -----------------------------------------------
 ELECTRONIC ENERGY    =  -2763.163075537
 CORE_CORE REPULSION  =   1829.307270481
 TOTAL ENERGY         =   -933.855805057

 @ End Energy calculation


 @ Begin Gradient Calculation

 ANALYTICAL GRADIENT:
----------------------------------------
 COORDINATE    XYZ            GRADIENT
----------------------------------------
    1X    -1.9930001522    -0.0284524499
    1Y    -0.4740000362     0.0047006276
    1Z     1.2005000917     0.0077654248
    2X    -2.7826002125    -0.0063572846
    2Y    -2.5168001922     0.0075246130
    2Z    -0.2218000169    -0.0233549734
    3X    -3.6220002766     0.0035100411
    3Y     1.8421001407     0.0233912279
    3Z     0.5579000426    -0.0160665382
    4X     3.1777002427    -0.0001464455
    4Y    -0.0101000008    -0.0026771405
    4Z     0.4474000342     0.0043262544
    5X     0.3699000282     0.0088933243
    5Y    -0.7149000546    -0.0078988804
    5Z     0.6616000505    -0.0018678513
    6X     1.2913000986    -0.0060904728
    6Y    -1.3046000996     0.0039766307
    6Z    -0.4170000318     0.0012241028
    7X     2.3441001790    -0.0020450703
    7Y    -0.2023000154     0.0014602237
    7Z    -0.7640000583    -0.0087476955
    8X    -0.9377000716     0.0043524816
    8Y    -1.4750001126     0.0137692949
    8Z     0.9848000752    -0.0202608174
    9X     1.1988000915    -0.0055370735
    9Y    -0.3907000298     0.0068961764
    9Z     1.9201001466    -0.0074970412
   10X    -0.2516000192     0.0009889263
   10Y     0.5302000405    -0.0176378078
   10Z     0.1205000092     0.0124483936
   11X     1.6887001290    -0.0045450112
   11Y     1.1052000844     0.0044362018
   11Z    -1.3279001014     0.0084146403
   12X     2.4315001857     0.0009103515
   12Y     0.4754000363    -0.0008749443
   12Z     1.6126001231    -0.0000596271
   13X     0.3384000258     0.0086618216
   13Y     1.4306001092     0.0002957853
   13Z    -0.7480000571    -0.0065554061
   14X    -1.3631001041     0.0210292707
   14Y    -2.5067001914     0.0073196083
   14Z    -0.0924000071    -0.0001921319
   15X     0.5066000387     0.0232386220
   15Y    -1.8183001389     0.0075695944
   15Z    -1.5971001220    -0.0006459431
   16X    -1.5672001197    -0.0087929679
   16Y     0.6306000482    -0.0001397796
   16Z     0.5136000392     0.0034581069
   17X    -0.7155000546    -0.0188763738
   17Y    -2.3492001794    -0.0123867473
   17Z    -1.4425001102     0.0126361827
   18X     4.3733003340    -0.0033620827
   18Y     0.7916000604     0.0044392087
   18Z     0.2084000159    -0.0021412211
   19X    -0.4184000320     0.0148854538
   19Y     2.5415001941    -0.0000891509
   19Z    -1.1246000859    -0.0054099615
   20X    -2.3310001780     0.0025449978
   20Y     1.7217001315    -0.0045382083
   20Z     0.1620000124     0.0032409033
   21X    -1.7382001327    -0.0107891681
   21Y     2.6936002057    -0.0013128318
   21Z    -0.6541000499     0.0048306496
   22X     1.8278001396    -0.0015614510
   22Y    -2.1759001662    -0.0106949768
   22Z    -0.0118000009     0.0006324096
   23X     3.0029002293     0.0036897281
   23Y    -0.6035000461    -0.0038355292
   23Z    -1.5465001181    -0.0085236815
   24X    -0.8451000645     0.0040120485
   24Y    -2.0128001537    -0.0069029730
   24Z     1.9373001479     0.0071685595
   25X     1.5366001173     0.0016515688
   25Y    -1.3335001018    -0.0048085232
   25Z     2.3712001811     0.0037299053
   26X     0.5899000450    -0.0025146022
   26Y     0.1174000090     0.0030772066
   26Z     2.6790002046     0.0073964587
   27X     1.5474001182    -0.0025816335
   27Y     0.9596000733    -0.0021201533
   27Z    -2.4075001838    -0.0062590568
   28X     2.3530001797     0.0005252067
   28Y     1.9680001503     0.0083107923
   28Z    -1.2194000931     0.0010733180
   29X     2.1271001624     0.0001761948
   29Y     1.5205001161     0.0030777263
   29Z     1.4760001127    -0.0005260305
   30X     3.0801002352     0.0015730563
   30Y     0.4584000350     0.0005935720
   30Z     2.4975001907     0.0091714030
   31X    -1.0772000823    -0.0028199676
   31Y    -3.5067002678    -0.0068857697
   31Z     0.2593000198    -0.0020571301
   32X     0.9601000733     0.0022227572
   32Y    -1.7947001371     0.0000712277
   32Z    -2.5831001973    -0.0055493055
   33X    -1.2300000939     0.0007155940
   33Y    -2.7505002100    -0.0018341260
   33Z    -2.3109001765    -0.0091450421
   34X     4.1500003169    -0.0020281814
   34Y     1.8479001411     0.0017063330
   34Z     0.0287000022    -0.0002791417
   35X     4.9380003771     0.0065984119
   35Y     0.4055000310    -0.0016381891
   35Z    -0.6472000494    -0.0045049019
   36X     5.0444003852     0.0069077228
   36Y     0.7352000561     0.0001116269
   36Z     1.0730000819     0.0042190641
   37X    -0.0062000005     0.0036214901
   37Y     3.2824002507     0.0046175209
   37Z    -1.8043001378    -0.0049595666
   38X    -2.3121001766    -0.0021550277
   38Y     3.5638002721     0.0088685198
   38Z    -0.9645000737    -0.0045377627
   39X    -3.1557002410    -0.0082750509
   39Y    -2.6446002020    -0.0055334870
   39Z     0.6672000509     0.0301400917
   40X    -3.8483002939    -0.0037787552
   40Y     1.0686000816    -0.0244044999
   40Z     1.1031000842     0.0172649590
----------------------------------------

 @ End Gradient Calculation

  Skipping one-electron property calculation.

 @ Output cuEST Memory Footprint

------------- cuEST MEMORY USAGE ---------------
| Peak Host Footprint =    33.50 kB
| Host Allocations =    34
| Peak Device Footprint =     7.50 GB
| Device Allocations =    28
------------------------------------------------

 @ Finish Output cuEST Memory Footprint


 @ Output Timing Information

------------- TIMING ---------------
| INITIALIZATION TIME =     0.189019000(  3.02%)
| CUEST INITIALIZATION TIME =     1.514065000( 24.22%)
| INITIAL GUESS TIME  =     0.589763000(  9.43%)
| OVERLAP 1e INTEGRALS TIME      =     0.037826000( 0.61%)
| OVERLAP 1e DIAGONALIZATION TIME =     0.011299000( 0.18%)
| TOTAL SCF TIME      =     2.127844000( 34.04%)
|       TOTAL OP TIME      =     1.664350000( 26.62%)
|             TOTAL 1e TIME      =     0.099670000(  1.59%)
|                KINETIC 1e INTEGRALS TIME    =     0.037895000(  0.61%)
|                ATTRACTION 1e INTEGRALS TIME =     0.061566000(  0.98%)
|             TOTAL 2e TIME      =     1.433817000( 22.94%)
|             TOTAL ENERGY TIME  =     0.005968000(  0.10%)
|       TOTAL DII TIME      =     0.458193000(  7.33%)
|             TOTAL DIAG TIME    =     0.223424000(  3.57%)
| TOTAL GRADIENT TIME      =     1.732132000( 27.71%)
|       TOTAL NUCLEAR GRADIENT TIME =     0.000017000(  0.00%)
|       TOTAL 1e GRADIENT TIME      =     0.381715000(  7.83%)
|          KINETIC 1e GRADIENT TIME      =     0.381715000(  6.11%)
|          ATTRACTION 1e GRADIENT TIME   =     0.108005000(  1.73%)
|       TOTAL 2e GRADIENT TIME      =     1.242385000(19.87%)
| TOTAL TIME          =     6.251137000
------------------------------------
| Job cpu time:  0 days  0 hours  0 minutes  6.3 seconds.

 @ Finish Output Timing Information

| Normal Termination. Task Finished on: Wed Sep 30 18:24:25 2026
