| *********************************************************************************************************
| **                                                                                                     **
| **           888888888888                                                                              **
| **         8888888888888888                                                                            **
| **      888888888888888888                                                                             **
| **     888888888888888888                                                                              **
| **    888888888888888                                                                                  **
| **   88888888888888888888                               88888                       8888:              **
| **   8888888888888888888888Z                            88888                       8888:              **
| **   888888888888888888888888?                          88888                       8888:              **
| **   8888888888888      8888888                                        888888       8888:              **
| **    88888888888         888888     8888:     88888    88888        888888888I     8888:    888888    **
| **    8888888888           88888:    8888:     88888    88888      $888888888888    8888:   888888     **
| **    I8Z 88888             88888    8888:     88888    88888    .888888     8888   8888: 888888       **
| **    .8Z 88888             88888    8888:     88888    88888    $88888             8888:88888         **
| **     8I 88888      .=88. .88888    8888:     88888    88888    88888              8888888888         **
| **    :8  88888      888888$8888$    8888:     88888    88888    8888O              88888888888        **
| **   ,7   +88888.     8888888888.    8888:     88888    88888    888888             88888O888888       **
| **         $888888:.   .8888888      88888....888888    88888     888888     8888   8888:  888888      **
| **          I8888888888888888888     888888888888888    88888     O888888888888O    8888:   888888     **
| **            O888888888888888888     88888888888888    88888       88888888888$    8888:    888888    **
| **               8888888Z     888      .8888I  88888    88888         8888888       8888:     888888   **
| **                                                                                                     **
| **                                                                                                     **
| **                                         Copyright (c) 2026                                          **
| **                          Regents of the University of California San Diego                          **
| **                                    & Michigan State University                                      **
| **                                        All Rights Reserved.                                         **
| **                                                                                                     **
| **             This software is subject to the terms of the Mozilla Public License, v. 2.0.            **
| **                                                                                                     **
| *********************************************************************************************************
|                                                                                                          
| Cite this work as:                                                                                       
| Manathunga, M.; O'Hearn, K. A.; Shajan, A.; Smith, J.; Miao, Y.; He, X.; Ayers, K.;                      
| Brothers, E.; Palos, E.; Tripathy, V.; Goetz, A.W.; Merz, K.M. QUICK-26.03.                              
| University of California,San Diego, CA and                                                               
| Michigan State University, East Lansing, MI, 2026                                                        
|                                                                                                          
| If you have any comments or queries, please reach out to us on GitHub issues or discussion sections:     
| https://github.com/merzlab/QUICK.                                                                        
|                                                                                                          
| TASK STARTS ON: Sat Aug 29 07:30:58 2026
| INPUT FILE :    /work2/11707/msun12/stampede3/quickruns/3447189/txl3/taxol_blyp_def2-TZVPP.in
| OUTPUT FILE:    /work2/11707/msun12/stampede3/quickruns/3447189/txl3/taxol_blyp_def2-TZVPP.out
| BASIS SET PATH: /home1/11707/msun12/QUICK-cuEST-install/basis

|------------ GPU INFORMATION ---------------
| CUDA ENABLED DEVICE         :        1
| CUDA DEVICE IN USE          :        0
| CUDA DEVICE NAME            : NVIDIA H100
| CUDA DEVICE PM              :      132
| CUDA DEVICE CORE FREQ(GHZ)  :     1.98
| CUDA DEVICE MEMORY SIZE (MB):    95321
| SUPPORTING CUDA VERSION     :      9.0
|--------------------------------------------

 @ Read Job And Atom

  KEYWORD=BLYP BASIS=DEF2-TZVPP CUTOFF=1.0E-10 DENSERMS=1.0E-6 GRADIENT CUEST
 ============== JOB CARD =============
 METHOD = DENSITY FUNCTIONAL THEORY
 USING LIBXC VERSION: 4.3.4
 FUNCTIONAL INFORMATION:
 NAME = Becke 88 FAMILY = GGA KIND = EXCHANGE
 NAME = Lee, Yang & Parr FAMILY = GGA KIND = CORRELATION
 DIRECT SCF 
 SAD INITAL GUESS 
 USE DIIS SCF
 PRINT ENERGY EVERY CYCLE
 READ SAD GUESS FROM FILE
 STANDARD GRID = SG1
 Level shifting allowed after cycle    3
 DIIS error must exceed 0.100 for level shifting
 Max HOMO-LUMO gap to allow level shifting = 0.200
 GRADIENT CALCULATION
 MAX SCF CYCLES =    200
 MAX DIIS CYCLES =   10
 DELTA DENSITY START CYCLE =    3
 COMPUTATIONAL CUTOFF: 
      TWO-e INTEGRAL         =  0.100E-09
      BASIS SET PRIME        =  0.100E-10
      MATRIX ELEMENTS        =  0.100E-09
      BASIS FUNCTION         =  0.100E-05
      NEAR-LINEAR DEPENDENCY =  0.100E-04
      GRADIENT CUTOFF  =  0.100E-06
 DENSITY MATRIX MAXIMUM RMS FOR CONVERGENCE  =  0.100E-05
 BASIS SET = DEF2-TZVPP,  TYPE = CARTESIAN
| BASIS FILE = /home1/11707/msun12/QUICK-cuEST-install/basis/DEF2-TZVPP.BAS
| DATA FILE  =    /work2/11707/msun12/stampede3/quickruns/3447189/txl3/taxol_blyp_def2-TZVPP.dat

 @ Finish reading job


 @ Begin SAD initial guess

 For Atom Kind =    1
 ELEMENT = C 
 BASIS FUNCTIONS =   36
 For Atom Kind =    2
 ELEMENT = O 
 BASIS FUNCTIONS =   36
 For Atom Kind =    3
 ELEMENT = N 
 BASIS FUNCTIONS =   36
 For Atom Kind =    4
 ELEMENT = H 
 BASIS FUNCTIONS =   15

 @ Finish SAD initial guess


 @ Begin Reading Molecular Information


 =========== Molecule Input ==========
 TOTAL MOLECULAR CHARGE  =    0    MULTIPLICITY                =    1
 TOTAL ATOM NUMBER       =  110    NUMBER OF ATOM TYPES        =    4
 NUMBER OF HYDROGEN ATOM =   49    NUMBER OF NON-HYDROGEN ATOM =   61
 NUMBER OF ELECTRONS     =  446

 -- INPUT GEOMETRY -- :
    C          -6.3961       1.6376      -1.0167
    C          -5.5976       1.9480       0.3157
    C          -4.1358       1.3889       0.3062
    C          -4.0900      -0.2069       0.0760
    C          -5.3005      -0.5560      -0.7831
    C          -5.6408       0.5560      -1.7454
    C          -2.8203      -0.7723      -0.5951
    C          -3.4405       1.9810       1.5955
    C          -1.5723      -0.0770      -0.1719
    O          -2.6953      -2.1590      -0.1698
    O          -1.8693       1.2309      -0.7751
    C          -1.3334      -0.1176       1.4102
    C          -0.8881       1.2875       1.4845
    C           0.3196       1.5771       0.9641
    O          -4.0361       2.4498       2.5048
    O          -1.9505       2.1871       1.7492
    C          -0.2199      -0.3744      -0.8072
    C           0.8361       0.5393      -0.0882
    O          -6.3706      -0.7461       0.1815
    C          -7.5080      -1.5313       0.1764
    O          -7.7343      -2.1872       1.1532
    C          -8.4523      -1.4158      -0.9939
    C          -5.4161      -1.5091      -2.0070
    O          -6.2193      -0.4454      -2.6903
    O          -5.4268       3.3774       0.3776
    O          -1.6122       4.1801       0.0344
    C          -0.7941       5.2258       0.2991
    O          -0.3049       5.8646      -0.5895
    C          -0.5432       5.4737       1.7764
    C           1.2299       2.7853       1.0315
    O           1.9361      -0.3334       0.3600
    C           3.1924       0.0393       0.0732
    O           3.4565       1.0474      -0.5230
    C           4.1742      -1.0075       0.5409
    C           5.5923      -0.5508       0.2305
    C           6.6535      -1.6277       0.4268
    C           6.3531      -2.9590       0.6578
    C           7.3484      -3.9223       0.5946
    C           8.6553      -3.5578       0.3263
    C           8.9721      -2.2174       0.1751
    C           7.9781      -1.2615       0.2323
    O           4.0118      -1.2781       1.9326
    N           5.9708       0.6810       0.8873
    C           6.1083       1.9571       0.3956
    O           6.3193       2.8804       1.1683
    C           5.8856       2.2295      -1.0684
    C           6.1183       1.3531      -2.1154
    C           5.5666       1.5986      -3.3628
    C           4.8505       2.7661      -3.5881
    C           4.7601       3.7103      -2.5860
    C           5.2758       3.4420      -1.3327
    C          -2.1367      -3.0476      -1.0301
    O          -2.1452      -2.8534      -2.2329
    C          -1.5034      -4.2030      -0.3691
    C          -1.4396      -4.3267       1.0054
    C          -0.7639      -5.3990       1.5627
    C          -0.1729      -6.3469       0.7428
    C          -0.2556      -6.2275      -0.6353
    C          -0.9156      -5.1510      -1.1911
    C          -0.2097      -1.1547       1.8364
    C          -2.4301      -0.4562       2.4708
    H          -3.6492       1.8683      -0.5156
    H          -4.2442      -0.7298       0.9946
    H          -6.1319       1.5762       1.1739
    H          -6.4278       2.5627      -1.5682
    H          -7.3896       1.3053      -0.7745
    H          -4.7466       0.9454      -2.2120
    H          -2.8856      -0.7190      -1.6683
    H          -1.1756       1.8958      -0.6851
    H          -1.8482       3.6442       0.8092
    H          -0.3040      -0.0417      -1.8339
    H           0.0915      -1.3953      -0.8029
    H           1.2665       1.1760      -0.8368
    H          -7.9448      -1.4088      -1.9397
    H          -8.9861      -0.4737      -0.9254
    H          -9.1715      -2.2206      -0.9250
    H          -5.9697      -2.4207      -1.8715
    H          -4.4957      -1.6916      -2.5342
    H          -6.1859       3.7990       0.8058
    H          -0.4047       4.5303       2.2919
    H          -1.4092       5.9590       2.2202
    H           0.3171       6.0932       1.8872
    H           1.4833       3.0343       2.0569
    H           0.8689       3.6688       0.5366
    H           2.1685       2.5342       0.5368
    H           3.9670      -1.8925      -0.0573
    H           5.5542      -0.3517      -0.8218
    H           5.3545      -3.2557       0.9039
    H           7.0989      -4.9514       0.7469
    H           9.4172      -4.3037       0.2408
    H           9.9857      -1.9178       0.0023
    H           8.2255      -0.2253       0.1253
    H           3.1299      -1.6338       2.1084
    H           6.0936       0.6251       1.8860
    H           6.7084       0.4705      -1.9833
    H           5.6744       0.8728      -4.1413
    H           4.3798       2.9274      -4.5336
    H           4.2564       4.6442      -2.7661
    H           5.1747       4.1495      -0.5327
    H          -1.9016      -3.5962       1.6316
    H          -0.6960      -5.4955       2.6284
    H           0.3482      -7.1761       1.1766
    H           0.1935      -6.9648      -1.2689
    H          -0.9826      -5.0259      -2.2518
    H           0.6895      -0.6503       2.1318
    H           0.0409      -1.8507       1.0571
    H          -0.5497      -1.7388       2.6731
    H          -2.6865      -1.5071       2.3903
    H          -3.3390       0.1001       2.4689
    H          -1.9770      -0.2959       3.4410

============== BASIS INFOS ==============
 BASIS FUNCTIONS = 2931
 NSHELL =  965 NPRIM  = 3944
 JSHELL =  965 JBASIS = 1612


 @ End Reading Molecular Information 


 @ Begin cuEST Initialization


 @ End cuEST Initialization


 @ Begin XC Quadrature Formation

 OCTAGO: OCTree Algorithm for Grid Operations 
   PRUNING CUTOFF       = 0.100E-06
   INITIAL GRID POINTS  =      416624
|   FINAL GRID POINTS    =           0
|   SIGNIFICANT NUMBER OF BASIS FUNCTIONS     =           0
|   SIGNIFICANT NUMBER OF PRIMITIVE FUNCTIONS =           0

 @ End XC Quadrature Formation


 @ Begin Energy Calculation

| Number of total basis functions:   2931
| Number of linearly independent basis functions:   2922
| condition number of overlap matrix:    9.688E+06
| Smallest eigenvalue of overlap matrix:    2.010E-06

                                         SCF ENERGY
| ------------------------------------------------------------------------------------------------------------------------
| NCYC       ENERGY         DELTA_E      SCF_TIME  DII_CYC   DII_TIME   O_TIME  DIAG_TIME    MAX_ERR    RMS_CHG    MAX_CHG
| ------------------------------------------------------------------------------------------------------------------------
|  1  -2891.674685547      ------         1.254     1        0.49      0.73      0.07    0.5800E+00  0.7991E+00  0.6847E+03
|  2  -1413.325376266  -.147835E+04       0.921     2        0.44      0.45      0.07    0.2928E+01  0.7928E+00  0.6797E+03
|  3  -2697.158011713  0.128383E+04       1.048     3        0.54      0.48      0.07    0.1663E+01  0.4348E-01  0.4378E+02
|   ***  Level shifting applied  ( HOMO-LUMO gap =  0.001 au ) ***
|  4  -2822.328067052  0.125170E+03       1.077     4        0.56      0.48      0.07    0.1032E+01  0.5279E+00  0.4199E+03
|   ***  Level shifting applied  ( HOMO-LUMO gap =  0.002 au ) ***
|  5  -1563.565694598  -.125876E+04       1.101     5        0.59      0.48      0.07    0.2729E+01  0.4043E+00  0.2722E+03
|   ***  Level shifting applied  ( HOMO-LUMO gap =  0.003 au ) ***
|  6  -2163.384209483  0.599819E+03       1.127     6        0.61      0.48      0.07    0.2187E+01  0.1030E+00  0.4436E+02
|   ***  Level shifting applied  ( HOMO-LUMO gap =  0.004 au ) ***
|  7  -2439.478734872  0.276095E+03       1.146     7        0.64      0.47      0.07    0.1632E+01  0.7128E-01  0.3799E+02
|   ***  Level shifting applied  ( HOMO-LUMO gap =  0.003 au ) ***
|  8  -2603.107093458  0.163628E+03       1.172     8        0.66      0.48      0.07    0.1479E+01  0.6933E-01  0.6595E+02
|   ***  Level shifting applied  ( HOMO-LUMO gap =  0.005 au ) ***
|  9  -2770.698453738  0.167591E+03       1.202     9        0.69      0.48      0.07    0.1140E+01  0.3765E-01  0.2609E+02
|   ***  Level shifting applied  ( HOMO-LUMO gap =  0.001 au ) ***
| 10  -2902.409254229  0.131711E+03       1.221    10        0.71      0.47      0.07    0.5011E+00  0.3746E-02  0.7399E+00
|   ***  Level shifting applied  ( HOMO-LUMO gap =  0.008 au ) ***
| 11  -2917.005463510  0.145962E+02       1.392     1        0.88      0.47      0.07    0.9717E+00  0.3134E-02  0.1092E+01
|   ***  Level shifting applied  ( HOMO-LUMO gap =  0.004 au ) ***
| 12  -2918.246617241  0.124115E+01       1.385     2        0.88      0.47      0.07    0.9362E+00  0.4323E-02  0.1543E+01
|   ***  Level shifting applied  ( HOMO-LUMO gap =  0.065 au ) ***
| 13  -2921.629391991  0.338277E+01       1.383     3        0.88      0.47      0.07    0.3020E+00  0.3983E-02  0.1730E+01
|   ***  Level shifting applied  ( HOMO-LUMO gap =  0.006 au ) ***
| 14  -2926.981833611  0.535244E+01       1.395     4        0.89      0.47      0.07    0.1814E+00  0.9961E-03  0.3333E+00
|   ***  Level shifting applied  ( HOMO-LUMO gap =  0.055 au ) ***
| 15  -2927.284524449  0.302691E+00       1.300     5        0.79      0.48      0.07    0.9523E-01  0.4574E-03  0.1933E+00
| 16  -2927.344113152  0.595887E-01       1.298     6        0.79      0.47      0.07    0.5851E-01  0.2504E-03  0.1132E+00
| 17  -2927.367592995  0.234798E-01       1.299     7        0.79      0.47      0.07    0.3529E-01  0.1260E-03  0.2982E-01
| 18  -2927.378138555  0.105456E-01       1.306     8        0.79      0.47      0.07    0.1568E-01  0.7708E-04  0.2478E-01
| 19  -2927.382321643  0.418309E-02       1.303     9        0.79      0.47      0.07    0.1538E-01  0.8834E-04  0.2921E-01
| 20  -2927.383643288  0.132164E-02       1.296    10        0.79      0.47      0.07    0.6406E-02  0.4401E-04  0.6990E-02
| 21  -2927.384277282  0.633994E-03       1.298     1        0.79      0.47      0.07    0.3351E-02  0.1594E-04  0.6764E-02
| 22  -2927.384379035  0.101753E-03       1.302     2        0.79      0.47      0.07    0.1289E-02  0.5219E-05  0.1515E-02
| 23  -2927.384393401  0.143663E-04       1.299     3        0.79      0.48      0.07    0.1017E-02  0.3409E-05  0.1551E-02
| 24  -2927.384400169  0.676823E-05       1.302     4        0.80      0.47      0.07    0.1566E-03  0.7434E-06  0.1701E-03
| 25  -2927.384400266  0.962573E-07       1.306     5        0.79      0.48      0.07    0.1290E-03  0.5037E-06  0.2033E-03
| 26  -2927.384400449  0.183129E-06       1.302     6        0.79      0.47      0.07    0.6292E-04  0.1605E-06  0.6557E-04
| ------------------------------------------------------------------------------------------------------------------------
| REACH CONVERGENCE AFTER  26 CYCLES
| MAX ERROR = 0.629249E-04   RMS CHANGE = 0.160536E-06   MAX CHANGE = 0.655702E-04
| -----------------------------------------------
 ALPHA ELECTRON DENSITY    =   223.0011461257
 BETA ELECTRON DENSITY     =   223.0011461257
 ELECTRONIC ENERGY    = -12594.454275772
 CORE_CORE REPULSION  =   9667.069875324
 TOTAL ENERGY         =  -2927.384400449

 @ End Energy calculation


 @ Begin Gradient Calculation

 ANALYTICAL GRADIENT: 
----------------------------------------
 COORDINATE    XYZ            GRADIENT
----------------------------------------
    1X    -6.3960620484     0.4830830072
    1Y     1.6375501950    -0.9687550468
    1Z    -1.0167391376    -0.1863723145
    2X    -5.5976016175     1.6632717194
    2Y     1.9479657588     0.9818992528
    2Z     0.3156763941     0.6116758309
    3X    -4.1358426958    -0.8109920445
    3Y     1.3888886961    -1.1108134609
    3Z     0.3061559434    -0.4910715086
    4X    -4.0900119523     1.2499500314
    4Y    -0.2069339958     0.5197453518
    4Z     0.0759908158     0.1474556707
    5X    -5.3005248048    -0.4119345520
    5Y    -0.5559696325     0.9096288411
    5Z    -0.7831189998    -0.3076324309
    6X    -5.6408357108    -0.6658888569
    6Y     0.5560152125    -0.3230577047
    6Z    -1.7454175833     0.8977649570
    7X    -2.8203121254    -0.7989194922
    7Y    -0.7723427990    -1.2572215030
    7Z    -0.5951161554     1.0978147081
    8X    -3.4405170127     0.1090822366
    8Y     1.9809802613     0.9394234207
    8Z     1.5954933618    -0.1078254107
    9X    -1.5722955801     0.6324097036
    9Y    -0.0769638959     1.4698311246
    9Z    -0.1719253231    -0.8428446559
   10X    -2.6953277358     0.6125149159
   10Y    -2.1590275449     1.2458732826
   10Z    -0.1697708530    -0.6626019696
   11X    -1.8693494728    -0.1524779794
   11Y     1.2308627640    -2.1775772738
   11Z    -0.7751224092     1.1651166333
   12X    -1.3334065318     0.9670342674
   12Y    -0.1176307990     0.3783635223
   12Z     1.4101577377     0.6292083268
   13X    -0.8881045478    -1.1034196188
   13Y     1.2874585683    -0.2170199059
   13Z     1.4845317434    -1.5744490877
   14X     0.3196037144    -0.2050517929
   14Y     1.5770568504    -0.6939479045
   14Z     0.9640606036     0.2712837481
   15X    -4.0360630582     0.1428260814
   15Y     2.4497905671    -1.2696653390
   15Z     2.5047991213    -0.5323802312
   16X    -1.9504981989     0.6730662439
   16Y     2.1870801370    -1.7058034165
   16Z     1.7492358836     0.7089178503
   17X    -0.2198636968    -0.8629365144
   17Y    -0.3744037186     0.4246740557
   17Z    -0.8072270516     0.5597877508
   18X     0.8361322639     0.5792180927
   18Y     0.5392960612     0.4524456795
   18Z    -0.0882305667     0.7605160886
   19X    -6.3705655165     0.2919049184
   19Y    -0.7461437470    -0.5551002526
   19Z     0.1814962939    -0.6017684218
   20X    -7.5079891033    -0.0569453815
   20Y    -1.5312545569    -0.2563401838
   20Z     0.1764442435     0.3737956088
   21X    -7.7343174206     0.7908106978
   21Y    -2.1872431170     0.9938538240
   21Z     1.1532460581    -0.9660720126
   22X    -8.4523256355     0.2673979994
   22Y    -1.4157501381     0.1817576693
   22Z    -0.9939260359     0.1022168180
   23X    -5.4161060936     0.3953865729
   23Y    -1.5091024852     1.2643170505
   23Z    -2.0070004333     0.2484901455
   24X    -6.2192576349     0.6888994750
   24Y    -0.4454467640    -0.4634614685
   24Z    -2.6902952054     0.9929544902
   25X    -5.4267630344    -0.5173967286
   25Y     3.3774439679    -1.7314542313
   25Z     0.3776243788    -0.2987781010
   26X    -1.6122442331     0.3919425131
   26Y     4.1801173692     0.5931911549
   26Z     0.0343779426     0.1801436980
   27X    -0.7940924306     0.1711715944
   27Y     5.2257743591    -0.2022507320
   27Z     0.2990567328    -0.6514143988
   28X    -0.3048947533    -0.4771902669
   28Y     5.8645770378    -0.8699974306
   28Z    -0.5895333050     0.7839128226
   29X    -0.5432142115    -0.2100108627
   29Y     5.4736988580    -0.1642101956
   29Z     1.7763875257    -0.2564077222
   30X     1.2298581039    -0.6512766154
   30Y     2.7852910627    -0.6797358556
   30Z     1.0315035488    -0.2922300721
   31X     1.9361231978     0.0454945224
   31Y    -0.3334212455     0.7905779221
   31Z     0.3599506875    -1.1017073241
   32X     3.1923973838     1.3505868440
   32Y     0.0392867930     0.6430968197
   32Z     0.0732008056     0.4641403614
   33X     3.4564615139    -1.8781117955
   33Y     1.0474090400    -1.6773207104
   33Z    -0.5229789999     0.5498218540
   34X     4.1741653088     0.0279436915
   34Y    -1.0074733869     0.7837433938
   34Z     0.5409361113     0.1126806176
   35X     5.5923107171     0.6083172671
   35Y    -0.5507792521    -0.1021720027
   35Z     0.2305424976     1.2016740490
   36X     6.6535037881    -1.0484207747
   36Y    -1.6276655543     0.0817218696
   36Z     0.4267850326    -0.4231005357
   37X     6.3531150051     1.0855137774
   37Y    -2.9590429360     0.3886719102
   37Z     0.6578478902     0.0626111671
   38X     7.3484382612    -0.1541851206
   38Y    -3.9223477295     1.0599405049
   38Z     0.5946433254    -0.5706490728
   39X     8.6553271210    -0.0353904795
   39Y    -3.5577624717     0.6982520520
   39Z     0.3262773549     0.1728826042
   40X     8.9721243751    -1.0923608433
   40Y    -2.2174055893     0.0037539009
   40Z     0.1751067634    -0.2659242405
   41X     7.9780886392    -0.3386798214
   41Y    -1.2615409463    -0.8641029938
   41Z     0.2323472177     0.4612533260
   42X     4.0117557664     0.0539694624
   42Y    -1.2781154276     0.0873038672
   42Z     1.9325733176    -0.7115061066
   43X     5.9708271360     0.0613990914
   43Y     0.6810003920     0.6368152245
   43Z     0.8873416378    -1.4017105493
   44X     6.1083015365    -0.6812715991
   44Y     1.9571430895    -0.7708358143
   44Z     0.3956142302     0.2595369836
   45X     6.3193162726    -0.4422042544
   45Y     2.8803622800    -0.9361631437
   45Z     1.1682892292    -0.4994635340
   46X     5.8856240794    -0.5892228870
   46Y     2.2294773203     0.1191572271
   46Z    -1.0684369316    -0.3224775852
   47X     6.1182760772     0.0676857627
   47Y     1.3530946933     0.5157448980
   47Z    -2.1154263515     0.2392402028
   48X     5.5666096951    -0.2085020987
   48Y     1.5985928121     0.7038434800
   48Z    -3.3627524368    -0.1373174599
   49X     4.8504996604     0.2807689616
   49Y     2.7660993212    -0.3578861752
   49Z    -3.5880647940     0.7316934904
   50X     4.7600527335    -0.1714609380
   50Y     3.7102514633    -0.4778662314
   50Z    -2.5859740575     0.1779686476
   51X     5.2758312329     0.1949318966
   51Y     3.4419996328    -1.1905656658
   51Z    -1.3326645918     0.4127412830
   52X    -2.1366951232    -0.1371232036
   52Y    -3.0476308227     0.9760848921
   52Z    -1.0300506687     0.3903960589
   53X    -2.1451656838     0.2516110725
   53Y    -2.8533799779    -0.0413673116
   53Z    -2.2328872205     0.6395526968
   54X    -1.5033715748    -0.2379455511
   54Y    -4.2030090710     0.1321740243
   54Z    -0.3691075382    -0.1620795051
   55X    -1.4395727999     0.0069444424
   55Y    -4.3266984404    -0.1885692626
   55Z     1.0054186368    -0.1606184680
   56X    -0.7638830383    -0.1071362102
   56Y    -5.3989755623    -0.1135881203
   56Z     1.5627243193    -0.6391380554
   57X    -0.1728504332     0.0058520796
   57Y    -6.3468611347     0.8044295275
   57Z     0.7427716867    -0.1957892494
   58X    -0.2555829795     0.0081636691
   58Y    -6.2275391756     0.5338624038
   58Z    -0.6353203685    -0.0996012975
   59X    -0.9155594699     0.1374378902
   59Y    -5.1509647533     0.5231133962
   59Z    -1.1911104510     0.6852208879
   60X    -0.2097392960    -0.8459481112
   60Y    -1.1547475382     0.8565513124
   60Z     1.8364341802    -0.8198747158
   61X    -2.4300503956     0.6556249802
   61Y    -0.4562313148     0.2229954104
   61Z     2.4707643087    -1.0733355170
   62X    -3.6491745187    -0.1588903498
   62Y     1.8683153927    -0.0637175354
   62Z    -0.5155830594     0.1073770919
   63X    -4.2442042941     0.2318927646
   63Y    -0.7298029557    -0.0130104644
   63Z     0.9946071660    -0.2262884629
   64X    -6.1319130983     0.0921845539
   64Y     1.5761652304    -0.0372906604
   64Z     1.1739417496    -0.1336792764
   65X    -6.4278100209    -0.1074559927
   65Y     2.5627464257    -0.1262471175
   65Z    -1.5682089798     0.1259872443
   66X    -7.3896389443     0.1108676226
   66Y     1.3053382297    -0.0191810872
   66Z    -0.7744957191     0.0717468947
   67X    -4.7465709525    -0.1606059010
   67Y     0.9454138022     0.0433231571
   67Z    -2.2120482489     0.0525949095
   68X    -2.8855556304     0.0206050569
   68Y    -0.7190312849     0.0739316812
   68Z    -1.6682582674     0.1371218316
   69X    -1.1756472598    -0.0116343242
   69Y     1.8958447948    -0.0173613757
   69Z    -0.6850815723    -0.0143336782
   70X    -1.8481633811     0.1049420058
   70Y     3.6442038083     0.0200070960
   70Z     0.8091516318    -0.1335334790
   71X    -0.3040223032    -0.0387360037
   71Y    -0.0416779132     0.0140562151
   71Z    -1.8339006500     0.1779631277
   72X     0.0915191370     0.0031551342
   72Y    -1.3952922665     0.2157705295
   72Z    -0.8028716213    -0.1426696904
   73X     1.2665208967    -0.1727817139
   73Y     1.1759764098    -0.0101023618
   73Z    -0.8367613039     0.2213333704
   74X    -7.9447757667    -0.0294633351
   74Y    -1.4087837076     0.0253930760
   74Z    -1.9396808281    -0.0098263196
   75X    -8.9860731662     0.0423409315
   75Y    -0.4736978662    -0.0405097146
   75Z    -0.9254125307    -0.0264734484
   76X    -9.1714810604     0.0848269473
   76Y    -2.2205725696     0.0193751051
   76Z    -0.9250167206     0.0327036868
   77X    -5.9696663559     0.1944566087
   77Y    -2.4206610149     0.0370885708
   77Z    -1.8715271229    -0.0018937152
   78X    -4.4956991333    -0.1823655763
   78Y    -1.6916168492     0.0483226675
   78Z    -2.5341524535    -0.0147304499
   79X    -6.1859311524     0.0678620170
   79Y     3.7990295001    -0.0895027777
   79Z     0.8057985915    -0.0082538253
   80X    -0.4047348909     0.0202299782
   80Y     4.5302822759     0.0273925809
   80Z     2.2918681450     0.0262789482
   81X    -1.4092254776     0.0440727146
   81Y     5.9590269651    -0.0747016305
   81Z     2.2201989695     0.0596984957
   82X     0.3171041142    -0.0214901885
   82Y     6.0931668053    -0.0419360329
   82Z     1.8871610341    -0.0152077128
   83X     1.4832825233    -0.0457359537
   83Y     3.0343297417     0.0196848510
   83Z     2.0569032671    -0.0235072762
   84X     0.8689347864    -0.0283937320
   84Y     3.6687759202    -0.0855457273
   84Z     0.5365847410     0.0803012365
   85X     2.1684890256    -0.0825704366
   85Y     2.5341565935     0.0337693809
   85Z     0.5367745110    -0.0537397568
   86X     3.9669616429     0.1124838594
   86Y    -1.8924970245     0.0962840973
   86Z    -0.0572581044     0.0339833211
   87X     5.5541776341    -0.1884548806
   87Y    -0.3516751969     0.0828175488
   87Z    -0.8217997928     0.2399081430
   88X     5.3544978589     0.1056963470
   88Y    -3.2557102186     0.0200535901
   88Z     0.9038848590     0.0546177949
   89X     7.0989144921     0.1066151719
   89Y    -4.9513961981     0.2022792796
   89Z     0.7469288470    -0.0155626144
   90X     9.4171946391    -0.1145845546
   90Y    -4.3036937586     0.1049271893
   90Z     0.2407856384    -0.0659885804
   91X     9.9857451625    -0.0924249519
   91Y    -1.9177654664     0.0038847908
   91Z     0.0023467702    -0.0398816513
   92X     8.2254739781    -0.1537320568
   92Y    -0.2253064972    -0.1983010547
   92Z     0.1253413196    -0.0029436632
   93X     3.1299497190     0.0574519334
   93Y    -1.6337869448     0.0931797565
   93Z     2.1083780410    -0.0744833256
   94X     6.0936142953    -0.0086080431
   94Y     0.6250744177    -0.0505764855
   94Z     1.8859549340    -0.0537039678
   95X     6.7084385023    -0.1119810090
   95Y     0.4705180859     0.1760925497
   95Z    -1.9833353715    -0.0970377255
   96X     5.6743955033     0.0717155636
   96Y     0.8727860166     0.0655043529
   96Z    -4.1412753062     0.1360590266
   97X     4.3798459545    -0.0281607932
   97Y     2.9274162635     0.0027203038
   97Z    -4.5335959262     0.0991139271
   98X     4.2563846850     0.0626217287
   98Y     4.6442142246    -0.2236586148
   98Z    -2.7660689312     0.1268169591
   99X     5.1747309752    -0.0903606522
   99Y     4.1495329469    -0.0864154457
   99Z    -0.5327311807    -0.1413021541
  100X    -1.9015966152     0.0637543940
  100Y    -3.5961884646    -0.1705326864
  100Z     1.6316251146    -0.0946114218
  101X    -0.6959961231     0.0276082557
  101Y    -5.4955301297     0.0065505059
  101Z     2.6284273507    -0.0523359092
  102X     0.3482320666    -0.0287799230
  102Y    -7.1761497180     0.1635194793
  102Z     1.1766068899    -0.1358167085
  103X     0.1934856248    -0.0440922933
  103Y    -6.9647955319     0.1727433284
  103Z    -1.2689412269     0.0703886239
  104X    -0.9826070850    -0.0219201774
  104Y    -5.0258756638     0.0066800923
  104Z    -2.2518210920     0.0538406671
  105X     0.6895305627    -0.0024333375
  105Y    -0.6503325997    -0.0578218243
  105Z     2.1318040128    -0.0486028863
  106X     0.0408559131     0.0723728592
  106Y    -1.8507204713     0.0771555860
  106Z     1.0570934807     0.0833660007
  107X    -0.5497152620     0.0883423706
  107Y    -1.7387967528    -0.0147134563
  107Z     2.6730564641    -0.1561990046
  108X    -2.6864695851     0.0741572967
  108Y    -1.5071205751     0.0834425567
  108Z     2.3903168925     0.0290209587
  109X    -3.3390145450     0.0127158805
  109Y     0.1000510676    -0.0268017205
  109Z     2.4688671085     0.1124382153
  110X    -1.9770021010    -0.0071269028
  110Y    -0.2959025626    -0.0380110741
  110Z     3.4410103628    -0.0863815951
----------------------------------------

 @ End Gradient Calculation

  Skipping one-electron property calculation.

 @ Output cuEST Memory Footprint

------------- cuEST MEMORY USAGE ---------------
| Peak Host Footprint =    79.96 kB
| Host Allocations =    41
| Peak Device Footprint =    53.19 GB
| Device Allocations =    34
------------------------------------------------

 @ Finish Output cuEST Memory Footprint


 @ Output Timing Information

------------- TIMING ---------------
| CUEST INITIALIZATION TIME =     2.369474000(  1.02%)
| INITIAL GUESS TIME  =   138.171261000( 59.27%)
| DFT GRID OPERATIONS =     0.002999000(  0.00%)
| TOTAL SCF TIME      =    32.713814000( 14.03%)
|       TOTAL OP TIME      =    12.822645000(  5.50%)
|             TOTAL 1e TIME      =     0.278129000(  0.12%)
|             TOTAL 2e TIME      =     3.152703000(  1.35%)
|             TOTAL EXC TIME     =     5.897155000(  2.53%)
|       TOTAL DII TIME      =    18.974402000(  8.14%)
|             TOTAL DIAG TIME    =     1.911473000(  0.82%)
| TOTAL GRADIENT TIME      =    56.749498000( 24.34%)
|       TOTAL 1e GRADIENT TIME      =    17.334144000(22.18%)
|       TOTAL 2e GRADIENT TIME      =     4.436676000( 1.90%)
|       TOTAL EXC GRADIENT TIME     =     0.572200000(  0.25%)
| TOTAL TIME          =   233.133359000
------------------------------------
| Job cpu time:  0 days  0 hours  3 minutes 53.1 seconds.

 @ Finish Output Timing Information

| Normal Termination. Task Finished on: Sat Aug 29 07:34:52 2026
