| *********************************************************************************************************
| **                                                                                                     **
| **           888888888888                                                                              **
| **         8888888888888888                                                                            **
| **      888888888888888888                                                                             **
| **     888888888888888888                                                                              **
| **    888888888888888                                                                                  **
| **   88888888888888888888                               88888                       8888:              **
| **   8888888888888888888888Z                            88888                       8888:              **
| **   888888888888888888888888?                          88888                       8888:              **
| **   8888888888888      8888888                                        888888       8888:              **
| **    88888888888         888888     8888:     88888    88888        888888888I     8888:    888888    **
| **    8888888888           88888:    8888:     88888    88888      $888888888888    8888:   888888     **
| **    I8Z 88888             88888    8888:     88888    88888    .888888     8888   8888: 888888       **
| **    .8Z 88888             88888    8888:     88888    88888    $88888             8888:88888         **
| **     8I 88888      .=88. .88888    8888:     88888    88888    88888              8888888888         **
| **    :8  88888      888888$8888$    8888:     88888    88888    8888O              88888888888        **
| **   ,7   +88888.     8888888888.    8888:     88888    88888    888888             88888O888888       **
| **         $888888:.   .8888888      88888....888888    88888     888888     8888   8888:  888888      **
| **          I8888888888888888888     888888888888888    88888     O888888888888O    8888:   888888     **
| **            O888888888888888888     88888888888888    88888       88888888888$    8888:    888888    **
| **               8888888Z     888      .8888I  88888    88888         8888888       8888:     888888   **
| **                                                                                                     **
| **                                                                                                     **
| **                                         Copyright (c) 2026                                          **
| **                          Regents of the University of California San Diego                          **
| **                                    & Michigan State University                                      **
| **                                        All Rights Reserved.                                         **
| **                                                                                                     **
| **             This software is subject to the terms of the Mozilla Public License, v. 2.0.            **
| **                                                                                                     **
| *********************************************************************************************************
|                                                                                                          
| Cite this work as:                                                                                       
| Manathunga, M.; O'Hearn, K. A.; Shajan, A.; Smith, J.; Miao, Y.; He, X.; Ayers, K.;                      
| Brothers, E.; Palos, E.; Tripathy, V.; Goetz, A.W.; Merz, K.M. QUICK-26.03.                              
| University of California,San Diego, CA and                                                               
| Michigan State University, East Lansing, MI, 2026                                                        
|                                                                                                          
| If you have any comments or queries, please reach out to us on GitHub issues or discussion sections:     
| https://github.com/merzlab/QUICK.                                                                        
|                                                                                                          
| TASK STARTS ON: Tue Aug  4 18:52:15 2026
| INPUT FILE :    quickruns/0/morphine/morphine_3-21G.in
| OUTPUT FILE:    quickruns/0/morphine/morphine_3-21G.out
| BASIS SET PATH: /home/msun26/QUICK-cuEST-install-ffun/basis

|------------ GPU INFORMATION ---------------
| CUDA ENABLED DEVICE         :        1
| CUDA DEVICE IN USE          :        0
| CUDA DEVICE NAME            : NVIDIA GeForce RTX 5080
| CUDA DEVICE PM              :       84
| CUDA DEVICE CORE FREQ(GHZ)  :     2.73
| CUDA DEVICE MEMORY SIZE (MB):    15808
| SUPPORTING CUDA VERSION     :     12.0
|--------------------------------------------

 @ Read Job And Atom

  KEYWORD=DFT BLYP BASIS=3-21G CUTOFF=1.0E-10 DENSERMS=1.0E-6 ENERGY
 ============== JOB CARD =============
 METHOD = DENSITY FUNCTIONAL THEORY
 USING LIBXC VERSION: 4.3.4
 FUNCTIONAL INFORMATION:
 NAME = Becke 88 FAMILY = GGA KIND = EXCHANGE
 NAME = Lee, Yang & Parr FAMILY = GGA KIND = CORRELATION
 DIRECT SCF 
 SAD INITAL GUESS 
 USE DIIS SCF
 PRINT ENERGY EVERY CYCLE
 READ SAD GUESS FROM FILE
 STANDARD GRID = SG1
 Level shifting allowed after cycle    3
 DIIS error must exceed 0.100 for level shifting
 Max HOMO-LUMO gap to allow level shifting = 0.200
 MAX SCF CYCLES =    200
 MAX DIIS CYCLES =   10
 DELTA DENSITY START CYCLE =    3
 COMPUTATIONAL CUTOFF: 
      TWO-e INTEGRAL         =  0.100E-09
      BASIS SET PRIME        =  0.100E-10
      MATRIX ELEMENTS        =  0.100E-09
      BASIS FUNCTION         =  0.100E-05
      NEAR-LINEAR DEPENDENCY =  0.100E-04
 DENSITY MATRIX MAXIMUM RMS FOR CONVERGENCE  =  0.100E-05
 BASIS SET = 3-21G,  TYPE = CARTESIAN
| BASIS FILE = /home/msun26/QUICK-cuEST-install-ffun/basis/3-21G.BAS
| DATA FILE  =    quickruns/0/morphine/morphine_3-21G.dat

 @ Finish reading job


 @ Begin SAD initial guess

 For Atom Kind =    1
 ELEMENT = O 
 BASIS FUNCTIONS =    9
 For Atom Kind =    2
 ELEMENT = N 
 BASIS FUNCTIONS =    9
 For Atom Kind =    3
 ELEMENT = C 
 BASIS FUNCTIONS =    9
 For Atom Kind =    4
 ELEMENT = H 
 BASIS FUNCTIONS =    2

 @ Finish SAD initial guess


 @ Begin Reading Molecular Information


 =========== Molecule Input ==========
 TOTAL MOLECULAR CHARGE  =    0    MULTIPLICITY                =    1
 TOTAL ATOM NUMBER       =   40    NUMBER OF ATOM TYPES        =    4
 NUMBER OF HYDROGEN ATOM =   19    NUMBER OF NON-HYDROGEN ATOM =   21
 NUMBER OF ELECTRONS     =  152

 -- INPUT GEOMETRY -- :
    O          -1.9930      -0.4740       1.2005
    O          -2.7826      -2.5168      -0.2218
    O          -3.6220       1.8421       0.5579
    N           3.1777      -0.0101       0.4474
    C           0.3699      -0.7149       0.6616
    C           1.2913      -1.3046      -0.4170
    C           2.3441      -0.2023      -0.7640
    C          -0.9377      -1.4750       0.9848
    C           1.1988      -0.3907       1.9201
    C          -0.2516       0.5302       0.1205
    C           1.6887       1.1052      -1.3279
    C           2.4315       0.4754       1.6126
    C           0.3384       1.4306      -0.7480
    C          -1.3631      -2.5067      -0.0924
    C           0.5066      -1.8183      -1.5971
    C          -1.5672       0.6306       0.5136
    C          -0.7155      -2.3492      -1.4425
    C           4.3733       0.7916       0.2084
    C          -0.4184       2.5415      -1.1246
    C          -2.3310       1.7217       0.1620
    C          -1.7382       2.6936      -0.6541
    H           1.8278      -2.1759      -0.0118
    H           3.0029      -0.6035      -1.5465
    H          -0.8451      -2.0128       1.9373
    H           1.5366      -1.3335       2.3712
    H           0.5899       0.1174       2.6790
    H           1.5474       0.9596      -2.4075
    H           2.3530       1.9680      -1.2194
    H           2.1271       1.5205       1.4760
    H           3.0801       0.4584       2.4975
    H          -1.0772      -3.5067       0.2593
    H           0.9601      -1.7947      -2.5831
    H          -1.2300      -2.7505      -2.3109
    H           4.1500       1.8479       0.0287
    H           4.9380       0.4055      -0.6472
    H           5.0444       0.7352       1.0730
    H          -0.0062       3.2824      -1.8043
    H          -2.3121       3.5638      -0.9645
    H          -3.1557      -2.6446       0.6672
    H          -3.8483       1.0686       1.1031

============== BASIS INFOS ==============
 BASIS FUNCTIONS =  227
 NSHELL =  101 NPRIM  =  372
 JSHELL =  101 JBASIS =  183


 @ End Reading Molecular Information 


 @ Begin XC Quadrature Formation

 OCTAGO: OCTree Algorithm for Grid Operations 
   PRUNING CUTOFF       = 0.100E-06
   INITIAL GRID POINTS  =      151424
|   FINAL GRID POINTS    =       94980
|   SIGNIFICANT NUMBER OF BASIS FUNCTIONS     =       99286
|   SIGNIFICANT NUMBER OF PRIMITIVE FUNCTIONS =      106149

 @ End XC Quadrature Formation


 @ Begin Energy Calculation

| condition number of overlap matrix:    4.290E+03
| Smallest eigenvalue of overlap matrix:    1.256E-03

                                         SCF ENERGY
| ------------------------------------------------------------------------------------------------------------------------
| NCYC       ENERGY         DELTA_E      SCF_TIME  DII_CYC   DII_TIME   O_TIME  DIAG_TIME    MAX_ERR    RMS_CHG    MAX_CHG
| ------------------------------------------------------------------------------------------------------------------------
|  1   -924.400312660      ------         0.053     1        0.01      0.05      0.01    0.2012E+01  0.3476E-01  0.4942E+00
|  2   -932.514191721  0.811388E+01       0.045     2        0.01      0.04      0.01    0.3588E+00  0.3567E-01  0.9910E+00
|  3   -931.341192545  -.117300E+01       0.046     3        0.01      0.04      0.00    0.4197E+00  0.2219E-01  0.6900E+00
|   ***  Level shifting applied  ( HOMO-LUMO gap =  0.041 au ) ***
|  4   -933.940560933  0.259937E+01       0.045     4        0.01      0.04      0.01    0.8931E-01  0.6714E-02  0.2004E+00
|  5   -934.035497345  0.949364E-01       0.046     5        0.01      0.04      0.01    0.5337E-01  0.1991E-02  0.6371E-01
|  6   -934.051842815  0.163455E-01       0.046     6        0.01      0.04      0.01    0.3168E-01  0.7915E-03  0.2862E-01
|  7   -934.055840173  0.399736E-02       0.046     7        0.01      0.04      0.01    0.9224E-02  0.2369E-03  0.8045E-02
|  8   -934.056099300  0.259127E-03       0.046     8        0.01      0.04      0.01    0.3660E-02  0.9563E-04  0.3051E-02
|  9   -934.056158420  0.591200E-04       0.046     9        0.01      0.04      0.01    0.6705E-03  0.2386E-04  0.6623E-03
| 10   -934.056160822  0.240166E-05       0.046    10        0.01      0.04      0.01    0.1834E-03  0.8163E-05  0.2612E-03
| 11   -934.056161163  0.341704E-06       0.047     1        0.01      0.04      0.01    0.7757E-04  0.3548E-05  0.1031E-03
| 12   -934.056161205  0.411437E-07       0.046     2        0.01      0.04      0.01    0.3229E-04  0.1277E-05  0.2616E-04
| 13   -934.056161213  0.801174E-08       0.047     3        0.01      0.04      0.01    0.9125E-05  0.3953E-06  0.1318E-04
| ------------------------------------------------------------------------------------------------------------------------
| REACH CONVERGENCE AFTER  13 CYCLES
| MAX ERROR = 0.912514E-05   RMS CHANGE = 0.395276E-06   MAX CHANGE = 0.131838E-04
| -----------------------------------------------
 ALPHA ELECTRON DENSITY    =    76.0000000000
 BETA ELECTRON DENSITY     =    76.0000000000
 ELECTRONIC ENERGY    =  -2763.363431693
 CORE_CORE REPULSION  =   1829.307270481
 TOTAL ENERGY         =   -934.056161213

 @ End Energy calculation

  Skipping one-electron property calculation.

 @ Output cuEST Memory Footprint

------------- cuEST MEMORY USAGE ---------------
| Peak Host Footprint =    21.72 kB
| Host Allocations =    35
| Peak Device Footprint =     2.25 GB
| Device Allocations =    25
------------------------------------------------

 @ Finish Output cuEST Memory Footprint


 @ Output Timing Information

------------- TIMING ---------------
| CUEST INITIALIZATION TIME =     0.293497000( 16.53%)
| INITIAL GUESS TIME  =     0.508264000( 28.62%)
| DFT GRID OPERATIONS =     0.146048000(  8.22%)
| TOTAL SCF TIME      =     0.606570000( 34.16%)
|       TOTAL OP TIME      =     0.499068000( 28.11%)
|             TOTAL 1e TIME      =     0.002086000(  0.12%)
|             TOTAL 2e TIME      =     0.013909000(  0.78%)
|             TOTAL EXC TIME     =     0.476544000( 26.84%)
|       TOTAL DII TIME      =     0.106889000(  6.02%)
|             TOTAL DIAG TIME    =     0.066570000(  3.75%)
| TOTAL TIME          =     1.775686000
------------------------------------
| Job cpu time:  0 days  0 hours  0 minutes  1.8 seconds.

 @ Finish Output Timing Information

| Normal Termination. Task Finished on: Tue Aug  4 18:52:17 2026
