| *********************************************************************************************************
| **                                                                                                     **
| **           888888888888                                                                              **
| **         8888888888888888                                                                            **
| **      888888888888888888                                                                             **
| **     888888888888888888                                                                              **
| **    888888888888888                                                                                  **
| **   88888888888888888888                               88888                       8888:              **
| **   8888888888888888888888Z                            88888                       8888:              **
| **   888888888888888888888888?                          88888                       8888:              **
| **   8888888888888      8888888                                        888888       8888:              **
| **    88888888888         888888     8888:     88888    88888        888888888I     8888:    888888    **
| **    8888888888           88888:    8888:     88888    88888      $888888888888    8888:   888888     **
| **    I8Z 88888             88888    8888:     88888    88888    .888888     8888   8888: 888888       **
| **    .8Z 88888             88888    8888:     88888    88888    $88888             8888:88888         **
| **     8I 88888      .=88. .88888    8888:     88888    88888    88888              8888888888         **
| **    :8  88888      888888$8888$    8888:     88888    88888    8888O              88888888888        **
| **   ,7   +88888.     8888888888.    8888:     88888    88888    888888             88888O888888       **
| **         $888888:.   .8888888      88888....888888    88888     888888     8888   8888:  888888      **
| **          I8888888888888888888     888888888888888    88888     O888888888888O    8888:   888888     **
| **            O888888888888888888     88888888888888    88888       88888888888$    8888:    888888    **
| **               8888888Z     888      .8888I  88888    88888         8888888       8888:     888888   **
| **                                                                                                     **
| **                                                                                                     **
| **                                         Copyright (c) 2026                                          **
| **                          Regents of the University of California San Diego                          **
| **                                    & Michigan State University                                      **
| **                                        All Rights Reserved.                                         **
| **                                                                                                     **
| **             This software is subject to the terms of the Mozilla Public License, v. 2.0.            **
| **                                                                                                     **
| *********************************************************************************************************
|                                                                                                          
| Cite this work as:                                                                                       
| Manathunga, M.; O'Hearn, K. A.; Shajan, A.; Smith, J.; Miao, Y.; He, X.; Ayers, K.;                      
| Brothers, E.; Palos, E.; Tripathy, V.; Goetz, A.W.; Merz, K.M. QUICK-26.03.                              
| University of California,San Diego, CA and                                                               
| Michigan State University, East Lansing, MI, 2026                                                        
|                                                                                                          
| If you have any comments or queries, please reach out to us on GitHub issues or discussion sections:     
| https://github.com/merzlab/QUICK.                                                                        
|                                                                                                          
| TASK STARTS ON: Sat Aug 29 09:52:14 2026
| INPUT FILE :    /work2/11707/msun12/stampede3/quickruns/3447190/mph1/morphine_6-31G**.in
| OUTPUT FILE:    /work2/11707/msun12/stampede3/quickruns/3447190/mph1/morphine_6-31G**.out
| BASIS SET PATH: /home1/11707/msun12/QUICK-install/basis

|------------ GPU INFORMATION ---------------
| CUDA ENABLED DEVICE         :        1
| CUDA DEVICE IN USE          :        0
| CUDA DEVICE NAME            : NVIDIA H100
| CUDA DEVICE PM              :      132
| CUDA DEVICE CORE FREQ(GHZ)  :     1.98
| CUDA DEVICE MEMORY SIZE (MB):    95321
| SUPPORTING CUDA VERSION     :      9.0
|--------------------------------------------

 @ Read Job And Atom

  KEYWORD=B3LYP BASIS=6-31G** CUTOFF=1.0E-10 DENSERMS=1.0E-6 GRADIENT CUEST
 ============== JOB CARD =============
 METHOD = DENSITY FUNCTIONAL THEORY
 DENSITY FUNCTIONAL = B3LYP
 DIRECT SCF 
 SAD INITAL GUESS 
 USE DIIS SCF
 PRINT ENERGY EVERY CYCLE
 READ SAD GUESS FROM FILE
 STANDARD GRID = SG1
 Level shifting allowed after cycle    3
 DIIS error must exceed 0.100 for level shifting
 Max HOMO-LUMO gap to allow level shifting = 0.200
 GRADIENT CALCULATION
 MAX SCF CYCLES =    200
 MAX DIIS CYCLES =   10
 DELTA DENSITY START CYCLE =    3
 COMPUTATIONAL CUTOFF: 
      TWO-e INTEGRAL         =  0.100E-09
      BASIS SET PRIME        =  0.100E-10
      MATRIX ELEMENTS        =  0.100E-09
      BASIS FUNCTION         =  0.100E-05
      NEAR-LINEAR DEPENDENCY =  0.100E-04
      GRADIENT CUTOFF  =  0.100E-06
 DENSITY MATRIX MAXIMUM RMS FOR CONVERGENCE  =  0.100E-05
 BASIS SET = 6-31G**,  TYPE = CARTESIAN
| BASIS FILE = /home1/11707/msun12/QUICK-install/basis/6-31GDP.BAS
| DATA FILE  =    /work2/11707/msun12/stampede3/quickruns/3447190/mph1/morphine_6-31G**.dat

 @ Finish reading job


 @ Begin SAD initial guess

 For Atom Kind =    1
 ELEMENT = O 
 BASIS FUNCTIONS =   15
 For Atom Kind =    2
 ELEMENT = N 
 BASIS FUNCTIONS =   15
 For Atom Kind =    3
 ELEMENT = C 
 BASIS FUNCTIONS =   15
 For Atom Kind =    4
 ELEMENT = H 
 BASIS FUNCTIONS =    5

 @ Finish SAD initial guess


 @ Begin Reading Molecular Information


 =========== Molecule Input ==========
 TOTAL MOLECULAR CHARGE  =    0    MULTIPLICITY                =    1
 TOTAL ATOM NUMBER       =   40    NUMBER OF ATOM TYPES        =    4
 NUMBER OF HYDROGEN ATOM =   19    NUMBER OF NON-HYDROGEN ATOM =   21
 NUMBER OF ELECTRONS     =  152

 -- INPUT GEOMETRY -- :
    O          -1.9930      -0.4740       1.2005
    O          -2.7826      -2.5168      -0.2218
    O          -3.6220       1.8421       0.5579
    N           3.1777      -0.0101       0.4474
    C           0.3699      -0.7149       0.6616
    C           1.2913      -1.3046      -0.4170
    C           2.3441      -0.2023      -0.7640
    C          -0.9377      -1.4750       0.9848
    C           1.1988      -0.3907       1.9201
    C          -0.2516       0.5302       0.1205
    C           1.6887       1.1052      -1.3279
    C           2.4315       0.4754       1.6126
    C           0.3384       1.4306      -0.7480
    C          -1.3631      -2.5067      -0.0924
    C           0.5066      -1.8183      -1.5971
    C          -1.5672       0.6306       0.5136
    C          -0.7155      -2.3492      -1.4425
    C           4.3733       0.7916       0.2084
    C          -0.4184       2.5415      -1.1246
    C          -2.3310       1.7217       0.1620
    C          -1.7382       2.6936      -0.6541
    H           1.8278      -2.1759      -0.0118
    H           3.0029      -0.6035      -1.5465
    H          -0.8451      -2.0128       1.9373
    H           1.5366      -1.3335       2.3712
    H           0.5899       0.1174       2.6790
    H           1.5474       0.9596      -2.4075
    H           2.3530       1.9680      -1.2194
    H           2.1271       1.5205       1.4760
    H           3.0801       0.4584       2.4975
    H          -1.0772      -3.5067       0.2593
    H           0.9601      -1.7947      -2.5831
    H          -1.2300      -2.7505      -2.3109
    H           4.1500       1.8479       0.0287
    H           4.9380       0.4055      -0.6472
    H           5.0444       0.7352       1.0730
    H          -0.0062       3.2824      -1.8043
    H          -2.3121       3.5638      -0.9645
    H          -3.1557      -2.6446       0.6672
    H          -3.8483       1.0686       1.1031

============== BASIS INFOS ==============
 BASIS FUNCTIONS =  410
 NSHELL =  141 NPRIM  =  721
 JSHELL =  141 JBASIS =  326


 @ End Reading Molecular Information 


 @ Begin XC Quadrature Formation

 OCTAGO: OCTree Algorithm for Grid Operations 
   PRUNING CUTOFF       = 0.100E-06
   INITIAL GRID POINTS  =      151424
|   FINAL GRID POINTS    =       95460
|   SIGNIFICANT NUMBER OF BASIS FUNCTIONS     =      159898
|   SIGNIFICANT NUMBER OF PRIMITIVE FUNCTIONS =      176151

 @ End XC Quadrature Formation


 @ Begin Energy Calculation

| condition number of overlap matrix:    2.878E+04
| Smallest eigenvalue of overlap matrix:    3.010E-04

                                         SCF ENERGY
| ------------------------------------------------------------------------------------------------------------------------
| NCYC       ENERGY         DELTA_E      SCF_TIME  DII_CYC   DII_TIME   O_TIME  DIAG_TIME    MAX_ERR    RMS_CHG    MAX_CHG
| ------------------------------------------------------------------------------------------------------------------------
|  1   -943.747144222      ------         0.611     1        0.02      0.60      0.00    0.2082E+01  0.1743E-01  0.5238E+00
|  2   -939.110467080  -.463668E+01       0.615     2        0.02      0.60      0.01    0.2453E+00  0.9327E-02  0.3437E+00
|  3   -938.909829846  -.200637E+00       0.606     3        0.02      0.59      0.00    0.3812E+00  0.5616E-02  0.2289E+00
|   ***  Level shifting applied  ( HOMO-LUMO gap =  0.137 au ) ***
|  4   -939.627378029  0.717548E+00       0.596     4        0.02      0.58      0.00    0.3893E-01  0.1019E-02  0.3492E-01
|  5   -939.638654920  0.112769E-01       0.577     5        0.02      0.56      0.00    0.1308E-01  0.3772E-03  0.1424E-01
|  6   -939.641112264  0.245734E-02       0.567     6        0.02      0.55      0.01    0.6649E-02  0.1458E-03  0.6891E-02
|  7   -939.641402943  0.290679E-03       0.555     7        0.02      0.54      0.00    0.3771E-02  0.5819E-04  0.2929E-02
|  8   -939.641483655  0.807122E-04       0.540     8        0.02      0.52      0.00    0.4429E-03  0.1109E-04  0.5201E-03
|  9   -939.641486028  0.237267E-05       0.520     9        0.02      0.50      0.00    0.1706E-03  0.3748E-05  0.1933E-03
| 10   -939.641486299  0.271137E-06       0.505    10        0.02      0.49      0.00    0.3924E-04  0.1429E-05  0.4907E-04
| 11   -939.641486317  0.181590E-07       0.502     1        0.02      0.48      0.01    0.2556E-04  0.5257E-06  0.2649E-04
| ------------------------------------------------------------------------------------------------------------------------
| REACH CONVERGENCE AFTER  11 CYCLES
| MAX ERROR = 0.255636E-04   RMS CHANGE = 0.525663E-06   MAX CHANGE = 0.264920E-04
| -----------------------------------------------
 ALPHA ELECTRON DENSITY    =    75.9993435125
 BETA ELECTRON DENSITY     =    75.9993435125
 ELECTRONIC ENERGY    =  -2768.948756798
 CORE_CORE REPULSION  =   1829.307270481
 TOTAL ENERGY         =   -939.641486317

 @ End Energy calculation


 @ Begin Gradient Calculation

 ANALYTICAL GRADIENT: 
----------------------------------------
 COORDINATE    XYZ            GRADIENT
----------------------------------------
    1X    -1.9930001522    -0.0059904516
    1Y    -0.4740000362     0.0072159998
    1Z     1.2005000917    -0.0028536510
    2X    -2.7826002125     0.0028995614
    2Y    -2.5168001922     0.0018636089
    2Z    -0.2218000169     0.0035890810
    3X    -3.6220002766     0.0130237682
    3Y     1.8421001407     0.0002047421
    3Z     0.5579000426    -0.0055953786
    4X     3.1777002427    -0.0043621417
    4Y    -0.0101000008     0.0036458203
    4Z     0.4474000342     0.0023959811
    5X     0.3699000282     0.0072826678
    5Y    -0.7149000546    -0.0049007855
    5Z     0.6616000505    -0.0030847042
    6X     1.2913000986    -0.0018588589
    6Y    -1.3046000996     0.0016971640
    6Z    -0.4170000318     0.0065122840
    7X     2.3441001790     0.0007553258
    7Y    -0.2023000154    -0.0010797386
    7Z    -0.7640000583    -0.0088651889
    8X    -0.9377000716    -0.0057338707
    8Y    -1.4750001126     0.0142388052
    8Z     0.9848000752    -0.0145498662
    9X     1.1988000915    -0.0056266054
    9Y    -0.3907000298     0.0045234330
    9Z     1.9201001466    -0.0036978419
   10X    -0.2516000192    -0.0040557230
   10Y     0.5302000405    -0.0105175960
   10Z     0.1205000092     0.0101286419
   11X     1.6887001290     0.0007722574
   11Y     1.1052000844     0.0071610226
   11Z    -1.3279001014     0.0041190904
   12X     2.4315001857     0.0033298703
   12Y     0.4754000363     0.0031008874
   12Z     1.6126001231     0.0013069685
   13X     0.3384000258    -0.0015287443
   13Y     1.4306001092    -0.0013184731
   13Z    -0.7480000571    -0.0018506343
   14X    -1.3631001041     0.0135532349
   14Y    -2.5067001914     0.0043155261
   14Z    -0.0924000071     0.0026299821
   15X     0.5066000387     0.0099301077
   15Y    -1.8183001389     0.0016503545
   15Z    -1.5971001220    -0.0041034546
   16X    -1.5672001197    -0.0118318798
   16Y     0.6306000482     0.0013692252
   16Z     0.5136000392     0.0031902219
   17X    -0.7155000546    -0.0064101195
   17Y    -2.3492001794    -0.0088235697
   17Z    -1.4425001102     0.0042529533
   18X     4.3733003340    -0.0002661793
   18Y     0.7916000604     0.0064233465
   18Z     0.2084000159    -0.0022980532
   19X    -0.4184000320     0.0134342809
   19Y     2.5415001941    -0.0023303661
   19Z    -1.1246000859    -0.0036893457
   20X    -2.3310001780     0.0040511549
   20Y     1.7217001315    -0.0058556804
   20Z     0.1620000124     0.0025165019
   21X    -1.7382001327    -0.0103478607
   21Y     2.6936002057    -0.0040052757
   21Z    -0.6541000499     0.0059915413
   22X     1.8278001396    -0.0048478201
   22Y    -2.1759001662    -0.0046418972
   22Z    -0.0118000009    -0.0025127901
   23X     3.0029002293    -0.0008745582
   23Y    -0.6035000461    -0.0008587631
   23Z    -1.5465001181    -0.0027728291
   24X    -0.8451000645     0.0027600427
   24Y    -2.0128001537    -0.0025712111
   24Z     1.9373001479    -0.0000353011
   25X     1.5366001173    -0.0000370788
   25Y    -1.3335001018     0.0008461536
   25Z     2.3712001811     0.0009829781
   26X     0.5899000450     0.0009676608
   26Y     0.1174000090     0.0003807166
   26Z     2.6790002046     0.0026930190
   27X     1.5474001182    -0.0020306024
   27Y     0.9596000733    -0.0014418111
   27Z    -2.4075001838     0.0007729094
   28X     2.3530001797    -0.0042467838
   28Y     1.9680001503     0.0022802055
   28Z    -1.2194000931     0.0005199974
   29X     2.1271001624     0.0025376836
   29Y     1.5205001161    -0.0053530026
   29Z     1.4760001127    -0.0005982816
   30X     3.0801002352    -0.0026491310
   30Y     0.4584000350     0.0000474155
   30Z     2.4975001907     0.0026838079
   31X    -1.0772000823    -0.0072391102
   31Y    -3.5067002678     0.0017177495
   31Z     0.2593000198    -0.0050132016
   32X     0.9601000733    -0.0017436173
   32Y    -1.7947001371    -0.0004635651
   32Z    -2.5831001973     0.0010317975
   33X    -1.2300000939     0.0043157271
   33Y    -2.7505002100     0.0013421544
   33Z    -2.3109001765    -0.0029016129
   34X     4.1500003169    -0.0011896434
   34Y     1.8479001411    -0.0068349577
   34Z     0.0287000022     0.0014062988
   35X     4.9380003771     0.0027932247
   35Y     0.4055000310     0.0005533370
   35Z    -0.6472000494     0.0010206089
   36X     5.0444003852     0.0022165969
   36Y     0.7352000561    -0.0000312617
   36Z     1.0730000819    -0.0013904356
   37X    -0.0062000005     0.0004674125
   37Y     3.2824002507    -0.0002815477
   37Z    -1.8043001378    -0.0001944184
   38X    -2.3121001766     0.0018195918
   38Y     3.5638002721     0.0027905940
   38Z    -0.9645000737    -0.0023671572
   39X    -3.1557002410    -0.0026478861
   39Y    -2.6446002020    -0.0019934783
   39Z     0.6672000509     0.0064108103
   40X    -3.8483002939    -0.0013915034
   40Y     1.0686000816    -0.0040652812
   40Z     1.1031000842     0.0042186714
----------------------------------------

 @ End Gradient Calculation

  Skipping one-electron property calculation.

 @ Output Timing Information

------------- TIMING ---------------
| INITIAL GUESS TIME  =     2.647882000( 17.41%)
| DFT GRID OPERATIONS =     0.148342000(  0.98%)
| TOTAL SCF TIME      =     6.263507000( 41.18%)
|       TOTAL OP TIME      =     6.064596000( 39.87%)
|             TOTAL 1e TIME      =     0.070021000(  0.46%)
|             TOTAL 2e TIME      =     2.216088000( 14.57%)
|             TOTAL EXC TIME     =     3.681441000( 24.20%)
|       TOTAL DII TIME      =     0.194424000(  1.28%)
|             TOTAL DIAG TIME    =     0.055269000(  0.36%)
| TOTAL GRADIENT TIME      =     5.384393000( 35.40%)
|       TOTAL 1e GRADIENT TIME      =     0.654539000( 4.35%)
|       TOTAL 2e GRADIENT TIME      =     4.018664000(26.42%)
|       TOTAL EXC GRADIENT TIME     =     0.704795000(  4.63%)
| TOTAL TIME          =    15.210160000
------------------------------------
| Job cpu time:  0 days  0 hours  0 minutes 15.2 seconds.

 @ Finish Output Timing Information

| Normal Termination. Task Finished on: Sat Aug 29 09:52:29 2026
