| *********************************************************************************************************
| **                                                                                                     **
| **           888888888888                                                                              **
| **         8888888888888888                                                                            **
| **      888888888888888888                                                                             **
| **     888888888888888888                                                                              **
| **    888888888888888                                                                                  **
| **   88888888888888888888                               88888                       8888:              **
| **   8888888888888888888888Z                            88888                       8888:              **
| **   888888888888888888888888?                          88888                       8888:              **
| **   8888888888888      8888888                                        888888       8888:              **
| **    88888888888         888888     8888:     88888    88888        888888888I     8888:    888888    **
| **    8888888888           88888:    8888:     88888    88888      $888888888888    8888:   888888     **
| **    I8Z 88888             88888    8888:     88888    88888    .888888     8888   8888: 888888       **
| **    .8Z 88888             88888    8888:     88888    88888    $88888             8888:88888         **
| **     8I 88888      .=88. .88888    8888:     88888    88888    88888              8888888888         **
| **    :8  88888      888888$8888$    8888:     88888    88888    8888O              88888888888        **
| **   ,7   +88888.     8888888888.    8888:     88888    88888    888888             88888O888888       **
| **         $888888:.   .8888888      88888....888888    88888     888888     8888   8888:  888888      **
| **          I8888888888888888888     888888888888888    88888     O888888888888O    8888:   888888     **
| **            O888888888888888888     88888888888888    88888       88888888888$    8888:    888888    **
| **               8888888Z     888      .8888I  88888    88888         8888888       8888:     888888   **
| **                                                                                                     **
| **                                                                                                     **
| **                                         Copyright (c) 2026                                          **
| **                          Regents of the University of California San Diego                          **
| **                                    & Michigan State University                                      **
| **                                        All Rights Reserved.                                         **
| **                                                                                                     **
| **             This software is subject to the terms of the Mozilla Public License, v. 2.0.            **
| **                                                                                                     **
| *********************************************************************************************************
|                                                                                                          
| Cite this work as:                                                                                       
| Manathunga, M.; O'Hearn, K. A.; Shajan, A.; Smith, J.; Miao, Y.; He, X.; Ayers, K.;                      
| Brothers, E.; Palos, E.; Tripathy, V.; Goetz, A.W.; Merz, K.M. QUICK-26.03.                              
| University of California,San Diego, CA and                                                               
| Michigan State University, East Lansing, MI, 2026                                                        
|                                                                                                          
| If you have any comments or queries, please reach out to us on GitHub issues or discussion sections:     
| https://github.com/merzlab/QUICK.                                                                        
|                                                                                                          
| TASK STARTS ON: Sat Aug 29 09:51:53 2026
| INPUT FILE :    /work2/11707/msun12/stampede3/quickruns/3447190/mph1/morphine_6-31G.in
| OUTPUT FILE:    /work2/11707/msun12/stampede3/quickruns/3447190/mph1/morphine_6-31G.out
| BASIS SET PATH: /home1/11707/msun12/QUICK-install/basis

|------------ GPU INFORMATION ---------------
| CUDA ENABLED DEVICE         :        1
| CUDA DEVICE IN USE          :        0
| CUDA DEVICE NAME            : NVIDIA H100
| CUDA DEVICE PM              :      132
| CUDA DEVICE CORE FREQ(GHZ)  :     1.98
| CUDA DEVICE MEMORY SIZE (MB):    95321
| SUPPORTING CUDA VERSION     :      9.0
|--------------------------------------------

 @ Read Job And Atom

  KEYWORD=B3LYP BASIS=6-31G CUTOFF=1.0E-10 DENSERMS=1.0E-6 GRADIENT CUEST
 ============== JOB CARD =============
 METHOD = DENSITY FUNCTIONAL THEORY
 DENSITY FUNCTIONAL = B3LYP
 DIRECT SCF 
 SAD INITAL GUESS 
 USE DIIS SCF
 PRINT ENERGY EVERY CYCLE
 READ SAD GUESS FROM FILE
 STANDARD GRID = SG1
 Level shifting allowed after cycle    3
 DIIS error must exceed 0.100 for level shifting
 Max HOMO-LUMO gap to allow level shifting = 0.200
 GRADIENT CALCULATION
 MAX SCF CYCLES =    200
 MAX DIIS CYCLES =   10
 DELTA DENSITY START CYCLE =    3
 COMPUTATIONAL CUTOFF: 
      TWO-e INTEGRAL         =  0.100E-09
      BASIS SET PRIME        =  0.100E-10
      MATRIX ELEMENTS        =  0.100E-09
      BASIS FUNCTION         =  0.100E-05
      NEAR-LINEAR DEPENDENCY =  0.100E-04
      GRADIENT CUTOFF  =  0.100E-06
 DENSITY MATRIX MAXIMUM RMS FOR CONVERGENCE  =  0.100E-05
 BASIS SET = 6-31G,  TYPE = CARTESIAN
| BASIS FILE = /home1/11707/msun12/QUICK-install/basis/6-31G.BAS
| DATA FILE  =    /work2/11707/msun12/stampede3/quickruns/3447190/mph1/morphine_6-31G.dat

 @ Finish reading job


 @ Begin SAD initial guess

 For Atom Kind =    1
 ELEMENT = O 
 BASIS FUNCTIONS =    9
 For Atom Kind =    2
 ELEMENT = N 
 BASIS FUNCTIONS =    9
 For Atom Kind =    3
 ELEMENT = C 
 BASIS FUNCTIONS =    9
 For Atom Kind =    4
 ELEMENT = H 
 BASIS FUNCTIONS =    2

 @ Finish SAD initial guess


 @ Begin Reading Molecular Information


 =========== Molecule Input ==========
 TOTAL MOLECULAR CHARGE  =    0    MULTIPLICITY                =    1
 TOTAL ATOM NUMBER       =   40    NUMBER OF ATOM TYPES        =    4
 NUMBER OF HYDROGEN ATOM =   19    NUMBER OF NON-HYDROGEN ATOM =   21
 NUMBER OF ELECTRONS     =  152

 -- INPUT GEOMETRY -- :
    O          -1.9930      -0.4740       1.2005
    O          -2.7826      -2.5168      -0.2218
    O          -3.6220       1.8421       0.5579
    N           3.1777      -0.0101       0.4474
    C           0.3699      -0.7149       0.6616
    C           1.2913      -1.3046      -0.4170
    C           2.3441      -0.2023      -0.7640
    C          -0.9377      -1.4750       0.9848
    C           1.1988      -0.3907       1.9201
    C          -0.2516       0.5302       0.1205
    C           1.6887       1.1052      -1.3279
    C           2.4315       0.4754       1.6126
    C           0.3384       1.4306      -0.7480
    C          -1.3631      -2.5067      -0.0924
    C           0.5066      -1.8183      -1.5971
    C          -1.5672       0.6306       0.5136
    C          -0.7155      -2.3492      -1.4425
    C           4.3733       0.7916       0.2084
    C          -0.4184       2.5415      -1.1246
    C          -2.3310       1.7217       0.1620
    C          -1.7382       2.6936      -0.6541
    H           1.8278      -2.1759      -0.0118
    H           3.0029      -0.6035      -1.5465
    H          -0.8451      -2.0128       1.9373
    H           1.5366      -1.3335       2.3712
    H           0.5899       0.1174       2.6790
    H           1.5474       0.9596      -2.4075
    H           2.3530       1.9680      -1.2194
    H           2.1271       1.5205       1.4760
    H           3.0801       0.4584       2.4975
    H          -1.0772      -3.5067       0.2593
    H           0.9601      -1.7947      -2.5831
    H          -1.2300      -2.7505      -2.3109
    H           4.1500       1.8479       0.0287
    H           4.9380       0.4055      -0.6472
    H           5.0444       0.7352       1.0730
    H          -0.0062       3.2824      -1.8043
    H          -2.3121       3.5638      -0.9645
    H          -3.1557      -2.6446       0.6672
    H          -3.8483       1.0686       1.1031

============== BASIS INFOS ==============
 BASIS FUNCTIONS =  227
 NSHELL =  101 NPRIM  =  538
 JSHELL =  101 JBASIS =  286


 @ End Reading Molecular Information 


 @ Begin XC Quadrature Formation

 OCTAGO: OCTree Algorithm for Grid Operations 
   PRUNING CUTOFF       = 0.100E-06
   INITIAL GRID POINTS  =      151424
|   FINAL GRID POINTS    =       95460
|   SIGNIFICANT NUMBER OF BASIS FUNCTIONS     =      117920
|   SIGNIFICANT NUMBER OF PRIMITIVE FUNCTIONS =      134189

 @ End XC Quadrature Formation


 @ Begin Energy Calculation

| condition number of overlap matrix:    1.492E+04
| Smallest eigenvalue of overlap matrix:    4.406E-04

                                         SCF ENERGY
| ------------------------------------------------------------------------------------------------------------------------
| NCYC       ENERGY         DELTA_E      SCF_TIME  DII_CYC   DII_TIME   O_TIME  DIAG_TIME    MAX_ERR    RMS_CHG    MAX_CHG
| ------------------------------------------------------------------------------------------------------------------------
|  1   -943.997104374      ------         0.256     1        0.01      0.25      0.00    0.2019E+01  0.3178E-01  0.4962E+00
|  2   -938.900373451  -.509673E+01       0.234     2        0.01      0.23      0.00    0.2462E+00  0.1783E-01  0.5792E+00
|  3   -938.750364454  -.150009E+00       0.232     3        0.01      0.23      0.00    0.3399E+00  0.1049E-01  0.4015E+00
|   ***  Level shifting applied  ( HOMO-LUMO gap =  0.153 au ) ***
|  4   -939.327281598  0.576917E+00       0.230     4        0.01      0.22      0.00    0.3881E-01  0.1907E-02  0.4245E-01
|  5   -939.336965256  0.968366E-02       0.227     5        0.01      0.22      0.00    0.1205E-01  0.7157E-03  0.1967E-01
|  6   -939.338526746  0.156149E-02       0.225     6        0.01      0.22      0.00    0.3772E-02  0.1865E-03  0.4418E-02
|  7   -939.338640854  0.114108E-03       0.221     7        0.01      0.21      0.00    0.2459E-02  0.7650E-04  0.2078E-02
|  8   -939.338668772  0.279189E-04       0.218     8        0.01      0.21      0.00    0.5713E-03  0.2128E-04  0.5010E-03
|  9   -939.338671014  0.224167E-05       0.215     9        0.01      0.21      0.00    0.1684E-03  0.7445E-05  0.1640E-03
| 10   -939.338671166  0.151866E-06       0.212    10        0.01      0.21      0.00    0.3710E-04  0.2628E-05  0.5693E-04
| 11   -939.338671187  0.207174E-07       0.209     1        0.01      0.20      0.00    0.1574E-04  0.7144E-06  0.2106E-04
| ------------------------------------------------------------------------------------------------------------------------
| REACH CONVERGENCE AFTER  11 CYCLES
| MAX ERROR = 0.157356E-04   RMS CHANGE = 0.714421E-06   MAX CHANGE = 0.210573E-04
| -----------------------------------------------
 ALPHA ELECTRON DENSITY    =    75.9993430164
 BETA ELECTRON DENSITY     =    75.9993430164
 ELECTRONIC ENERGY    =  -2768.645941667
 CORE_CORE REPULSION  =   1829.307270481
 TOTAL ENERGY         =   -939.338671187

 @ End Energy calculation


 @ Begin Gradient Calculation

 ANALYTICAL GRADIENT: 
----------------------------------------
 COORDINATE    XYZ            GRADIENT
----------------------------------------
    1X    -1.9930001522     0.0095730657
    1Y    -0.4740000362     0.0116095885
    1Z     1.2005000917    -0.0133446293
    2X    -2.7826002125     0.0145462585
    2Y    -2.5168001922     0.0018680119
    2Z    -0.2218000169     0.0109521073
    3X    -3.6220002766     0.0241777350
    3Y     1.8421001407    -0.0041006877
    3Z     0.5579000426    -0.0071917041
    4X     3.1777002427    -0.0036892214
    4Y    -0.0101000008     0.0008165940
    4Z     0.4474000342     0.0031000525
    5X     0.3699000282     0.0069638421
    5Y    -0.7149000546    -0.0054504025
    5Z     0.6616000505    -0.0031372208
    6X     1.2913000986    -0.0023930920
    6Y    -1.3046000996     0.0043805681
    6Z    -0.4170000318     0.0075050242
    7X     2.3441001790     0.0026132622
    7Y    -0.2023000154     0.0039610683
    7Z    -0.7640000583    -0.0023354512
    8X    -0.9377000716    -0.0166146298
    8Y    -1.4750001126     0.0335917000
    8Z     0.9848000752    -0.0170447876
    9X     1.1988000915    -0.0056764990
    9Y    -0.3907000298     0.0053170043
    9Z     1.9201001466    -0.0065306048
   10X    -0.2516000192    -0.0038832938
   10Y     0.5302000405    -0.0112598975
   10Z     0.1205000092     0.0113158442
   11X     1.6887001290     0.0008585810
   11Y     1.1052000844     0.0055073079
   11Z    -1.3279001014     0.0047989302
   12X     2.4315001857     0.0058086260
   12Y     0.4754000363     0.0030152766
   12Z     1.6126001231    -0.0067500147
   13X     0.3384000258    -0.0029485535
   13Y     1.4306001092     0.0001344969
   13Z    -0.7480000571    -0.0032299923
   14X    -1.3631001041    -0.0065275591
   14Y    -2.5067001914     0.0042518355
   14Z    -0.0924000071     0.0061817513
   15X     0.5066000387     0.0063469690
   15Y    -1.8183001389     0.0001983769
   15Z    -1.5971001220    -0.0014799865
   16X    -1.5672001197    -0.0137573692
   16Y     0.6306000482    -0.0198273168
   16Z     0.5136000392     0.0121794254
   17X    -0.7155000546    -0.0021316502
   17Y    -2.3492001794    -0.0070808068
   17Z    -1.4425001102     0.0048038365
   18X     4.3733003340    -0.0097149276
   18Y     0.7916000604     0.0051745284
   18Z     0.2084000159    -0.0014050930
   19X    -0.4184000320     0.0128012135
   19Y     2.5415001941    -0.0057886918
   19Z    -1.1246000859    -0.0011825836
   20X    -2.3310001780    -0.0149021224
   20Y     1.7217001315    -0.0076999013
   20Z     0.1620000124     0.0105359615
   21X    -1.7382001327    -0.0078638161
   21Y     2.6936002057    -0.0066777062
   21Z    -0.6541000499     0.0067732165
   22X     1.8278001396    -0.0057516779
   22Y    -2.1759001662    -0.0045139909
   22Z    -0.0118000009    -0.0034388094
   23X     3.0029002293    -0.0011308321
   23Y    -0.6035000461    -0.0006115337
   23Z    -1.5465001181    -0.0023643951
   24X    -0.8451000645     0.0026021964
   24Y    -2.0128001537    -0.0029404540
   24Z     1.9373001479    -0.0001268612
   25X     1.5366001173    -0.0003865125
   25Y    -1.3335001018     0.0016204603
   25Z     2.3712001811     0.0008222132
   26X     0.5899000450     0.0017461511
   26Y     0.1174000090    -0.0000667888
   26Z     2.6790002046     0.0023736918
   27X     1.5474001182    -0.0023060901
   27Y     0.9596000733    -0.0009848440
   27Z    -2.4075001838     0.0018087313
   28X     2.3530001797    -0.0049797167
   28Y     1.9680001503     0.0016651041
   28Z    -1.2194000931     0.0002490300
   29X     2.1271001624     0.0027291781
   29Y     1.5205001161    -0.0063849057
   29Z     1.4760001127    -0.0000534893
   30X     3.0801002352    -0.0028686799
   30Y     0.4584000350     0.0001636669
   30Z     2.4975001907     0.0024778853
   31X    -1.0772000823    -0.0073969440
   31Y    -3.5067002678     0.0023047947
   31Z     0.2593000198    -0.0059737805
   32X     0.9601000733    -0.0021238019
   32Y    -1.7947001371    -0.0009815894
   32Z    -2.5831001973     0.0007146981
   33X    -1.2300000939     0.0049511566
   33Y    -2.7505002100     0.0011339510
   33Z    -2.3109001765    -0.0037847106
   34X     4.1500003169    -0.0005950880
   34Y     1.8479001411    -0.0077198848
   34Z     0.0287000022     0.0015167813
   35X     4.9380003771     0.0026696725
   35Y     0.4055000310     0.0006225341
   35Z    -0.6472000494     0.0012006466
   36X     5.0444003852     0.0019730110
   36Y     0.7352000561    -0.0000280115
   36Z     1.0730000819    -0.0015532720
   37X    -0.0062000005     0.0006518608
   37Y     3.2824002507     0.0000462083
   37Z    -1.8043001378    -0.0004522125
   38X    -2.3121001766     0.0017400501
   38Y     3.5638002721     0.0036166416
   38Z    -0.9645000737    -0.0028493016
   39X    -3.1557002410     0.0072509183
   39Y    -2.6446002020    -0.0013460060
   39Z     0.6672000509    -0.0023231118
   40X    -3.8483002939     0.0076383294
   40Y     1.0686000816     0.0024637012
   40Z     1.1031000842    -0.0027578152
----------------------------------------

 @ End Gradient Calculation

  Skipping one-electron property calculation.

 @ Output Timing Information

------------- TIMING ---------------
| INITIAL GUESS TIME  =     2.577329000( 35.08%)
| DFT GRID OPERATIONS =     0.152151000(  2.07%)
| TOTAL SCF TIME      =     2.510820000( 34.18%)
|       TOTAL OP TIME      =     2.440756000( 33.22%)
|             TOTAL 1e TIME      =     0.031969000(  0.44%)
|             TOTAL 2e TIME      =     0.526568000(  7.17%)
|             TOTAL EXC TIME     =     1.844059000( 25.10%)
|       TOTAL DII TIME      =     0.068883000(  0.94%)
|             TOTAL DIAG TIME    =     0.031149000(  0.42%)
| TOTAL GRADIENT TIME      =     1.328350000( 18.08%)
|       TOTAL 1e GRADIENT TIME      =     0.282959000( 3.90%)
|       TOTAL 2e GRADIENT TIME      =     0.667388000( 9.08%)
|       TOTAL EXC GRADIENT TIME     =     0.374119000(  5.09%)
| TOTAL TIME          =     7.346461000
------------------------------------
| Job cpu time:  0 days  0 hours  0 minutes  7.3 seconds.

 @ Finish Output Timing Information

| Normal Termination. Task Finished on: Sat Aug 29 09:52:00 2026
