| *********************************************************************************************************
| **                                                                                                     **
| **           888888888888                                                                              **
| **         8888888888888888                                                                            **
| **      888888888888888888                                                                             **
| **     888888888888888888                                                                              **
| **    888888888888888                                                                                  **
| **   88888888888888888888                               88888                       8888:              **
| **   8888888888888888888888Z                            88888                       8888:              **
| **   888888888888888888888888?                          88888                       8888:              **
| **   8888888888888      8888888                                        888888       8888:              **
| **    88888888888         888888     8888:     88888    88888        888888888I     8888:    888888    **
| **    8888888888           88888:    8888:     88888    88888      $888888888888    8888:   888888     **
| **    I8Z 88888             88888    8888:     88888    88888    .888888     8888   8888: 888888       **
| **    .8Z 88888             88888    8888:     88888    88888    $88888             8888:88888         **
| **     8I 88888      .=88. .88888    8888:     88888    88888    88888              8888888888         **
| **    :8  88888      888888$8888$    8888:     88888    88888    8888O              88888888888        **
| **   ,7   +88888.     8888888888.    8888:     88888    88888    888888             88888O888888       **
| **         $888888:.   .8888888      88888....888888    88888     888888     8888   8888:  888888      **
| **          I8888888888888888888     888888888888888    88888     O888888888888O    8888:   888888     **
| **            O888888888888888888     88888888888888    88888       88888888888$    8888:    888888    **
| **               8888888Z     888      .8888I  88888    88888         8888888       8888:     888888   **
| **                                                                                                     **
| **                                                                                                     **
| **                                         Copyright (c) 2026                                          **
| **                          Regents of the University of California San Diego                          **
| **                                    & Michigan State University                                      **
| **                                        All Rights Reserved.                                         **
| **                                                                                                     **
| **             This software is subject to the terms of the Mozilla Public License, v. 2.0.            **
| **                                                                                                     **
| *********************************************************************************************************
|                                                                                                          
| Cite this work as:                                                                                       
| Manathunga, M.; O'Hearn, K. A.; Shajan, A.; Smith, J.; Miao, Y.; He, X.; Ayers, K.;                      
| Brothers, E.; Palos, E.; Tripathy, V.; Goetz, A.W.; Merz, K.M. QUICK-26.03.                              
| University of California,San Diego, CA and                                                               
| Michigan State University, East Lansing, MI, 2026                                                        
|                                                                                                          
| If you have any comments or queries, please reach out to us on GitHub issues or discussion sections:     
| https://github.com/merzlab/QUICK.                                                                        
|                                                                                                          
| TASK STARTS ON: Sat Aug 29 09:51:47 2026
| INPUT FILE :    /work2/11707/msun12/stampede3/quickruns/3447190/mph1/morphine_3-21G.in
| OUTPUT FILE:    /work2/11707/msun12/stampede3/quickruns/3447190/mph1/morphine_3-21G.out
| BASIS SET PATH: /home1/11707/msun12/QUICK-install/basis

|------------ GPU INFORMATION ---------------
| CUDA ENABLED DEVICE         :        1
| CUDA DEVICE IN USE          :        0
| CUDA DEVICE NAME            : NVIDIA H100
| CUDA DEVICE PM              :      132
| CUDA DEVICE CORE FREQ(GHZ)  :     1.98
| CUDA DEVICE MEMORY SIZE (MB):    95321
| SUPPORTING CUDA VERSION     :      9.0
|--------------------------------------------

 @ Read Job And Atom

  KEYWORD=B3LYP BASIS=3-21G CUTOFF=1.0E-10 DENSERMS=1.0E-6 GRADIENT CUEST
 ============== JOB CARD =============
 METHOD = DENSITY FUNCTIONAL THEORY
 DENSITY FUNCTIONAL = B3LYP
 DIRECT SCF 
 SAD INITAL GUESS 
 USE DIIS SCF
 PRINT ENERGY EVERY CYCLE
 READ SAD GUESS FROM FILE
 STANDARD GRID = SG1
 Level shifting allowed after cycle    3
 DIIS error must exceed 0.100 for level shifting
 Max HOMO-LUMO gap to allow level shifting = 0.200
 GRADIENT CALCULATION
 MAX SCF CYCLES =    200
 MAX DIIS CYCLES =   10
 DELTA DENSITY START CYCLE =    3
 COMPUTATIONAL CUTOFF: 
      TWO-e INTEGRAL         =  0.100E-09
      BASIS SET PRIME        =  0.100E-10
      MATRIX ELEMENTS        =  0.100E-09
      BASIS FUNCTION         =  0.100E-05
      NEAR-LINEAR DEPENDENCY =  0.100E-04
      GRADIENT CUTOFF  =  0.100E-06
 DENSITY MATRIX MAXIMUM RMS FOR CONVERGENCE  =  0.100E-05
 BASIS SET = 3-21G,  TYPE = CARTESIAN
| BASIS FILE = /home1/11707/msun12/QUICK-install/basis/3-21G.BAS
| DATA FILE  =    /work2/11707/msun12/stampede3/quickruns/3447190/mph1/morphine_3-21G.dat

 @ Finish reading job


 @ Begin SAD initial guess

 For Atom Kind =    1
 ELEMENT = O 
 BASIS FUNCTIONS =    9
 For Atom Kind =    2
 ELEMENT = N 
 BASIS FUNCTIONS =    9
 For Atom Kind =    3
 ELEMENT = C 
 BASIS FUNCTIONS =    9
 For Atom Kind =    4
 ELEMENT = H 
 BASIS FUNCTIONS =    2

 @ Finish SAD initial guess


 @ Begin Reading Molecular Information


 =========== Molecule Input ==========
 TOTAL MOLECULAR CHARGE  =    0    MULTIPLICITY                =    1
 TOTAL ATOM NUMBER       =   40    NUMBER OF ATOM TYPES        =    4
 NUMBER OF HYDROGEN ATOM =   19    NUMBER OF NON-HYDROGEN ATOM =   21
 NUMBER OF ELECTRONS     =  152

 -- INPUT GEOMETRY -- :
    O          -1.9930      -0.4740       1.2005
    O          -2.7826      -2.5168      -0.2218
    O          -3.6220       1.8421       0.5579
    N           3.1777      -0.0101       0.4474
    C           0.3699      -0.7149       0.6616
    C           1.2913      -1.3046      -0.4170
    C           2.3441      -0.2023      -0.7640
    C          -0.9377      -1.4750       0.9848
    C           1.1988      -0.3907       1.9201
    C          -0.2516       0.5302       0.1205
    C           1.6887       1.1052      -1.3279
    C           2.4315       0.4754       1.6126
    C           0.3384       1.4306      -0.7480
    C          -1.3631      -2.5067      -0.0924
    C           0.5066      -1.8183      -1.5971
    C          -1.5672       0.6306       0.5136
    C          -0.7155      -2.3492      -1.4425
    C           4.3733       0.7916       0.2084
    C          -0.4184       2.5415      -1.1246
    C          -2.3310       1.7217       0.1620
    C          -1.7382       2.6936      -0.6541
    H           1.8278      -2.1759      -0.0118
    H           3.0029      -0.6035      -1.5465
    H          -0.8451      -2.0128       1.9373
    H           1.5366      -1.3335       2.3712
    H           0.5899       0.1174       2.6790
    H           1.5474       0.9596      -2.4075
    H           2.3530       1.9680      -1.2194
    H           2.1271       1.5205       1.4760
    H           3.0801       0.4584       2.4975
    H          -1.0772      -3.5067       0.2593
    H           0.9601      -1.7947      -2.5831
    H          -1.2300      -2.7505      -2.3109
    H           4.1500       1.8479       0.0287
    H           4.9380       0.4055      -0.6472
    H           5.0444       0.7352       1.0730
    H          -0.0062       3.2824      -1.8043
    H          -2.3121       3.5638      -0.9645
    H          -3.1557      -2.6446       0.6672
    H          -3.8483       1.0686       1.1031

============== BASIS INFOS ==============
 BASIS FUNCTIONS =  227
 NSHELL =  101 NPRIM  =  372
 JSHELL =  101 JBASIS =  183


 @ End Reading Molecular Information 


 @ Begin XC Quadrature Formation

 OCTAGO: OCTree Algorithm for Grid Operations 
   PRUNING CUTOFF       = 0.100E-06
   INITIAL GRID POINTS  =      151424
|   FINAL GRID POINTS    =       94980
|   SIGNIFICANT NUMBER OF BASIS FUNCTIONS     =       99286
|   SIGNIFICANT NUMBER OF PRIMITIVE FUNCTIONS =      106149

 @ End XC Quadrature Formation


 @ Begin Energy Calculation

| condition number of overlap matrix:    4.290E+03
| Smallest eigenvalue of overlap matrix:    1.256E-03

                                         SCF ENERGY
| ------------------------------------------------------------------------------------------------------------------------
| NCYC       ENERGY         DELTA_E      SCF_TIME  DII_CYC   DII_TIME   O_TIME  DIAG_TIME    MAX_ERR    RMS_CHG    MAX_CHG
| ------------------------------------------------------------------------------------------------------------------------
|  1   -939.363724580      ------         0.169     1        0.01      0.16      0.00    0.2044E+01  0.3251E-01  0.5414E+00
|  2   -934.140566608  -.522316E+01       0.153     2        0.01      0.15      0.00    0.1724E+00  0.1279E-01  0.4606E+00
|  3   -934.081580657  -.589860E-01       0.152     3        0.01      0.15      0.00    0.1974E+00  0.8318E-02  0.3123E+00
|   ***  Level shifting applied  ( HOMO-LUMO gap =  0.184 au ) ***
|  4   -934.438581466  0.357001E+00       0.151     4        0.01      0.15      0.00    0.5089E-01  0.2251E-02  0.6557E-01
|  5   -934.453786825  0.152054E-01       0.150     5        0.01      0.14      0.00    0.2197E-01  0.7762E-03  0.1869E-01
|  6   -934.456674901  0.288808E-02       0.151     6        0.01      0.14      0.00    0.6374E-02  0.2470E-03  0.8247E-02
|  7   -934.456974486  0.299584E-03       0.148     7        0.01      0.14      0.00    0.2686E-02  0.7621E-04  0.2976E-02
|  8   -934.456997986  0.235002E-04       0.147     8        0.01      0.14      0.00    0.9910E-03  0.2513E-04  0.8243E-03
|  9   -934.457002609  0.462344E-05       0.145     9        0.01      0.14      0.00    0.1579E-03  0.5574E-05  0.1511E-03
| 10   -934.457002745  0.135552E-06       0.144    10        0.01      0.14      0.00    0.4502E-04  0.1861E-05  0.4919E-04
| 11   -934.457002762  0.173045E-07       0.143     1        0.01      0.14      0.00    0.1155E-04  0.6082E-06  0.2198E-04
| ------------------------------------------------------------------------------------------------------------------------
| REACH CONVERGENCE AFTER  11 CYCLES
| MAX ERROR = 0.115507E-04   RMS CHANGE = 0.608227E-06   MAX CHANGE = 0.219816E-04
| -----------------------------------------------
 ALPHA ELECTRON DENSITY    =    75.9994365561
 BETA ELECTRON DENSITY     =    75.9994365561
 ELECTRONIC ENERGY    =  -2763.764273243
 CORE_CORE REPULSION  =   1829.307270481
 TOTAL ENERGY         =   -934.457002762

 @ End Energy calculation


 @ Begin Gradient Calculation

 ANALYTICAL GRADIENT: 
----------------------------------------
 COORDINATE    XYZ            GRADIENT
----------------------------------------
    1X    -1.9930001522     0.0151464097
    1Y    -0.4740000362     0.0109716179
    1Z     1.2005000917    -0.0128517569
    2X    -2.7826002125     0.0145313354
    2Y    -2.5168001922    -0.0044575041
    2Z    -0.2218000169     0.0282221831
    3X    -3.6220002766     0.0200009419
    3Y     1.8421001407    -0.0172430587
    3Z     0.5579000426     0.0019185873
    4X     3.1777002427    -0.0035190605
    4Y    -0.0101000008     0.0093652127
    4Z     0.4474000342     0.0020973704
    5X     0.3699000282     0.0033273399
    5Y    -0.7149000546    -0.0052241863
    5Z     0.6616000505    -0.0013942047
    6X     1.2913000986    -0.0021366974
    6Y    -1.3046000996     0.0060651279
    6Z    -0.4170000318     0.0046495730
    7X     2.3441001790     0.0024728970
    7Y    -0.2023000154     0.0018683215
    7Z    -0.7640000583    -0.0013273817
    8X    -0.9377000716    -0.0189815040
    8Y    -1.4750001126     0.0335208281
    8Z     0.9848000752    -0.0187741875
    9X     1.1988000915    -0.0015838178
    9Y    -0.3907000298     0.0064534318
    9Z     1.9201001466    -0.0077925801
   10X    -0.2516000192    -0.0037137880
   10Y     0.5302000405    -0.0145895757
   10Z     0.1205000092     0.0145421864
   11X     1.6887001290    -0.0005194787
   11Y     1.1052000844     0.0038128059
   11Z    -1.3279001014     0.0078453721
   12X     2.4315001857     0.0056021397
   12Y     0.4754000363    -0.0037015653
   12Z     1.6126001231    -0.0064019944
   13X     0.3384000258     0.0005812394
   13Y     1.4306001092     0.0005652225
   13Z    -0.7480000571    -0.0073586423
   14X    -1.3631001041    -0.0033369753
   14Y    -2.5067001914     0.0082271122
   14Z    -0.0924000071     0.0011523182
   15X     0.5066000387     0.0130894642
   15Y    -1.8183001389     0.0015953114
   15Z    -1.5971001220    -0.0010768673
   16X    -1.5672001197    -0.0178448125
   16Y     0.6306000482    -0.0181265858
   16Z     0.5136000392     0.0140289937
   17X    -0.7155000546    -0.0087387495
   17Y    -2.3492001794    -0.0114811547
   17Z    -1.4425001102     0.0072469028
   18X     4.3733003340    -0.0112320737
   18Y     0.7916000604     0.0010349882
   18Z     0.2084000159    -0.0003627953
   19X    -0.4184000320     0.0129088372
   19Y     2.5415001941    -0.0048020344
   19Z    -1.1246000859    -0.0014871026
   20X    -2.3310001780    -0.0104207625
   20Y     1.7217001315    -0.0064157087
   20Z     0.1620000124     0.0088511108
   21X    -1.7382001327    -0.0111804461
   21Y     2.6936002057    -0.0042839245
   21Z    -0.6541000499     0.0059230389
   22X     1.8278001396    -0.0056056606
   22Y    -2.1759001662    -0.0053889659
   22Z    -0.0118000009    -0.0038251242
   23X     3.0029002293    -0.0007731459
   23Y    -0.6035000461    -0.0005275566
   23Z    -1.5465001181    -0.0023161309
   24X    -0.8451000645     0.0012799041
   24Y    -2.0128001537    -0.0026717763
   24Z     1.9373001479     0.0000195422
   25X     1.5366001173    -0.0009449842
   25Y    -1.3335001018     0.0017333773
   25Z     2.3712001811     0.0022339240
   26X     0.5899000450     0.0023206560
   26Y     0.1174000090    -0.0007418671
   26Z     2.6790002046     0.0037840576
   27X     1.5474001182    -0.0009998898
   27Y     0.9596000733     0.0000779862
   27Z    -2.4075001838     0.0012932926
   28X     2.3530001797    -0.0047971352
   28Y     1.9680001503     0.0023065696
   28Z    -1.2194000931    -0.0015602963
   29X     2.1271001624     0.0037901471
   29Y     1.5205001161    -0.0050078512
   29Z     1.4760001127     0.0003872775
   30X     3.0801002352    -0.0029976683
   30Y     0.4584000350     0.0010418983
   30Z     2.4975001907     0.0021744688
   31X    -1.0772000823    -0.0110522471
   31Y    -3.5067002678     0.0014642237
   31Z     0.2593000198    -0.0058491007
   32X     0.9601000733    -0.0019532859
   32Y    -1.7947001371    -0.0011304611
   32Z    -2.5831001973    -0.0001970297
   33X    -1.2300000939     0.0049599949
   33Y    -2.7505002100     0.0008683962
   33Z    -2.3109001765    -0.0048226139
   34X     4.1500003169    -0.0004779270
   34Y     1.8479001411    -0.0074765831
   34Z     0.0287000022     0.0016975707
   35X     4.9380003771     0.0029876952
   35Y     0.4055000310     0.0012598333
   35Z    -0.6472000494     0.0016755277
   36X     5.0444003852     0.0022285016
   36Y     0.7352000561     0.0002763129
   36Z     1.0730000819    -0.0022885340
   37X    -0.0062000005     0.0008600587
   37Y     3.2824002507     0.0009208887
   37Z    -1.8043001378    -0.0010473720
   38X    -2.3121001766     0.0012256010
   38Y     3.5638002721     0.0049461190
   38Z    -0.9645000737    -0.0033473412
   39X    -3.1557002410     0.0080308956
   39Y    -2.6446002020     0.0003548528
   39Z     0.6672000509    -0.0158994942
   40X    -3.8483002939     0.0074660515
   40Y     1.0686000816     0.0145399214
   40Z     1.1031000842    -0.0097627477
----------------------------------------

 @ End Gradient Calculation

  Skipping one-electron property calculation.

 @ Output Timing Information

------------- TIMING ---------------
| INITIAL GUESS TIME  =     2.521779000( 43.19%)
| DFT GRID OPERATIONS =     0.146373000(  2.51%)
| TOTAL SCF TIME      =     1.671716000( 28.63%)
|       TOTAL OP TIME      =     1.601645000( 27.43%)
|             TOTAL 1e TIME      =     0.018560000(  0.32%)
|             TOTAL 2e TIME      =     0.223941000(  3.84%)
|             TOTAL EXC TIME     =     1.333163000( 22.83%)
|       TOTAL DII TIME      =     0.068803000(  1.18%)
|             TOTAL DIAG TIME    =     0.031400000(  0.54%)
| TOTAL GRADIENT TIME      =     0.694496000( 11.89%)
|       TOTAL 1e GRADIENT TIME      =     0.164521000( 2.88%)
|       TOTAL 2e GRADIENT TIME      =     0.264201000( 4.52%)
|       TOTAL EXC GRADIENT TIME     =     0.262047000(  4.49%)
| TOTAL TIME          =     5.839084000
------------------------------------
| Job cpu time:  0 days  0 hours  0 minutes  5.8 seconds.

 @ Finish Output Timing Information

| Normal Termination. Task Finished on: Sat Aug 29 09:51:53 2026
