| *********************************************************************************************************
| **                                                                                                     **
| **           888888888888                                                                              **
| **         8888888888888888                                                                            **
| **      888888888888888888                                                                             **
| **     888888888888888888                                                                              **
| **    888888888888888                                                                                  **
| **   88888888888888888888                               88888                       8888:              **
| **   8888888888888888888888Z                            88888                       8888:              **
| **   888888888888888888888888?                          88888                       8888:              **
| **   8888888888888      8888888                                        888888       8888:              **
| **    88888888888         888888     8888:     88888    88888        888888888I     8888:    888888    **
| **    8888888888           88888:    8888:     88888    88888      $888888888888    8888:   888888     **
| **    I8Z 88888             88888    8888:     88888    88888    .888888     8888   8888: 888888       **
| **    .8Z 88888             88888    8888:     88888    88888    $88888             8888:88888         **
| **     8I 88888      .=88. .88888    8888:     88888    88888    88888              8888888888         **
| **    :8  88888      888888$8888$    8888:     88888    88888    8888O              88888888888        **
| **   ,7   +88888.     8888888888.    8888:     88888    88888    888888             88888O888888       **
| **         $888888:.   .8888888      88888....888888    88888     888888     8888   8888:  888888      **
| **          I8888888888888888888     888888888888888    88888     O888888888888O    8888:   888888     **
| **            O888888888888888888     88888888888888    88888       88888888888$    8888:    888888    **
| **               8888888Z     888      .8888I  88888    88888         8888888       8888:     888888   **
| **                                                                                                     **
| **                                                                                                     **
| **                                         Copyright (c) 2026                                          **
| **                          Regents of the University of California San Diego                          **
| **                                    & Michigan State University                                      **
| **                                        All Rights Reserved.                                         **
| **                                                                                                     **
| **             This software is subject to the terms of the Mozilla Public License, v. 2.0.            **
| **                                                                                                     **
| *********************************************************************************************************
|                                                                                                          
| Cite this work as:                                                                                       
| Manathunga, M.; O'Hearn, K. A.; Shajan, A.; Smith, J.; Miao, Y.; He, X.; Ayers, K.;                      
| Brothers, E.; Palos, E.; Tripathy, V.; Goetz, A.W.; Merz, K.M. QUICK-26.03.                              
| University of California,San Diego, CA and                                                               
| Michigan State University, East Lansing, MI, 2026                                                        
|                                                                                                          
| If you have any comments or queries, please reach out to us on GitHub issues or discussion sections:     
| https://github.com/merzlab/QUICK.                                                                        
|                                                                                                          
| TASK STARTS ON: Sat Aug 29 09:53:13 2026
| INPUT FILE :    /work2/11707/msun12/stampede3/quickruns/3447190/mph1/morphine_def2-SVP.in
| OUTPUT FILE:    /work2/11707/msun12/stampede3/quickruns/3447190/mph1/morphine_def2-SVP.out
| BASIS SET PATH: /home1/11707/msun12/QUICK-install/basis

|------------ GPU INFORMATION ---------------
| CUDA ENABLED DEVICE         :        1
| CUDA DEVICE IN USE          :        0
| CUDA DEVICE NAME            : NVIDIA H100
| CUDA DEVICE PM              :      132
| CUDA DEVICE CORE FREQ(GHZ)  :     1.98
| CUDA DEVICE MEMORY SIZE (MB):    95321
| SUPPORTING CUDA VERSION     :      9.0
|--------------------------------------------

 @ Read Job And Atom

  KEYWORD=B3LYP BASIS=DEF2-SVP CUTOFF=1.0E-10 DENSERMS=1.0E-6 GRADIENT CUEST
 ============== JOB CARD =============
 METHOD = DENSITY FUNCTIONAL THEORY
 DENSITY FUNCTIONAL = B3LYP
 DIRECT SCF 
 SAD INITAL GUESS 
 USE DIIS SCF
 PRINT ENERGY EVERY CYCLE
 READ SAD GUESS FROM FILE
 STANDARD GRID = SG1
 Level shifting allowed after cycle    3
 DIIS error must exceed 0.100 for level shifting
 Max HOMO-LUMO gap to allow level shifting = 0.200
 GRADIENT CALCULATION
 MAX SCF CYCLES =    200
 MAX DIIS CYCLES =   10
 DELTA DENSITY START CYCLE =    3
 COMPUTATIONAL CUTOFF: 
      TWO-e INTEGRAL         =  0.100E-09
      BASIS SET PRIME        =  0.100E-10
      MATRIX ELEMENTS        =  0.100E-09
      BASIS FUNCTION         =  0.100E-05
      NEAR-LINEAR DEPENDENCY =  0.100E-04
      GRADIENT CUTOFF  =  0.100E-06
 DENSITY MATRIX MAXIMUM RMS FOR CONVERGENCE  =  0.100E-05
 BASIS SET = DEF2-SVP,  TYPE = CARTESIAN
| BASIS FILE = /home1/11707/msun12/QUICK-install/basis/DEF2-SVP.BAS
| DATA FILE  =    /work2/11707/msun12/stampede3/quickruns/3447190/mph1/morphine_def2-SVP.dat

 @ Finish reading job


 @ Begin SAD initial guess

 For Atom Kind =    1
 ELEMENT = O 
 BASIS FUNCTIONS =   15
 For Atom Kind =    2
 ELEMENT = N 
 BASIS FUNCTIONS =   15
 For Atom Kind =    3
 ELEMENT = C 
 BASIS FUNCTIONS =   15
 For Atom Kind =    4
 ELEMENT = H 
 BASIS FUNCTIONS =    5

 @ Finish SAD initial guess


 @ Begin Reading Molecular Information


 =========== Molecule Input ==========
 TOTAL MOLECULAR CHARGE  =    0    MULTIPLICITY                =    1
 TOTAL ATOM NUMBER       =   40    NUMBER OF ATOM TYPES        =    4
 NUMBER OF HYDROGEN ATOM =   19    NUMBER OF NON-HYDROGEN ATOM =   21
 NUMBER OF ELECTRONS     =  152

 -- INPUT GEOMETRY -- :
    O          -1.9930      -0.4740       1.2005
    O          -2.7826      -2.5168      -0.2218
    O          -3.6220       1.8421       0.5579
    N           3.1777      -0.0101       0.4474
    C           0.3699      -0.7149       0.6616
    C           1.2913      -1.3046      -0.4170
    C           2.3441      -0.2023      -0.7640
    C          -0.9377      -1.4750       0.9848
    C           1.1988      -0.3907       1.9201
    C          -0.2516       0.5302       0.1205
    C           1.6887       1.1052      -1.3279
    C           2.4315       0.4754       1.6126
    C           0.3384       1.4306      -0.7480
    C          -1.3631      -2.5067      -0.0924
    C           0.5066      -1.8183      -1.5971
    C          -1.5672       0.6306       0.5136
    C          -0.7155      -2.3492      -1.4425
    C           4.3733       0.7916       0.2084
    C          -0.4184       2.5415      -1.1246
    C          -2.3310       1.7217       0.1620
    C          -1.7382       2.6936      -0.6541
    H           1.8278      -2.1759      -0.0118
    H           3.0029      -0.6035      -1.5465
    H          -0.8451      -2.0128       1.9373
    H           1.5366      -1.3335       2.3712
    H           0.5899       0.1174       2.6790
    H           1.5474       0.9596      -2.4075
    H           2.3530       1.9680      -1.2194
    H           2.1271       1.5205       1.4760
    H           3.0801       0.4584       2.4975
    H          -1.0772      -3.5067       0.2593
    H           0.9601      -1.7947      -2.5831
    H          -1.2300      -2.7505      -2.3109
    H           4.1500       1.8479       0.0287
    H           4.9380       0.4055      -0.6472
    H           5.0444       0.7352       1.0730
    H          -0.0062       3.2824      -1.8043
    H          -2.3121       3.5638      -0.9645
    H          -3.1557      -2.6446       0.6672
    H          -3.8483       1.0686       1.1031

============== BASIS INFOS ==============
 BASIS FUNCTIONS =  410
 NSHELL =  183 NPRIM  =  658
 JSHELL =  183 JBASIS =  347


 @ End Reading Molecular Information 


 @ Begin XC Quadrature Formation

 OCTAGO: OCTree Algorithm for Grid Operations 
   PRUNING CUTOFF       = 0.100E-06
   INITIAL GRID POINTS  =      151424
|   FINAL GRID POINTS    =       95829
|   SIGNIFICANT NUMBER OF BASIS FUNCTIONS     =      173284
|   SIGNIFICANT NUMBER OF PRIMITIVE FUNCTIONS =      185849

 @ End XC Quadrature Formation


 @ Begin Energy Calculation

| condition number of overlap matrix:    7.220E+04
| Smallest eigenvalue of overlap matrix:    1.383E-04

                                         SCF ENERGY
| ------------------------------------------------------------------------------------------------------------------------
| NCYC       ENERGY         DELTA_E      SCF_TIME  DII_CYC   DII_TIME   O_TIME  DIAG_TIME    MAX_ERR    RMS_CHG    MAX_CHG
| ------------------------------------------------------------------------------------------------------------------------
|  1   -944.232808043      ------         0.582     1        0.02      0.57      0.01    0.2258E+01  0.2118E-01  0.6073E+00
|  2   -938.464337341  -.576847E+01       0.622     2        0.02      0.60      0.01    0.2822E+00  0.1173E-01  0.5387E+00
|  3   -938.216617789  -.247720E+00       0.616     3        0.02      0.60      0.00    0.4313E+00  0.6737E-02  0.3631E+00
|   ***  Level shifting applied  ( HOMO-LUMO gap =  0.100 au ) ***
|  4   -938.957811772  0.741194E+00       0.606     4        0.02      0.59      0.00    0.2782E-01  0.1481E-02  0.5111E-01
|  5   -938.971945097  0.141333E-01       0.592     5        0.02      0.57      0.00    0.1208E-01  0.3851E-03  0.1371E-01
|  6   -938.974002068  0.205697E-02       0.580     6        0.02      0.56      0.01    0.4196E-02  0.1520E-03  0.5473E-02
|  7   -938.974199033  0.196964E-03       0.567     7        0.02      0.55      0.00    0.3152E-02  0.7960E-04  0.5533E-02
|  8   -938.974269006  0.699727E-04       0.559     8        0.02      0.54      0.00    0.4582E-03  0.1502E-04  0.5848E-03
|  9   -938.974271348  0.234219E-05       0.543     9        0.02      0.53      0.00    0.2532E-03  0.5113E-05  0.2995E-03
| 10   -938.974271635  0.287589E-06       0.530    10        0.02      0.51      0.00    0.6061E-04  0.1760E-05  0.8003E-04
| 11   -938.974271660  0.242808E-07       0.521     1        0.02      0.50      0.00    0.2834E-04  0.5854E-06  0.2054E-04
| ------------------------------------------------------------------------------------------------------------------------
| REACH CONVERGENCE AFTER  11 CYCLES
| MAX ERROR = 0.283438E-04   RMS CHANGE = 0.585426E-06   MAX CHANGE = 0.205435E-04
| -----------------------------------------------
 ALPHA ELECTRON DENSITY    =    75.9992262431
 BETA ELECTRON DENSITY     =    75.9992262431
 ELECTRONIC ENERGY    =  -2768.281542140
 CORE_CORE REPULSION  =   1829.307270481
 TOTAL ENERGY         =   -938.974271660

 @ End Energy calculation


 @ Begin Gradient Calculation

 ANALYTICAL GRADIENT: 
----------------------------------------
 COORDINATE    XYZ            GRADIENT
----------------------------------------
    1X    -1.9930001522    -0.0114191930
    1Y    -0.4740000362     0.0058608486
    1Z     1.2005000917     0.0008526086
    2X    -2.7826002125    -0.0016489797
    2Y    -2.5168001922     0.0015743833
    2Z    -0.2218000169     0.0024055935
    3X    -3.6220002766     0.0077653197
    3Y     1.8421001407     0.0012591183
    3Z     0.5579000426    -0.0041975644
    4X     3.1777002427    -0.0028799807
    4Y    -0.0101000008    -0.0019229835
    4Z     0.4474000342     0.0035302782
    5X     0.3699000282     0.0069945454
    5Y    -0.7149000546    -0.0038876886
    5Z     0.6616000505    -0.0043821076
    6X     1.2913000986    -0.0000808969
    6Y    -1.3046000996    -0.0027837348
    6Z    -0.4170000318     0.0084950854
    7X     2.3441001790     0.0024027835
    7Y    -0.2023000154    -0.0013852089
    7Z    -0.7640000583    -0.0134656587
    8X    -0.9377000716    -0.0018101053
    8Y    -1.4750001126     0.0098635072
    8Z     0.9848000752    -0.0121735312
    9X     1.1988000915    -0.0071534730
    9Y    -0.3907000298     0.0024062961
    9Z     1.9201001466     0.0006700892
   10X    -0.2516000192    -0.0054290490
   10Y     0.5302000405    -0.0082150990
   10Z     0.1205000092     0.0099114492
   11X     1.6887001290     0.0020378001
   11Y     1.1052000844     0.0110893551
   11Z    -1.3279001014     0.0003389605
   12X     2.4315001857     0.0041254889
   12Y     0.4754000363     0.0096908491
   12Z     1.6126001231     0.0054107184
   13X     0.3384000258    -0.0044399524
   13Y     1.4306001092    -0.0010481545
   13Z    -0.7480000571    -0.0007543340
   14X    -1.3631001041     0.0196777655
   14Y    -2.5067001914     0.0003463782
   14Z    -0.0924000071     0.0044288275
   15X     0.5066000387     0.0085547455
   15Y    -1.8183001389     0.0006227794
   15Z    -1.5971001220    -0.0080478886
   16X    -1.5672001197    -0.0081279861
   16Y     0.6306000482     0.0076156782
   16Z     0.5136000392    -0.0015736008
   17X    -0.7155000546    -0.0065414111
   17Y    -2.3492001794    -0.0088212496
   17Z    -1.4425001102    -0.0005732626
   18X     4.3733003340     0.0049266265
   18Y     0.7916000604     0.0120798727
   18Z     0.2084000159    -0.0037793423
   19X    -0.4184000320     0.0144871841
   19Y     2.5415001941    -0.0012728324
   19Z    -1.1246000859    -0.0050672015
   20X    -2.3310001780     0.0131271047
   20Y     1.7217001315    -0.0085054526
   20Z     0.1620000124     0.0005195323
   21X    -1.7382001327    -0.0125377358
   21Y     2.6936002057    -0.0020102293
   21Z    -0.6541000499     0.0055791447
   22X     1.8278001396    -0.0065246599
   22Y    -2.1759001662    -0.0015575287
   22Z    -0.0118000009    -0.0037733202
   23X     3.0029002293    -0.0029947181
   23Y    -0.6035000461     0.0006145387
   23Z    -1.5465001181     0.0000863674
   24X    -0.8451000645     0.0020249607
   24Y    -2.0128001537    -0.0003733982
   24Z     1.9373001479    -0.0031447883
   25X     1.5366001173    -0.0011995777
   25Y    -1.3335001018     0.0043963975
   25Z     2.3712001811    -0.0005587654
   26X     0.5899000450     0.0033782044
   26Y     0.1174000090    -0.0015142570
   26Z     2.6790002046    -0.0001825053
   27X     1.5474001182    -0.0013452541
   27Y     0.9596000733    -0.0010887395
   27Z    -2.4075001838     0.0046903616
   28X     2.3530001797    -0.0066908687
   28Y     1.9680001503    -0.0012333963
   28Z    -1.2194000931     0.0001579746
   29X     2.1271001624     0.0033937549
   29Y     1.5205001161    -0.0094911107
   29Z     1.4760001127    -0.0000309737
   30X     3.0801002352    -0.0049851163
   30Y     0.4584000350    -0.0001274299
   30Z     2.4975001907    -0.0010541316
   31X    -1.0772000823    -0.0086655436
   31Y    -3.5067002678     0.0053705127
   31Z     0.2593000198    -0.0059057976
   32X     0.9601000733    -0.0036781411
   32Y    -1.7947001371    -0.0005071190
   32Z    -2.5831001973     0.0058201055
   33X    -1.2300000939     0.0068973656
   33Y    -2.7505002100     0.0032909910
   33Z    -2.3109001765     0.0013903837
   34X     4.1500003169     0.0000350968
   34Y     1.8479001411    -0.0113181253
   34Z     0.0287000022     0.0021372257
   35X     4.9380003771    -0.0001536925
   35Y     0.4055000310     0.0019460729
   35Z    -0.6472000494     0.0047030897
   36X     5.0444003852    -0.0011149791
   36Y     0.7352000561    -0.0001804380
   36Z     1.0730000819    -0.0049045846
   37X    -0.0062000005    -0.0015282844
   37Y     3.2824002507    -0.0036689851
   37Z    -1.8043001378     0.0030112071
   38X    -2.3121001766     0.0046281699
   38Y     3.5638002721    -0.0012412162
   38Z    -0.9645000737    -0.0009947112
   39X    -3.1557002410    -0.0022603382
   39Y    -2.6446002020    -0.0020573504
   39Z     0.6672000509     0.0065030996
   40X    -3.8483002939    -0.0012469796
   40Y     1.0686000816    -0.0038158515
   40Z     1.1031000842     0.0039219672
----------------------------------------

 @ End Gradient Calculation

  Skipping one-electron property calculation.

 @ Output Timing Information

------------- TIMING ---------------
| INITIAL GUESS TIME  =     2.628793000( 17.62%)
| DFT GRID OPERATIONS =     0.151789000(  1.02%)
| TOTAL SCF TIME      =     6.383337000( 42.79%)
|       TOTAL OP TIME      =     6.184977000( 41.46%)
|             TOTAL 1e TIME      =     0.064651000(  0.43%)
|             TOTAL 2e TIME      =     1.953123000( 13.09%)
|             TOTAL EXC TIME     =     4.074785000( 27.32%)
|       TOTAL DII TIME      =     0.193881000(  1.30%)
|             TOTAL DIAG TIME    =     0.055408000(  0.37%)
| TOTAL GRADIENT TIME      =     4.981402000( 33.40%)
|       TOTAL 1e GRADIENT TIME      =     0.614099000( 4.16%)
|       TOTAL 2e GRADIENT TIME      =     3.632633000(24.35%)
|       TOTAL EXC GRADIENT TIME     =     0.727704000(  4.88%)
| TOTAL TIME          =    14.916408000
------------------------------------
| Job cpu time:  0 days  0 hours  0 minutes 14.9 seconds.

 @ Finish Output Timing Information

| Normal Termination. Task Finished on: Sat Aug 29 09:53:27 2026
