| *********************************************************************************************************
| **                                                                                                     **
| **           888888888888                                                                              **
| **         8888888888888888                                                                            **
| **      888888888888888888                                                                             **
| **     888888888888888888                                                                              **
| **    888888888888888                                                                                  **
| **   88888888888888888888                               88888                       8888:              **
| **   8888888888888888888888Z                            88888                       8888:              **
| **   888888888888888888888888?                          88888                       8888:              **
| **   8888888888888      8888888                                        888888       8888:              **
| **    88888888888         888888     8888:     88888    88888        888888888I     8888:    888888    **
| **    8888888888           88888:    8888:     88888    88888      $888888888888    8888:   888888     **
| **    I8Z 88888             88888    8888:     88888    88888    .888888     8888   8888: 888888       **
| **    .8Z 88888             88888    8888:     88888    88888    $88888             8888:88888         **
| **     8I 88888      .=88. .88888    8888:     88888    88888    88888              8888888888         **
| **    :8  88888      888888$8888$    8888:     88888    88888    8888O              88888888888        **
| **   ,7   +88888.     8888888888.    8888:     88888    88888    888888             88888O888888       **
| **         $888888:.   .8888888      88888....888888    88888     888888     8888   8888:  888888      **
| **          I8888888888888888888     888888888888888    88888     O888888888888O    8888:   888888     **
| **            O888888888888888888     88888888888888    88888       88888888888$    8888:    888888    **
| **               8888888Z     888      .8888I  88888    88888         8888888       8888:     888888   **
| **                                                                                                     **
| **                                                                                                     **
| **                                         Copyright (c) 2026                                          **
| **                          Regents of the University of California San Diego                          **
| **                                    & Michigan State University                                      **
| **                                        All Rights Reserved.                                         **
| **                                                                                                     **
| **             This software is subject to the terms of the Mozilla Public License, v. 2.0.            **
| **                                                                                                     **
| *********************************************************************************************************
|                                                                                                          
| Cite this work as:                                                                                       
| Manathunga, M.; O'Hearn, K. A.; Shajan, A.; Smith, J.; Miao, Y.; He, X.; Ayers, K.;                      
| Brothers, E.; Palos, E.; Tripathy, V.; Goetz, A.W.; Merz, K.M. QUICK-26.03.                              
| University of California,San Diego, CA and                                                               
| Michigan State University, East Lansing, MI, 2026                                                        
|                                                                                                          
| If you have any comments or queries, please reach out to us on GitHub issues or discussion sections:     
| https://github.com/merzlab/QUICK.                                                                        
|                                                                                                          
| TASK STARTS ON: Fri Aug  7 20:49:13 2026
| INPUT FILE :    quickruns/0/morphine/morphine_def2-TZVPD.in
| OUTPUT FILE:    quickruns/0/morphine/morphine_def2-TZVPD.out
| BASIS SET PATH: /home/msun26/QUICK-cuEST-install-ffun/basis

|------------ GPU INFORMATION ---------------
| CUDA ENABLED DEVICE         :        1
| CUDA DEVICE IN USE          :        0
| CUDA DEVICE NAME            : NVIDIA GeForce RTX 5080
| CUDA DEVICE PM              :       84
| CUDA DEVICE CORE FREQ(GHZ)  :     2.73
| CUDA DEVICE MEMORY SIZE (MB):    15808
| SUPPORTING CUDA VERSION     :     12.0
|--------------------------------------------

 @ Read Job And Atom

  KEYWORD=DFT BLYP BASIS=DEF2-TZVPD CUTOFF=1.0E-10 DENSERMS=1.0E-6 ENERGY
 ============== JOB CARD =============
 METHOD = DENSITY FUNCTIONAL THEORY
 USING LIBXC VERSION: 4.3.4
 FUNCTIONAL INFORMATION:
 NAME = Becke 88 FAMILY = GGA KIND = EXCHANGE
 NAME = Lee, Yang & Parr FAMILY = GGA KIND = CORRELATION
 DIRECT SCF 
 SAD INITAL GUESS 
 USE DIIS SCF
 PRINT ENERGY EVERY CYCLE
 READ SAD GUESS FROM FILE
 STANDARD GRID = SG1
 Level shifting allowed after cycle    3
 DIIS error must exceed 0.100 for level shifting
 Max HOMO-LUMO gap to allow level shifting = 0.200
 MAX SCF CYCLES =    200
 MAX DIIS CYCLES =   10
 DELTA DENSITY START CYCLE =    3
 COMPUTATIONAL CUTOFF: 
      TWO-e INTEGRAL         =  0.100E-09
      BASIS SET PRIME        =  0.100E-10
      MATRIX ELEMENTS        =  0.100E-09
      BASIS FUNCTION         =  0.100E-05
      NEAR-LINEAR DEPENDENCY =  0.100E-04
 DENSITY MATRIX MAXIMUM RMS FOR CONVERGENCE  =  0.100E-05
 BASIS SET = DEF2-TZVPD,  TYPE = CARTESIAN
| BASIS FILE = /home/msun26/QUICK-cuEST-install-ffun/basis/DEF2-TZVPD.BAS
| DATA FILE  =    quickruns/0/morphine/morphine_def2-TZVPD.dat

 @ Finish reading job


 @ Begin SAD initial guess

 For Atom Kind =    1
 ELEMENT = O 
 BASIS FUNCTIONS =   46
 For Atom Kind =    2
 ELEMENT = N 
 BASIS FUNCTIONS =   43
 For Atom Kind =    3
 ELEMENT = C 
 BASIS FUNCTIONS =   43
 For Atom Kind =    4
 ELEMENT = H 
 BASIS FUNCTIONS =    9

 @ Finish SAD initial guess


 @ Begin Reading Molecular Information


 =========== Molecule Input ==========
 TOTAL MOLECULAR CHARGE  =    0    MULTIPLICITY                =    1
 TOTAL ATOM NUMBER       =   40    NUMBER OF ATOM TYPES        =    4
 NUMBER OF HYDROGEN ATOM =   19    NUMBER OF NON-HYDROGEN ATOM =   21
 NUMBER OF ELECTRONS     =  152

 -- INPUT GEOMETRY -- :
    O          -1.9930      -0.4740       1.2005
    O          -2.7826      -2.5168      -0.2218
    O          -3.6220       1.8421       0.5579
    N           3.1777      -0.0101       0.4474
    C           0.3699      -0.7149       0.6616
    C           1.2913      -1.3046      -0.4170
    C           2.3441      -0.2023      -0.7640
    C          -0.9377      -1.4750       0.9848
    C           1.1988      -0.3907       1.9201
    C          -0.2516       0.5302       0.1205
    C           1.6887       1.1052      -1.3279
    C           2.4315       0.4754       1.6126
    C           0.3384       1.4306      -0.7480
    C          -1.3631      -2.5067      -0.0924
    C           0.5066      -1.8183      -1.5971
    C          -1.5672       0.6306       0.5136
    C          -0.7155      -2.3492      -1.4425
    C           4.3733       0.7916       0.2084
    C          -0.4184       2.5415      -1.1246
    C          -2.3310       1.7217       0.1620
    C          -1.7382       2.6936      -0.6541
    H           1.8278      -2.1759      -0.0118
    H           3.0029      -0.6035      -1.5465
    H          -0.8451      -2.0128       1.9373
    H           1.5366      -1.3335       2.3712
    H           0.5899       0.1174       2.6790
    H           1.5474       0.9596      -2.4075
    H           2.3530       1.9680      -1.2194
    H           2.1271       1.5205       1.4760
    H           3.0801       0.4584       2.4975
    H          -1.0772      -3.5067       0.2593
    H           0.9601      -1.7947      -2.5831
    H          -1.2300      -2.7505      -2.3109
    H           4.1500       1.8479       0.0287
    H           4.9380       0.4055      -0.6472
    H           5.0444       0.7352       1.0730
    H          -0.0062       3.2824      -1.8043
    H          -2.3121       3.5638      -0.9645
    H          -3.1557      -2.6446       0.6672
    H          -3.8483       1.0686       1.1031

============== BASIS INFOS ==============
 BASIS FUNCTIONS = 1083
 NSHELL =  371 NPRIM  = 1436
 JSHELL =  371 JBASIS =  598


 @ End Reading Molecular Information 


 @ Begin XC Quadrature Formation

 OCTAGO: OCTree Algorithm for Grid Operations 
   PRUNING CUTOFF       = 0.100E-07
   INITIAL GRID POINTS  =      151424
|   FINAL GRID POINTS    =           0
|   SIGNIFICANT NUMBER OF BASIS FUNCTIONS     =           0
|   SIGNIFICANT NUMBER OF PRIMITIVE FUNCTIONS =           0

 @ End XC Quadrature Formation


 @ Begin Energy Calculation

| Number of total basis functions:   1083
| Number of linearly independent basis functions:   1033
| condition number of overlap matrix:    8.626E+09
| Smallest eigenvalue of overlap matrix:    4.810E-09

                                         SCF ENERGY
| ------------------------------------------------------------------------------------------------------------------------
| NCYC       ENERGY         DELTA_E      SCF_TIME  DII_CYC   DII_TIME   O_TIME  DIAG_TIME    MAX_ERR    RMS_CHG    MAX_CHG
| ------------------------------------------------------------------------------------------------------------------------
|  1   -930.307803781      ------         0.833     1        0.09      0.74      0.03    0.2127E+01  0.7633E-02  0.3635E+00
|  2   -937.858913037  0.755111E+01       0.554     2        0.09      0.46      0.03    0.3577E+00  0.3113E+00  0.5833E+02
|  3   -931.600798193  -.625811E+01       0.573     3        0.11      0.46      0.03    0.6469E+00  0.3028E+00  0.5541E+02
|   ***  Level shifting applied  ( HOMO-LUMO gap =  0.011 au ) ***
|  4   -939.239932157  0.763913E+01       0.574     4        0.11      0.47      0.03    0.1561E+00  0.1230E-01  0.2560E+01
|   ***  Level shifting applied  ( HOMO-LUMO gap =  0.093 au ) ***
|  5   -939.561953824  0.322022E+00       0.560     5        0.09      0.47      0.03    0.8545E-01  0.3309E-02  0.4356E+00
|  6   -939.603542235  0.415884E-01       0.562     6        0.09      0.46      0.03    0.3107E-01  0.3241E-03  0.1838E-01
|  7   -939.608821716  0.527948E-02       0.562     7        0.10      0.47      0.03    0.1865E-01  0.1519E-03  0.9914E-02
|  8   -939.611144391  0.232268E-02       0.564     8        0.10      0.46      0.03    0.6731E-02  0.6790E-04  0.7918E-02
|  9   -939.611451863  0.307472E-03       0.565     9        0.10      0.46      0.03    0.2067E-02  0.1832E-04  0.8798E-03
| 10   -939.611486393  0.345294E-04       0.566    10        0.10      0.47      0.03    0.6868E-03  0.7305E-05  0.3592E-03
| 11   -939.611490296  0.390325E-05       0.576     1        0.11      0.46      0.03    0.3247E-03  0.3036E-05  0.2776E-03
| 12   -939.611491230  0.933483E-06       0.576     2        0.11      0.47      0.03    0.9358E-04  0.9652E-06  0.5290E-04
| ------------------------------------------------------------------------------------------------------------------------
| REACH CONVERGENCE AFTER  12 CYCLES
| MAX ERROR = 0.935824E-04   RMS CHANGE = 0.965204E-06   MAX CHANGE = 0.528952E-04
| -----------------------------------------------
 ALPHA ELECTRON DENSITY    =    76.0000000000
 BETA ELECTRON DENSITY     =    76.0000000000
 ELECTRONIC ENERGY    =  -2768.918761710
 CORE_CORE REPULSION  =   1829.307270481
 TOTAL ENERGY         =   -939.611491230

 @ End Energy calculation

  Skipping one-electron property calculation.

 @ Output cuEST Memory Footprint

------------- cuEST MEMORY USAGE ---------------
| Peak Host Footprint =    30.19 kB
| Host Allocations =    35
| Peak Device Footprint =     7.17 GB
| Device Allocations =    25
------------------------------------------------

 @ Finish Output cuEST Memory Footprint


 @ Output Timing Information

------------- TIMING ---------------
| CUEST INITIALIZATION TIME =     3.324770000( 23.53%)
| INITIAL GUESS TIME  =     3.466090000( 24.53%)
| DFT GRID OPERATIONS =     0.000380000(  0.00%)
| TOTAL SCF TIME      =     7.318159000( 51.79%)
|       TOTAL OP TIME      =     6.111994000( 43.25%)
|             TOTAL 1e TIME      =     0.254641000(  1.80%)
|             TOTAL 2e TIME      =     0.201424000(  1.43%)
|             TOTAL EXC TIME     =     5.309991000( 37.58%)
|       TOTAL DII TIME      =     1.184029000(  8.38%)
|             TOTAL DIAG TIME    =     0.367051000(  2.60%)
| TOTAL TIME          =    14.130616000
------------------------------------
| Job cpu time:  0 days  0 hours  0 minutes 14.1 seconds.

 @ Finish Output Timing Information

| Normal Termination. Task Finished on: Fri Aug  7 20:49:28 2026
