
======== FILE: ./morphine-2/morphine_def2-SV(P).out ========
   34X     4.1500003169     0.0002926658
   34Y     1.8479001411    -0.0120635521
   34Z     0.0287000022     0.0021902244
   35X     4.9380003771    -0.0003724700
   35Y     0.4055000310     0.0025433487
   35Z    -0.6472000494     0.0054582245
   36X     5.0444003852    -0.0014708365
   36Y     0.7352000561     0.0001426277
   36Z     1.0730000819    -0.0057543440
   37X    -0.0062000005    -0.0016215575
   37Y     3.2824002507    -0.0038862472
   37Z    -1.8043001378     0.0031776851
   38X    -2.3121001766     0.0047885712
   38Y     3.5638002721    -0.0013368596
   38Z    -0.9645000737    -0.0009794460
   39X    -3.1557002410    -0.0002559087
   39Y    -2.6446002020    -0.0016700947
   39Z     0.6672000509     0.0034406735
   40X    -3.8483002939     0.0004414114
   40Y     1.0686000816    -0.0011623761
   40Z     1.1031000842     0.0017586424
----------------------------------------

 @ End Gradient Calculation

  Skipping one-electron property calculation.

 @ Output Timing Information

------------- TIMING ---------------
| INITIAL GUESS TIME  =     2.617620000( 20.15%)
| DFT GRID OPERATIONS =     0.151397000(  1.17%)
| TOTAL SCF TIME      =     5.406235000( 41.61%)
|       TOTAL OP TIME      =     5.257545000( 40.47%)
|             TOTAL 1e TIME      =     0.054897000(  0.42%)
|             TOTAL 2e TIME      =     1.503158000( 11.57%)
|             TOTAL EXC TIME     =     3.623196000( 27.89%)
|       TOTAL DII TIME      =     0.145371000(  1.12%)
|             TOTAL DIAG TIME    =     0.047864000(  0.37%)
| TOTAL GRADIENT TIME      =     4.044654000( 31.13%)
|       TOTAL 1e GRADIENT TIME      =     0.521713000( 4.05%)
|       TOTAL 2e GRADIENT TIME      =     2.842203000(21.88%)
|       TOTAL EXC GRADIENT TIME     =     0.676024000(  5.20%)
| TOTAL TIME          =    12.992043000
------------------------------------
| Job cpu time:  0 days  0 hours  0 minutes 13.0 seconds.

 @ Finish Output Timing Information

| Normal Termination. Task Finished on: Sat Aug 29 09:53:12 2026

======== FILE: ./morphine-2/morphine_6-31G*.out ========
   34X     4.1500003169    -0.0009312359
   34Y     1.8479001411    -0.0073349556
   34Z     0.0287000022     0.0014853763
   35X     4.9380003771     0.0026787316
   35Y     0.4055000310     0.0009111097
   35Z    -0.6472000494     0.0015732993
   36X     5.0444003852     0.0020213155
   36Y     0.7352000561     0.0001130867
   36Z     1.0730000819    -0.0019882950
   37X    -0.0062000005     0.0003055502
   37Y     3.2824002507    -0.0005905693
   37Z    -1.8043001378     0.0000830151
   38X    -2.3121001766     0.0020504186
   38Y     3.5638002721     0.0024687308
   38Z    -0.9645000737    -0.0022496843
   39X    -3.1557002410    -0.0014575846
   39Y    -2.6446002020    -0.0015444315
   39Z     0.6672000509     0.0031288604
   40X    -3.8483002939    -0.0006969782
   40Y     1.0686000816    -0.0012639001
   40Z     1.1031000842     0.0023209652
----------------------------------------

 @ End Gradient Calculation

  Skipping one-electron property calculation.

 @ Output Timing Information

------------- TIMING ---------------
| INITIAL GUESS TIME  =     2.638879000( 19.38%)
| DFT GRID OPERATIONS =     0.150655000(  1.11%)
| TOTAL SCF TIME      =     5.521719000( 40.54%)
|       TOTAL OP TIME      =     5.374972000( 39.46%)
|             TOTAL 1e TIME      =     0.060531000(  0.44%)
|             TOTAL 2e TIME      =     1.755824000( 12.89%)
|             TOTAL EXC TIME     =     3.478758000( 25.54%)
|       TOTAL DII TIME      =     0.143591000(  1.05%)
|             TOTAL DIAG TIME    =     0.047669000(  0.35%)
| TOTAL GRADIENT TIME      =     4.520659000( 33.19%)
|       TOTAL 1e GRADIENT TIME      =     0.571250000( 4.24%)
|       TOTAL 2e GRADIENT TIME      =     3.254957000(23.90%)
|       TOTAL EXC GRADIENT TIME     =     0.688407000(  5.05%)
| TOTAL TIME          =    13.619988000
------------------------------------
| Job cpu time:  0 days  0 hours  0 minutes 13.6 seconds.

 @ Finish Output Timing Information

| Normal Termination. Task Finished on: Sat Aug 29 09:52:14 2026

======== FILE: ./morphine-2/morphine_6-31G.out ========
   34X     4.1500003169    -0.0005950880
   34Y     1.8479001411    -0.0077198848
   34Z     0.0287000022     0.0015167813
   35X     4.9380003771     0.0026696725
   35Y     0.4055000310     0.0006225341
   35Z    -0.6472000494     0.0012006466
   36X     5.0444003852     0.0019730110
   36Y     0.7352000561    -0.0000280115
   36Z     1.0730000819    -0.0015532720
   37X    -0.0062000005     0.0006518608
   37Y     3.2824002507     0.0000462083
   37Z    -1.8043001378    -0.0004522125
   38X    -2.3121001766     0.0017400501
   38Y     3.5638002721     0.0036166416
   38Z    -0.9645000737    -0.0028493016
   39X    -3.1557002410     0.0072509183
   39Y    -2.6446002020    -0.0013460060
   39Z     0.6672000509    -0.0023231118
   40X    -3.8483002939     0.0076383294
   40Y     1.0686000816     0.0024637012
   40Z     1.1031000842    -0.0027578152
----------------------------------------

 @ End Gradient Calculation

  Skipping one-electron property calculation.

 @ Output Timing Information

------------- TIMING ---------------
| INITIAL GUESS TIME  =     2.577329000( 35.08%)
| DFT GRID OPERATIONS =     0.152151000(  2.07%)
| TOTAL SCF TIME      =     2.510820000( 34.18%)
|       TOTAL OP TIME      =     2.440756000( 33.22%)
|             TOTAL 1e TIME      =     0.031969000(  0.44%)
|             TOTAL 2e TIME      =     0.526568000(  7.17%)
|             TOTAL EXC TIME     =     1.844059000( 25.10%)
|       TOTAL DII TIME      =     0.068883000(  0.94%)
|             TOTAL DIAG TIME    =     0.031149000(  0.42%)
| TOTAL GRADIENT TIME      =     1.328350000( 18.08%)
|       TOTAL 1e GRADIENT TIME      =     0.282959000( 3.90%)
|       TOTAL 2e GRADIENT TIME      =     0.667388000( 9.08%)
|       TOTAL EXC GRADIENT TIME     =     0.374119000(  5.09%)
| TOTAL TIME          =     7.346461000
------------------------------------
| Job cpu time:  0 days  0 hours  0 minutes  7.3 seconds.

 @ Finish Output Timing Information

| Normal Termination. Task Finished on: Sat Aug 29 09:52:00 2026

======== FILE: ./morphine-2/morphine_6-31+G**.out ========
   34X     4.1500003169    -0.0001355399
   34Y     1.8479001411    -0.0034945230
   34Z     0.0287000022     0.0060921500
   35X     4.9380003771     0.0085452809
   35Y     0.4055000310    -0.0032874412
   35Z    -0.6472000494    -0.0019578873
   36X     5.0444003852    -0.0064767867
   36Y     0.7352000561     0.0072776992
   36Z     1.0730000819     0.0020873368
   37X    -0.0062000005    -0.0209857973
   37Y     3.2824002507     0.0074218777
   37Z    -1.8043001378     0.0061222323
   38X    -2.3121001766    -0.0183592840
   38Y     3.5638002721     0.0134791155
   38Z    -0.9645000737    -0.0037603156
   39X    -3.1557002410    -0.0070351327
   39Y    -2.6446002020    -0.0000366770
   39Z     0.6672000509     0.0121332204
   40X    -3.8483002939     0.0027361807
   40Y     1.0686000816    -0.0016370084
   40Z     1.1031000842     0.0010297039
----------------------------------------

 @ End Gradient Calculation

  Skipping one-electron property calculation.

 @ Output Timing Information

------------- TIMING ---------------
| INITIAL GUESS TIME  =     2.672828000(  8.87%)
| DFT GRID OPERATIONS =     0.159793000(  0.53%)
| TOTAL SCF TIME      =    14.754596000( 48.94%)
|       TOTAL OP TIME      =    14.465370000( 47.98%)
|             TOTAL 1e TIME      =     0.099223000(  0.33%)
|             TOTAL 2e TIME      =     5.702422000( 18.91%)
|             TOTAL EXC TIME     =     8.521310000( 28.26%)
|       TOTAL DII TIME      =     0.280770000(  0.93%)
|             TOTAL DIAG TIME    =     0.074953000(  0.25%)
| TOTAL GRADIENT TIME      =    11.807052000( 39.16%)
|       TOTAL 1e GRADIENT TIME      =     0.935899000( 3.13%)
|       TOTAL 2e GRADIENT TIME      =     9.168043000(30.41%)
|       TOTAL EXC GRADIENT TIME     =     1.694234000(  5.62%)
| TOTAL TIME          =    30.148635000
------------------------------------
| Job cpu time:  0 days  0 hours  0 minutes 30.1 seconds.

 @ Finish Output Timing Information

| Normal Termination. Task Finished on: Sat Aug 29 09:52:59 2026

======== FILE: ./morphine-2/morphine_3-21G.out ========
   34X     4.1500003169    -0.0004779270
   34Y     1.8479001411    -0.0074765831
   34Z     0.0287000022     0.0016975707
   35X     4.9380003771     0.0029876952
   35Y     0.4055000310     0.0012598333
   35Z    -0.6472000494     0.0016755277
   36X     5.0444003852     0.0022285016
   36Y     0.7352000561     0.0002763129
   36Z     1.0730000819    -0.0022885340
   37X    -0.0062000005     0.0008600587
   37Y     3.2824002507     0.0009208887
   37Z    -1.8043001378    -0.0010473720
   38X    -2.3121001766     0.0012256010
   38Y     3.5638002721     0.0049461190
   38Z    -0.9645000737    -0.0033473412
   39X    -3.1557002410     0.0080308956
   39Y    -2.6446002020     0.0003548528
   39Z     0.6672000509    -0.0158994942
   40X    -3.8483002939     0.0074660515
   40Y     1.0686000816     0.0145399214
   40Z     1.1031000842    -0.0097627477
----------------------------------------

 @ End Gradient Calculation

  Skipping one-electron property calculation.

 @ Output Timing Information

------------- TIMING ---------------
| INITIAL GUESS TIME  =     2.521779000( 43.19%)
| DFT GRID OPERATIONS =     0.146373000(  2.51%)
| TOTAL SCF TIME      =     1.671716000( 28.63%)
|       TOTAL OP TIME      =     1.601645000( 27.43%)
|             TOTAL 1e TIME      =     0.018560000(  0.32%)
|             TOTAL 2e TIME      =     0.223941000(  3.84%)
|             TOTAL EXC TIME     =     1.333163000( 22.83%)
|       TOTAL DII TIME      =     0.068803000(  1.18%)
|             TOTAL DIAG TIME    =     0.031400000(  0.54%)
| TOTAL GRADIENT TIME      =     0.694496000( 11.89%)
|       TOTAL 1e GRADIENT TIME      =     0.164521000( 2.88%)
|       TOTAL 2e GRADIENT TIME      =     0.264201000( 4.52%)
|       TOTAL EXC GRADIENT TIME     =     0.262047000(  4.49%)
| TOTAL TIME          =     5.839084000
------------------------------------
| Job cpu time:  0 days  0 hours  0 minutes  5.8 seconds.

 @ Finish Output Timing Information

| Normal Termination. Task Finished on: Sat Aug 29 09:51:53 2026

======== FILE: ./morphine-2/morphine_def2-SVP.out ========
   34X     4.1500003169     0.0000350968
   34Y     1.8479001411    -0.0113181253
   34Z     0.0287000022     0.0021372257
   35X     4.9380003771    -0.0001536925
   35Y     0.4055000310     0.0019460729
   35Z    -0.6472000494     0.0047030897
   36X     5.0444003852    -0.0011149791
   36Y     0.7352000561    -0.0001804380
   36Z     1.0730000819    -0.0049045846
   37X    -0.0062000005    -0.0015282844
   37Y     3.2824002507    -0.0036689851
   37Z    -1.8043001378     0.0030112071
   38X    -2.3121001766     0.0046281699
   38Y     3.5638002721    -0.0012412162
   38Z    -0.9645000737    -0.0009947112
   39X    -3.1557002410    -0.0022603382
   39Y    -2.6446002020    -0.0020573504
   39Z     0.6672000509     0.0065030996
   40X    -3.8483002939    -0.0012469796
   40Y     1.0686000816    -0.0038158515
   40Z     1.1031000842     0.0039219672
----------------------------------------

 @ End Gradient Calculation

  Skipping one-electron property calculation.

 @ Output Timing Information

------------- TIMING ---------------
| INITIAL GUESS TIME  =     2.628793000( 17.62%)
| DFT GRID OPERATIONS =     0.151789000(  1.02%)
| TOTAL SCF TIME      =     6.383337000( 42.79%)
|       TOTAL OP TIME      =     6.184977000( 41.46%)
|             TOTAL 1e TIME      =     0.064651000(  0.43%)
|             TOTAL 2e TIME      =     1.953123000( 13.09%)
|             TOTAL EXC TIME     =     4.074785000( 27.32%)
|       TOTAL DII TIME      =     0.193881000(  1.30%)
|             TOTAL DIAG TIME    =     0.055408000(  0.37%)
| TOTAL GRADIENT TIME      =     4.981402000( 33.40%)
|       TOTAL 1e GRADIENT TIME      =     0.614099000( 4.16%)
|       TOTAL 2e GRADIENT TIME      =     3.632633000(24.35%)
|       TOTAL EXC GRADIENT TIME     =     0.727704000(  4.88%)
| TOTAL TIME          =    14.916408000
------------------------------------
| Job cpu time:  0 days  0 hours  0 minutes 14.9 seconds.

 @ Finish Output Timing Information

| Normal Termination. Task Finished on: Sat Aug 29 09:53:27 2026

======== FILE: ./morphine-2/morphine_6-31G**.out ========
   34X     4.1500003169    -0.0011896434
   34Y     1.8479001411    -0.0068349577
   34Z     0.0287000022     0.0014062988
   35X     4.9380003771     0.0027932247
   35Y     0.4055000310     0.0005533370
   35Z    -0.6472000494     0.0010206089
   36X     5.0444003852     0.0022165969
   36Y     0.7352000561    -0.0000312617
   36Z     1.0730000819    -0.0013904356
   37X    -0.0062000005     0.0004674125
   37Y     3.2824002507    -0.0002815477
   37Z    -1.8043001378    -0.0001944184
   38X    -2.3121001766     0.0018195918
   38Y     3.5638002721     0.0027905940
   38Z    -0.9645000737    -0.0023671572
   39X    -3.1557002410    -0.0026478861
   39Y    -2.6446002020    -0.0019934783
   39Z     0.6672000509     0.0064108103
   40X    -3.8483002939    -0.0013915034
   40Y     1.0686000816    -0.0040652812
   40Z     1.1031000842     0.0042186714
----------------------------------------

 @ End Gradient Calculation

  Skipping one-electron property calculation.

 @ Output Timing Information

------------- TIMING ---------------
| INITIAL GUESS TIME  =     2.647882000( 17.41%)
| DFT GRID OPERATIONS =     0.148342000(  0.98%)
| TOTAL SCF TIME      =     6.263507000( 41.18%)
|       TOTAL OP TIME      =     6.064596000( 39.87%)
|             TOTAL 1e TIME      =     0.070021000(  0.46%)
|             TOTAL 2e TIME      =     2.216088000( 14.57%)
|             TOTAL EXC TIME     =     3.681441000( 24.20%)
|       TOTAL DII TIME      =     0.194424000(  1.28%)
|             TOTAL DIAG TIME    =     0.055269000(  0.36%)
| TOTAL GRADIENT TIME      =     5.384393000( 35.40%)
|       TOTAL 1e GRADIENT TIME      =     0.654539000( 4.35%)
|       TOTAL 2e GRADIENT TIME      =     4.018664000(26.42%)
|       TOTAL EXC GRADIENT TIME     =     0.704795000(  4.63%)
| TOTAL TIME          =    15.210160000
------------------------------------
| Job cpu time:  0 days  0 hours  0 minutes 15.2 seconds.

 @ Finish Output Timing Information

| Normal Termination. Task Finished on: Sat Aug 29 09:52:29 2026

======== FILE: ./morphine-2/morphine_def2-TZVP.out ========
   34X     4.1500003169    -0.0006883306
   34Y     1.8479001411    -0.0042606526
   34Z     0.0287000022     0.0010576691
   35X     4.9380003771     0.0029418841
   35Y     0.4055000310    -0.0004489897
   35Z    -0.6472000494    -0.0009643595
   36X     5.0444003852     0.0035607593
   36Y     0.7352000561    -0.0000550003
   36Z     1.0730000819     0.0003794356
   37X    -0.0062000005    -0.0001600896
   37Y     3.2824002507     0.0011549903
   37Z    -1.8043001378    -0.0012898971
   38X    -2.3121001766     0.0011918464
   38Y     3.5638002721     0.0047593006
   38Z    -0.9645000737    -0.0007993322
   39X    -3.1557002410    -0.0006400213
   39Y    -2.6446002020    -0.0022795523
   39Z     0.6672000509     0.0096801463
   40X    -3.8483002939    -0.0003241462
   40Y     1.0686000816    -0.0066868166
   40Z     1.1031000842     0.0053025074
----------------------------------------

 @ End Gradient Calculation

  Skipping one-electron property calculation.

 @ Output Timing Information

------------- TIMING ---------------
| INITIAL GUESS TIME  =     6.746467000(  0.64%)
| DFT GRID OPERATIONS =     0.163063000(  0.02%)
| TOTAL SCF TIME      =   416.429190000( 39.53%)
|       TOTAL OP TIME      =   415.615993000( 39.46%)
|             TOTAL 1e TIME      =     0.622424000(  0.06%)
|             TOTAL 2e TIME      =   393.735715000( 37.38%)
|             TOTAL EXC TIME     =    20.499307000(  1.95%)
|       TOTAL DII TIME      =     0.783940000(  0.07%)
|             TOTAL DIAG TIME    =     0.154976000(  0.01%)
| TOTAL GRADIENT TIME      =   629.699285000( 59.78%)
|       TOTAL 1e GRADIENT TIME      =     3.391659000( 0.59%)
|       TOTAL 2e GRADIENT TIME      =   620.211571000(58.88%)
|       TOTAL EXC GRADIENT TIME     =     3.235587000(  0.31%)
| TOTAL TIME          =  1053.362758000
------------------------------------
| Job cpu time:  0 days  0 hours 17 minutes 33.4 seconds.

 @ Finish Output Timing Information

| Normal Termination. Task Finished on: Sat Aug 29 10:11:01 2026

======== FILE: ./morphine-1/morphine_def2-SV(P).out ========
   34X     4.1500003169     0.0002926658
   34Y     1.8479001411    -0.0120635521
   34Z     0.0287000022     0.0021902244
   35X     4.9380003771    -0.0003724700
   35Y     0.4055000310     0.0025433487
   35Z    -0.6472000494     0.0054582245
   36X     5.0444003852    -0.0014708365
   36Y     0.7352000561     0.0001426277
   36Z     1.0730000819    -0.0057543440
   37X    -0.0062000005    -0.0016215575
   37Y     3.2824002507    -0.0038862472
   37Z    -1.8043001378     0.0031776851
   38X    -2.3121001766     0.0047885712
   38Y     3.5638002721    -0.0013368596
   38Z    -0.9645000737    -0.0009794460
   39X    -3.1557002410    -0.0002559087
   39Y    -2.6446002020    -0.0016700947
   39Z     0.6672000509     0.0034406735
   40X    -3.8483002939     0.0004414114
   40Y     1.0686000816    -0.0011623761
   40Z     1.1031000842     0.0017586424
----------------------------------------

 @ End Gradient Calculation

  Skipping one-electron property calculation.

 @ Output Timing Information

------------- TIMING ---------------
| INITIAL GUESS TIME  =     2.657179000( 20.19%)
| DFT GRID OPERATIONS =     0.143628000(  1.09%)
| TOTAL SCF TIME      =     5.407513000( 41.09%)
|       TOTAL OP TIME      =     5.259959000( 39.97%)
|             TOTAL 1e TIME      =     0.054947000(  0.42%)
|             TOTAL 2e TIME      =     1.503445000( 11.42%)
|             TOTAL EXC TIME     =     3.626281000( 27.55%)
|       TOTAL DII TIME      =     0.144419000(  1.10%)
|             TOTAL DIAG TIME    =     0.047602000(  0.36%)
| TOTAL GRADIENT TIME      =     4.033724000( 30.65%)
|       TOTAL 1e GRADIENT TIME      =     0.521199000( 4.00%)
|       TOTAL 2e GRADIENT TIME      =     2.831674000(21.52%)
|       TOTAL EXC GRADIENT TIME     =     0.676096000(  5.14%)
| TOTAL TIME          =    13.160296000
------------------------------------
| Job cpu time:  0 days  0 hours  0 minutes 13.2 seconds.

 @ Finish Output Timing Information

| Normal Termination. Task Finished on: Sat Aug 29 08:14:23 2026

======== FILE: ./morphine-1/morphine_6-31G*.out ========
   34X     4.1500003169    -0.0009312359
   34Y     1.8479001411    -0.0073349556
   34Z     0.0287000022     0.0014853763
   35X     4.9380003771     0.0026787316
   35Y     0.4055000310     0.0009111097
   35Z    -0.6472000494     0.0015732993
   36X     5.0444003852     0.0020213155
   36Y     0.7352000561     0.0001130867
   36Z     1.0730000819    -0.0019882950
   37X    -0.0062000005     0.0003055502
   37Y     3.2824002507    -0.0005905693
   37Z    -1.8043001378     0.0000830151
   38X    -2.3121001766     0.0020504186
   38Y     3.5638002721     0.0024687308
   38Z    -0.9645000737    -0.0022496843
   39X    -3.1557002410    -0.0014575846
   39Y    -2.6446002020    -0.0015444315
   39Z     0.6672000509     0.0031288604
   40X    -3.8483002939    -0.0006969782
   40Y     1.0686000816    -0.0012639001
   40Z     1.1031000842     0.0023209652
----------------------------------------

 @ End Gradient Calculation

  Skipping one-electron property calculation.

 @ Output Timing Information

------------- TIMING ---------------
| INITIAL GUESS TIME  =     2.871031000( 19.74%)
| DFT GRID OPERATIONS =     0.150215000(  1.03%)
| TOTAL SCF TIME      =     5.522044000( 37.97%)
|       TOTAL OP TIME      =     5.370141000( 36.93%)
|             TOTAL 1e TIME      =     0.060751000(  0.42%)
|             TOTAL 2e TIME      =     1.749106000( 12.03%)
|             TOTAL EXC TIME     =     3.478844000( 23.92%)
|       TOTAL DII TIME      =     0.148675000(  1.02%)
|             TOTAL DIAG TIME    =     0.047617000(  0.33%)
| TOTAL GRADIENT TIME      =     4.523097000( 31.10%)
|       TOTAL 1e GRADIENT TIME      =     0.568855000( 3.95%)
|       TOTAL 2e GRADIENT TIME      =     3.258734000(22.41%)
|       TOTAL EXC GRADIENT TIME     =     0.689262000(  4.74%)
| TOTAL TIME          =    14.541873000
------------------------------------
| Job cpu time:  0 days  0 hours  0 minutes 14.5 seconds.

 @ Finish Output Timing Information

| Normal Termination. Task Finished on: Sat Aug 29 08:13:24 2026

======== FILE: ./morphine-1/morphine_def2-TZVPP.out ========
   34X     4.1500003169    -0.0081047467
   34Y     1.8479001411     0.0036816979
   34Z     0.0287000022     0.0022915971
   35X     4.9380003771     0.0058830350
   35Y     0.4055000310    -0.0025600804
   35Z    -0.6472000494    -0.0049725438
   36X     5.0444003852     0.0216657522
   36Y     0.7352000561     0.0016685328
   36Z     1.0730000819     0.0103286594
   37X    -0.0062000005     0.0043865643
   37Y     3.2824002507     0.0080808166
   37Z    -1.8043001378    -0.0067923455
   38X    -2.3121001766     0.0003288749
   38Y     3.5638002721     0.0045602593
   38Z    -0.9645000737    -0.0028525631
   39X    -3.1557002410    -0.0025220806
   39Y    -2.6446002020    -0.0023580429
   39Z     0.6672000509     0.0111448590
   40X    -3.8483002939    -0.0000363220
   40Y     1.0686000816    -0.0078345974
   40Z     1.1031000842     0.0058680988
----------------------------------------

 @ End Gradient Calculation

  Skipping one-electron property calculation.

 @ Output Timing Information

------------- TIMING ---------------
| INITIAL GUESS TIME  =     8.797185000(  0.59%)
| DFT GRID OPERATIONS =     0.170364000(  0.01%)
| TOTAL SCF TIME      =   587.183619000( 39.55%)
|       TOTAL OP TIME      =   586.061995000( 39.47%)
|             TOTAL 1e TIME      =     0.762231000(  0.05%)
|             TOTAL 2e TIME      =   560.210663000( 37.73%)
|             TOTAL EXC TIME     =    24.134411000(  1.63%)
|       TOTAL DII TIME      =     1.077515000(  0.07%)
|             TOTAL DIAG TIME    =     0.195195000(  0.01%)
| TOTAL GRADIENT TIME      =   888.332197000( 59.83%)
|       TOTAL 1e GRADIENT TIME      =     4.269619000( 0.53%)
|       TOTAL 2e GRADIENT TIME      =   876.900990000(59.06%)
|       TOTAL EXC GRADIENT TIME     =     3.618864000(  0.24%)
| TOTAL TIME          =  1484.730162000
------------------------------------
| Job cpu time:  0 days  0 hours 24 minutes 44.7 seconds.

 @ Finish Output Timing Information

| Normal Termination. Task Finished on: Sat Aug 29 08:56:52 2026

======== FILE: ./morphine-1/morphine_6-31G.out ========
   34X     4.1500003169    -0.0005950880
   34Y     1.8479001411    -0.0077198848
   34Z     0.0287000022     0.0015167813
   35X     4.9380003771     0.0026696725
   35Y     0.4055000310     0.0006225341
   35Z    -0.6472000494     0.0012006466
   36X     5.0444003852     0.0019730110
   36Y     0.7352000561    -0.0000280115
   36Z     1.0730000819    -0.0015532720
   37X    -0.0062000005     0.0006518608
   37Y     3.2824002507     0.0000462083
   37Z    -1.8043001378    -0.0004522125
   38X    -2.3121001766     0.0017400501
   38Y     3.5638002721     0.0036166416
   38Z    -0.9645000737    -0.0028493016
   39X    -3.1557002410     0.0072509183
   39Y    -2.6446002020    -0.0013460060
   39Z     0.6672000509    -0.0023231118
   40X    -3.8483002939     0.0076383294
   40Y     1.0686000816     0.0024637012
   40Z     1.1031000842    -0.0027578152
----------------------------------------

 @ End Gradient Calculation

  Skipping one-electron property calculation.

 @ Output Timing Information

------------- TIMING ---------------
| INITIAL GUESS TIME  =     2.598973000( 34.31%)
| DFT GRID OPERATIONS =     0.144383000(  1.91%)
| TOTAL SCF TIME      =     2.510347000( 33.14%)
|       TOTAL OP TIME      =     2.439659000( 32.20%)
|             TOTAL 1e TIME      =     0.032061000(  0.42%)
|             TOTAL 2e TIME      =     0.524438000(  6.92%)
|             TOTAL EXC TIME     =     1.844472000( 24.35%)
|       TOTAL DII TIME      =     0.069514000(  0.92%)
|             TOTAL DIAG TIME    =     0.031342000(  0.41%)
| TOTAL GRADIENT TIME      =     1.331899000( 17.58%)
|       TOTAL 1e GRADIENT TIME      =     0.283048000( 3.79%)
|       TOTAL 2e GRADIENT TIME      =     0.672130000( 8.87%)
|       TOTAL EXC GRADIENT TIME     =     0.372736000(  4.92%)
| TOTAL TIME          =     7.575906000
------------------------------------
| Job cpu time:  0 days  0 hours  0 minutes  7.6 seconds.

 @ Finish Output Timing Information

| Normal Termination. Task Finished on: Sat Aug 29 08:13:09 2026

======== FILE: ./morphine-1/morphine_6-31+G**.out ========
   34X     4.1500003169    -0.0001355400
   34Y     1.8479001411    -0.0034945230
   34Z     0.0287000022     0.0060921500
   35X     4.9380003771     0.0085452810
   35Y     0.4055000310    -0.0032874412
   35Z    -0.6472000494    -0.0019578873
   36X     5.0444003852    -0.0064767867
   36Y     0.7352000561     0.0072776992
   36Z     1.0730000819     0.0020873368
   37X    -0.0062000005    -0.0209857975
   37Y     3.2824002507     0.0074218777
   37Z    -1.8043001378     0.0061222324
   38X    -2.3121001766    -0.0183592845
   38Y     3.5638002721     0.0134791155
   38Z    -0.9645000737    -0.0037603154
   39X    -3.1557002410    -0.0070351327
   39Y    -2.6446002020    -0.0000366770
   39Z     0.6672000509     0.0121332204
   40X    -3.8483002939     0.0027361809
   40Y     1.0686000816    -0.0016370082
   40Z     1.1031000842     0.0010297037
----------------------------------------

 @ End Gradient Calculation

  Skipping one-electron property calculation.

 @ Output Timing Information

------------- TIMING ---------------
| INITIAL GUESS TIME  =     2.699367000(  8.91%)
| DFT GRID OPERATIONS =     0.152766000(  0.50%)
| TOTAL SCF TIME      =    14.768393000( 48.76%)
|       TOTAL OP TIME      =    14.469473000( 47.77%)
|             TOTAL 1e TIME      =     0.099527000(  0.33%)
|             TOTAL 2e TIME      =     5.697942000( 18.81%)
|             TOTAL EXC TIME     =     8.524968000( 28.15%)
|       TOTAL DII TIME      =     0.290616000(  0.96%)
|             TOTAL DIAG TIME    =     0.072758000(  0.24%)
| TOTAL GRADIENT TIME      =    11.771216000( 38.86%)
|       TOTAL 1e GRADIENT TIME      =     0.935467000( 3.12%)
|       TOTAL 2e GRADIENT TIME      =     9.128878000(30.14%)
|       TOTAL EXC GRADIENT TIME     =     1.696804000(  5.60%)
| TOTAL TIME          =    30.287856000
------------------------------------
| Job cpu time:  0 days  0 hours  0 minutes 30.3 seconds.

 @ Finish Output Timing Information

| Normal Termination. Task Finished on: Sat Aug 29 08:14:10 2026

======== FILE: ./morphine-1/morphine_def2-TZVPD.out ========
   34X     4.1500003169    -0.0171759006
   34Y     1.8479001411     0.0231565291
   34Z     0.0287000022    -0.0085917946
   35X     4.9380003771     0.0152025036
   35Y     0.4055000310    -0.0378948291
   35Z    -0.6472000494    -0.0387404312
   36X     5.0444003852    -0.0148092372
   36Y     0.7352000561    -0.0164990152
   36Z     1.0730000819     0.0218301104
   37X    -0.0062000005    -0.0011418314
   37Y     3.2824002507     0.0096606420
   37Z    -1.8043001378    -0.0032010635
   38X    -2.3121001766    -0.0334661782
   38Y     3.5638002721     0.0593895091
   38Z    -0.9645000737    -0.0166732858
   39X    -3.1557002410     0.0176644144
   39Y    -2.6446002020     0.0003226295
   39Z     0.6672000509     0.0501033051
   40X    -3.8483002939    -0.0346754502
   40Y     1.0686000816    -0.0446175198
   40Z     1.1031000842     0.0330543265
----------------------------------------

 @ End Gradient Calculation

  Skipping one-electron property calculation.

 @ Output Timing Information

------------- TIMING ---------------
| INITIAL GUESS TIME  =    11.679441000(  0.35%)
| DFT GRID OPERATIONS =     0.173737000(  0.01%)
| TOTAL SCF TIME      =  1084.964898000( 32.93%)
|       TOTAL OP TIME      =  1084.142084000( 32.91%)
|             TOTAL 1e TIME      =     0.966560000(  0.03%)
|             TOTAL 2e TIME      =  1044.112360000( 31.69%)
|             TOTAL EXC TIME     =    37.937927000(  1.15%)
|       TOTAL DII TIME      =     0.785983000(  0.02%)
|             TOTAL DIAG TIME    =     0.148653000(  0.00%)
| TOTAL GRADIENT TIME      =  2197.570581000( 66.71%)
|       TOTAL 1e GRADIENT TIME      =     5.387133000( 0.30%)
|       TOTAL 2e GRADIENT TIME      =  2179.309405000(66.15%)
|       TOTAL EXC GRADIENT TIME     =     8.335301000(  0.25%)
| TOTAL TIME          =  3294.427834000
------------------------------------
| Job cpu time:  0 days  0 hours 54 minutes 54.4 seconds.

 @ Finish Output Timing Information

| Normal Termination. Task Finished on: Sat Aug 29 09:51:47 2026

======== FILE: ./morphine-1/morphine_3-21G.out ========
   34X     4.1500003169    -0.0004779270
   34Y     1.8479001411    -0.0074765831
   34Z     0.0287000022     0.0016975707
   35X     4.9380003771     0.0029876952
   35Y     0.4055000310     0.0012598333
   35Z    -0.6472000494     0.0016755277
   36X     5.0444003852     0.0022285016
   36Y     0.7352000561     0.0002763129
   36Z     1.0730000819    -0.0022885340
   37X    -0.0062000005     0.0008600587
   37Y     3.2824002507     0.0009208887
   37Z    -1.8043001378    -0.0010473720
   38X    -2.3121001766     0.0012256010
   38Y     3.5638002721     0.0049461190
   38Z    -0.9645000737    -0.0033473412
   39X    -3.1557002410     0.0080308956
   39Y    -2.6446002020     0.0003548528
   39Z     0.6672000509    -0.0158994942
   40X    -3.8483002939     0.0074660515
   40Y     1.0686000816     0.0145399214
   40Z     1.1031000842    -0.0097627477
----------------------------------------

 @ End Gradient Calculation

  Skipping one-electron property calculation.

 @ Output Timing Information

------------- TIMING ---------------
| INITIAL GUESS TIME  =     2.714334000( 28.76%)
| DFT GRID OPERATIONS =     0.157780000(  1.67%)
| TOTAL SCF TIME      =     1.680824000( 17.81%)
|       TOTAL OP TIME      =     1.602329000( 16.98%)
|             TOTAL 1e TIME      =     0.018627000(  0.20%)
|             TOTAL 2e TIME      =     0.223740000(  2.37%)
|             TOTAL EXC TIME     =     1.333069000( 14.12%)
|       TOTAL DII TIME      =     0.077197000(  0.82%)
|             TOTAL DIAG TIME    =     0.032673000(  0.35%)
| TOTAL GRADIENT TIME      =     0.695268000(  7.37%)
|       TOTAL 1e GRADIENT TIME      =     0.165439000( 1.79%)
|       TOTAL 2e GRADIENT TIME      =     0.264632000( 2.80%)
|       TOTAL EXC GRADIENT TIME     =     0.261348000(  2.77%)
| TOTAL TIME          =     9.439309000
------------------------------------
| Job cpu time:  0 days  0 hours  0 minutes  9.4 seconds.

 @ Finish Output Timing Information

| Normal Termination. Task Finished on: Sat Aug 29 08:13:00 2026

======== FILE: ./morphine-1/morphine_def2-SVP.out ========
   34X     4.1500003169     0.0000350968
   34Y     1.8479001411    -0.0113181253
   34Z     0.0287000022     0.0021372257
   35X     4.9380003771    -0.0001536925
   35Y     0.4055000310     0.0019460729
   35Z    -0.6472000494     0.0047030897
   36X     5.0444003852    -0.0011149791
   36Y     0.7352000561    -0.0001804380
   36Z     1.0730000819    -0.0049045846
   37X    -0.0062000005    -0.0015282844
   37Y     3.2824002507    -0.0036689851
   37Z    -1.8043001378     0.0030112071
   38X    -2.3121001766     0.0046281699
   38Y     3.5638002721    -0.0012412162
   38Z    -0.9645000737    -0.0009947112
   39X    -3.1557002410    -0.0022603382
   39Y    -2.6446002020    -0.0020573504
   39Z     0.6672000509     0.0065030996
   40X    -3.8483002939    -0.0012469796
   40Y     1.0686000816    -0.0038158515
   40Z     1.1031000842     0.0039219672
----------------------------------------

 @ End Gradient Calculation

  Skipping one-electron property calculation.

 @ Output Timing Information

------------- TIMING ---------------
| INITIAL GUESS TIME  =     2.645724000( 17.28%)
| DFT GRID OPERATIONS =     0.146072000(  0.95%)
| TOTAL SCF TIME      =     6.382054000( 41.68%)
|       TOTAL OP TIME      =     6.187638000( 40.41%)
|             TOTAL 1e TIME      =     0.064987000(  0.42%)
|             TOTAL 2e TIME      =     1.958889000( 12.79%)
|             TOTAL EXC TIME     =     4.073316000( 26.60%)
|       TOTAL DII TIME      =     0.189940000(  1.24%)
|             TOTAL DIAG TIME    =     0.055193000(  0.36%)
| TOTAL GRADIENT TIME      =     5.040289000( 32.92%)
|       TOTAL 1e GRADIENT TIME      =     0.615026000( 4.06%)
|       TOTAL 2e GRADIENT TIME      =     3.669291000(23.96%)
|       TOTAL EXC GRADIENT TIME     =     0.749658000(  4.90%)
| TOTAL TIME          =    15.311830000
------------------------------------
| Job cpu time:  0 days  0 hours  0 minutes 15.3 seconds.

 @ Finish Output Timing Information

| Normal Termination. Task Finished on: Sat Aug 29 08:14:38 2026

======== FILE: ./morphine-1/morphine_6-31G**.out ========
   34X     4.1500003169    -0.0011896434
   34Y     1.8479001411    -0.0068349577
   34Z     0.0287000022     0.0014062988
   35X     4.9380003771     0.0027932247
   35Y     0.4055000310     0.0005533370
   35Z    -0.6472000494     0.0010206089
   36X     5.0444003852     0.0022165969
   36Y     0.7352000561    -0.0000312617
   36Z     1.0730000819    -0.0013904356
   37X    -0.0062000005     0.0004674125
   37Y     3.2824002507    -0.0002815477
   37Z    -1.8043001378    -0.0001944184
   38X    -2.3121001766     0.0018195918
   38Y     3.5638002721     0.0027905940
   38Z    -0.9645000737    -0.0023671572
   39X    -3.1557002410    -0.0026478861
   39Y    -2.6446002020    -0.0019934783
   39Z     0.6672000509     0.0064108103
   40X    -3.8483002939    -0.0013915034
   40Y     1.0686000816    -0.0040652812
   40Z     1.1031000842     0.0042186714
----------------------------------------

 @ End Gradient Calculation

  Skipping one-electron property calculation.

 @ Output Timing Information

------------- TIMING ---------------
| INITIAL GUESS TIME  =     2.660980000( 17.36%)
| DFT GRID OPERATIONS =     0.146653000(  0.96%)
| TOTAL SCF TIME      =     6.261562000( 40.85%)
|       TOTAL OP TIME      =     6.063547000( 39.55%)
|             TOTAL 1e TIME      =     0.070350000(  0.46%)
|             TOTAL 2e TIME      =     2.215711000( 14.45%)
|             TOTAL EXC TIME     =     3.681701000( 24.02%)
|       TOTAL DII TIME      =     0.193527000(  1.26%)
|             TOTAL DIAG TIME    =     0.055054000(  0.36%)
| TOTAL GRADIENT TIME      =     5.332021000( 34.78%)
|       TOTAL 1e GRADIENT TIME      =     0.655377000( 4.32%)
|       TOTAL 2e GRADIENT TIME      =     3.948595000(25.76%)
|       TOTAL EXC GRADIENT TIME     =     0.721854000(  4.71%)
| TOTAL TIME          =    15.329788000
------------------------------------
| Job cpu time:  0 days  0 hours  0 minutes 15.3 seconds.

 @ Finish Output Timing Information

| Normal Termination. Task Finished on: Sat Aug 29 08:13:39 2026

======== FILE: ./morphine-1/morphine_def2-TZVP.out ========
   34X     4.1500003169    -0.0006883306
   34Y     1.8479001411    -0.0042606527
   34Z     0.0287000022     0.0010576691
   35X     4.9380003771     0.0029418840
   35Y     0.4055000310    -0.0004489898
   35Z    -0.6472000494    -0.0009643595
   36X     5.0444003852     0.0035607593
   36Y     0.7352000561    -0.0000550003
   36Z     1.0730000819     0.0003794356
   37X    -0.0062000005    -0.0001600896
   37Y     3.2824002507     0.0011549902
   37Z    -1.8043001378    -0.0012898969
   38X    -2.3121001766     0.0011918462
   38Y     3.5638002721     0.0047593007
   38Z    -0.9645000737    -0.0007993318
   39X    -3.1557002410    -0.0006400215
   39Y    -2.6446002020    -0.0022795523
   39Z     0.6672000509     0.0096801463
   40X    -3.8483002939    -0.0003241463
   40Y     1.0686000816    -0.0066868167
   40Z     1.1031000842     0.0053025075
----------------------------------------

 @ End Gradient Calculation

  Skipping one-electron property calculation.

 @ Output Timing Information

------------- TIMING ---------------
| INITIAL GUESS TIME  =     6.795534000(  0.65%)
| DFT GRID OPERATIONS =     0.161729000(  0.02%)
| TOTAL SCF TIME      =   417.408309000( 39.81%)
|       TOTAL OP TIME      =   416.521349000( 39.72%)
|             TOTAL 1e TIME      =     0.619277000(  0.06%)
|             TOTAL 2e TIME      =   394.439359000( 37.62%)
|             TOTAL EXC TIME     =    20.714947000(  1.98%)
|       TOTAL DII TIME      =     0.857160000(  0.08%)
|             TOTAL DIAG TIME    =     0.161751000(  0.02%)
| TOTAL GRADIENT TIME      =   623.741752000( 59.48%)
|       TOTAL 1e GRADIENT TIME      =     3.402169000( 0.59%)
|       TOTAL 2e GRADIENT TIME      =   614.290900000(58.58%)
|       TOTAL EXC GRADIENT TIME     =     3.215688000(  0.31%)
| TOTAL TIME          =  1048.575844000
------------------------------------
| Job cpu time:  0 days  0 hours 17 minutes 28.6 seconds.

 @ Finish Output Timing Information

| Normal Termination. Task Finished on: Sat Aug 29 08:32:07 2026

======== FILE: ./taxol-3/taxol_6-31G*.out ========
  104X    -0.9826070850     0.0006088281
  104Y    -5.0258756638    -0.0012077674
  104Z    -2.2518210920     0.0105395491
  105X     0.6895305627    -0.0073646821
  105Y    -0.6503325997    -0.0044927619
  105Z     2.1318040128    -0.0046437576
  106X     0.0408559131    -0.0016075895
  106Y    -1.8507204713     0.0055719855
  106Z     1.0570934807     0.0043442253
  107X    -0.5497152620     0.0039405139
  107Y    -1.7387967528     0.0053813570
  107Z     2.6730564641    -0.0084562550
  108X    -2.6864695851     0.0020953123
  108Y    -1.5071205751     0.0041594152
  108Z     2.3903168925    -0.0003557441
  109X    -3.3390145450     0.0094761092
  109Y     0.1000510676    -0.0057736855
  109Z     2.4688671085    -0.0012386899
  110X    -1.9770021010    -0.0030741747
  110Y    -0.2959025626    -0.0012029525
  110Z     3.4410103628    -0.0073020037
----------------------------------------

 @ End Gradient Calculation

  Skipping one-electron property calculation.

 @ Output Timing Information

------------- TIMING ---------------
| INITIAL GUESS TIME  =     3.944720000(  6.72%)
| DFT GRID OPERATIONS =     0.458104000(  0.78%)
| TOTAL SCF TIME      =    26.023648000( 44.34%)
|       TOTAL OP TIME      =    25.166797000( 42.88%)
|             TOTAL 1e TIME      =     0.252528000(  0.43%)
|             TOTAL 2e TIME      =    15.359468000( 26.17%)
|             TOTAL EXC TIME     =     9.152044000( 15.59%)
|       TOTAL DII TIME      =     0.820300000(  1.40%)
|             TOTAL DIAG TIME    =     0.148231000(  0.25%)
| TOTAL GRADIENT TIME      =    27.227423000( 46.39%)
|       TOTAL 1e GRADIENT TIME      =     2.316164000( 4.07%)
|       TOTAL 2e GRADIENT TIME      =    23.195819000(39.52%)
|       TOTAL EXC GRADIENT TIME     =     1.641505000(  2.80%)
| TOTAL TIME          =    58.687331000
------------------------------------
| Job cpu time:  0 days  0 hours  0 minutes 58.7 seconds.

 @ Finish Output Timing Information

| Normal Termination. Task Finished on: Sat Aug 29 08:14:37 2026

======== FILE: ./taxol-3/taxol_def2-SV(P).out ========
  104X    -0.9826070850     0.0009672274
  104Y    -5.0258756638    -0.0018545300
  104Z    -2.2518210920     0.0158649590
  105X     0.6895305627    -0.0118106356
  105Y    -0.6503325997    -0.0063435762
  105Z     2.1318040128    -0.0057720651
  106X     0.0408559131    -0.0030722198
  106Y    -1.8507204713     0.0085752809
  106Z     1.0570934807     0.0077763264
  107X    -0.5497152620     0.0051094535
  107Y    -1.7387967528     0.0082766204
  107Z     2.6730564641    -0.0122267802
  108X    -2.6864695851     0.0035458010
  108Y    -1.5071205751     0.0086221789
  108Z     2.3903168925     0.0000183953
  109X    -3.3390145450     0.0140513208
  109Y     0.1000510676    -0.0084860215
  109Z     2.4688671085    -0.0009437982
  110X    -1.9770021010    -0.0048774130
  110Y    -0.2959025626    -0.0022242026
  110Z     3.4410103628    -0.0116263915
----------------------------------------

 @ End Gradient Calculation

  Skipping one-electron property calculation.

 @ Output Timing Information

------------- TIMING ---------------
| INITIAL GUESS TIME  =     3.976407000(  7.23%)
| DFT GRID OPERATIONS =     0.447020000(  0.81%)
| TOTAL SCF TIME      =    25.422242000( 46.22%)
|       TOTAL OP TIME      =    24.556552000( 44.65%)
|             TOTAL 1e TIME      =     0.229540000(  0.42%)
|             TOTAL 2e TIME      =    13.802464000( 25.09%)
|             TOTAL EXC TIME     =    10.131388000( 18.42%)
|       TOTAL DII TIME      =     0.828774000(  1.51%)
|             TOTAL DIAG TIME    =     0.157323000(  0.29%)
| TOTAL GRADIENT TIME      =    24.190581000( 43.98%)
|       TOTAL 1e GRADIENT TIME      =     2.176478000( 4.09%)
|       TOTAL 2e GRADIENT TIME      =    20.055067000(36.46%)
|       TOTAL EXC GRADIENT TIME     =     1.887572000(  3.43%)
| TOTAL TIME          =    55.000874000
------------------------------------
| Job cpu time:  0 days  0 hours  0 minutes 55.0 seconds.

 @ Finish Output Timing Information

| Normal Termination. Task Finished on: Sat Aug 29 08:21:47 2026

======== FILE: ./taxol-3/taxol_3-21G.out ========
  104X    -0.9826070850     0.0008866788
  104Y    -5.0258756638    -0.0016975568
  104Z    -2.2518210920     0.0090173027
  105X     0.6895305627    -0.0074836680
  105Y    -0.6503325997    -0.0063155184
  105Z     2.1318040128    -0.0025152944
  106X     0.0408559131    -0.0003885558
  106Y    -1.8507204713     0.0045546275
  106Z     1.0570934807     0.0060044854
  107X    -0.5497152620     0.0054211787
  107Y    -1.7387967528     0.0051036397
  107Z     2.6730564641    -0.0090605370
  108X    -2.6864695851     0.0011444203
  108Y    -1.5071205751     0.0042902832
  108Z     2.3903168925     0.0020954911
  109X    -3.3390145450     0.0092812466
  109Y     0.1000510676    -0.0069971480
  109Z     2.4688671085     0.0008763209
  110X    -1.9770021010    -0.0042850359
  110Y    -0.2959025626    -0.0015205652
  110Z     3.4410103628    -0.0074092524
----------------------------------------

 @ End Gradient Calculation

  Skipping one-electron property calculation.

 @ Output Timing Information

------------- TIMING ---------------
| INITIAL GUESS TIME  =     3.053529000( 17.02%)
| DFT GRID OPERATIONS =     0.421486000(  2.35%)
| TOTAL SCF TIME      =     7.667491000( 42.73%)
|       TOTAL OP TIME      =     6.677871000( 37.21%)
|             TOTAL 1e TIME      =     0.081993000(  0.46%)
|             TOTAL 2e TIME      =     2.318655000( 12.92%)
|             TOTAL EXC TIME     =     4.120157000( 22.96%)
|       TOTAL DII TIME      =     0.973754000(  5.43%)
|             TOTAL DIAG TIME    =     0.118690000(  0.66%)
| TOTAL GRADIENT TIME      =     3.785133000( 21.09%)
|       TOTAL 1e GRADIENT TIME      =     0.715302000( 4.23%)
|       TOTAL 2e GRADIENT TIME      =     2.126159000(11.85%)
|       TOTAL EXC GRADIENT TIME     =     0.899496000(  5.01%)
| TOTAL TIME          =    17.945793000
------------------------------------
| Job cpu time:  0 days  0 hours  0 minutes 17.9 seconds.

 @ Finish Output Timing Information

| Normal Termination. Task Finished on: Sat Aug 29 08:13:12 2026

======== FILE: ./taxol-3/taxol_6-31+G**.out ========
  104X    -0.9826070850    -0.0018786500
  104Y    -5.0258756638     0.0095693021
  104Z    -2.2518210920    -0.0031198668
  105X     0.6895305627     0.0290341647
  105Y    -0.6503325997     0.0097755730
  105Z     2.1318040128     0.0060563969
  106X     0.0408559131     0.0121446079
  106Y    -1.8507204713    -0.0153280546
  106Z     1.0570934807    -0.0175825992
  107X    -0.5497152620    -0.0012148890
  107Y    -1.7387967528    -0.0108692029
  107Z     2.6730564641     0.0250297235
  108X    -2.6864695851    -0.0079390600
  108Y    -1.5071205751    -0.0323225762
  108Z     2.3903168925    -0.0209030865
  109X    -3.3390145450    -0.0210822204
  109Y     0.1000510676    -0.0000098971
  109Z     2.4688671085     0.0096028765
  110X    -1.9770021010     0.0119016802
  110Y    -0.2959025626     0.0088051187
  110Z     3.4410103628     0.0132489066
----------------------------------------

 @ End Gradient Calculation

  Skipping one-electron property calculation.

 @ Output Timing Information

------------- TIMING ---------------
| INITIAL GUESS TIME  =     5.814944000(  1.91%)
| DFT GRID OPERATIONS =     0.498592000(  0.16%)
| TOTAL SCF TIME      =   155.083463000( 51.05%)
|       TOTAL OP TIME      =   153.396474000( 50.50%)
|             TOTAL 1e TIME      =     0.523263000(  0.17%)
|             TOTAL 2e TIME      =   109.104404000( 35.92%)
|             TOTAL EXC TIME     =    42.938153000( 14.14%)
|       TOTAL DII TIME      =     1.612810000(  0.53%)
|             TOTAL DIAG TIME    =     0.244976000(  0.08%)
| TOTAL GRADIENT TIME      =   140.855940000( 46.37%)
|       TOTAL 1e GRADIENT TIME      =     4.913600000( 1.66%)
|       TOTAL 2e GRADIENT TIME      =   129.041856000(42.48%)
|       TOTAL EXC GRADIENT TIME     =     6.768725000(  2.23%)
| TOTAL TIME          =   303.759796000
------------------------------------
| Job cpu time:  0 days  0 hours  5 minutes  3.8 seconds.

 @ Finish Output Timing Information

| Normal Termination. Task Finished on: Sat Aug 29 08:20:52 2026

======== FILE: ./taxol-3/taxol_def2-SVP.out ========
  104X    -0.9826070850     0.0010147657
  104Y    -5.0258756638    -0.0019354722
  104Z    -2.2518210920     0.0155950775
  105X     0.6895305627    -0.0109629660
  105Y    -0.6503325997    -0.0059903678
  105Z     2.1318040128    -0.0054184697
  106X     0.0408559131    -0.0029906825
  106Y    -1.8507204713     0.0077880413
  106Z     1.0570934807     0.0076922261
  107X    -0.5497152620     0.0052728614
  107Y    -1.7387967528     0.0073848258
  107Z     2.6730564641    -0.0114181191
  108X    -2.6864695851     0.0030336557
  108Y    -1.5071205751     0.0077050068
  108Z     2.3903168925     0.0000590837
  109X    -3.3390145450     0.0135649766
  109Y     0.1000510676    -0.0080553804
  109Z     2.4688671085    -0.0006192524
  110X    -1.9770021010    -0.0046529994
  110Y    -0.2959025626    -0.0018725318
  110Z     3.4410103628    -0.0106961860
----------------------------------------

 @ End Gradient Calculation

  Skipping one-electron property calculation.

 @ Output Timing Information

------------- TIMING ---------------
| INITIAL GUESS TIME  =     4.143121000(  6.17%)
| DFT GRID OPERATIONS =     0.454991000(  0.68%)
| TOTAL SCF TIME      =    31.470091000( 46.86%)
|       TOTAL OP TIME      =    30.424644000( 45.30%)
|             TOTAL 1e TIME      =     0.266434000(  0.40%)
|             TOTAL 2e TIME      =    18.291707000( 27.23%)
|             TOTAL EXC TIME     =    11.399429000( 16.97%)
|       TOTAL DII TIME      =     0.998212000(  1.49%)
|             TOTAL DIAG TIME    =     0.180447000(  0.27%)
| TOTAL GRADIENT TIME      =    30.183582000( 44.94%)
|       TOTAL 1e GRADIENT TIME      =     2.584250000( 3.97%)
|       TOTAL 2e GRADIENT TIME      =    25.563525000(38.06%)
|       TOTAL EXC GRADIENT TIME     =     1.952417000(  2.91%)
| TOTAL TIME          =    67.162746000
------------------------------------
| Job cpu time:  0 days  0 hours  1 minutes  7.2 seconds.

 @ Finish Output Timing Information

| Normal Termination. Task Finished on: Sat Aug 29 08:22:54 2026

======== FILE: ./taxol-3/taxol_6-31G.out ========
  104X    -0.9826070850     0.0004588046
  104Y    -5.0258756638    -0.0008846640
  104Z    -2.2518210920     0.0099783718
  105X     0.6895305627    -0.0075375788
  105Y    -0.6503325997    -0.0048008977
  105Z     2.1318040128    -0.0040598116
  106X     0.0408559131    -0.0016783184
  106Y    -1.8507204713     0.0050813725
  106Z     1.0570934807     0.0046956237
  107X    -0.5497152620     0.0042927018
  107Y    -1.7387967528     0.0052277709
  107Z     2.6730564641    -0.0085087593
  108X    -2.6864695851     0.0019557661
  108Y    -1.5071205751     0.0039685578
  108Z     2.3903168925     0.0002424598
  109X    -3.3390145450     0.0092534090
  109Y     0.1000510676    -0.0052914690
  109Z     2.4688671085    -0.0009459457
  110X    -1.9770021010    -0.0033133806
  110Y    -0.2959025626    -0.0014176538
  110Z     3.4410103628    -0.0072648430
----------------------------------------

 @ End Gradient Calculation

  Skipping one-electron property calculation.

 @ Output Timing Information

------------- TIMING ---------------
| INITIAL GUESS TIME  =     3.506928000( 13.58%)
| DFT GRID OPERATIONS =     0.436890000(  1.69%)
| TOTAL SCF TIME      =    12.231632000( 47.35%)
|       TOTAL OP TIME      =    11.681731000( 45.22%)
|             TOTAL 1e TIME      =     0.136807000(  0.53%)
|             TOTAL 2e TIME      =     5.094792000( 19.72%)
|             TOTAL EXC TIME     =     6.241899000( 24.16%)
|       TOTAL DII TIME      =     0.535152000(  2.07%)
|             TOTAL DIAG TIME    =     0.110499000(  0.43%)
| TOTAL GRADIENT TIME      =     8.157443000( 31.58%)
|       TOTAL 1e GRADIENT TIME      =     1.148157000( 4.63%)
|       TOTAL 2e GRADIENT TIME      =     5.664512000(21.93%)
|       TOTAL EXC GRADIENT TIME     =     1.297435000(  5.02%)
| TOTAL TIME          =    25.832172000
------------------------------------
| Job cpu time:  0 days  0 hours  0 minutes 25.8 seconds.

 @ Finish Output Timing Information

| Normal Termination. Task Finished on: Sat Aug 29 08:13:38 2026

======== FILE: ./taxol-3/taxol_6-31G**.out ========
  104X    -0.9826070850     0.0006555981
  104Y    -5.0258756638    -0.0012800835
  104Z    -2.2518210920     0.0101222225
  105X     0.6895305627    -0.0067578648
  105Y    -0.6503325997    -0.0042302246
  105Z     2.1318040128    -0.0044082770
  106X     0.0408559131    -0.0015091873
  106Y    -1.8507204713     0.0050858326
  106Z     1.0570934807     0.0040690311
  107X    -0.5497152620     0.0037272428
  107Y    -1.7387967528     0.0049035001
  107Z     2.6730564641    -0.0077614564
  108X    -2.6864695851     0.0018467762
  108Y    -1.5071205751     0.0034926288
  108Z     2.3903168925    -0.0003233195
  109X    -3.3390145450     0.0090774640
  109Y     0.1000510676    -0.0055368565
  109Z     2.4688671085    -0.0010813004
  110X    -1.9770021010    -0.0027857414
  110Y    -0.2959025626    -0.0010874044
  110Z     3.4410103628    -0.0065458155
----------------------------------------

 @ End Gradient Calculation

  Skipping one-electron property calculation.

 @ Output Timing Information

------------- TIMING ---------------
| INITIAL GUESS TIME  =     4.204717000(  6.00%)
| DFT GRID OPERATIONS =     0.475547000(  0.68%)
| TOTAL SCF TIME      =    30.976256000( 44.22%)
|       TOTAL OP TIME      =    29.944554000( 42.75%)
|             TOTAL 1e TIME      =     0.278744000(  0.40%)
|             TOTAL 2e TIME      =    19.373686000( 27.66%)
|             TOTAL EXC TIME     =     9.823647000( 14.02%)
|       TOTAL DII TIME      =     0.985271000(  1.41%)
|             TOTAL DIAG TIME    =     0.181057000(  0.26%)
| TOTAL GRADIENT TIME      =    33.346077000( 47.60%)
|       TOTAL 1e GRADIENT TIME      =     2.621120000( 3.86%)
|       TOTAL 2e GRADIENT TIME      =    28.451926000(40.62%)
|       TOTAL EXC GRADIENT TIME     =     2.188587000(  3.12%)
| TOTAL TIME          =    70.052559000
------------------------------------
| Job cpu time:  0 days  0 hours  1 minutes 10.1 seconds.

 @ Finish Output Timing Information

| Normal Termination. Task Finished on: Sat Aug 29 08:15:48 2026

======== FILE: ./taxol-2/taxol_6-31G*.out ========
  104X    -0.9826070850     0.0006088281
  104Y    -5.0258756638    -0.0012077674
  104Z    -2.2518210920     0.0105395491
  105X     0.6895305627    -0.0073646821
  105Y    -0.6503325997    -0.0044927619
  105Z     2.1318040128    -0.0046437576
  106X     0.0408559131    -0.0016075895
  106Y    -1.8507204713     0.0055719855
  106Z     1.0570934807     0.0043442253
  107X    -0.5497152620     0.0039405139
  107Y    -1.7387967528     0.0053813570
  107Z     2.6730564641    -0.0084562550
  108X    -2.6864695851     0.0020953123
  108Y    -1.5071205751     0.0041594152
  108Z     2.3903168925    -0.0003557441
  109X    -3.3390145450     0.0094761092
  109Y     0.1000510676    -0.0057736855
  109Z     2.4688671085    -0.0012386899
  110X    -1.9770021010    -0.0030741747
  110Y    -0.2959025626    -0.0012029525
  110Z     3.4410103628    -0.0073020037
----------------------------------------

 @ End Gradient Calculation

  Skipping one-electron property calculation.

 @ Output Timing Information

------------- TIMING ---------------
| INITIAL GUESS TIME  =     3.985598000(  6.66%)
| DFT GRID OPERATIONS =     0.466358000(  0.78%)
| TOTAL SCF TIME      =    25.947052000( 43.36%)
|       TOTAL OP TIME      =    25.098748000( 41.94%)
|             TOTAL 1e TIME      =     0.245522000(  0.41%)
|             TOTAL 2e TIME      =    15.322448000( 25.61%)
|             TOTAL EXC TIME     =     9.139420000( 15.27%)
|       TOTAL DII TIME      =     0.811436000(  1.36%)
|             TOTAL DIAG TIME    =     0.146664000(  0.25%)
| TOTAL GRADIENT TIME      =    27.282658000( 45.59%)
|       TOTAL 1e GRADIENT TIME      =     2.328828000( 4.02%)
|       TOTAL 2e GRADIENT TIME      =    23.229166000(38.82%)
|       TOTAL EXC GRADIENT TIME     =     1.649653000(  2.76%)
| TOTAL TIME          =    59.838274000
------------------------------------
| Job cpu time:  0 days  0 hours  0 minutes 59.8 seconds.

 @ Finish Output Timing Information

| Normal Termination. Task Finished on: Sat Aug 29 08:14:37 2026

======== FILE: ./taxol-2/taxol_def2-SV(P).out ========
  104X    -0.9826070850     0.0009672274
  104Y    -5.0258756638    -0.0018545300
  104Z    -2.2518210920     0.0158649590
  105X     0.6895305627    -0.0118106356
  105Y    -0.6503325997    -0.0063435762
  105Z     2.1318040128    -0.0057720651
  106X     0.0408559131    -0.0030722198
  106Y    -1.8507204713     0.0085752809
  106Z     1.0570934807     0.0077763264
  107X    -0.5497152620     0.0051094535
  107Y    -1.7387967528     0.0082766204
  107Z     2.6730564641    -0.0122267802
  108X    -2.6864695851     0.0035458010
  108Y    -1.5071205751     0.0086221789
  108Z     2.3903168925     0.0000183953
  109X    -3.3390145450     0.0140513208
  109Y     0.1000510676    -0.0084860215
  109Z     2.4688671085    -0.0009437982
  110X    -1.9770021010    -0.0048774130
  110Y    -0.2959025626    -0.0022242026
  110Z     3.4410103628    -0.0116263915
----------------------------------------

 @ End Gradient Calculation

  Skipping one-electron property calculation.

 @ Output Timing Information

------------- TIMING ---------------
| INITIAL GUESS TIME  =     3.987515000(  7.26%)
| DFT GRID OPERATIONS =     0.453220000(  0.83%)
| TOTAL SCF TIME      =    25.446057000( 46.35%)
|       TOTAL OP TIME      =    24.600927000( 44.81%)
|             TOTAL 1e TIME      =     0.231250000(  0.42%)
|             TOTAL 2e TIME      =    13.850499000( 25.23%)
|             TOTAL EXC TIME     =    10.120519000( 18.44%)
|       TOTAL DII TIME      =     0.806020000(  1.47%)
|             TOTAL DIAG TIME    =     0.146477000(  0.27%)
| TOTAL GRADIENT TIME      =    23.962635000( 43.65%)
|       TOTAL 1e GRADIENT TIME      =     2.153282000( 4.05%)
|       TOTAL 2e GRADIENT TIME      =    19.953609000(36.35%)
|       TOTAL EXC GRADIENT TIME     =     1.783569000(  3.25%)
| TOTAL TIME          =    54.895677000
------------------------------------
| Job cpu time:  0 days  0 hours  0 minutes 54.9 seconds.

 @ Finish Output Timing Information

| Normal Termination. Task Finished on: Sat Aug 29 08:21:46 2026

======== FILE: ./taxol-2/taxol_3-21G.out ========
  104X    -0.9826070850     0.0008866788
  104Y    -5.0258756638    -0.0016975568
  104Z    -2.2518210920     0.0090173027
  105X     0.6895305627    -0.0074836680
  105Y    -0.6503325997    -0.0063155184
  105Z     2.1318040128    -0.0025152944
  106X     0.0408559131    -0.0003885558
  106Y    -1.8507204713     0.0045546275
  106Z     1.0570934807     0.0060044854
  107X    -0.5497152620     0.0054211787
  107Y    -1.7387967528     0.0051036397
  107Z     2.6730564641    -0.0090605370
  108X    -2.6864695851     0.0011444203
  108Y    -1.5071205751     0.0042902832
  108Z     2.3903168925     0.0020954911
  109X    -3.3390145450     0.0092812466
  109Y     0.1000510676    -0.0069971480
  109Z     2.4688671085     0.0008763209
  110X    -1.9770021010    -0.0042850359
  110Y    -0.2959025626    -0.0015205652
  110Z     3.4410103628    -0.0074092524
----------------------------------------

 @ End Gradient Calculation

  Skipping one-electron property calculation.

 @ Output Timing Information

------------- TIMING ---------------
| INITIAL GUESS TIME  =     3.076737000( 17.45%)
| DFT GRID OPERATIONS =     0.427444000(  2.42%)
| TOTAL SCF TIME      =     7.434431000( 42.17%)
|       TOTAL OP TIME      =     6.887303000( 39.07%)
|             TOTAL 1e TIME      =     0.077983000(  0.44%)
|             TOTAL 2e TIME      =     2.337552000( 13.26%)
|             TOTAL EXC TIME     =     4.324895000( 24.53%)
|       TOTAL DII TIME      =     0.532271000(  3.02%)
|             TOTAL DIAG TIME    =     0.109312000(  0.62%)
| TOTAL GRADIENT TIME      =     3.624125000( 20.56%)
|       TOTAL 1e GRADIENT TIME      =     0.703635000( 4.24%)
|       TOTAL 2e GRADIENT TIME      =     2.069114000(11.74%)
|       TOTAL EXC GRADIENT TIME     =     0.806956000(  4.58%)
| TOTAL TIME          =    17.628896000
------------------------------------
| Job cpu time:  0 days  0 hours  0 minutes 17.6 seconds.

 @ Finish Output Timing Information

| Normal Termination. Task Finished on: Sat Aug 29 08:13:10 2026

======== FILE: ./taxol-2/taxol_6-31+G**.out ========
  104X    -0.9826070850    -0.0018786498
  104Y    -5.0258756638     0.0095693018
  104Z    -2.2518210920    -0.0031198672
  105X     0.6895305627     0.0290341653
  105Y    -0.6503325997     0.0097755737
  105Z     2.1318040128     0.0060563962
  106X     0.0408559131     0.0121446071
  106Y    -1.8507204713    -0.0153280554
  106Z     1.0570934807    -0.0175825995
  107X    -0.5497152620    -0.0012148894
  107Y    -1.7387967528    -0.0108692032
  107Z     2.6730564641     0.0250297244
  108X    -2.6864695851    -0.0079390601
  108Y    -1.5071205751    -0.0323225760
  108Z     2.3903168925    -0.0209030861
  109X    -3.3390145450    -0.0210822199
  109Y     0.1000510676    -0.0000098976
  109Z     2.4688671085     0.0096028772
  110X    -1.9770021010     0.0119016803
  110Y    -0.2959025626     0.0088051186
  110Z     3.4410103628     0.0132489064
----------------------------------------

 @ End Gradient Calculation

  Skipping one-electron property calculation.

 @ Output Timing Information

------------- TIMING ---------------
| INITIAL GUESS TIME  =     5.897360000(  1.94%)
| DFT GRID OPERATIONS =     0.502216000(  0.17%)
| TOTAL SCF TIME      =   155.627382000( 51.23%)
|       TOTAL OP TIME      =   153.935929000( 50.67%)
|             TOTAL 1e TIME      =     0.505145000(  0.17%)
|             TOTAL 2e TIME      =   109.220653000( 35.95%)
|             TOTAL EXC TIME     =    43.404491000( 14.29%)
|       TOTAL DII TIME      =     1.617307000(  0.53%)
|             TOTAL DIAG TIME    =     0.252807000(  0.08%)
| TOTAL GRADIENT TIME      =   140.820986000( 46.36%)
|       TOTAL 1e GRADIENT TIME      =     4.876031000( 1.65%)
|       TOTAL 2e GRADIENT TIME      =   129.044386000(42.48%)
|       TOTAL EXC GRADIENT TIME     =     6.769131000(  2.23%)
| TOTAL TIME          =   303.783431000
------------------------------------
| Job cpu time:  0 days  0 hours  5 minutes  3.8 seconds.

 @ Finish Output Timing Information

| Normal Termination. Task Finished on: Sat Aug 29 08:20:50 2026

======== FILE: ./taxol-2/taxol_def2-SVP.out ========
  104X    -0.9826070850     0.0010147657
  104Y    -5.0258756638    -0.0019354722
  104Z    -2.2518210920     0.0155950775
  105X     0.6895305627    -0.0109629660
  105Y    -0.6503325997    -0.0059903678
  105Z     2.1318040128    -0.0054184697
  106X     0.0408559131    -0.0029906825
  106Y    -1.8507204713     0.0077880413
  106Z     1.0570934807     0.0076922261
  107X    -0.5497152620     0.0052728614
  107Y    -1.7387967528     0.0073848258
  107Z     2.6730564641    -0.0114181191
  108X    -2.6864695851     0.0030336557
  108Y    -1.5071205751     0.0077050068
  108Z     2.3903168925     0.0000590837
  109X    -3.3390145450     0.0135649766
  109Y     0.1000510676    -0.0080553804
  109Z     2.4688671085    -0.0006192524
  110X    -1.9770021010    -0.0046529994
  110Y    -0.2959025626    -0.0018725318
  110Z     3.4410103628    -0.0106961860
----------------------------------------

 @ End Gradient Calculation

  Skipping one-electron property calculation.

 @ Output Timing Information

------------- TIMING ---------------
| INITIAL GUESS TIME  =     4.191604000(  6.24%)
| DFT GRID OPERATIONS =     0.452700000(  0.67%)
| TOTAL SCF TIME      =    31.446845000( 46.83%)
|       TOTAL OP TIME      =    30.422115000( 45.31%)
|             TOTAL 1e TIME      =     0.283589000(  0.42%)
|             TOTAL 2e TIME      =    18.273324000( 27.21%)
|             TOTAL EXC TIME     =    11.381280000( 16.95%)
|       TOTAL DII TIME      =     0.977954000(  1.46%)
|             TOTAL DIAG TIME    =     0.187302000(  0.28%)
| TOTAL GRADIENT TIME      =    30.162067000( 44.92%)
|       TOTAL 1e GRADIENT TIME      =     2.568882000( 3.95%)
|       TOTAL 2e GRADIENT TIME      =    25.562402000(38.07%)
|       TOTAL EXC GRADIENT TIME     =     1.947161000(  2.90%)
| TOTAL TIME          =    67.146946000
------------------------------------
| Job cpu time:  0 days  0 hours  1 minutes  7.1 seconds.

 @ Finish Output Timing Information

| Normal Termination. Task Finished on: Sat Aug 29 08:22:53 2026

======== FILE: ./taxol-2/taxol_6-31G.out ========
  104X    -0.9826070850     0.0004588046
  104Y    -5.0258756638    -0.0008846640
  104Z    -2.2518210920     0.0099783718
  105X     0.6895305627    -0.0075375788
  105Y    -0.6503325997    -0.0048008977
  105Z     2.1318040128    -0.0040598116
  106X     0.0408559131    -0.0016783184
  106Y    -1.8507204713     0.0050813725
  106Z     1.0570934807     0.0046956237
  107X    -0.5497152620     0.0042927018
  107Y    -1.7387967528     0.0052277709
  107Z     2.6730564641    -0.0085087593
  108X    -2.6864695851     0.0019557661
  108Y    -1.5071205751     0.0039685579
  108Z     2.3903168925     0.0002424598
  109X    -3.3390145450     0.0092534090
  109Y     0.1000510676    -0.0052914690
  109Z     2.4688671085    -0.0009459457
  110X    -1.9770021010    -0.0033133806
  110Y    -0.2959025626    -0.0014176538
  110Z     3.4410103628    -0.0072648430
----------------------------------------

 @ End Gradient Calculation

  Skipping one-electron property calculation.

 @ Output Timing Information

------------- TIMING ---------------
| INITIAL GUESS TIME  =     3.526726000( 13.53%)
| DFT GRID OPERATIONS =     0.450333000(  1.73%)
| TOTAL SCF TIME      =    12.166196000( 46.68%)
|       TOTAL OP TIME      =    11.625694000( 44.61%)
|             TOTAL 1e TIME      =     0.135913000(  0.52%)
|             TOTAL 2e TIME      =     5.115246000( 19.63%)
|             TOTAL EXC TIME     =     6.167797000( 23.67%)
|       TOTAL DII TIME      =     0.525963000(  2.02%)
|             TOTAL DIAG TIME    =     0.107019000(  0.41%)
| TOTAL GRADIENT TIME      =     7.910399000( 30.35%)
|       TOTAL 1e GRADIENT TIME      =     1.157799000( 4.62%)
|       TOTAL 2e GRADIENT TIME      =     5.659238000(21.72%)
|       TOTAL EXC GRADIENT TIME     =     1.046109000(  4.01%)
| TOTAL TIME          =    26.060525000
------------------------------------
| Job cpu time:  0 days  0 hours  0 minutes 26.1 seconds.

 @ Finish Output Timing Information

| Normal Termination. Task Finished on: Sat Aug 29 08:13:36 2026

======== FILE: ./taxol-2/taxol_6-31G**.out ========
  104X    -0.9826070850     0.0006555981
  104Y    -5.0258756638    -0.0012800835
  104Z    -2.2518210920     0.0101222225
  105X     0.6895305627    -0.0067578648
  105Y    -0.6503325997    -0.0042302246
  105Z     2.1318040128    -0.0044082770
  106X     0.0408559131    -0.0015091873
  106Y    -1.8507204713     0.0050858326
  106Z     1.0570934807     0.0040690311
  107X    -0.5497152620     0.0037272428
  107Y    -1.7387967528     0.0049035001
  107Z     2.6730564641    -0.0077614564
  108X    -2.6864695851     0.0018467762
  108Y    -1.5071205751     0.0034926288
  108Z     2.3903168925    -0.0003233195
  109X    -3.3390145450     0.0090774640
  109Y     0.1000510676    -0.0055368565
  109Z     2.4688671085    -0.0010813004
  110X    -1.9770021010    -0.0027857414
  110Y    -0.2959025626    -0.0010874044
  110Z     3.4410103628    -0.0065458155
----------------------------------------

 @ End Gradient Calculation

  Skipping one-electron property calculation.

 @ Output Timing Information

------------- TIMING ---------------
| INITIAL GUESS TIME  =     4.261737000(  6.10%)
| DFT GRID OPERATIONS =     0.465539000(  0.67%)
| TOTAL SCF TIME      =    31.028495000( 44.41%)
|       TOTAL OP TIME      =    30.014540000( 42.96%)
|             TOTAL 1e TIME      =     0.293835000(  0.42%)
|             TOTAL 2e TIME      =    19.433144000( 27.82%)
|             TOTAL EXC TIME     =     9.813333000( 14.05%)
|       TOTAL DII TIME      =     0.967260000(  1.38%)
|             TOTAL DIAG TIME    =     0.185199000(  0.27%)
| TOTAL GRADIENT TIME      =    32.848144000( 47.02%)
|       TOTAL 1e GRADIENT TIME      =     2.630475000( 3.89%)
|       TOTAL 2e GRADIENT TIME      =    28.401991000(40.66%)
|       TOTAL EXC GRADIENT TIME     =     1.730493000(  2.48%)
| TOTAL TIME          =    69.860476000
------------------------------------
| Job cpu time:  0 days  0 hours  1 minutes  9.9 seconds.

 @ Finish Output Timing Information

| Normal Termination. Task Finished on: Sat Aug 29 08:15:47 2026

======== FILE: ./taxol-1/taxol_6-31G*.out ========
  104X    -0.9826070850     0.0006088281
  104Y    -5.0258756638    -0.0012077674
  104Z    -2.2518210920     0.0105395491
  105X     0.6895305627    -0.0073646821
  105Y    -0.6503325997    -0.0044927619
  105Z     2.1318040128    -0.0046437576
  106X     0.0408559131    -0.0016075895
  106Y    -1.8507204713     0.0055719855
  106Z     1.0570934807     0.0043442253
  107X    -0.5497152620     0.0039405139
  107Y    -1.7387967528     0.0053813570
  107Z     2.6730564641    -0.0084562550
  108X    -2.6864695851     0.0020953123
  108Y    -1.5071205751     0.0041594152
  108Z     2.3903168925    -0.0003557441
  109X    -3.3390145450     0.0094761092
  109Y     0.1000510676    -0.0057736855
  109Z     2.4688671085    -0.0012386899
  110X    -1.9770021010    -0.0030741747
  110Y    -0.2959025626    -0.0012029525
  110Z     3.4410103628    -0.0073020037
----------------------------------------

 @ End Gradient Calculation

  Skipping one-electron property calculation.

 @ Output Timing Information

------------- TIMING ---------------
| INITIAL GUESS TIME  =     4.089525000(  6.91%)
| DFT GRID OPERATIONS =     0.469508000(  0.79%)
| TOTAL SCF TIME      =    25.851877000( 43.66%)
|       TOTAL OP TIME      =    25.012309000( 42.24%)
|             TOTAL 1e TIME      =     0.245150000(  0.41%)
|             TOTAL 2e TIME      =    15.296836000( 25.83%)
|             TOTAL EXC TIME     =     9.081917000( 15.34%)
|       TOTAL DII TIME      =     0.803810000(  1.36%)
|             TOTAL DIAG TIME    =     0.146224000(  0.25%)
| TOTAL GRADIENT TIME      =    27.066993000( 45.71%)
|       TOTAL 1e GRADIENT TIME      =     2.280951000( 3.98%)
|       TOTAL 2e GRADIENT TIME      =    23.105137000(39.02%)
|       TOTAL EXC GRADIENT TIME     =     1.606566000(  2.71%)
| TOTAL TIME          =    59.211108000
------------------------------------
| Job cpu time:  0 days  0 hours  0 minutes 59.2 seconds.

 @ Finish Output Timing Information

| Normal Termination. Task Finished on: Sat Aug 29 08:14:35 2026

======== FILE: ./taxol-1/taxol_def2-SV(P).out ========
  104X    -0.9826070850     0.0009672274
  104Y    -5.0258756638    -0.0018545300
  104Z    -2.2518210920     0.0158649590
  105X     0.6895305627    -0.0118106356
  105Y    -0.6503325997    -0.0063435762
  105Z     2.1318040128    -0.0057720651
  106X     0.0408559131    -0.0030722198
  106Y    -1.8507204713     0.0085752809
  106Z     1.0570934807     0.0077763264
  107X    -0.5497152620     0.0051094535
  107Y    -1.7387967528     0.0082766204
  107Z     2.6730564641    -0.0122267802
  108X    -2.6864695851     0.0035458010
  108Y    -1.5071205751     0.0086221789
  108Z     2.3903168925     0.0000183953
  109X    -3.3390145450     0.0140513208
  109Y     0.1000510676    -0.0084860215
  109Z     2.4688671085    -0.0009437982
  110X    -1.9770021010    -0.0048774130
  110Y    -0.2959025626    -0.0022242026
  110Z     3.4410103628    -0.0116263915
----------------------------------------

 @ End Gradient Calculation

  Skipping one-electron property calculation.

 @ Output Timing Information

------------- TIMING ---------------
| INITIAL GUESS TIME  =     4.120443000(  7.50%)
| DFT GRID OPERATIONS =     0.448415000(  0.82%)
| TOTAL SCF TIME      =    25.391717000( 46.21%)
|       TOTAL OP TIME      =    24.554240000( 44.69%)
|             TOTAL 1e TIME      =     0.229377000(  0.42%)
|             TOTAL 2e TIME      =    13.814090000( 25.14%)
|             TOTAL EXC TIME     =    10.125893000( 18.43%)
|       TOTAL DII TIME      =     0.802817000(  1.46%)
|             TOTAL DIAG TIME    =     0.153064000(  0.28%)
| TOTAL GRADIENT TIME      =    24.032692000( 43.74%)
|       TOTAL 1e GRADIENT TIME      =     2.145412000( 4.03%)
|       TOTAL 2e GRADIENT TIME      =    20.039322000(36.47%)
|       TOTAL EXC GRADIENT TIME     =     1.776526000(  3.23%)
| TOTAL TIME          =    54.944829000
------------------------------------
| Job cpu time:  0 days  0 hours  0 minutes 54.9 seconds.

 @ Finish Output Timing Information

| Normal Termination. Task Finished on: Sat Aug 29 08:21:44 2026

======== FILE: ./taxol-1/taxol_3-21G.out ========
  104X    -0.9826070850     0.0008866788
  104Y    -5.0258756638    -0.0016975568
  104Z    -2.2518210920     0.0090173027
  105X     0.6895305627    -0.0074836680
  105Y    -0.6503325997    -0.0063155184
  105Z     2.1318040128    -0.0025152944
  106X     0.0408559131    -0.0003885558
  106Y    -1.8507204713     0.0045546275
  106Z     1.0570934807     0.0060044854
  107X    -0.5497152620     0.0054211787
  107Y    -1.7387967528     0.0051036397
  107Z     2.6730564641    -0.0090605370
  108X    -2.6864695851     0.0011444203
  108Y    -1.5071205751     0.0042902832
  108Z     2.3903168925     0.0020954911
  109X    -3.3390145450     0.0092812466
  109Y     0.1000510676    -0.0069971480
  109Z     2.4688671085     0.0008763209
  110X    -1.9770021010    -0.0042850359
  110Y    -0.2959025626    -0.0015205652
  110Z     3.4410103628    -0.0074092524
----------------------------------------

 @ End Gradient Calculation

  Skipping one-electron property calculation.

 @ Output Timing Information

------------- TIMING ---------------
| INITIAL GUESS TIME  =     3.022271000( 16.04%)
| DFT GRID OPERATIONS =     0.421604000(  2.24%)
| TOTAL SCF TIME      =     7.508619000( 39.84%)
|       TOTAL OP TIME      =     6.959054000( 36.93%)
|             TOTAL 1e TIME      =     0.078500000(  0.42%)
|             TOTAL 2e TIME      =     2.361887000( 12.53%)
|             TOTAL EXC TIME     =     4.372958000( 23.20%)
|       TOTAL DII TIME      =     0.533066000(  2.83%)
|             TOTAL DIAG TIME    =     0.105753000(  0.56%)
| TOTAL GRADIENT TIME      =     3.609061000( 19.15%)
|       TOTAL 1e GRADIENT TIME      =     0.683360000( 3.86%)
|       TOTAL 2e GRADIENT TIME      =     2.075384000(11.01%)
|       TOTAL EXC GRADIENT TIME     =     0.806286000(  4.28%)
| TOTAL TIME          =    18.845207000
------------------------------------
| Job cpu time:  0 days  0 hours  0 minutes 18.8 seconds.

 @ Finish Output Timing Information

| Normal Termination. Task Finished on: Sat Aug 29 08:13:10 2026

======== FILE: ./taxol-1/taxol_6-31+G**.out ========
  104X    -0.9826070850    -0.0018786503
  104Y    -5.0258756638     0.0095693026
  104Z    -2.2518210920    -0.0031198675
  105X     0.6895305627     0.0290341658
  105Y    -0.6503325997     0.0097755740
  105Z     2.1318040128     0.0060563958
  106X     0.0408559131     0.0121446079
  106Y    -1.8507204713    -0.0153280553
  106Z     1.0570934807    -0.0175825993
  107X    -0.5497152620    -0.0012148896
  107Y    -1.7387967528    -0.0108692037
  107Z     2.6730564641     0.0250297241
  108X    -2.6864695851    -0.0079390596
  108Y    -1.5071205751    -0.0323225761
  108Z     2.3903168925    -0.0209030862
  109X    -3.3390145450    -0.0210822202
  109Y     0.1000510676    -0.0000098973
  109Z     2.4688671085     0.0096028769
  110X    -1.9770021010     0.0119016804
  110Y    -0.2959025626     0.0088051184
  110Z     3.4410103628     0.0132489062
----------------------------------------

 @ End Gradient Calculation

  Skipping one-electron property calculation.

 @ Output Timing Information

------------- TIMING ---------------
| INITIAL GUESS TIME  =     6.063012000(  2.00%)
| DFT GRID OPERATIONS =     0.497952000(  0.16%)
| TOTAL SCF TIME      =   155.295906000( 51.16%)
|       TOTAL OP TIME      =   153.620251000( 50.61%)
|             TOTAL 1e TIME      =     0.503644000(  0.17%)
|             TOTAL 2e TIME      =   108.949770000( 35.89%)
|             TOTAL EXC TIME     =    43.371749000( 14.29%)
|       TOTAL DII TIME      =     1.602875000(  0.53%)
|             TOTAL DIAG TIME    =     0.251317000(  0.08%)
| TOTAL GRADIENT TIME      =   140.917835000( 46.42%)
|       TOTAL 1e GRADIENT TIME      =     4.833190000( 1.64%)
|       TOTAL 2e GRADIENT TIME      =   129.170007000(42.55%)
|       TOTAL EXC GRADIENT TIME     =     6.782661000(  2.23%)
| TOTAL TIME          =   303.555921000
------------------------------------
| Job cpu time:  0 days  0 hours  5 minutes  3.6 seconds.

 @ Finish Output Timing Information

| Normal Termination. Task Finished on: Sat Aug 29 08:20:49 2026

======== FILE: ./taxol-1/taxol_def2-SVP.out ========
  104X    -0.9826070850     0.0010147657
  104Y    -5.0258756638    -0.0019354722
  104Z    -2.2518210920     0.0155950775
  105X     0.6895305627    -0.0109629660
  105Y    -0.6503325997    -0.0059903678
  105Z     2.1318040128    -0.0054184697
  106X     0.0408559131    -0.0029906825
  106Y    -1.8507204713     0.0077880413
  106Z     1.0570934807     0.0076922261
  107X    -0.5497152620     0.0052728614
  107Y    -1.7387967528     0.0073848258
  107Z     2.6730564641    -0.0114181191
  108X    -2.6864695851     0.0030336557
  108Y    -1.5071205751     0.0077050068
  108Z     2.3903168925     0.0000590837
  109X    -3.3390145450     0.0135649766
  109Y     0.1000510676    -0.0080553804
  109Z     2.4688671085    -0.0006192524
  110X    -1.9770021010    -0.0046529994
  110Y    -0.2959025626    -0.0018725318
  110Z     3.4410103628    -0.0106961860
----------------------------------------

 @ End Gradient Calculation

  Skipping one-electron property calculation.

 @ Output Timing Information

------------- TIMING ---------------
| INITIAL GUESS TIME  =     4.314288000(  6.41%)
| DFT GRID OPERATIONS =     0.455255000(  0.68%)
| TOTAL SCF TIME      =    31.377711000( 46.61%)
|       TOTAL OP TIME      =    30.358863000( 45.09%)
|             TOTAL 1e TIME      =     0.266029000(  0.40%)
|             TOTAL 2e TIME      =    18.269568000( 27.14%)
|             TOTAL EXC TIME     =    11.368923000( 16.89%)
|       TOTAL DII TIME      =     0.973426000(  1.45%)
|             TOTAL DIAG TIME    =     0.186797000(  0.28%)
| TOTAL GRADIENT TIME      =    30.211086000( 44.87%)
|       TOTAL 1e GRADIENT TIME      =     2.529399000( 3.88%)
|       TOTAL 2e GRADIENT TIME      =    25.642752000(38.09%)
|       TOTAL EXC GRADIENT TIME     =     1.954656000(  2.90%)
| TOTAL TIME          =    67.322906000
------------------------------------
| Job cpu time:  0 days  0 hours  1 minutes  7.3 seconds.

 @ Finish Output Timing Information

| Normal Termination. Task Finished on: Sat Aug 29 08:22:51 2026

======== FILE: ./taxol-1/taxol_6-31G.out ========
  104X    -0.9826070850     0.0004588046
  104Y    -5.0258756638    -0.0008846640
  104Z    -2.2518210920     0.0099783718
  105X     0.6895305627    -0.0075375788
  105Y    -0.6503325997    -0.0048008977
  105Z     2.1318040128    -0.0040598116
  106X     0.0408559131    -0.0016783184
  106Y    -1.8507204713     0.0050813725
  106Z     1.0570934807     0.0046956237
  107X    -0.5497152620     0.0042927018
  107Y    -1.7387967528     0.0052277709
  107Z     2.6730564641    -0.0085087593
  108X    -2.6864695851     0.0019557661
  108Y    -1.5071205751     0.0039685578
  108Z     2.3903168925     0.0002424598
  109X    -3.3390145450     0.0092534090
  109Y     0.1000510676    -0.0052914690
  109Z     2.4688671085    -0.0009459457
  110X    -1.9770021010    -0.0033133806
  110Y    -0.2959025626    -0.0014176538
  110Z     3.4410103628    -0.0072648430
----------------------------------------

 @ End Gradient Calculation

  Skipping one-electron property calculation.

 @ Output Timing Information

------------- TIMING ---------------
| INITIAL GUESS TIME  =     3.519435000( 13.62%)
| DFT GRID OPERATIONS =     0.435324000(  1.68%)
| TOTAL SCF TIME      =    12.163170000( 47.07%)
|       TOTAL OP TIME      =    11.638854000( 45.04%)
|             TOTAL 1e TIME      =     0.136949000(  0.53%)
|             TOTAL 2e TIME      =     5.044720000( 19.52%)
|             TOTAL EXC TIME     =     6.254327000( 24.21%)
|       TOTAL DII TIME      =     0.509304000(  1.97%)
|             TOTAL DIAG TIME    =     0.106067000(  0.41%)
| TOTAL GRADIENT TIME      =     7.859587000( 30.42%)
|       TOTAL 1e GRADIENT TIME      =     1.140679000( 4.59%)
|       TOTAL 2e GRADIENT TIME      =     5.638566000(21.82%)
|       TOTAL EXC GRADIENT TIME     =     1.033586000(  4.00%)
| TOTAL TIME          =    25.838396000
------------------------------------
| Job cpu time:  0 days  0 hours  0 minutes 25.8 seconds.

 @ Finish Output Timing Information

| Normal Termination. Task Finished on: Sat Aug 29 08:13:36 2026

======== FILE: ./taxol-1/taxol_6-31G**.out ========
  104X    -0.9826070850     0.0006555981
  104Y    -5.0258756638    -0.0012800835
  104Z    -2.2518210920     0.0101222225
  105X     0.6895305627    -0.0067578648
  105Y    -0.6503325997    -0.0042302246
  105Z     2.1318040128    -0.0044082770
  106X     0.0408559131    -0.0015091873
  106Y    -1.8507204713     0.0050858326
  106Z     1.0570934807     0.0040690311
  107X    -0.5497152620     0.0037272428
  107Y    -1.7387967528     0.0049035001
  107Z     2.6730564641    -0.0077614564
  108X    -2.6864695851     0.0018467762
  108Y    -1.5071205751     0.0034926288
  108Z     2.3903168925    -0.0003233195
  109X    -3.3390145450     0.0090774640
  109Y     0.1000510676    -0.0055368565
  109Z     2.4688671085    -0.0010813004
  110X    -1.9770021010    -0.0027857414
  110Y    -0.2959025626    -0.0010874044
  110Z     3.4410103628    -0.0065458155
----------------------------------------

 @ End Gradient Calculation

  Skipping one-electron property calculation.

 @ Output Timing Information

------------- TIMING ---------------
| INITIAL GUESS TIME  =     4.221282000(  6.09%)
| DFT GRID OPERATIONS =     0.471787000(  0.68%)
| TOTAL SCF TIME      =    30.802719000( 44.45%)
|       TOTAL OP TIME      =    29.774103000( 42.97%)
|             TOTAL 1e TIME      =     0.279797000(  0.40%)
|             TOTAL 2e TIME      =    19.299914000( 27.85%)
|             TOTAL EXC TIME     =     9.734634000( 14.05%)
|       TOTAL DII TIME      =     0.983435000(  1.42%)
|             TOTAL DIAG TIME    =     0.188856000(  0.27%)
| TOTAL GRADIENT TIME      =    32.716034000( 47.21%)
|       TOTAL 1e GRADIENT TIME      =     2.591447000( 3.86%)
|       TOTAL 2e GRADIENT TIME      =    28.333262000(40.89%)
|       TOTAL EXC GRADIENT TIME     =     1.706577000(  2.46%)
| TOTAL TIME          =    69.298206000
------------------------------------
| Job cpu time:  0 days  0 hours  1 minutes  9.3 seconds.

 @ Finish Output Timing Information

| Normal Termination. Task Finished on: Sat Aug 29 08:15:45 2026
