| *********************************************************************************************************
| **                                                                                                     **
| **           888888888888                                                                              **
| **         8888888888888888                                                                            **
| **      888888888888888888                                                                             **
| **     888888888888888888                                                                              **
| **    888888888888888                                                                                  **
| **   88888888888888888888                               88888                       8888:              **
| **   8888888888888888888888Z                            88888                       8888:              **
| **   888888888888888888888888?                          88888                       8888:              **
| **   8888888888888      8888888                                        888888       8888:              **
| **    88888888888         888888     8888:     88888    88888        888888888I     8888:    888888    **
| **    8888888888           88888:    8888:     88888    88888      $888888888888    8888:   888888     **
| **    I8Z 88888             88888    8888:     88888    88888    .888888     8888   8888: 888888       **
| **    .8Z 88888             88888    8888:     88888    88888    $88888             8888:88888         **
| **     8I 88888      .=88. .88888    8888:     88888    88888    88888              8888888888         **
| **    :8  88888      888888$8888$    8888:     88888    88888    8888O              88888888888        **
| **   ,7   +88888.     8888888888.    8888:     88888    88888    888888             88888O888888       **
| **         $888888:.   .8888888      88888....888888    88888     888888     8888   8888:  888888      **
| **          I8888888888888888888     888888888888888    88888     O888888888888O    8888:   888888     **
| **            O888888888888888888     88888888888888    88888       88888888888$    8888:    888888    **
| **               8888888Z     888      .8888I  88888    88888         8888888       8888:     888888   **
| **                                                                                                     **
| **                                                                                                     **
| **                                         Copyright (c) 2026                                          **
| **                          Regents of the University of California San Diego                          **
| **                                    & Michigan State University                                      **
| **                                        All Rights Reserved.                                         **
| **                                                                                                     **
| **             This software is subject to the terms of the Mozilla Public License, v. 2.0.            **
| **                                                                                                     **
| *********************************************************************************************************
|                                                                                                          
| Cite this work as:                                                                                       
| Manathunga, M.; O'Hearn, K. A.; Shajan, A.; Smith, J.; Miao, Y.; He, X.; Ayers, K.;                      
| Brothers, E.; Palos, E.; Tripathy, V.; Goetz, A.W.; Merz, K.M. QUICK-26.03.                              
| University of California,San Diego, CA and                                                               
| Michigan State University, East Lansing, MI, 2026                                                        
|                                                                                                          
| If you have any comments or queries, please reach out to us on GitHub issues or discussion sections:     
| https://github.com/merzlab/QUICK.                                                                        
|                                                                                                          
| TASK STARTS ON: Fri Aug 28 18:49:20 2026
| INPUT FILE :    /work2/11707/msun12/stampede3/quickruns/3446277/txl2/taxol_def2-SV(P).in
| OUTPUT FILE:    /work2/11707/msun12/stampede3/quickruns/3446277/txl2/taxol_def2-SV(P).out
| BASIS SET PATH: /home1/11707/msun12/QUICK-cuEST-install/basis

|------------ GPU INFORMATION ---------------
| CUDA ENABLED DEVICE         :        1
| CUDA DEVICE IN USE          :        0
| CUDA DEVICE NAME            : NVIDIA H100
| CUDA DEVICE PM              :      132
| CUDA DEVICE CORE FREQ(GHZ)  :     1.98
| CUDA DEVICE MEMORY SIZE (MB):    95321
| SUPPORTING CUDA VERSION     :      9.0
|--------------------------------------------

 @ Read Job And Atom

  KEYWORD=B3LYP BASIS=DEF2-SV(P) CUTOFF=1.0E-10 DENSERMS=1.0E-6 GRADIENT CUEST
 ============== JOB CARD =============
 METHOD = DENSITY FUNCTIONAL THEORY
 DENSITY FUNCTIONAL = B3LYP
 DIRECT SCF 
 SAD INITAL GUESS 
 USE DIIS SCF
 PRINT ENERGY EVERY CYCLE
 READ SAD GUESS FROM FILE
 STANDARD GRID = SG1
 Level shifting allowed after cycle    3
 DIIS error must exceed 0.100 for level shifting
 Max HOMO-LUMO gap to allow level shifting = 0.200
 GRADIENT CALCULATION
 MAX SCF CYCLES =    200
 MAX DIIS CYCLES =   10
 DELTA DENSITY START CYCLE =    3
 COMPUTATIONAL CUTOFF: 
      TWO-e INTEGRAL         =  0.100E-09
      BASIS SET PRIME        =  0.100E-10
      MATRIX ELEMENTS        =  0.100E-09
      BASIS FUNCTION         =  0.100E-05
      NEAR-LINEAR DEPENDENCY =  0.100E-04
      GRADIENT CUTOFF  =  0.100E-06
 DENSITY MATRIX MAXIMUM RMS FOR CONVERGENCE  =  0.100E-05
 BASIS SET = DEF2-SV(P),  TYPE = CARTESIAN
| BASIS FILE = /home1/11707/msun12/QUICK-cuEST-install/basis/DEF2-SV_P.BAS
| DATA FILE  =    /work2/11707/msun12/stampede3/quickruns/3446277/txl2/taxol_def2-SV(P).dat

 @ Finish reading job


 @ Begin SAD initial guess

 For Atom Kind =    1
 ELEMENT = C 
 BASIS FUNCTIONS =   15
 For Atom Kind =    2
 ELEMENT = O 
 BASIS FUNCTIONS =   15
 For Atom Kind =    3
 ELEMENT = N 
 BASIS FUNCTIONS =   15
 For Atom Kind =    4
 ELEMENT = H 
 BASIS FUNCTIONS =    2

 @ Finish SAD initial guess


 @ Begin Reading Molecular Information


 =========== Molecule Input ==========
 TOTAL MOLECULAR CHARGE  =    0    MULTIPLICITY                =    1
 TOTAL ATOM NUMBER       =  110    NUMBER OF ATOM TYPES        =    4
 NUMBER OF HYDROGEN ATOM =   49    NUMBER OF NON-HYDROGEN ATOM =   61
 NUMBER OF ELECTRONS     =  446

 -- INPUT GEOMETRY -- :
    C          -6.3961       1.6376      -1.0167
    C          -5.5976       1.9480       0.3157
    C          -4.1358       1.3889       0.3062
    C          -4.0900      -0.2069       0.0760
    C          -5.3005      -0.5560      -0.7831
    C          -5.6408       0.5560      -1.7454
    C          -2.8203      -0.7723      -0.5951
    C          -3.4405       1.9810       1.5955
    C          -1.5723      -0.0770      -0.1719
    O          -2.6953      -2.1590      -0.1698
    O          -1.8693       1.2309      -0.7751
    C          -1.3334      -0.1176       1.4102
    C          -0.8881       1.2875       1.4845
    C           0.3196       1.5771       0.9641
    O          -4.0361       2.4498       2.5048
    O          -1.9505       2.1871       1.7492
    C          -0.2199      -0.3744      -0.8072
    C           0.8361       0.5393      -0.0882
    O          -6.3706      -0.7461       0.1815
    C          -7.5080      -1.5313       0.1764
    O          -7.7343      -2.1872       1.1532
    C          -8.4523      -1.4158      -0.9939
    C          -5.4161      -1.5091      -2.0070
    O          -6.2193      -0.4454      -2.6903
    O          -5.4268       3.3774       0.3776
    O          -1.6122       4.1801       0.0344
    C          -0.7941       5.2258       0.2991
    O          -0.3049       5.8646      -0.5895
    C          -0.5432       5.4737       1.7764
    C           1.2299       2.7853       1.0315
    O           1.9361      -0.3334       0.3600
    C           3.1924       0.0393       0.0732
    O           3.4565       1.0474      -0.5230
    C           4.1742      -1.0075       0.5409
    C           5.5923      -0.5508       0.2305
    C           6.6535      -1.6277       0.4268
    C           6.3531      -2.9590       0.6578
    C           7.3484      -3.9223       0.5946
    C           8.6553      -3.5578       0.3263
    C           8.9721      -2.2174       0.1751
    C           7.9781      -1.2615       0.2323
    O           4.0118      -1.2781       1.9326
    N           5.9708       0.6810       0.8873
    C           6.1083       1.9571       0.3956
    O           6.3193       2.8804       1.1683
    C           5.8856       2.2295      -1.0684
    C           6.1183       1.3531      -2.1154
    C           5.5666       1.5986      -3.3628
    C           4.8505       2.7661      -3.5881
    C           4.7601       3.7103      -2.5860
    C           5.2758       3.4420      -1.3327
    C          -2.1367      -3.0476      -1.0301
    O          -2.1452      -2.8534      -2.2329
    C          -1.5034      -4.2030      -0.3691
    C          -1.4396      -4.3267       1.0054
    C          -0.7639      -5.3990       1.5627
    C          -0.1729      -6.3469       0.7428
    C          -0.2556      -6.2275      -0.6353
    C          -0.9156      -5.1510      -1.1911
    C          -0.2097      -1.1547       1.8364
    C          -2.4301      -0.4562       2.4708
    H          -3.6492       1.8683      -0.5156
    H          -4.2442      -0.7298       0.9946
    H          -6.1319       1.5762       1.1739
    H          -6.4278       2.5627      -1.5682
    H          -7.3896       1.3053      -0.7745
    H          -4.7466       0.9454      -2.2120
    H          -2.8856      -0.7190      -1.6683
    H          -1.1756       1.8958      -0.6851
    H          -1.8482       3.6442       0.8092
    H          -0.3040      -0.0417      -1.8339
    H           0.0915      -1.3953      -0.8029
    H           1.2665       1.1760      -0.8368
    H          -7.9448      -1.4088      -1.9397
    H          -8.9861      -0.4737      -0.9254
    H          -9.1715      -2.2206      -0.9250
    H          -5.9697      -2.4207      -1.8715
    H          -4.4957      -1.6916      -2.5342
    H          -6.1859       3.7990       0.8058
    H          -0.4047       4.5303       2.2919
    H          -1.4092       5.9590       2.2202
    H           0.3171       6.0932       1.8872
    H           1.4833       3.0343       2.0569
    H           0.8689       3.6688       0.5366
    H           2.1685       2.5342       0.5368
    H           3.9670      -1.8925      -0.0573
    H           5.5542      -0.3517      -0.8218
    H           5.3545      -3.2557       0.9039
    H           7.0989      -4.9514       0.7469
    H           9.4172      -4.3037       0.2408
    H           9.9857      -1.9178       0.0023
    H           8.2255      -0.2253       0.1253
    H           3.1299      -1.6338       2.1084
    H           6.0936       0.6251       1.8860
    H           6.7084       0.4705      -1.9833
    H           5.6744       0.8728      -4.1413
    H           4.3798       2.9274      -4.5336
    H           4.2564       4.6442      -2.7661
    H           5.1747       4.1495      -0.5327
    H          -1.9016      -3.5962       1.6316
    H          -0.6960      -5.4955       2.6284
    H           0.3482      -7.1761       1.1766
    H           0.1935      -6.9648      -1.2689
    H          -0.9826      -5.0259      -2.2518
    H           0.6895      -0.6503       2.1318
    H           0.0409      -1.8507       1.0571
    H          -0.5497      -1.7388       2.6731
    H          -2.6865      -1.5071       2.3903
    H          -3.3390       0.1001       2.4689
    H          -1.9770      -0.2959       3.4410

============== BASIS INFOS ==============
 BASIS FUNCTIONS = 1013
 NSHELL =  464 NPRIM  = 1721
 JSHELL =  464 JBASIS =  928


 @ End Reading Molecular Information 


 @ Begin XC Quadrature Formation

 OCTAGO: OCTree Algorithm for Grid Operations 
   PRUNING CUTOFF       = 0.100E-06
   INITIAL GRID POINTS  =      416624
|   FINAL GRID POINTS    =           0
|   SIGNIFICANT NUMBER OF BASIS FUNCTIONS     =           0
|   SIGNIFICANT NUMBER OF PRIMITIVE FUNCTIONS =           0

 @ End XC Quadrature Formation


 @ Begin Energy Calculation

| condition number of overlap matrix:    3.778E+04
| Smallest eigenvalue of overlap matrix:    2.617E-04

                                         SCF ENERGY
| ------------------------------------------------------------------------------------------------------------------------
| NCYC       ENERGY         DELTA_E      SCF_TIME  DII_CYC   DII_TIME   O_TIME  DIAG_TIME    MAX_ERR    RMS_CHG    MAX_CHG
| ------------------------------------------------------------------------------------------------------------------------
|  1  -2897.635718385      ------         0.309     1        0.05      0.25      0.01    0.5272E+00  0.1087E+00  0.3320E+02
|  2  -2634.195623086  -.263440E+03       0.260     2        0.05      0.20      0.01    0.1759E+01  0.1231E+00  0.3335E+02
|  3  -2600.706599602  -.334890E+02       0.275     3        0.07      0.20      0.01    0.1480E+01  0.1716E+00  0.5311E+02
|   ***  Level shifting applied  ( HOMO-LUMO gap =  0.004 au ) ***
|  4  -2472.862599804  -.127844E+03       0.278     4        0.07      0.20      0.01    0.1406E+01  0.1099E+00  0.3022E+02
|   ***  Level shifting applied  ( HOMO-LUMO gap =  0.009 au ) ***
|  5  -2707.755383956  0.234893E+03       0.291     5        0.07      0.21      0.01    0.1139E+01  0.7938E-01  0.1695E+02
|   ***  Level shifting applied  ( HOMO-LUMO gap =  0.007 au ) ***
|  6  -2841.809107237  0.134054E+03       0.285     6        0.08      0.20      0.01    0.7963E+00  0.5602E-01  0.1810E+02
|   ***  Level shifting applied  ( HOMO-LUMO gap =  0.002 au ) ***
|  7  -2843.459074447  0.164997E+01       0.287     7        0.08      0.20      0.01    0.1113E+01  0.1603E+00  0.5639E+02
|   ***  Level shifting applied  ( HOMO-LUMO gap =  0.001 au ) ***
|  8  -2558.492793841  -.284966E+03       0.290     8        0.08      0.20      0.01    0.1405E+01  0.9321E-01  0.2836E+02
|   ***  Level shifting applied  ( HOMO-LUMO gap =  0.003 au ) ***
|  9  -2716.509165062  0.158016E+03       0.294     9        0.09      0.20      0.01    0.1313E+01  0.7346E-01  0.2477E+02
|   ***  Level shifting applied  ( HOMO-LUMO gap =  0.005 au ) ***
| 10  -2762.100351139  0.455912E+02       0.296    10        0.09      0.20      0.01    0.1301E+01  0.1061E-01  0.1827E+01
|   ***  Level shifting applied  ( HOMO-LUMO gap =  0.002 au ) ***
| 11  -2772.694304262  0.105940E+02       0.317     1        0.11      0.20      0.01    0.1297E+01  0.9070E-02  0.1050E+01
|   ***  Level shifting applied  ( HOMO-LUMO gap =  0.032 au ) ***
| 12  -2762.957498466  -.973681E+01       0.317     2        0.11      0.20      0.01    0.1311E+01  0.4379E-02  0.1286E+01
|   ***  Level shifting applied  ( HOMO-LUMO gap =  0.008 au ) ***
| 13  -2769.346423790  0.638893E+01       0.317     3        0.11      0.20      0.01    0.1298E+01  0.4486E-01  0.1133E+02
|   ***  Level shifting applied  ( HOMO-LUMO gap =  0.051 au ) ***
| 14  -2709.027989866  -.603184E+02       0.317     4        0.11      0.20      0.01    0.1263E+01  0.3042E-02  0.4156E+00
|   ***  Level shifting applied  ( HOMO-LUMO gap =  0.006 au ) ***
| 15  -2706.994718434  -.203327E+01       0.320     5        0.11      0.21      0.01    0.1265E+01  0.9886E-01  0.3303E+02
|   ***  Level shifting applied  ( HOMO-LUMO gap =  0.146 au ) ***
| 16  -2611.583861882  -.954109E+02       0.324     6        0.11      0.21      0.01    0.1395E+01  0.4729E-01  0.1064E+02
|   ***  Level shifting applied  ( HOMO-LUMO gap =  0.012 au ) ***
| 17  -2511.742635479  -.998412E+02       0.321     7        0.11      0.21      0.01    0.1956E+01  0.1061E+01  0.3802E+03
|   ***  Level shifting applied  ( HOMO-LUMO gap =  0.003 au ) ***
| 18    172.093484257  -.268384E+04       0.318     8        0.11      0.20      0.01    0.3623E+01  0.9732E+00  0.3599E+03
|   ***  Level shifting applied  ( HOMO-LUMO gap =  0.015 au ) ***
| 19  -1835.909815222  0.200800E+04       0.324     9        0.12      0.20      0.01    0.2814E+01  0.1552E+00  0.3307E+02
|   ***  Level shifting applied  ( HOMO-LUMO gap =  0.002 au ) ***
| 20  -2675.379247774  0.839469E+03       0.319    10        0.11      0.20      0.01    0.1675E+01  0.2069E+00  0.7384E+02
|   ***  Level shifting applied  ( HOMO-LUMO gap =  0.010 au ) ***
| 21  -2532.014619041  -.143365E+03       0.318     1        0.11      0.20      0.01    0.2105E+01  0.1946E+00  0.7288E+02
|   ***  Level shifting applied  ( HOMO-LUMO gap =  0.004 au ) ***
| 22  -2850.607141241  0.318593E+03       0.318     2        0.11      0.20      0.01    0.9421E+00  0.1629E+00  0.4256E+02
|   ***  Level shifting applied  ( HOMO-LUMO gap =  0.003 au ) ***
| 23  -2250.264743206  -.600342E+03       0.324     3        0.11      0.21      0.01    0.1856E+01  0.1024E+00  0.3559E+02
|   ***  Level shifting applied  ( HOMO-LUMO gap =  0.002 au ) ***
| 24  -2524.668742438  0.274404E+03       0.318     4        0.11      0.20      0.01    0.1614E+01  0.9175E-01  0.2059E+02
|   ***  Level shifting applied  ( HOMO-LUMO gap =  0.005 au ) ***
| 25  -2782.321256191  0.257653E+03       0.321     5        0.11      0.20      0.01    0.1031E+01  0.4467E-01  0.8607E+01
|   ***  Level shifting applied  ( HOMO-LUMO gap =  0.005 au ) ***
| 26  -2882.975413602  0.100654E+03       0.319     6        0.11      0.20      0.01    0.7092E+00  0.2475E-01  0.4618E+01
|   ***  Level shifting applied  ( HOMO-LUMO gap =  0.005 au ) ***
| 27  -2915.274119600  0.322987E+02       0.329     7        0.11      0.21      0.01    0.9881E+00  0.9402E-02  0.1428E+01
|   ***  Level shifting applied  ( HOMO-LUMO gap =  0.006 au ) ***
| 28  -2912.456872167  -.281725E+01       0.320     8        0.11      0.20      0.01    0.1172E+01  0.6452E-02  0.9433E+00
|   ***  Level shifting applied  ( HOMO-LUMO gap =  0.017 au ) ***
| 29  -2924.045776652  0.115889E+02       0.321     9        0.11      0.21      0.01    0.4876E+00  0.3358E-02  0.5227E+00
|   ***  Level shifting applied  ( HOMO-LUMO gap =  0.084 au ) ***
| 30  -2924.736626069  0.690849E+00       0.320    10        0.11      0.20      0.01    0.3751E+00  0.1464E-02  0.2260E+00
|   ***  Level shifting applied  ( HOMO-LUMO gap =  0.118 au ) ***
| 31  -2924.978775878  0.242150E+00       0.309     1        0.10      0.21      0.01    0.5854E-01  0.6684E-03  0.7078E-01
| 32  -2925.005035685  0.262598E-01       0.306     2        0.10      0.20      0.01    0.5829E-01  0.3298E-03  0.2478E-01
| 33  -2925.017110026  0.120743E-01       0.307     3        0.10      0.20      0.01    0.1721E-01  0.1905E-03  0.1868E-01
| 34  -2925.019616545  0.250652E-02       0.306     4        0.10      0.20      0.01    0.1323E-01  0.1067E-03  0.1158E-01
| 35  -2925.020743961  0.112742E-02       0.307     5        0.10      0.20      0.01    0.8548E-02  0.6071E-04  0.4507E-02
| 36  -2925.021040197  0.296237E-03       0.306     6        0.10      0.20      0.01    0.2243E-02  0.1639E-04  0.1593E-02
| 37  -2925.021064858  0.246607E-04       0.307     7        0.10      0.20      0.01    0.7944E-03  0.6726E-05  0.7600E-03
| 38  -2925.021068704  0.384639E-05       0.306     8        0.10      0.20      0.01    0.2381E-03  0.2339E-05  0.2295E-03
| 39  -2925.021069274  0.569249E-06       0.306     9        0.10      0.20      0.01    0.8980E-04  0.8160E-06  0.8945E-04
| ------------------------------------------------------------------------------------------------------------------------
| REACH CONVERGENCE AFTER  39 CYCLES
| MAX ERROR = 0.898040E-04   RMS CHANGE = 0.815988E-06   MAX CHANGE = 0.894489E-04
| -----------------------------------------------
 ALPHA ELECTRON DENSITY    =   223.0008207637
 BETA ELECTRON DENSITY     =   223.0008207637
 ELECTRONIC ENERGY    = -12592.090944597
 CORE_CORE REPULSION  =   9667.069875324
 TOTAL ENERGY         =  -2925.021069274

 @ End Energy calculation


 @ Begin Gradient Calculation

 ANALYTICAL GRADIENT: 
----------------------------------------
 COORDINATE    XYZ            GRADIENT
----------------------------------------
    1X    -6.3960620484    -0.0149225163
    1Y     1.6375501950     0.0057518633
    1Z    -1.0167391376    -0.0036515005
    2X    -5.5976016175    -0.0081172602
    2Y     1.9479657588    -0.0233754729
    2Z     0.3156763941     0.0167007371
    3X    -4.1358426958     0.0111196153
    3Y     1.3888886961     0.0077059133
    3Z     0.3061559434    -0.0205294002
    4X    -4.0900119523    -0.0039954558
    4Y    -0.2069339958    -0.0115343557
    4Z     0.0759908158     0.0172435415
    5X    -5.3005248048     0.0098677089
    5Y    -0.5559696325     0.0042405830
    5Z    -0.7831189998    -0.0012860902
    6X    -5.6408357108     0.0162052930
    6Y     0.5560152125     0.0238763435
    6Z    -1.7454175833     0.0068469172
    7X    -2.8203121254     0.0025139007
    7Y    -0.7723427990     0.0196327112
    7Z    -0.5951161554    -0.0123485023
    8X    -3.4405170127    -0.0077323529
    8Y     1.9809802613     0.0053436837
    8Z     1.5954933618    -0.0069472684
    9X    -1.5722955801    -0.0055183551
    9Y    -0.0769638959    -0.0192110666
    9Z    -0.1719253231     0.0089564167
   10X    -2.6953277358     0.0023790843
   10Y    -2.1590275449    -0.0013229501
   10Z    -0.1697708530    -0.0012585114
   11X    -1.8693494728     0.0050337863
   11Y     1.2308627640     0.0132359369
   11Z    -0.7751224092     0.0017520009
   12X    -1.3334065318     0.0002962312
   12Y    -0.1176307990     0.0154294151
   12Z     1.4101577377    -0.0077107538
   13X    -0.8881045478     0.0268865663
   13Y     1.2874585683    -0.0165039304
   13Z     1.4845317434    -0.0082572757
   14X     0.3196037144    -0.0227883009
   14Y     1.5770568504     0.0022603095
   14Z     0.9640606036     0.0146112155
   15X    -4.0360630582     0.0023417679
   15Y     2.4497905671     0.0004708246
   15Z     2.5047991213     0.0008723157
   16X    -1.9504981989    -0.0086496633
   16Y     2.1870801370     0.0054560471
   16Z     1.7492358836    -0.0023838577
   17X    -0.2198636968     0.0016462170
   17Y    -0.3744037186    -0.0183009459
   17Z    -0.8072270516    -0.0102178289
   18X     0.8361322639    -0.0002163557
   18Y     0.5392960612     0.0118271682
   18Z    -0.0882305667    -0.0162747928
   19X    -6.3705655165    -0.0044401396
   19Y    -0.7461437470     0.0049813880
   19Z     0.1814962939    -0.0034110538
   20X    -7.5079891033    -0.0052054704
   20Y    -1.5312545569     0.0006588482
   20Z     0.1764442435     0.0017814583
   21X    -7.7343174206     0.0010822750
   21Y    -2.1872431170     0.0002126999
   21Z     1.1532460581    -0.0020893373
   22X    -8.4523256355    -0.0035138686
   22Y    -1.4157501381     0.0046545588
   22Z    -0.9939260359    -0.0123468697
   23X    -5.4161060936     0.0150303428
   23Y    -1.5091024852    -0.0418861265
   23Z    -2.0070004333    -0.0050662721
   24X    -6.2192576349    -0.0147591572
   24Y    -0.4454467640     0.0002897015
   24Z    -2.6902952054    -0.0113270000
   25X    -5.4267630344    -0.0012214241
   25Y     3.3774439679     0.0079898954
   25Z     0.3776243788     0.0006114684
   26X    -1.6122442331    -0.0008789088
   26Y     4.1801173692    -0.0072903214
   26Z     0.0343779426     0.0172415018
   27X    -0.7940924306     0.0009802303
   27Y     5.2257743591     0.0040115183
   27Z     0.2990567328    -0.0046948539
   28X    -0.3048947533     0.0004801296
   28Y     5.8645770378    -0.0034213039
   28Z    -0.5895333050     0.0038547015
   29X    -0.5432142115     0.0149597957
   29Y     5.4736988580     0.0085608423
   29Z     1.7763875257     0.0113055113
   30X     1.2298581039     0.0029018849
   30Y     2.7852910627     0.0119820172
   30Z     1.0315035488    -0.0011768898
   31X     1.9361231978     0.0052229319
   31Y    -0.3334212455    -0.0029675875
   31Z     0.3599506875     0.0005593801
   32X     3.1923973838     0.0140826634
   32Y     0.0392867930    -0.0031134033
   32Z     0.0732008056     0.0039218184
   33X     3.4564615139    -0.0028293763
   33Y     1.0474090400    -0.0037072234
   33Z    -0.5229789999     0.0045851916
   34X     4.1741653088     0.0001791291
   34Y    -1.0074733869    -0.0037467489
   34Z     0.5409361113    -0.0188449472
   35X     5.5923107171    -0.0034822441
   35Y    -0.5507792521     0.0058001570
   35Z     0.2305424976    -0.0158896909
   36X     6.6535037881     0.0097925231
   36Y    -1.6276655543    -0.0108267809
   36Z     0.4267850326     0.0026158441
   37X     6.3531150051    -0.0012136280
   37Y    -2.9590429360     0.0034548625
   37Z     0.6578478902     0.0002775729
   38X     7.3484382612    -0.0005000109
   38Y    -3.9223477295    -0.0031702050
   38Z     0.5946433254     0.0001766006
   39X     8.6553271210     0.0012694197
   39Y    -3.5577624717    -0.0015582528
   39Z     0.3262773549    -0.0004361917
   40X     8.9721243751     0.0000304754
   40Y    -2.2174055893     0.0018875180
   40Z     0.1751067634    -0.0004014794
   41X     7.9780886392    -0.0016062776
   41Y    -1.2615409463     0.0021985163
   41Z     0.2323472177     0.0001458470
   42X     4.0117557664    -0.0082246175
   42Y    -1.2781154276    -0.0027328309
   42Z     1.9325733176     0.0053400155
   43X     5.9708271360    -0.0002614049
   43Y     0.6810003920     0.0021136699
   43Z     0.8873416378     0.0052092874
   44X     6.1083015365    -0.0027191142
   44Y     1.9571430895    -0.0063469733
   44Z     0.3956142302    -0.0023395687
   45X     6.3193162726    -0.0020052707
   45Y     2.8803622800     0.0005982575
   45Z     1.1682892292    -0.0020541983
   46X     5.8856240794    -0.0063993217
   46Y     2.2294773203     0.0036158323
   46Z    -1.0684369316    -0.0166968647
   47X     6.1182760772     0.0006461360
   47Y     1.3530946933     0.0002870877
   47Z    -2.1154263515     0.0071008761
   48X     5.5666096951    -0.0009568501
   48Y     1.5985928121    -0.0050696886
   48Z    -3.3627524368    -0.0028234247
   49X     4.8504996604    -0.0039574215
   49Y     2.7660993212     0.0061879696
   49Z    -3.5880647940     0.0000913666
   50X     4.7600527335     0.0016600487
   50Y     3.7102514633    -0.0058275726
   50Z    -2.5859740575    -0.0012953369
   51X     5.2758312329     0.0025565685
   51Y     3.4419996328    -0.0056124950
   51Z    -1.3326645918     0.0031636676
   52X    -2.1366951232     0.0085379009
   52Y    -3.0476308227    -0.0167018968
   52Z    -1.0300506687     0.0190885678
   53X    -2.1451656838    -0.0026273633
   53Y    -2.8533799779     0.0050729127
   53Z    -2.2328872205    -0.0087338570
   54X    -1.5033715748     0.0083382188
   54Y    -4.2030090710    -0.0103590615
   54Z    -0.3691075382     0.0091030632
   55X    -1.4395727999    -0.0025456234
   55Y    -4.3266984404     0.0059501216
   55Z     1.0054186368    -0.0069211836
   56X    -0.7638830383     0.0006154071
   56Y    -5.3989755623    -0.0001233028
   56Z     1.5627243193     0.0010388789
   57X    -0.1728504332     0.0008290329
   57Y    -6.3468611347    -0.0007179334
   57Z     0.7427716867    -0.0005531682
   58X    -0.2555829795     0.0001571725
   58Y    -6.2275391756    -0.0006606537
   58Z    -0.6353203685    -0.0003000490
   59X    -0.9155594699    -0.0020840449
   59Y    -5.1509647533     0.0052272373
   59Z    -1.1911104510     0.0006641085
   60X    -0.2097392960     0.0156750876
   60Y    -1.1547475382    -0.0111505068
   60Z     1.8364341802     0.0061452628
   61X    -2.4300503956    -0.0115901759
   61Y    -0.4562313148     0.0021597636
   61Z     2.4707643087     0.0135725380
   62X    -3.6491745187    -0.0049099293
   62Y     1.8683153927    -0.0053857022
   62Z    -0.5155830594     0.0101660418
   63X    -4.2442042941     0.0015390994
   63Y    -0.7298029557     0.0052572778
   63Z     0.9946071660    -0.0134761145
   64X    -6.1319130983     0.0075934883
   64Y     1.5761652304     0.0039112689
   64Z     1.1739417496    -0.0116478465
   65X    -6.4278100209     0.0018135667
   65Y     2.5627464257    -0.0112089827
   65Z    -1.5682089798     0.0086414662
   66X    -7.3896389443     0.0149675821
   66Y     1.3053382297     0.0024827768
   66Z    -0.7744957191    -0.0026006618
   67X    -4.7465709525    -0.0106382546
   67Y     0.9454138022    -0.0065927906
   67Z    -2.2120482489     0.0066135521
   68X    -2.8855556304     0.0011384151
   68Y    -0.7190312849     0.0028498346
   68Z    -1.6682582674     0.0121438922
   69X    -1.1756472598    -0.0062274358
   69Y     1.8958447948    -0.0017911738
   69Z    -0.6850815723    -0.0039446088
   70X    -1.8481633811    -0.0015297903
   70Y     3.6442038083     0.0012879104
   70Z     0.8091516318    -0.0095893435
   71X    -0.3040223032    -0.0016417362
   71Y    -0.0416779132     0.0015597744
   71Z    -1.8339006500     0.0117272991
   72X     0.0915191370    -0.0067088294
   72Y    -1.3952922665     0.0189800962
   72Z    -0.8028716213    -0.0012050229
   73X     1.2665208967    -0.0095039896
   73Y     1.1759764098    -0.0083346046
   73Z    -0.8367613039     0.0114440336
   74X    -7.9447757667    -0.0058010778
   74Y    -1.4087837076    -0.0012168178
   74Z    -1.9396808281     0.0147600664
   75X    -8.9860731662     0.0063063833
   75Y    -0.4736978662    -0.0119078314
   75Z    -0.9254125307    -0.0014274852
   76X    -9.1714810604     0.0084340601
   76Y    -2.2205725696     0.0089617512
   76Z    -0.9250167206    -0.0002689577
   77X    -5.9696663559     0.0095024365
   77Y    -2.4206610149     0.0148389974
   77Z    -1.8715271229    -0.0020470722
   78X    -4.4956991333    -0.0130864394
   78Y    -1.6916168492     0.0036450883
   78Z    -2.5341524535     0.0081037815
   79X    -6.1859311524     0.0009884748
   79Y     3.7990295001     0.0031491784
   79Z     0.8057985915    -0.0016822417
   80X    -0.4047348909    -0.0015471894
   80Y     4.5302822759     0.0073116068
   80Z     2.2918681450    -0.0080473820
   81X    -1.4092254776     0.0086759350
   81Y     5.9590269651    -0.0064375772
   81Z     2.2201989695    -0.0044293581
   82X     0.3171041142    -0.0185475752
   82Y     6.0931668053    -0.0144884128
   82Z     1.8871610341    -0.0036062869
   83X     1.4832825233     0.0004916474
   83Y     3.0343297417    -0.0041147880
   83Z     2.0569032671    -0.0115965426
   84X     0.8689347864     0.0055701719
   84Y     3.6687759202    -0.0127314903
   84Z     0.5365847410     0.0076334516
   85X     2.1684890256    -0.0046784207
   85Y     2.5341565935    -0.0002957574
   85Z     0.5367745110     0.0011965290
   86X     3.9669616429     0.0017623242
   86Y    -1.8924970245     0.0112720886
   86Z    -0.0572581044     0.0056634481
   87X     5.5541776341     0.0004031539
   87Y    -0.3516751969    -0.0023450363
   87Z    -0.8217997928     0.0136624399
   88X     5.3544978589     0.0143396727
   88Y    -3.2557102186     0.0046118427
   88Z     0.9038848590    -0.0019212530
   89X     7.0989144921     0.0040775898
   89Y    -4.9513961981     0.0172529225
   89Z     0.7469288470    -0.0031158616
   90X     9.4171946391    -0.0129058603
   90Y    -4.3036937586     0.0125420768
   90Z     0.2407856384     0.0001449536
   91X     9.9857451625    -0.0161974503
   91Y    -1.9177654664    -0.0043457821
   91Z     0.0023467702     0.0027060442
   92X     8.2254739781    -0.0039147715
   92Y    -0.2253064972    -0.0153217472
   92Z     0.1253413196     0.0030190205
   93X     3.1299497190     0.0035780318
   93Y    -1.6337869448    -0.0002962103
   93Z     2.1083780410     0.0030598558
   94X     6.0936142953    -0.0005360990
   94Y     0.6250744177    -0.0008377805
   94Z     1.8859549340    -0.0078294258
   95X     6.7084385023    -0.0089332953
   95Y     0.4705180859     0.0129657254
   95Z    -1.9833353715    -0.0018874286
   96X     5.6743955033    -0.0035718224
   96Y     0.8727860166     0.0110710760
   96Z    -4.1412753062     0.0138587818
   97X     4.3798459545     0.0071356719
   97Y     2.9274162635    -0.0041457467
   97Z    -4.5335959262     0.0172284306
   98X     4.2563846850     0.0063989920
   98Y     4.6442142246    -0.0111614310
   98Z    -2.7660689312     0.0021685803
   99X     5.1747309752     0.0023427644
   99Y     4.1495329469    -0.0085119782
   99Z    -0.5327311807    -0.0108653186
  100X    -1.9015966152     0.0074545554
  100Y    -3.5961884646    -0.0110983218
  100Z     1.6316251146    -0.0093601860
  101X    -0.6959961231    -0.0004634120
  101Y    -5.4955301297     0.0014696271
  101Z     2.6284273507    -0.0155920437
  102X     0.3482320666    -0.0081090348
  102Y    -7.1761497180     0.0131150509
  102Z     1.1766068899    -0.0068628137
  103X     0.1934856248    -0.0073221967
  103Y    -6.9647955319     0.0115704192
  103Z    -1.2689412269     0.0096809144
  104X    -0.9826070850     0.0009666126
  104Y    -5.0258756638    -0.0018538962
  104Z    -2.2518210920     0.0158534342
  105X     0.6895305627    -0.0118122621
  105Y    -0.6503325997    -0.0063445220
  105Z     2.1318040128    -0.0057743318
  106X     0.0408559131    -0.0030712547
  106Y    -1.8507204713     0.0085834150
  106Z     1.0570934807     0.0077767450
  107X    -0.5497152620     0.0051081008
  107Y    -1.7387967528     0.0082781962
  107Z     2.6730564641    -0.0122274746
  108X    -2.6864695851     0.0035432989
  108Y    -1.5071205751     0.0086224638
  108Z     2.3903168925     0.0000127435
  109X    -3.3390145450     0.0140491458
  109Y     0.1000510676    -0.0084848198
  109Z     2.4688671085    -0.0009440209
  110X    -1.9770021010    -0.0048786191
  110Y    -0.2959025626    -0.0022238489
  110Z     3.4410103628    -0.0116260773
----------------------------------------

 @ End Gradient Calculation

  Skipping one-electron property calculation.

 @ Output cuEST Memory Footprint

------------- cuEST MEMORY USAGE ---------------
| Peak Host Footprint =    89.54 kB
| Host Allocations =    43
| Peak Device Footprint =    37.60 GB
| Device Allocations =    36
------------------------------------------------

 @ Finish Output cuEST Memory Footprint


 @ Output Timing Information

------------- TIMING ---------------
| CUEST INITIALIZATION TIME =     1.509626000(  6.36%)
| INITIAL GUESS TIME  =     4.058551000( 17.09%)
| DFT GRID OPERATIONS =     0.003012000(  0.01%)
| TOTAL SCF TIME      =    12.058725000( 50.79%)
|       TOTAL OP TIME      =     8.066616000( 33.97%)
|             TOTAL 1e TIME      =     0.031831000(  0.13%)
|             TOTAL 2e TIME      =     4.487729000( 18.90%)
|             TOTAL EXC TIME     =     2.948941000( 12.42%)
|       TOTAL DII TIME      =     3.853768000( 16.23%)
|             TOTAL DIAG TIME    =     0.514596000(  2.17%)
| TOTAL GRADIENT TIME      =     4.489429000( 18.91%)
|       TOTAL 1e GRADIENT TIME      =     2.221785000( 9.68%)
|       TOTAL 2e GRADIENT TIME      =     1.810216000( 7.62%)
|       TOTAL EXC GRADIENT TIME     =     0.376669000(  1.59%)
| TOTAL TIME          =    23.743535000
------------------------------------
| Job cpu time:  0 days  0 hours  0 minutes 23.7 seconds.

 @ Finish Output Timing Information

| Normal Termination. Task Finished on: Fri Aug 28 18:49:43 2026
