| *********************************************************************************************************
| **                                                                                                     **
| **           888888888888                                                                              **
| **         8888888888888888                                                                            **
| **      888888888888888888                                                                             **
| **     888888888888888888                                                                              **
| **    888888888888888                                                                                  **
| **   88888888888888888888                               88888                       8888:              **
| **   8888888888888888888888Z                            88888                       8888:              **
| **   888888888888888888888888?                          88888                       8888:              **
| **   8888888888888      8888888                                        888888       8888:              **
| **    88888888888         888888     8888:     88888    88888        888888888I     8888:    888888    **
| **    8888888888           88888:    8888:     88888    88888      $888888888888    8888:   888888     **
| **    I8Z 88888             88888    8888:     88888    88888    .888888     8888   8888: 888888       **
| **    .8Z 88888             88888    8888:     88888    88888    $88888             8888:88888         **
| **     8I 88888      .=88. .88888    8888:     88888    88888    88888              8888888888         **
| **    :8  88888      888888$8888$    8888:     88888    88888    8888O              88888888888        **
| **   ,7   +88888.     8888888888.    8888:     88888    88888    888888             88888O888888       **
| **         $888888:.   .8888888      88888....888888    88888     888888     8888   8888:  888888      **
| **          I8888888888888888888     888888888888888    88888     O888888888888O    8888:   888888     **
| **            O888888888888888888     88888888888888    88888       88888888888$    8888:    888888    **
| **               8888888Z     888      .8888I  88888    88888         8888888       8888:     888888   **
| **                                                                                                     **
| **                                                                                                     **
| **                                         Copyright (c) 2026                                          **
| **                          Regents of the University of California San Diego                          **
| **                                    & Michigan State University                                      **
| **                                        All Rights Reserved.                                         **
| **                                                                                                     **
| **             This software is subject to the terms of the Mozilla Public License, v. 2.0.            **
| **                                                                                                     **
| *********************************************************************************************************
|                                                                                                          
| Cite this work as:                                                                                       
| Manathunga, M.; O'Hearn, K. A.; Shajan, A.; Smith, J.; Miao, Y.; He, X.; Ayers, K.;                      
| Brothers, E.; Palos, E.; Tripathy, V.; Goetz, A.W.; Merz, K.M. QUICK-26.03.                              
| University of California,San Diego, CA and                                                               
| Michigan State University, East Lansing, MI, 2026                                                        
|                                                                                                          
| If you have any comments or queries, please reach out to us on GitHub issues or discussion sections:     
| https://github.com/merzlab/QUICK.                                                                        
|                                                                                                          
| TASK STARTS ON: Fri Aug 28 18:47:39 2026
| INPUT FILE :    /work2/11707/msun12/stampede3/quickruns/3446277/txl2/taxol_3-21G.in
| OUTPUT FILE:    /work2/11707/msun12/stampede3/quickruns/3446277/txl2/taxol_3-21G.out
| BASIS SET PATH: /home1/11707/msun12/QUICK-cuEST-install/basis

|------------ GPU INFORMATION ---------------
| CUDA ENABLED DEVICE         :        1
| CUDA DEVICE IN USE          :        0
| CUDA DEVICE NAME            : NVIDIA H100
| CUDA DEVICE PM              :      132
| CUDA DEVICE CORE FREQ(GHZ)  :     1.98
| CUDA DEVICE MEMORY SIZE (MB):    95321
| SUPPORTING CUDA VERSION     :      9.0
|--------------------------------------------

 @ Read Job And Atom

  KEYWORD=B3LYP BASIS=3-21G CUTOFF=1.0E-10 DENSERMS=1.0E-6 GRADIENT CUEST
 ============== JOB CARD =============
 METHOD = DENSITY FUNCTIONAL THEORY
 DENSITY FUNCTIONAL = B3LYP
 DIRECT SCF 
 SAD INITAL GUESS 
 USE DIIS SCF
 PRINT ENERGY EVERY CYCLE
 READ SAD GUESS FROM FILE
 STANDARD GRID = SG1
 Level shifting allowed after cycle    3
 DIIS error must exceed 0.100 for level shifting
 Max HOMO-LUMO gap to allow level shifting = 0.200
 GRADIENT CALCULATION
 MAX SCF CYCLES =    200
 MAX DIIS CYCLES =   10
 DELTA DENSITY START CYCLE =    3
 COMPUTATIONAL CUTOFF: 
      TWO-e INTEGRAL         =  0.100E-09
      BASIS SET PRIME        =  0.100E-10
      MATRIX ELEMENTS        =  0.100E-09
      BASIS FUNCTION         =  0.100E-05
      NEAR-LINEAR DEPENDENCY =  0.100E-04
      GRADIENT CUTOFF  =  0.100E-06
 DENSITY MATRIX MAXIMUM RMS FOR CONVERGENCE  =  0.100E-05
 BASIS SET = 3-21G,  TYPE = CARTESIAN
| BASIS FILE = /home1/11707/msun12/QUICK-cuEST-install/basis/3-21G.BAS
| DATA FILE  =    /work2/11707/msun12/stampede3/quickruns/3446277/txl2/taxol_3-21G.dat

 @ Finish reading job


 @ Begin SAD initial guess

 For Atom Kind =    1
 ELEMENT = C 
 BASIS FUNCTIONS =    9
 For Atom Kind =    2
 ELEMENT = O 
 BASIS FUNCTIONS =    9
 For Atom Kind =    3
 ELEMENT = N 
 BASIS FUNCTIONS =    9
 For Atom Kind =    4
 ELEMENT = H 
 BASIS FUNCTIONS =    2

 @ Finish SAD initial guess


 @ Begin Reading Molecular Information


 =========== Molecule Input ==========
 TOTAL MOLECULAR CHARGE  =    0    MULTIPLICITY                =    1
 TOTAL ATOM NUMBER       =  110    NUMBER OF ATOM TYPES        =    4
 NUMBER OF HYDROGEN ATOM =   49    NUMBER OF NON-HYDROGEN ATOM =   61
 NUMBER OF ELECTRONS     =  446

 -- INPUT GEOMETRY -- :
    C          -6.3961       1.6376      -1.0167
    C          -5.5976       1.9480       0.3157
    C          -4.1358       1.3889       0.3062
    C          -4.0900      -0.2069       0.0760
    C          -5.3005      -0.5560      -0.7831
    C          -5.6408       0.5560      -1.7454
    C          -2.8203      -0.7723      -0.5951
    C          -3.4405       1.9810       1.5955
    C          -1.5723      -0.0770      -0.1719
    O          -2.6953      -2.1590      -0.1698
    O          -1.8693       1.2309      -0.7751
    C          -1.3334      -0.1176       1.4102
    C          -0.8881       1.2875       1.4845
    C           0.3196       1.5771       0.9641
    O          -4.0361       2.4498       2.5048
    O          -1.9505       2.1871       1.7492
    C          -0.2199      -0.3744      -0.8072
    C           0.8361       0.5393      -0.0882
    O          -6.3706      -0.7461       0.1815
    C          -7.5080      -1.5313       0.1764
    O          -7.7343      -2.1872       1.1532
    C          -8.4523      -1.4158      -0.9939
    C          -5.4161      -1.5091      -2.0070
    O          -6.2193      -0.4454      -2.6903
    O          -5.4268       3.3774       0.3776
    O          -1.6122       4.1801       0.0344
    C          -0.7941       5.2258       0.2991
    O          -0.3049       5.8646      -0.5895
    C          -0.5432       5.4737       1.7764
    C           1.2299       2.7853       1.0315
    O           1.9361      -0.3334       0.3600
    C           3.1924       0.0393       0.0732
    O           3.4565       1.0474      -0.5230
    C           4.1742      -1.0075       0.5409
    C           5.5923      -0.5508       0.2305
    C           6.6535      -1.6277       0.4268
    C           6.3531      -2.9590       0.6578
    C           7.3484      -3.9223       0.5946
    C           8.6553      -3.5578       0.3263
    C           8.9721      -2.2174       0.1751
    C           7.9781      -1.2615       0.2323
    O           4.0118      -1.2781       1.9326
    N           5.9708       0.6810       0.8873
    C           6.1083       1.9571       0.3956
    O           6.3193       2.8804       1.1683
    C           5.8856       2.2295      -1.0684
    C           6.1183       1.3531      -2.1154
    C           5.5666       1.5986      -3.3628
    C           4.8505       2.7661      -3.5881
    C           4.7601       3.7103      -2.5860
    C           5.2758       3.4420      -1.3327
    C          -2.1367      -3.0476      -1.0301
    O          -2.1452      -2.8534      -2.2329
    C          -1.5034      -4.2030      -0.3691
    C          -1.4396      -4.3267       1.0054
    C          -0.7639      -5.3990       1.5627
    C          -0.1729      -6.3469       0.7428
    C          -0.2556      -6.2275      -0.6353
    C          -0.9156      -5.1510      -1.1911
    C          -0.2097      -1.1547       1.8364
    C          -2.4301      -0.4562       2.4708
    H          -3.6492       1.8683      -0.5156
    H          -4.2442      -0.7298       0.9946
    H          -6.1319       1.5762       1.1739
    H          -6.4278       2.5627      -1.5682
    H          -7.3896       1.3053      -0.7745
    H          -4.7466       0.9454      -2.2120
    H          -2.8856      -0.7190      -1.6683
    H          -1.1756       1.8958      -0.6851
    H          -1.8482       3.6442       0.8092
    H          -0.3040      -0.0417      -1.8339
    H           0.0915      -1.3953      -0.8029
    H           1.2665       1.1760      -0.8368
    H          -7.9448      -1.4088      -1.9397
    H          -8.9861      -0.4737      -0.9254
    H          -9.1715      -2.2206      -0.9250
    H          -5.9697      -2.4207      -1.8715
    H          -4.4957      -1.6916      -2.5342
    H          -6.1859       3.7990       0.8058
    H          -0.4047       4.5303       2.2919
    H          -1.4092       5.9590       2.2202
    H           0.3171       6.0932       1.8872
    H           1.4833       3.0343       2.0569
    H           0.8689       3.6688       0.5366
    H           2.1685       2.5342       0.5368
    H           3.9670      -1.8925      -0.0573
    H           5.5542      -0.3517      -0.8218
    H           5.3545      -3.2557       0.9039
    H           7.0989      -4.9514       0.7469
    H           9.4172      -4.3037       0.2408
    H           9.9857      -1.9178       0.0023
    H           8.2255      -0.2253       0.1253
    H           3.1299      -1.6338       2.1084
    H           6.0936       0.6251       1.8860
    H           6.7084       0.4705      -1.9833
    H           5.6744       0.8728      -4.1413
    H           4.3798       2.9274      -4.5336
    H           4.2564       4.6442      -2.7661
    H           5.1747       4.1495      -0.5327
    H          -1.9016      -3.5962       1.6316
    H          -0.6960      -5.4955       2.6284
    H           0.3482      -7.1761       1.1766
    H           0.1935      -6.9648      -1.2689
    H          -0.9826      -5.0259      -2.2518
    H           0.6895      -0.6503       2.1318
    H           0.0409      -1.8507       1.0571
    H          -0.5497      -1.7388       2.6731
    H          -2.6865      -1.5071       2.3903
    H          -3.3390       0.1001       2.4689
    H          -1.9770      -0.2959       3.4410

============== BASIS INFOS ==============
 BASIS FUNCTIONS =  647
 NSHELL =  281 NPRIM  = 1062
 JSHELL =  281 JBASIS =  513


 @ End Reading Molecular Information 


 @ Begin XC Quadrature Formation

 OCTAGO: OCTree Algorithm for Grid Operations 
   PRUNING CUTOFF       = 0.100E-06
   INITIAL GRID POINTS  =      416624
|   FINAL GRID POINTS    =           0
|   SIGNIFICANT NUMBER OF BASIS FUNCTIONS     =           0
|   SIGNIFICANT NUMBER OF PRIMITIVE FUNCTIONS =           0

 @ End XC Quadrature Formation


 @ Begin Energy Calculation

| condition number of overlap matrix:    3.755E+03
| Smallest eigenvalue of overlap matrix:    1.428E-03

                                         SCF ENERGY
| ------------------------------------------------------------------------------------------------------------------------
| NCYC       ENERGY         DELTA_E      SCF_TIME  DII_CYC   DII_TIME   O_TIME  DIAG_TIME    MAX_ERR    RMS_CHG    MAX_CHG
| ------------------------------------------------------------------------------------------------------------------------
|  1  -2882.931888090      ------         0.257     1        0.09      0.17      0.02    0.5802E+00  0.1595E+00  0.1874E+02
|  2  -2499.532982523  -.383399E+03       0.149     2        0.03      0.12      0.01    0.1940E+01  0.1932E+00  0.1920E+02
|  3  -2267.931351618  -.231602E+03       0.157     3        0.04      0.12      0.01    0.1803E+01  0.1213E+00  0.1487E+02
|   ***  Level shifting applied  ( HOMO-LUMO gap =  0.007 au ) ***
|  4  -2795.372181662  0.527441E+03       0.157     4        0.04      0.12      0.01    0.9473E+00  0.1179E+00  0.1404E+02
|   ***  Level shifting applied  ( HOMO-LUMO gap =  0.013 au ) ***
|  5  -2316.426324850  -.478946E+03       0.159     5        0.04      0.12      0.01    0.2322E+01  0.6382E-01  0.7816E+01
|   ***  Level shifting applied  ( HOMO-LUMO gap =  0.015 au ) ***
|  6  -2576.760256840  0.260334E+03       0.160     6        0.04      0.12      0.01    0.1256E+01  0.7486E-01  0.1100E+02
|   ***  Level shifting applied  ( HOMO-LUMO gap =  0.012 au ) ***
|  7  -2812.117147287  0.235357E+03       0.161     7        0.04      0.12      0.01    0.8192E+00  0.4166E-01  0.5551E+01
|   ***  Level shifting applied  ( HOMO-LUMO gap =  0.003 au ) ***
|  8  -2899.088306147  0.869712E+02       0.162     8        0.04      0.12      0.01    0.5363E+00  0.2056E-01  0.2702E+01
|   ***  Level shifting applied  ( HOMO-LUMO gap =  0.017 au ) ***
|  9  -2899.296654181  0.208348E+00       0.230     9        0.11      0.12      0.01    0.7740E+00  0.8605E-02  0.6459E+00
|   ***  Level shifting applied  ( HOMO-LUMO gap =  0.009 au ) ***
| 10  -2909.866655123  0.105700E+02       0.921    10        0.80      0.12      0.02    0.4871E+00  0.3361E-02  0.2266E+00
|   ***  Level shifting applied  ( HOMO-LUMO gap =  0.040 au ) ***
| 11  -2910.999386119  0.113273E+01       0.171     1        0.05      0.12      0.01    0.6777E-01  0.2131E-02  0.1850E+00
| 12  -2911.063845804  0.644597E-01       0.171     2        0.05      0.12      0.01    0.8930E-01  0.9799E-03  0.5710E-01
| 13  -2911.100952851  0.371070E-01       0.168     3        0.05      0.12      0.01    0.5274E-01  0.4076E-03  0.1896E-01
| 14  -2911.110916809  0.996396E-02       0.169     4        0.05      0.12      0.01    0.1548E-01  0.2933E-03  0.1967E-01
| 15  -2911.114511917  0.359511E-02       0.170     5        0.05      0.12      0.01    0.1002E-01  0.1587E-03  0.1103E-01
| 16  -2911.115279206  0.767289E-03       0.171     6        0.05      0.12      0.01    0.5873E-02  0.8708E-04  0.4281E-02
| 17  -2911.115691116  0.411911E-03       0.168     7        0.05      0.12      0.01    0.2858E-02  0.3442E-04  0.2226E-02
| 18  -2911.115745697  0.545811E-04       0.169     8        0.05      0.12      0.01    0.2324E-02  0.2677E-04  0.1331E-02
| 19  -2911.115775385  0.296880E-04       0.167     9        0.05      0.12      0.01    0.4862E-03  0.7911E-05  0.3966E-03
| 20  -2911.115777370  0.198454E-05       0.168    10        0.05      0.12      0.01    0.1484E-03  0.3323E-05  0.1652E-03
| 21  -2911.115777723  0.353622E-06       0.169     1        0.05      0.12      0.01    0.8626E-04  0.1248E-05  0.8973E-04
| 22  -2911.115777807  0.831897E-07       0.168     2        0.05      0.12      0.01    0.3096E-04  0.3775E-06  0.2169E-04
| ------------------------------------------------------------------------------------------------------------------------
| REACH CONVERGENCE AFTER  22 CYCLES
| MAX ERROR = 0.309642E-04   RMS CHANGE = 0.377454E-06   MAX CHANGE = 0.216904E-04
| -----------------------------------------------
 ALPHA ELECTRON DENSITY    =   223.0010817086
 BETA ELECTRON DENSITY     =   223.0010817086
 ELECTRONIC ENERGY    = -12578.185653130
 CORE_CORE REPULSION  =   9667.069875324
 TOTAL ENERGY         =  -2911.115777807

 @ End Energy calculation


 @ Begin Gradient Calculation

 ANALYTICAL GRADIENT: 
----------------------------------------
 COORDINATE    XYZ            GRADIENT
----------------------------------------
    1X    -6.3960620484    -0.0060142317
    1Y     1.6375501950     0.0042589388
    1Z    -1.0167391376     0.0006244314
    2X    -5.5976016175     0.0019853674
    2Y     1.9479657588     0.0006098281
    2Z     0.3156763941     0.0043465516
    3X    -4.1358426958     0.0052350946
    3Y     1.3888886961     0.0040014251
    3Z     0.3061559434    -0.0086979980
    4X    -4.0900119523    -0.0033990573
    4Y    -0.2069339958    -0.0073222078
    4Z     0.0759908158     0.0082431689
    5X    -5.3005248048    -0.0039472108
    5Y    -0.5559696325     0.0021989910
    5Z    -0.7831189998     0.0016336825
    6X    -5.6408357108     0.0016203027
    6Y     0.5560152125    -0.0086961441
    6Z    -1.7454175833    -0.0035881640
    7X    -2.8203121254     0.0029074634
    7Y    -0.7723427990    -0.0033789966
    7Z    -0.5951161554     0.0017549410
    8X    -3.4405170127    -0.0091765344
    8Y     1.9809802613     0.0198220295
    8Z     1.5954933618     0.0244123338
    9X    -1.5722955801    -0.0046600576
    9Y    -0.0769638959    -0.0025800400
    9Z    -0.1719253231     0.0013249897
   10X    -2.6953277358     0.0090836769
   10Y    -2.1590275449     0.0038011219
   10Z    -0.1697708530    -0.0276847926
   11X    -1.8693494728     0.0266679797
   11Y     1.2308627640     0.0077780436
   11Z    -0.7751224092     0.0100684366
   12X    -1.3334065318    -0.0012744589
   12Y    -0.1176307990     0.0170322593
   12Z     1.4101577377    -0.0054618109
   13X    -0.8881045478     0.0094162764
   13Y     1.2874585683    -0.0097045379
   13Z     1.4845317434    -0.0053421522
   14X     0.3196037144    -0.0143329848
   14Y     1.5770568504     0.0054313901
   14Z     0.9640606036     0.0110363032
   15X    -4.0360630582     0.0243645471
   15Y     2.4497905671    -0.0148539311
   15Z     2.5047991213    -0.0301497195
   16X    -1.9504981989    -0.0118345280
   16Y     2.1870801370    -0.0110517137
   16Z     1.7492358836    -0.0044267915
   17X    -0.2198636968     0.0012495680
   17Y    -0.3744037186    -0.0077274670
   17Z    -0.8072270516    -0.0038199791
   18X     0.8361322639     0.0089959987
   18Y     0.5392960612    -0.0014970359
   18Z    -0.0882305667    -0.0079869119
   19X    -6.3705655165    -0.0105555458
   19Y    -0.7461437470    -0.0101210348
   19Z     0.1814962939    -0.0132121767
   20X    -7.5079891033     0.0061547393
   20Y    -1.5312545569    -0.0048285091
   20Z     0.1764442435     0.0267675826
   21X    -7.7343174206     0.0078296424
   21Y    -2.1872431170     0.0208784426
   21Z     1.1532460581    -0.0317315214
   22X    -8.4523256355     0.0002522309
   22Y    -1.4157501381     0.0033209576
   22Z    -0.9939260359    -0.0033097943
   23X    -5.4161060936    -0.0039576558
   23Y    -1.5091024852    -0.0006895238
   23Z    -2.0070004333    -0.0064991622
   24X    -6.2192576349     0.0170751857
   24Y    -0.4454467640     0.0011554241
   24Z    -2.6902952054     0.0198580960
   25X    -5.4267630344    -0.0253887632
   25Y     3.3774439679    -0.0053221803
   25Z     0.3776243788     0.0098993371
   26X    -1.6122442331     0.0067073476
   26Y     4.1801173692     0.0036913361
   26Z     0.0343779426     0.0279371193
   27X    -0.7940924306     0.0011725040
   27Y     5.2257743591     0.0059410959
   27Z     0.2990567328    -0.0270992942
   28X    -0.3048947533    -0.0151672363
   28Y     5.8645770378    -0.0234107001
   28Z    -0.5895333050     0.0309039164
   29X    -0.5432142115     0.0137305117
   29Y     5.4736988580     0.0078265631
   29Z     1.7763875257     0.0010610615
   30X     1.2298581039    -0.0028285179
   30Y     2.7852910627     0.0036030612
   30Z     1.0315035488     0.0002519534
   31X     1.9361231978     0.0150474712
   31Y    -0.3334212455     0.0205785361
   31Z     0.3599506875    -0.0143735556
   32X     3.1923973838    -0.0077738025
   32Y     0.0392867930     0.0186533978
   32Z     0.0732008056    -0.0071393230
   33X     3.4564615139    -0.0116555736
   33Y     1.0474090400    -0.0389000235
   33Z    -0.5229789999     0.0226417190
   34X     4.1741653088     0.0047769894
   34Y    -1.0074733869     0.0002264556
   34Z     0.5409361113     0.0014692774
   35X     5.5923107171     0.0008581479
   35Y    -0.5507792521     0.0084721531
   35Z     0.2305424976    -0.0038100562
   36X     6.6535037881     0.0066346122
   36Y    -1.6276655543    -0.0072667819
   36Z     0.4267850326     0.0004185595
   37X     6.3531150051     0.0038244175
   37Y    -2.9590429360     0.0049163430
   37Z     0.6578478902    -0.0002316822
   38X     7.3484382612     0.0006795810
   38Y    -3.9223477295     0.0012966185
   38Z     0.5946433254    -0.0003271455
   39X     8.6553271210    -0.0020671777
   39Y    -3.5577624717     0.0017489791
   39Z     0.3262773549    -0.0002485971
   40X     8.9721243751    -0.0038340429
   40Y    -2.2174055893     0.0001810710
   40Z     0.1751067634     0.0004680300
   41X     7.9780886392    -0.0030440951
   41Y    -1.2615409463    -0.0028670237
   41Z     0.2323472177     0.0013456438
   42X     4.0117557664    -0.0283346005
   42Y    -1.2781154276    -0.0056673159
   42Z     1.9325733176    -0.0139271708
   43X     5.9708271360    -0.0025334178
   43Y     0.6810003920     0.0012992588
   43Z     0.8873416378     0.0019004958
   44X     6.1083015365     0.0022902106
   44Y     1.9571430895     0.0118535460
   44Z     0.3956142302     0.0200016942
   45X     6.3193162726    -0.0058760629
   45Y     2.8803622800    -0.0266702188
   45Z     1.1682892292    -0.0221204170
   46X     5.8856240794    -0.0028376397
   46Y     2.2294773203     0.0076316448
   46Z    -1.0684369316    -0.0125278453
   47X     6.1182760772    -0.0009704711
   47Y     1.3530946933     0.0041945862
   47Z    -2.1154263515     0.0056244542
   48X     5.5666096951    -0.0008974271
   48Y     1.5985928121    -0.0016064987
   48Z    -3.3627524368     0.0003302234
   49X     4.8504996604    -0.0020307541
   49Y     2.7660993212     0.0049090286
   49Z    -3.5880647940     0.0043439194
   50X     4.7600527335     0.0035971305
   50Y     3.7102514633    -0.0095287323
   50Z    -2.5859740575    -0.0012103579
   51X     5.2758312329     0.0024160148
   51Y     3.4419996328    -0.0074278481
   51Z    -1.3326645918    -0.0009221036
   52X    -2.1366951232    -0.0045811889
   52Y    -3.0476308227     0.0086343986
   52Z    -1.0300506687     0.0005881545
   53X    -2.1451656838    -0.0007952701
   53Y    -2.8533799779    -0.0009661054
   53Z    -2.2328872205     0.0266169122
   54X    -1.5033715748     0.0075774702
   54Y    -4.2030090710    -0.0089763922
   54Z    -0.3691075382     0.0054859493
   55X    -1.4395727999    -0.0001337722
   55Y    -4.3266984404     0.0014357367
   55Z     1.0054186368    -0.0078167766
   56X    -0.7638830383     0.0003385966
   56Y    -5.3989755623    -0.0000497224
   56Z     1.5627243193    -0.0031388537
   57X    -0.1728504332    -0.0016003859
   57Y    -6.3468611347     0.0032590830
   57Z     0.7427716867    -0.0025660153
   58X    -0.2555829795    -0.0014364303
   58Y    -6.2275391756     0.0019362327
   58Z    -0.6353203685     0.0029399332
   59X    -0.9155594699    -0.0007789479
   59Y    -5.1509647533     0.0024381660
   59Z    -1.1911104510     0.0042917527
   60X    -0.2097392960     0.0049645565
   60Y    -1.1547475382    -0.0059900763
   60Z     1.8364341802     0.0050044146
   61X    -2.4300503956    -0.0021667143
   61Y    -0.4562313148     0.0036796269
   61Z     2.4707643087     0.0059508946
   62X    -3.6491745187    -0.0079914270
   62Y     1.8683153927    -0.0026473875
   62Z    -0.5155830594     0.0081715869
   63X    -4.2442042941     0.0014469402
   63Y    -0.7298029557     0.0038327208
   63Z     0.9946071660    -0.0101956428
   64X    -6.1319130983     0.0046970218
   64Y     1.5761652304     0.0068233152
   64Z     1.1739417496    -0.0068199153
   65X    -6.4278100209    -0.0004616967
   65Y     2.5627464257    -0.0078416548
   65Z    -1.5682089798     0.0044402525
   66X    -7.3896389443     0.0096736959
   66Y     1.3053382297     0.0029788188
   66Z    -0.7744957191    -0.0019976481
   67X    -4.7465709525    -0.0082252066
   67Y     0.9454138022    -0.0048110444
   67Z    -2.2120482489     0.0020926589
   68X    -2.8855556304     0.0007316911
   68Y    -0.7190312849     0.0013865548
   68Z    -1.6682582674     0.0088796590
   69X    -1.1756472598    -0.0196913948
   69Y     1.8958447948    -0.0163700161
   69Z    -0.6850815723    -0.0071567012
   70X    -1.8481633811     0.0041268123
   70Y     3.6442038083     0.0146809775
   70Z     0.8091516318    -0.0219583801
   71X    -0.3040223032    -0.0005952445
   71Y    -0.0416779132     0.0006822046
   71Z    -1.8339006500     0.0079666538
   72X     0.0915191370    -0.0050568001
   72Y    -1.3952922665     0.0133781297
   72Z    -0.8028716213    -0.0032215351
   73X     1.2665208967    -0.0089743612
   73Y     1.1759764098    -0.0074727898
   73Z    -0.8367613039     0.0102016406
   74X    -7.9447757667    -0.0061439887
   74Y    -1.4087837076    -0.0038337744
   74Z    -1.9396808281     0.0089585345
   75X    -8.9860731662     0.0041021739
   75Y    -0.4736978662    -0.0079172506
   75Z    -0.9254125307    -0.0011768056
   76X    -9.1714810604     0.0038626020
   76Y    -2.2205725696     0.0044390658
   76Z    -0.9250167206    -0.0003998623
   77X    -5.9696663559     0.0062055189
   77Y    -2.4206610149     0.0084531716
   77Z    -1.8715271229    -0.0030910345
   78X    -4.4956991333    -0.0100820767
   78Y    -1.6916168492     0.0029446783
   78Z    -2.5341524535     0.0030965632
   79X    -6.1859311524     0.0169699456
   79Y     3.7990295001    -0.0059124439
   79Z     0.8057985915    -0.0111753829
   80X    -0.4047348909    -0.0007949000
   80Y     4.5302822759     0.0036999954
   80Z     2.2918681450    -0.0048083337
   81X    -1.4092254776     0.0046527697
   81Y     5.9590269651    -0.0043718410
   81Z     2.2201989695    -0.0023696071
   82X     0.3171041142    -0.0128478201
   82Y     6.0931668053    -0.0105542015
   82Z     1.8871610341    -0.0024121493
   83X     1.4832825233     0.0020341308
   83Y     3.0343297417    -0.0021948728
   83Z     2.0569032671    -0.0073092365
   84X     0.8689347864     0.0068321229
   84Y     3.6687759202    -0.0076870193
   84Z     0.5365847410     0.0045116143
   85X     2.1684890256    -0.0014572069
   85Y     2.5341565935     0.0007343042
   85Z     0.5367745110    -0.0000220194
   86X     3.9669616429    -0.0003858284
   86Y    -1.8924970245     0.0073461962
   86Z    -0.0572581044     0.0065671063
   87X     5.5541776341     0.0005753755
   87Y    -0.3516751969    -0.0028140953
   87Z    -0.8217997928     0.0104543511
   88X     5.3544978589     0.0083069902
   88Y    -3.2557102186     0.0011602078
   88Z     0.9038848590    -0.0016494340
   89X     7.0989144921     0.0022828707
   89Y    -4.9513961981     0.0099118707
   89Z     0.7469288470    -0.0019833404
   90X     9.4171946391    -0.0074353046
   90Y    -4.3036937586     0.0071609603
   90Z     0.2407856384    -0.0003496298
   91X     9.9857451625    -0.0090350196
   91Y    -1.9177654664    -0.0021639895
   91Z     0.0023467702     0.0014332193
   92X     8.2254739781    -0.0014253271
   92Y    -0.2253064972    -0.0088135399
   92Z     0.1253413196     0.0017443610
   93X     3.1299497190     0.0228192156
   93Y    -1.6337869448     0.0059815124
   93Z     2.1083780410    -0.0000332343
   94X     6.0936142953     0.0000946414
   94Y     0.6250744177     0.0012194851
   94Z     1.8859549340    -0.0101338225
   95X     6.7084385023    -0.0061450797
   95Y     0.4705180859     0.0075175535
   95Z    -1.9833353715    -0.0016082404
   96X     5.6743955033    -0.0028331242
   96Y     0.8727860166     0.0058170012
   96Z    -4.1412753062     0.0083952563
   97X     4.3798459545     0.0038084393
   97Y     2.9274162635    -0.0029839753
   97Z    -4.5335959262     0.0103151636
   98X     4.2563846850     0.0028221585
   98Y     4.6442142246    -0.0047104148
   98Z    -2.7660689312     0.0009060830
   99X     5.1747309752     0.0010778188
   99Y     4.1495329469    -0.0035098952
   99Z    -0.5327311807    -0.0063156720
  100X    -1.9015966152     0.0047979308
  100Y    -3.5961884646    -0.0069012863
  100Z     1.6316251146    -0.0044443158
  101X    -0.6959961231     0.0000072623
  101Y    -5.4955301297     0.0008456552
  101Z     2.6284273507    -0.0080507343
  102X     0.3482320666    -0.0044129265
  102Y    -7.1761497180     0.0072236872
  102Z     1.1766068899    -0.0037042879
  103X     0.1934856248    -0.0040812563
  103Y    -6.9647955319     0.0062769050
  103Z    -1.2689412269     0.0050884131
  104X    -0.9826070850     0.0008856988
  104Y    -5.0258756638    -0.0016953010
  104Z    -2.2518210920     0.0090092676
  105X     0.6895305627    -0.0074803422
  105Y    -0.6503325997    -0.0063142343
  105Z     2.1318040128    -0.0025178739
  106X     0.0408559131    -0.0003890076
  106Y    -1.8507204713     0.0045590291
  106Z     1.0570934807     0.0059980467
  107X    -0.5497152620     0.0054199338
  107Y    -1.7387967528     0.0051028655
  107Z     2.6730564641    -0.0090603312
  108X    -2.6864695851     0.0011446775
  108Y    -1.5071205751     0.0042852278
  108Z     2.3903168925     0.0020942406
  109X    -3.3390145450     0.0092807648
  109Y     0.1000510676    -0.0069949917
  109Z     2.4688671085     0.0008740281
  110X    -1.9770021010    -0.0042829412
  110Y    -0.2959025626    -0.0015210836
  110Z     3.4410103628    -0.0074092946
----------------------------------------

 @ End Gradient Calculation

  Skipping one-electron property calculation.

 @ Output cuEST Memory Footprint

------------- cuEST MEMORY USAGE ---------------
| Peak Host Footprint =    87.59 kB
| Host Allocations =    43
| Peak Device Footprint =    23.32 GB
| Device Allocations =    36
------------------------------------------------

 @ Finish Output cuEST Memory Footprint


 @ Output Timing Information

------------- TIMING ---------------
| CUEST INITIALIZATION TIME =     1.250620000(  8.53%)
| INITIAL GUESS TIME  =     3.097657000( 21.13%)
| DFT GRID OPERATIONS =     0.005036000(  0.03%)
| TOTAL SCF TIME      =     4.552944000( 31.06%)
|       TOTAL OP TIME      =     2.688371000( 18.34%)
|             TOTAL 1e TIME      =     0.012545000(  0.09%)
|             TOTAL 2e TIME      =     1.402464000(  9.57%)
|             TOTAL EXC TIME     =     1.132728000(  7.73%)
|       TOTAL DII TIME      =     1.834417000( 12.52%)
|             TOTAL DIAG TIME    =     0.207589000(  1.42%)
| TOTAL GRADIENT TIME      =     1.880263000( 12.83%)
|       TOTAL 1e GRADIENT TIME      =     0.716071000( 5.18%)
|       TOTAL 2e GRADIENT TIME      =     0.805327000( 5.49%)
|       TOTAL EXC GRADIENT TIME     =     0.314039000(  2.14%)
| TOTAL TIME          =    14.656539000
------------------------------------
| Job cpu time:  0 days  0 hours  0 minutes 14.7 seconds.

 @ Finish Output Timing Information

| Normal Termination. Task Finished on: Fri Aug 28 18:47:54 2026
