
======== FILE: ./morphine/morphine-3/morphine_def2-SV(P).out ========
| 11   -938.525042249  0.496592E-05       0.092     1        0.02      0.08      0.01    0.4537E-03  0.1301E-04  0.4442E-03
| 12   -938.525044145  0.189586E-05       0.093     2        0.02      0.08      0.01    0.1132E-03  0.4719E-05  0.1953E-03
| 13   -938.525044302  0.156827E-06       0.093     3        0.02      0.08      0.01    0.5024E-04  0.1828E-05  0.7818E-04
| 14   -938.525044323  0.204441E-07       0.093     4        0.02      0.08      0.01    0.1392E-04  0.5297E-06  0.2535E-04
| ------------------------------------------------------------------------------------------------------------------------
| REACH CONVERGENCE AFTER  14 CYCLES
| MAX ERROR = 0.139248E-04   RMS CHANGE = 0.529680E-06   MAX CHANGE = 0.253479E-04
| -----------------------------------------------
 ALPHA ELECTRON DENSITY    =    76.0000000000
 BETA ELECTRON DENSITY     =    76.0000000000
 ELECTRONIC ENERGY    =  -2767.832314803
 CORE_CORE REPULSION  =   1829.307270481
 TOTAL ENERGY         =   -938.525044323

 @ End Energy calculation

  Skipping one-electron property calculation.

 @ Output cuEST Memory Footprint

------------- cuEST MEMORY USAGE ---------------
| Peak Host Footprint =    22.39 kB
| Host Allocations =    35
| Peak Device Footprint =     2.58 GB
| Device Allocations =    25
------------------------------------------------

 @ Finish Output cuEST Memory Footprint


 @ Output Timing Information

------------- TIMING ---------------
| CUEST INITIALIZATION TIME =     0.505912000( 18.68%)
| INITIAL GUESS TIME  =     0.509401000( 18.81%)
| DFT GRID OPERATIONS =     0.153689000(  5.68%)
| TOTAL SCF TIME      =     1.336029000( 49.34%)
|       TOTAL OP TIME      =     1.098857000( 40.58%)
|             TOTAL 1e TIME      =     0.018882000(  0.70%)
|             TOTAL 2e TIME      =     0.030064000(  1.11%)
|             TOTAL EXC TIME     =     1.019419000( 37.64%)
|       TOTAL DII TIME      =     0.235638000(  8.70%)
|             TOTAL DIAG TIME    =     0.112391000(  4.15%)
| TOTAL TIME          =     2.708065000
------------------------------------
| Job cpu time:  0 days  0 hours  0 minutes  2.7 seconds.

 @ Finish Output Timing Information

| Normal Termination. Task Finished on: Tue Aug  4 18:54:25 2026

======== FILE: ./morphine/morphine-3/morphine_6-31G*.out ========
| 10   -939.209867359  0.817873E-05       0.093    10        0.02      0.07      0.01    0.3558E-03  0.1005E-04  0.3305E-03
| 11   -939.209868247  0.887936E-06       0.092     1        0.02      0.07      0.01    0.1642E-03  0.3887E-05  0.1315E-03
| 12   -939.209868409  0.162206E-06       0.092     2        0.02      0.07      0.01    0.4655E-04  0.1440E-05  0.3829E-04
| 13   -939.209868433  0.232981E-07       0.092     3        0.02      0.07      0.01    0.1744E-04  0.5664E-06  0.1874E-04
| ------------------------------------------------------------------------------------------------------------------------
| REACH CONVERGENCE AFTER  13 CYCLES
| MAX ERROR = 0.174449E-04   RMS CHANGE = 0.566429E-06   MAX CHANGE = 0.187388E-04
| -----------------------------------------------
 ALPHA ELECTRON DENSITY    =    76.0000000000
 BETA ELECTRON DENSITY     =    76.0000000000
 ELECTRONIC ENERGY    =  -2768.517138913
 CORE_CORE REPULSION  =   1829.307270481
 TOTAL ENERGY         =   -939.209868433

 @ End Energy calculation

  Skipping one-electron property calculation.

 @ Output cuEST Memory Footprint

------------- cuEST MEMORY USAGE ---------------
| Peak Host Footprint =    22.39 kB
| Host Allocations =    35
| Peak Device Footprint =     2.57 GB
| Device Allocations =    25
------------------------------------------------

 @ Finish Output cuEST Memory Footprint


 @ Output Timing Information

------------- TIMING ---------------
| CUEST INITIALIZATION TIME =     0.513046000( 19.54%)
| INITIAL GUESS TIME  =     0.517226000( 19.70%)
| DFT GRID OPERATIONS =     0.153881000(  5.86%)
| TOTAL SCF TIME      =     1.237074000( 47.11%)
|       TOTAL OP TIME      =     1.015240000( 38.66%)
|             TOTAL 1e TIME      =     0.019259000(  0.73%)
|             TOTAL 2e TIME      =     0.028271000(  1.08%)
|             TOTAL EXC TIME     =     0.938326000( 35.73%)
|       TOTAL DII TIME      =     0.220424000(  8.39%)
|             TOTAL DIAG TIME    =     0.105186000(  4.01%)
| TOTAL TIME          =     2.625969000
------------------------------------
| Job cpu time:  0 days  0 hours  0 minutes  2.6 seconds.

 @ Finish Output Timing Information

| Normal Termination. Task Finished on: Tue Aug  4 18:54:15 2026

======== FILE: ./morphine/morphine-3/morphine_def2-TZVPP.out ========
| 11   -939.615139080  0.630554E-05       0.467     1        0.10      0.36      0.03    0.5082E-03  0.4461E-05  0.2567E-03
| 12   -939.615141761  0.268038E-05       0.466     2        0.10      0.36      0.03    0.1381E-03  0.1792E-05  0.1713E-03
| 13   -939.615141991  0.230270E-06       0.466     3        0.10      0.36      0.03    0.6718E-04  0.7624E-06  0.1186E-03
| 14   -939.615142034  0.431778E-07       0.468     4        0.10      0.36      0.03    0.2633E-04  0.2456E-06  0.4812E-04
| ------------------------------------------------------------------------------------------------------------------------
| REACH CONVERGENCE AFTER  14 CYCLES
| MAX ERROR = 0.263330E-04   RMS CHANGE = 0.245630E-06   MAX CHANGE = 0.481180E-04
| -----------------------------------------------
 ALPHA ELECTRON DENSITY    =    76.0000000000
 BETA ELECTRON DENSITY     =    76.0000000000
 ELECTRONIC ENERGY    =  -2768.922412515
 CORE_CORE REPULSION  =   1829.307270481
 TOTAL ENERGY         =   -939.615142034

 @ End Energy calculation

  Skipping one-electron property calculation.

 @ Output cuEST Memory Footprint

------------- cuEST MEMORY USAGE ---------------
| Peak Host Footprint =    28.69 kB
| Host Allocations =    35
| Peak Device Footprint =     6.06 GB
| Device Allocations =    25
------------------------------------------------

 @ Finish Output cuEST Memory Footprint


 @ Output Timing Information

------------- TIMING ---------------
| CUEST INITIALIZATION TIME =     2.696516000( 21.81%)
| INITIAL GUESS TIME  =     2.484958000( 20.10%)
| DFT GRID OPERATIONS =     0.178010000(  1.44%)
| TOTAL SCF TIME      =     6.977967000( 56.43%)
|       TOTAL OP TIME      =     5.590043000( 45.21%)
|             TOTAL 1e TIME      =     0.250422000(  2.03%)
|             TOTAL 2e TIME      =     0.191703000(  1.55%)
|             TOTAL EXC TIME     =     4.801017000( 38.83%)
|       TOTAL DII TIME      =     1.364010000( 11.03%)
|             TOTAL DIAG TIME    =     0.431866000(  3.49%)
| TOTAL TIME          =    12.365572000
------------------------------------
| Job cpu time:  0 days  0 hours  0 minutes 12.4 seconds.

 @ Finish Output Timing Information

| Normal Termination. Task Finished on: Tue Aug  4 18:54:50 2026

======== FILE: ./morphine/morphine-3/morphine_6-31G.out ========
| 11   -938.963289620  0.650460E-05       0.048     1        0.01      0.04      0.01    0.4199E-03  0.9256E-05  0.3548E-03
| 12   -938.963290097  0.476753E-06       0.049     2        0.01      0.04      0.01    0.9366E-04  0.4003E-05  0.9363E-04
| 13   -938.963290154  0.563477E-07       0.049     3        0.01      0.04      0.01    0.1974E-04  0.1162E-05  0.3158E-04
| 14   -938.963290159  0.541286E-08       0.048     4        0.01      0.04      0.01    0.7004E-05  0.4469E-06  0.8402E-05
| ------------------------------------------------------------------------------------------------------------------------
| REACH CONVERGENCE AFTER  14 CYCLES
| MAX ERROR = 0.700403E-05   RMS CHANGE = 0.446910E-06   MAX CHANGE = 0.840236E-05
| -----------------------------------------------
 ALPHA ELECTRON DENSITY    =    76.0000000000
 BETA ELECTRON DENSITY     =    76.0000000000
 ELECTRONIC ENERGY    =  -2768.270560640
 CORE_CORE REPULSION  =   1829.307270481
 TOTAL ENERGY         =   -938.963290159

 @ End Energy calculation

  Skipping one-electron property calculation.

 @ Output cuEST Memory Footprint

------------- cuEST MEMORY USAGE ---------------
| Peak Host Footprint =    21.72 kB
| Host Allocations =    35
| Peak Device Footprint =     2.27 GB
| Device Allocations =    25
------------------------------------------------

 @ Finish Output cuEST Memory Footprint


 @ Output Timing Information

------------- TIMING ---------------
| CUEST INITIALIZATION TIME =     0.318830000( 17.22%)
| INITIAL GUESS TIME  =     0.488239000( 26.38%)
| DFT GRID OPERATIONS =     0.147926000(  7.99%)
| TOTAL SCF TIME      =     0.681971000( 36.84%)
|       TOTAL OP TIME      =     0.567588000( 30.66%)
|             TOTAL 1e TIME      =     0.002610000(  0.14%)
|             TOTAL 2e TIME      =     0.015269000(  0.82%)
|             TOTAL EXC TIME     =     0.542342000( 29.30%)
|       TOTAL DII TIME      =     0.113764000(  6.15%)
|             TOTAL DIAG TIME    =     0.071034000(  3.84%)
| TOTAL TIME          =     1.851099000
------------------------------------
| Job cpu time:  0 days  0 hours  0 minutes  1.9 seconds.

 @ Finish Output Timing Information

| Normal Termination. Task Finished on: Tue Aug  4 18:54:12 2026

======== FILE: ./morphine/morphine-3/morphine_6-31+G**.out ========
| 11   -939.287824497  0.586275E-05       0.148     1        0.03      0.12      0.01    0.6233E-03  0.2284E-04  0.9785E-03
| 12   -939.287826417  0.192022E-05       0.148     2        0.03      0.12      0.01    0.1541E-03  0.5800E-05  0.3969E-03
| 13   -939.287826502  0.852087E-07       0.148     3        0.03      0.12      0.01    0.7053E-04  0.2837E-05  0.1215E-03
| 14   -939.287826520  0.176688E-07       0.148     4        0.03      0.12      0.01    0.1900E-04  0.6966E-06  0.4416E-04
| ------------------------------------------------------------------------------------------------------------------------
| REACH CONVERGENCE AFTER  14 CYCLES
| MAX ERROR = 0.189963E-04   RMS CHANGE = 0.696649E-06   MAX CHANGE = 0.441613E-04
| -----------------------------------------------
 ALPHA ELECTRON DENSITY    =    76.0000000000
 BETA ELECTRON DENSITY     =    76.0000000000
 ELECTRONIC ENERGY    =  -2768.595097000
 CORE_CORE REPULSION  =   1829.307270481
 TOTAL ENERGY         =   -939.287826520

 @ End Energy calculation

  Skipping one-electron property calculation.

 @ Output cuEST Memory Footprint

------------- cuEST MEMORY USAGE ---------------
| Peak Host Footprint =    24.34 kB
| Host Allocations =    35
| Peak Device Footprint =     3.09 GB
| Device Allocations =    25
------------------------------------------------

 @ Finish Output cuEST Memory Footprint


 @ Output Timing Information

------------- TIMING ---------------
| CUEST INITIALIZATION TIME =     0.792469000( 20.88%)
| INITIAL GUESS TIME  =     0.537182000( 14.15%)
| DFT GRID OPERATIONS =     0.158207000(  4.17%)
| TOTAL SCF TIME      =     2.097419000( 55.25%)
|       TOTAL OP TIME      =     1.746225000( 46.00%)
|             TOTAL 1e TIME      =     0.020961000(  0.55%)
|             TOTAL 2e TIME      =     0.051406000(  1.35%)
|             TOTAL EXC TIME     =     1.632985000( 43.02%)
|       TOTAL DII TIME      =     0.346359000(  9.12%)
|             TOTAL DIAG TIME    =     0.152774000(  4.02%)
| TOTAL TIME          =     3.795977000
------------------------------------
| Job cpu time:  0 days  0 hours  0 minutes  3.8 seconds.

 @ Finish Output Timing Information

| Normal Termination. Task Finished on: Tue Aug  4 18:54:22 2026

======== FILE: ./morphine/morphine-3/morphine_def2-TZVPD.out ========
| 10   -939.611476809  0.145801E-03       0.566    10        0.10      0.46      0.03    0.1406E-02  0.1294E-04  0.1208E-02
| 11   -939.611488794  0.119853E-04       0.574     1        0.11      0.46      0.03    0.3724E-03  0.5249E-05  0.2776E-03
| 12   -939.611491123  0.232906E-05       0.576     2        0.11      0.47      0.03    0.1423E-03  0.1573E-05  0.9985E-04
| 13   -939.611491285  0.162080E-06       0.576     3        0.11      0.46      0.03    0.6895E-04  0.7338E-06  0.3789E-04
| ------------------------------------------------------------------------------------------------------------------------
| REACH CONVERGENCE AFTER  13 CYCLES
| MAX ERROR = 0.689490E-04   RMS CHANGE = 0.733770E-06   MAX CHANGE = 0.378889E-04
| -----------------------------------------------
 ALPHA ELECTRON DENSITY    =    76.0000000000
 BETA ELECTRON DENSITY     =    76.0000000000
 ELECTRONIC ENERGY    =  -2768.918761766
 CORE_CORE REPULSION  =   1829.307270481
 TOTAL ENERGY         =   -939.611491285

 @ End Energy calculation

  Skipping one-electron property calculation.

 @ Output cuEST Memory Footprint

------------- cuEST MEMORY USAGE ---------------
| Peak Host Footprint =    30.19 kB
| Host Allocations =    35
| Peak Device Footprint =     7.17 GB
| Device Allocations =    25
------------------------------------------------

 @ Finish Output cuEST Memory Footprint


 @ Output Timing Information

------------- TIMING ---------------
| CUEST INITIALIZATION TIME =     3.325586000( 22.27%)
| INITIAL GUESS TIME  =     3.483709000( 23.33%)
| DFT GRID OPERATIONS =     0.186409000(  1.25%)
| TOTAL SCF TIME      =     7.905171000( 52.94%)
|       TOTAL OP TIME      =     6.576543000( 44.05%)
|             TOTAL 1e TIME      =     0.253811000(  1.70%)
|             TOTAL 2e TIME      =     0.216932000(  1.45%)
|             TOTAL EXC TIME     =     5.750667000( 38.51%)
|       TOTAL DII TIME      =     1.303621000(  8.73%)
|             TOTAL DIAG TIME    =     0.396157000(  2.65%)
| TOTAL TIME          =    14.931388000
------------------------------------
| Job cpu time:  0 days  0 hours  0 minutes 14.9 seconds.

 @ Finish Output Timing Information

| Normal Termination. Task Finished on: Tue Aug  4 18:55:05 2026

======== FILE: ./morphine/morphine-3/morphine_3-21G.out ========
| 10   -934.056160822  0.240166E-05       0.046    10        0.01      0.04      0.01    0.1834E-03  0.8163E-05  0.2612E-03
| 11   -934.056161163  0.341704E-06       0.046     1        0.01      0.04      0.01    0.7757E-04  0.3548E-05  0.1031E-03
| 12   -934.056161204  0.411446E-07       0.046     2        0.01      0.04      0.01    0.3229E-04  0.1277E-05  0.2616E-04
| 13   -934.056161212  0.801174E-08       0.047     3        0.01      0.04      0.01    0.9125E-05  0.3953E-06  0.1318E-04
| ------------------------------------------------------------------------------------------------------------------------
| REACH CONVERGENCE AFTER  13 CYCLES
| MAX ERROR = 0.912514E-05   RMS CHANGE = 0.395276E-06   MAX CHANGE = 0.131838E-04
| -----------------------------------------------
 ALPHA ELECTRON DENSITY    =    76.0000000000
 BETA ELECTRON DENSITY     =    76.0000000000
 ELECTRONIC ENERGY    =  -2763.363431693
 CORE_CORE REPULSION  =   1829.307270481
 TOTAL ENERGY         =   -934.056161212

 @ End Energy calculation

  Skipping one-electron property calculation.

 @ Output cuEST Memory Footprint

------------- cuEST MEMORY USAGE ---------------
| Peak Host Footprint =    21.72 kB
| Host Allocations =    35
| Peak Device Footprint =     2.25 GB
| Device Allocations =    25
------------------------------------------------

 @ Finish Output cuEST Memory Footprint


 @ Output Timing Information

------------- TIMING ---------------
| CUEST INITIALIZATION TIME =     0.294719000( 17.00%)
| INITIAL GUESS TIME  =     0.469264000( 27.07%)
| DFT GRID OPERATIONS =     0.147003000(  8.48%)
| TOTAL SCF TIME      =     0.608067000( 35.08%)
|       TOTAL OP TIME      =     0.499626000( 28.83%)
|             TOTAL 1e TIME      =     0.002089000(  0.12%)
|             TOTAL 2e TIME      =     0.013930000(  0.80%)
|             TOTAL EXC TIME     =     0.476979000( 27.52%)
|       TOTAL DII TIME      =     0.107847000(  6.22%)
|             TOTAL DIAG TIME    =     0.066666000(  3.85%)
| TOTAL TIME          =     1.733229000
------------------------------------
| Job cpu time:  0 days  0 hours  0 minutes  1.7 seconds.

 @ Finish Output Timing Information

| Normal Termination. Task Finished on: Tue Aug  4 18:54:10 2026

======== FILE: ./morphine/morphine-3/morphine_def2-SVP.out ========
| 11   -938.571696724  0.292483E-05       0.111     1        0.02      0.09      0.01    0.4902E-03  0.8894E-05  0.4895E-03
| 12   -938.571698087  0.136228E-05       0.111     2        0.02      0.09      0.01    0.1990E-03  0.3538E-05  0.1833E-03
| 13   -938.571698207  0.120537E-06       0.111     3        0.02      0.09      0.01    0.4611E-04  0.1613E-05  0.7390E-04
| 14   -938.571698234  0.265763E-07       0.111     4        0.02      0.09      0.01    0.1613E-04  0.4863E-06  0.2869E-04
| ------------------------------------------------------------------------------------------------------------------------
| REACH CONVERGENCE AFTER  14 CYCLES
| MAX ERROR = 0.161262E-04   RMS CHANGE = 0.486256E-06   MAX CHANGE = 0.286885E-04
| -----------------------------------------------
 ALPHA ELECTRON DENSITY    =    76.0000000000
 BETA ELECTRON DENSITY     =    76.0000000000
 ELECTRONIC ENERGY    =  -2767.878968714
 CORE_CORE REPULSION  =   1829.307270481
 TOTAL ENERGY         =   -938.571698234

 @ End Energy calculation

  Skipping one-electron property calculation.

 @ Output cuEST Memory Footprint

------------- cuEST MEMORY USAGE ---------------
| Peak Host Footprint =    23.00 kB
| Host Allocations =    35
| Peak Device Footprint =     2.72 GB
| Device Allocations =    25
------------------------------------------------

 @ Finish Output cuEST Memory Footprint


 @ Output Timing Information

------------- TIMING ---------------
| CUEST INITIALIZATION TIME =     0.581511000( 19.05%)
| INITIAL GUESS TIME  =     0.520742000( 17.06%)
| DFT GRID OPERATIONS =     0.155609000(  5.10%)
| TOTAL SCF TIME      =     1.590802000( 52.10%)
|       TOTAL OP TIME      =     1.316325000( 43.11%)
|             TOTAL 1e TIME      =     0.019426000(  0.64%)
|             TOTAL 2e TIME      =     0.036831000(  1.21%)
|             TOTAL EXC TIME     =     1.225607000( 40.14%)
|       TOTAL DII TIME      =     0.272277000(  8.92%)
|             TOTAL DIAG TIME    =     0.132283000(  4.33%)
| TOTAL TIME          =     3.053153000
------------------------------------
| Job cpu time:  0 days  0 hours  0 minutes  3.1 seconds.

 @ Finish Output Timing Information

| Normal Termination. Task Finished on: Tue Aug  4 18:54:28 2026

======== FILE: ./morphine/morphine-3/morphine_6-31G**.out ========
| 10   -939.245097958  0.939956E-05       0.106    10        0.02      0.09      0.01    0.3770E-03  0.8709E-05  0.3459E-03
| 11   -939.245098823  0.864585E-06       0.107     1        0.02      0.09      0.01    0.1932E-03  0.3442E-05  0.1267E-03
| 12   -939.245099004  0.180701E-06       0.107     2        0.02      0.09      0.01    0.4550E-04  0.1240E-05  0.3763E-04
| 13   -939.245099027  0.236610E-07       0.107     3        0.02      0.09      0.01    0.1741E-04  0.4708E-06  0.1847E-04
| ------------------------------------------------------------------------------------------------------------------------
| REACH CONVERGENCE AFTER  13 CYCLES
| MAX ERROR = 0.174056E-04   RMS CHANGE = 0.470825E-06   MAX CHANGE = 0.184678E-04
| -----------------------------------------------
 ALPHA ELECTRON DENSITY    =    76.0000000000
 BETA ELECTRON DENSITY     =    76.0000000000
 ELECTRONIC ENERGY    =  -2768.552369508
 CORE_CORE REPULSION  =   1829.307270481
 TOTAL ENERGY         =   -939.245099027

 @ End Energy calculation

  Skipping one-electron property calculation.

 @ Output cuEST Memory Footprint

------------- cuEST MEMORY USAGE ---------------
| Peak Host Footprint =    23.00 kB
| Host Allocations =    35
| Peak Device Footprint =     2.70 GB
| Device Allocations =    25
------------------------------------------------

 @ Finish Output cuEST Memory Footprint


 @ Output Timing Information

------------- TIMING ---------------
| CUEST INITIALIZATION TIME =     0.581710000( 20.14%)
| INITIAL GUESS TIME  =     0.526078000( 18.21%)
| DFT GRID OPERATIONS =     0.154287000(  5.34%)
| TOTAL SCF TIME      =     1.417435000( 49.08%)
|       TOTAL OP TIME      =     1.166254000( 40.38%)
|             TOTAL 1e TIME      =     0.019591000(  0.68%)
|             TOTAL 2e TIME      =     0.034206000(  1.18%)
|             TOTAL EXC TIME     =     1.079614000( 37.38%)
|       TOTAL DII TIME      =     0.249142000(  8.63%)
|             TOTAL DIAG TIME    =     0.123043000(  4.26%)
| TOTAL TIME          =     2.888280000
------------------------------------
| Job cpu time:  0 days  0 hours  0 minutes  2.9 seconds.

 @ Finish Output Timing Information

| Normal Termination. Task Finished on: Tue Aug  4 18:54:18 2026

======== FILE: ./morphine/morphine-3/morphine_def2-TZVP.out ========
| 11   -939.606215420  0.616647E-05       0.365     1        0.07      0.29      0.02    0.5017E-03  0.5956E-05  0.4787E-03
| 12   -939.606218027  0.260701E-05       0.365     2        0.07      0.29      0.02    0.1333E-03  0.2196E-05  0.2105E-03
| 13   -939.606218243  0.216369E-06       0.365     3        0.07      0.29      0.02    0.6604E-04  0.1042E-05  0.1644E-03
| 14   -939.606218282  0.393666E-07       0.366     4        0.07      0.29      0.02    0.2573E-04  0.3243E-06  0.6133E-04
| ------------------------------------------------------------------------------------------------------------------------
| REACH CONVERGENCE AFTER  14 CYCLES
| MAX ERROR = 0.257250E-04   RMS CHANGE = 0.324296E-06   MAX CHANGE = 0.613283E-04
| -----------------------------------------------
 ALPHA ELECTRON DENSITY    =    76.0000000000
 BETA ELECTRON DENSITY     =    76.0000000000
 ELECTRONIC ENERGY    =  -2768.913488763
 CORE_CORE REPULSION  =   1829.307270481
 TOTAL ENERGY         =   -939.606218282

 @ End Energy calculation

  Skipping one-electron property calculation.

 @ Output cuEST Memory Footprint

------------- cuEST MEMORY USAGE ---------------
| Peak Host Footprint =    26.97 kB
| Host Allocations =    35
| Peak Device Footprint =     5.06 GB
| Device Allocations =    25
------------------------------------------------

 @ Finish Output cuEST Memory Footprint


 @ Output Timing Information

------------- TIMING ---------------
| CUEST INITIALIZATION TIME =     2.157901000( 21.91%)
| INITIAL GUESS TIME  =     1.955482000( 19.85%)
| DFT GRID OPERATIONS =     0.172474000(  1.75%)
| TOTAL SCF TIME      =     5.547846000( 56.32%)
|       TOTAL OP TIME      =     4.598188000( 46.68%)
|             TOTAL 1e TIME      =     0.247913000(  2.52%)
|             TOTAL 2e TIME      =     0.140532000(  1.43%)
|             TOTAL EXC TIME     =     3.897770000( 39.57%)
|       TOTAL DII TIME      =     0.933956000(  9.48%)
|             TOTAL DIAG TIME    =     0.318934000(  3.24%)
| TOTAL TIME          =     9.849887000
------------------------------------
| Job cpu time:  0 days  0 hours  0 minutes  9.8 seconds.

 @ Finish Output Timing Information

| Normal Termination. Task Finished on: Tue Aug  4 18:54:38 2026

======== FILE: ./morphine/morphine-2/morphine_def2-SV(P).out ========
| 11   -938.525042249  0.496591E-05       0.092     1        0.02      0.08      0.01    0.4537E-03  0.1301E-04  0.4442E-03
| 12   -938.525044145  0.189586E-05       0.093     2        0.02      0.08      0.01    0.1132E-03  0.4719E-05  0.1953E-03
| 13   -938.525044302  0.156823E-06       0.092     3        0.02      0.08      0.01    0.5024E-04  0.1828E-05  0.7818E-04
| 14   -938.525044323  0.204468E-07       0.093     4        0.02      0.08      0.01    0.1392E-04  0.5297E-06  0.2535E-04
| ------------------------------------------------------------------------------------------------------------------------
| REACH CONVERGENCE AFTER  14 CYCLES
| MAX ERROR = 0.139248E-04   RMS CHANGE = 0.529680E-06   MAX CHANGE = 0.253480E-04
| -----------------------------------------------
 ALPHA ELECTRON DENSITY    =    76.0000000000
 BETA ELECTRON DENSITY     =    76.0000000000
 ELECTRONIC ENERGY    =  -2767.832314803
 CORE_CORE REPULSION  =   1829.307270481
 TOTAL ENERGY         =   -938.525044323

 @ End Energy calculation

  Skipping one-electron property calculation.

 @ Output cuEST Memory Footprint

------------- cuEST MEMORY USAGE ---------------
| Peak Host Footprint =    22.39 kB
| Host Allocations =    35
| Peak Device Footprint =     2.58 GB
| Device Allocations =    25
------------------------------------------------

 @ Finish Output cuEST Memory Footprint


 @ Output Timing Information

------------- TIMING ---------------
| CUEST INITIALIZATION TIME =     0.507259000( 18.70%)
| INITIAL GUESS TIME  =     0.510221000( 18.81%)
| DFT GRID OPERATIONS =     0.153984000(  5.68%)
| TOTAL SCF TIME      =     1.336722000( 49.27%)
|       TOTAL OP TIME      =     1.099341000( 40.52%)
|             TOTAL 1e TIME      =     0.018956000(  0.70%)
|             TOTAL 2e TIME      =     0.030027000(  1.11%)
|             TOTAL EXC TIME     =     1.019396000( 37.58%)
|       TOTAL DII TIME      =     0.235819000(  8.69%)
|             TOTAL DIAG TIME    =     0.112856000(  4.16%)
| TOTAL TIME          =     2.712857000
------------------------------------
| Job cpu time:  0 days  0 hours  0 minutes  2.7 seconds.

 @ Finish Output Timing Information

| Normal Termination. Task Finished on: Tue Aug  4 18:53:28 2026

======== FILE: ./morphine/morphine-2/morphine_6-31G*.out ========
| 10   -939.209867359  0.817873E-05       0.093    10        0.02      0.07      0.01    0.3558E-03  0.1005E-04  0.3305E-03
| 11   -939.209868247  0.887938E-06       0.092     1        0.02      0.07      0.01    0.1642E-03  0.3887E-05  0.1315E-03
| 12   -939.209868410  0.162204E-06       0.092     2        0.02      0.07      0.01    0.4655E-04  0.1440E-05  0.3829E-04
| 13   -939.209868433  0.232985E-07       0.092     3        0.02      0.07      0.01    0.1744E-04  0.5664E-06  0.1874E-04
| ------------------------------------------------------------------------------------------------------------------------
| REACH CONVERGENCE AFTER  13 CYCLES
| MAX ERROR = 0.174449E-04   RMS CHANGE = 0.566429E-06   MAX CHANGE = 0.187388E-04
| -----------------------------------------------
 ALPHA ELECTRON DENSITY    =    76.0000000000
 BETA ELECTRON DENSITY     =    76.0000000000
 ELECTRONIC ENERGY    =  -2768.517138913
 CORE_CORE REPULSION  =   1829.307270481
 TOTAL ENERGY         =   -939.209868433

 @ End Energy calculation

  Skipping one-electron property calculation.

 @ Output cuEST Memory Footprint

------------- cuEST MEMORY USAGE ---------------
| Peak Host Footprint =    22.39 kB
| Host Allocations =    35
| Peak Device Footprint =     2.57 GB
| Device Allocations =    25
------------------------------------------------

 @ Finish Output cuEST Memory Footprint


 @ Output Timing Information

------------- TIMING ---------------
| CUEST INITIALIZATION TIME =     0.512426000( 19.52%)
| INITIAL GUESS TIME  =     0.517266000( 19.70%)
| DFT GRID OPERATIONS =     0.152725000(  5.82%)
| TOTAL SCF TIME      =     1.237686000( 47.14%)
|       TOTAL OP TIME      =     1.016102000( 38.70%)
|             TOTAL 1e TIME      =     0.019235000(  0.73%)
|             TOTAL 2e TIME      =     0.028304000(  1.08%)
|             TOTAL EXC TIME     =     0.939127000( 35.77%)
|       TOTAL DII TIME      =     0.220178000(  8.39%)
|             TOTAL DIAG TIME    =     0.105464000(  4.02%)
| TOTAL TIME          =     2.625376000
------------------------------------
| Job cpu time:  0 days  0 hours  0 minutes  2.6 seconds.

 @ Finish Output Timing Information

| Normal Termination. Task Finished on: Tue Aug  4 18:53:18 2026

======== FILE: ./morphine/morphine-2/morphine_def2-TZVPP.out ========
| 11   -939.615139080  0.630554E-05       0.466     1        0.10      0.36      0.03    0.5082E-03  0.4461E-05  0.2567E-03
| 12   -939.615141761  0.268038E-05       0.467     2        0.10      0.36      0.03    0.1381E-03  0.1792E-05  0.1713E-03
| 13   -939.615141991  0.230267E-06       0.467     3        0.10      0.36      0.03    0.6718E-04  0.7624E-06  0.1186E-03
| 14   -939.615142034  0.431869E-07       0.467     4        0.10      0.36      0.03    0.2633E-04  0.2456E-06  0.4812E-04
| ------------------------------------------------------------------------------------------------------------------------
| REACH CONVERGENCE AFTER  14 CYCLES
| MAX ERROR = 0.263330E-04   RMS CHANGE = 0.245630E-06   MAX CHANGE = 0.481180E-04
| -----------------------------------------------
 ALPHA ELECTRON DENSITY    =    76.0000000000
 BETA ELECTRON DENSITY     =    76.0000000000
 ELECTRONIC ENERGY    =  -2768.922412515
 CORE_CORE REPULSION  =   1829.307270481
 TOTAL ENERGY         =   -939.615142034

 @ End Energy calculation

  Skipping one-electron property calculation.

 @ Output cuEST Memory Footprint

------------- cuEST MEMORY USAGE ---------------
| Peak Host Footprint =    28.69 kB
| Host Allocations =    35
| Peak Device Footprint =     6.06 GB
| Device Allocations =    25
------------------------------------------------

 @ Finish Output cuEST Memory Footprint


 @ Output Timing Information

------------- TIMING ---------------
| CUEST INITIALIZATION TIME =     2.696465000( 21.81%)
| INITIAL GUESS TIME  =     2.484548000( 20.09%)
| DFT GRID OPERATIONS =     0.177862000(  1.44%)
| TOTAL SCF TIME      =     6.980485000( 56.45%)
|       TOTAL OP TIME      =     5.594338000( 45.24%)
|             TOTAL 1e TIME      =     0.251396000(  2.03%)
|             TOTAL 2e TIME      =     0.191292000(  1.55%)
|             TOTAL EXC TIME     =     4.804730000( 38.86%)
|       TOTAL DII TIME      =     1.362089000( 11.02%)
|             TOTAL DIAG TIME    =     0.432313000(  3.50%)
| TOTAL TIME          =    12.364828000
------------------------------------
| Job cpu time:  0 days  0 hours  0 minutes 12.4 seconds.

 @ Finish Output Timing Information

| Normal Termination. Task Finished on: Tue Aug  4 18:53:53 2026

======== FILE: ./morphine/morphine-2/morphine_6-31G.out ========
| 11   -938.963289620  0.650460E-05       0.048     1        0.01      0.04      0.01    0.4199E-03  0.9256E-05  0.3548E-03
| 12   -938.963290097  0.476753E-06       0.049     2        0.01      0.04      0.00    0.9366E-04  0.4003E-05  0.9363E-04
| 13   -938.963290154  0.563473E-07       0.049     3        0.01      0.04      0.01    0.1974E-04  0.1162E-05  0.3158E-04
| 14   -938.963290159  0.541149E-08       0.048     4        0.01      0.04      0.01    0.7004E-05  0.4469E-06  0.8402E-05
| ------------------------------------------------------------------------------------------------------------------------
| REACH CONVERGENCE AFTER  14 CYCLES
| MAX ERROR = 0.700403E-05   RMS CHANGE = 0.446910E-06   MAX CHANGE = 0.840236E-05
| -----------------------------------------------
 ALPHA ELECTRON DENSITY    =    76.0000000000
 BETA ELECTRON DENSITY     =    76.0000000000
 ELECTRONIC ENERGY    =  -2768.270560640
 CORE_CORE REPULSION  =   1829.307270481
 TOTAL ENERGY         =   -938.963290159

 @ End Energy calculation

  Skipping one-electron property calculation.

 @ Output cuEST Memory Footprint

------------- cuEST MEMORY USAGE ---------------
| Peak Host Footprint =    21.72 kB
| Host Allocations =    35
| Peak Device Footprint =     2.27 GB
| Device Allocations =    25
------------------------------------------------

 @ Finish Output cuEST Memory Footprint


 @ Output Timing Information

------------- TIMING ---------------
| CUEST INITIALIZATION TIME =     0.319605000( 17.21%)
| INITIAL GUESS TIME  =     0.487784000( 26.27%)
| DFT GRID OPERATIONS =     0.150166000(  8.09%)
| TOTAL SCF TIME      =     0.683128000( 36.79%)
|       TOTAL OP TIME      =     0.568911000( 30.64%)
|             TOTAL 1e TIME      =     0.002665000(  0.14%)
|             TOTAL 2e TIME      =     0.015322000(  0.83%)
|             TOTAL EXC TIME     =     0.543556000( 29.27%)
|       TOTAL DII TIME      =     0.113551000(  6.12%)
|             TOTAL DIAG TIME    =     0.071021000(  3.83%)
| TOTAL TIME          =     1.856729000
------------------------------------
| Job cpu time:  0 days  0 hours  0 minutes  1.9 seconds.

 @ Finish Output Timing Information

| Normal Termination. Task Finished on: Tue Aug  4 18:53:16 2026

======== FILE: ./morphine/morphine-2/morphine_6-31+G**.out ========
| 11   -939.287824497  0.586276E-05       0.149     1        0.03      0.12      0.01    0.6233E-03  0.2284E-04  0.9785E-03
| 12   -939.287826417  0.192021E-05       0.148     2        0.03      0.12      0.01    0.1541E-03  0.5800E-05  0.3969E-03
| 13   -939.287826502  0.852110E-07       0.148     3        0.03      0.12      0.01    0.7053E-04  0.2837E-05  0.1215E-03
| 14   -939.287826520  0.176678E-07       0.148     4        0.03      0.12      0.01    0.1900E-04  0.6966E-06  0.4416E-04
| ------------------------------------------------------------------------------------------------------------------------
| REACH CONVERGENCE AFTER  14 CYCLES
| MAX ERROR = 0.189963E-04   RMS CHANGE = 0.696648E-06   MAX CHANGE = 0.441611E-04
| -----------------------------------------------
 ALPHA ELECTRON DENSITY    =    76.0000000000
 BETA ELECTRON DENSITY     =    76.0000000000
 ELECTRONIC ENERGY    =  -2768.595097000
 CORE_CORE REPULSION  =   1829.307270481
 TOTAL ENERGY         =   -939.287826520

 @ End Energy calculation

  Skipping one-electron property calculation.

 @ Output cuEST Memory Footprint

------------- cuEST MEMORY USAGE ---------------
| Peak Host Footprint =    24.34 kB
| Host Allocations =    35
| Peak Device Footprint =     3.09 GB
| Device Allocations =    25
------------------------------------------------

 @ Finish Output cuEST Memory Footprint


 @ Output Timing Information

------------- TIMING ---------------
| CUEST INITIALIZATION TIME =     0.792232000( 20.90%)
| INITIAL GUESS TIME  =     0.534492000( 14.10%)
| DFT GRID OPERATIONS =     0.159009000(  4.20%)
| TOTAL SCF TIME      =     2.094216000( 55.25%)
|       TOTAL OP TIME      =     1.745305000( 46.05%)
|             TOTAL 1e TIME      =     0.021014000(  0.55%)
|             TOTAL 2e TIME      =     0.051439000(  1.36%)
|             TOTAL EXC TIME     =     1.632289000( 43.06%)
|       TOTAL DII TIME      =     0.344613000(  9.09%)
|             TOTAL DIAG TIME    =     0.152981000(  4.04%)
| TOTAL TIME          =     3.790325000
------------------------------------
| Job cpu time:  0 days  0 hours  0 minutes  3.8 seconds.

 @ Finish Output Timing Information

| Normal Termination. Task Finished on: Tue Aug  4 18:53:25 2026

======== FILE: ./morphine/morphine-2/morphine_def2-TZVPD.out ========
| 10   -939.611476809  0.145801E-03       0.566    10        0.10      0.46      0.03    0.1406E-02  0.1294E-04  0.1208E-02
| 11   -939.611488794  0.119853E-04       0.574     1        0.11      0.47      0.03    0.3724E-03  0.5249E-05  0.2776E-03
| 12   -939.611491124  0.232907E-05       0.576     2        0.11      0.47      0.03    0.1423E-03  0.1573E-05  0.9985E-04
| 13   -939.611491286  0.162076E-06       0.576     3        0.11      0.47      0.03    0.6895E-04  0.7338E-06  0.3789E-04
| ------------------------------------------------------------------------------------------------------------------------
| REACH CONVERGENCE AFTER  13 CYCLES
| MAX ERROR = 0.689490E-04   RMS CHANGE = 0.733770E-06   MAX CHANGE = 0.378889E-04
| -----------------------------------------------
 ALPHA ELECTRON DENSITY    =    76.0000000000
 BETA ELECTRON DENSITY     =    76.0000000000
 ELECTRONIC ENERGY    =  -2768.918761766
 CORE_CORE REPULSION  =   1829.307270481
 TOTAL ENERGY         =   -939.611491286

 @ End Energy calculation

  Skipping one-electron property calculation.

 @ Output cuEST Memory Footprint

------------- cuEST MEMORY USAGE ---------------
| Peak Host Footprint =    30.19 kB
| Host Allocations =    35
| Peak Device Footprint =     7.17 GB
| Device Allocations =    25
------------------------------------------------

 @ Finish Output cuEST Memory Footprint


 @ Output Timing Information

------------- TIMING ---------------
| CUEST INITIALIZATION TIME =     3.326598000( 22.25%)
| INITIAL GUESS TIME  =     3.494331000( 23.38%)
| DFT GRID OPERATIONS =     0.188512000(  1.26%)
| TOTAL SCF TIME      =     7.910702000( 52.92%)
|       TOTAL OP TIME      =     6.580984000( 44.02%)
|             TOTAL 1e TIME      =     0.254636000(  1.70%)
|             TOTAL 2e TIME      =     0.216556000(  1.45%)
|             TOTAL EXC TIME     =     5.751791000( 38.48%)
|       TOTAL DII TIME      =     1.305021000(  8.73%)
|             TOTAL DIAG TIME    =     0.397033000(  2.66%)
| TOTAL TIME          =    14.948377000
------------------------------------
| Job cpu time:  0 days  0 hours  0 minutes 14.9 seconds.

 @ Finish Output Timing Information

| Normal Termination. Task Finished on: Tue Aug  4 18:54:08 2026

======== FILE: ./morphine/morphine-2/morphine_3-21G.out ========
| 10   -934.056160822  0.240166E-05       0.046    10        0.01      0.04      0.01    0.1834E-03  0.8163E-05  0.2612E-03
| 11   -934.056161163  0.341701E-06       0.046     1        0.01      0.04      0.01    0.7757E-04  0.3548E-05  0.1031E-03
| 12   -934.056161204  0.411451E-07       0.046     2        0.01      0.04      0.01    0.3229E-04  0.1277E-05  0.2616E-04
| 13   -934.056161212  0.801083E-08       0.046     3        0.01      0.04      0.01    0.9125E-05  0.3953E-06  0.1318E-04
| ------------------------------------------------------------------------------------------------------------------------
| REACH CONVERGENCE AFTER  13 CYCLES
| MAX ERROR = 0.912514E-05   RMS CHANGE = 0.395276E-06   MAX CHANGE = 0.131838E-04
| -----------------------------------------------
 ALPHA ELECTRON DENSITY    =    76.0000000000
 BETA ELECTRON DENSITY     =    76.0000000000
 ELECTRONIC ENERGY    =  -2763.363431693
 CORE_CORE REPULSION  =   1829.307270481
 TOTAL ENERGY         =   -934.056161212

 @ End Energy calculation

  Skipping one-electron property calculation.

 @ Output cuEST Memory Footprint

------------- cuEST MEMORY USAGE ---------------
| Peak Host Footprint =    21.72 kB
| Host Allocations =    35
| Peak Device Footprint =     2.25 GB
| Device Allocations =    25
------------------------------------------------

 @ Finish Output cuEST Memory Footprint


 @ Output Timing Information

------------- TIMING ---------------
| CUEST INITIALIZATION TIME =     0.294574000( 17.00%)
| INITIAL GUESS TIME  =     0.470644000( 27.16%)
| DFT GRID OPERATIONS =     0.147758000(  8.53%)
| TOTAL SCF TIME      =     0.607580000( 35.06%)
|       TOTAL OP TIME      =     0.499270000( 28.81%)
|             TOTAL 1e TIME      =     0.002138000(  0.12%)
|             TOTAL 2e TIME      =     0.013909000(  0.80%)
|             TOTAL EXC TIME     =     0.476675000( 27.50%)
|       TOTAL DII TIME      =     0.107707000(  6.21%)
|             TOTAL DIAG TIME    =     0.066578000(  3.84%)
| TOTAL TIME          =     1.733142000
------------------------------------
| Job cpu time:  0 days  0 hours  0 minutes  1.7 seconds.

 @ Finish Output Timing Information

| Normal Termination. Task Finished on: Tue Aug  4 18:53:14 2026

======== FILE: ./morphine/morphine-2/morphine_def2-SVP.out ========
| 11   -938.571696724  0.292483E-05       0.111     1        0.02      0.09      0.01    0.4902E-03  0.8894E-05  0.4895E-03
| 12   -938.571698086  0.136228E-05       0.111     2        0.02      0.09      0.01    0.1990E-03  0.3538E-05  0.1833E-03
| 13   -938.571698207  0.120541E-06       0.111     3        0.02      0.09      0.01    0.4611E-04  0.1613E-05  0.7390E-04
| 14   -938.571698234  0.265686E-07       0.111     4        0.02      0.09      0.01    0.1613E-04  0.4863E-06  0.2869E-04
| ------------------------------------------------------------------------------------------------------------------------
| REACH CONVERGENCE AFTER  14 CYCLES
| MAX ERROR = 0.161262E-04   RMS CHANGE = 0.486256E-06   MAX CHANGE = 0.286885E-04
| -----------------------------------------------
 ALPHA ELECTRON DENSITY    =    76.0000000000
 BETA ELECTRON DENSITY     =    76.0000000000
 ELECTRONIC ENERGY    =  -2767.878968714
 CORE_CORE REPULSION  =   1829.307270481
 TOTAL ENERGY         =   -938.571698234

 @ End Energy calculation

  Skipping one-electron property calculation.

 @ Output cuEST Memory Footprint

------------- cuEST MEMORY USAGE ---------------
| Peak Host Footprint =    23.00 kB
| Host Allocations =    35
| Peak Device Footprint =     2.72 GB
| Device Allocations =    25
------------------------------------------------

 @ Finish Output cuEST Memory Footprint


 @ Output Timing Information

------------- TIMING ---------------
| CUEST INITIALIZATION TIME =     0.583827000( 19.12%)
| INITIAL GUESS TIME  =     0.519865000( 17.03%)
| DFT GRID OPERATIONS =     0.153179000(  5.02%)
| TOTAL SCF TIME      =     1.590592000( 52.09%)
|       TOTAL OP TIME      =     1.315657000( 43.09%)
|             TOTAL 1e TIME      =     0.019407000(  0.64%)
|             TOTAL 2e TIME      =     0.036787000(  1.20%)
|             TOTAL EXC TIME     =     1.224939000( 40.12%)
|       TOTAL DII TIME      =     0.272713000(  8.93%)
|             TOTAL DIAG TIME    =     0.132251000(  4.33%)
| TOTAL TIME          =     3.053450000
------------------------------------
| Job cpu time:  0 days  0 hours  0 minutes  3.1 seconds.

 @ Finish Output Timing Information

| Normal Termination. Task Finished on: Tue Aug  4 18:53:31 2026

======== FILE: ./morphine/morphine-2/morphine_6-31G**.out ========
| 10   -939.245097958  0.939956E-05       0.106    10        0.02      0.09      0.01    0.3770E-03  0.8709E-05  0.3459E-03
| 11   -939.245098823  0.864587E-06       0.106     1        0.02      0.09      0.01    0.1932E-03  0.3442E-05  0.1267E-03
| 12   -939.245099004  0.180701E-06       0.107     2        0.02      0.09      0.01    0.4550E-04  0.1240E-05  0.3763E-04
| 13   -939.245099027  0.236637E-07       0.107     3        0.02      0.09      0.01    0.1741E-04  0.4708E-06  0.1847E-04
| ------------------------------------------------------------------------------------------------------------------------
| REACH CONVERGENCE AFTER  13 CYCLES
| MAX ERROR = 0.174056E-04   RMS CHANGE = 0.470825E-06   MAX CHANGE = 0.184678E-04
| -----------------------------------------------
 ALPHA ELECTRON DENSITY    =    76.0000000000
 BETA ELECTRON DENSITY     =    76.0000000000
 ELECTRONIC ENERGY    =  -2768.552369508
 CORE_CORE REPULSION  =   1829.307270481
 TOTAL ENERGY         =   -939.245099027

 @ End Energy calculation

  Skipping one-electron property calculation.

 @ Output cuEST Memory Footprint

------------- cuEST MEMORY USAGE ---------------
| Peak Host Footprint =    23.00 kB
| Host Allocations =    35
| Peak Device Footprint =     2.70 GB
| Device Allocations =    25
------------------------------------------------

 @ Finish Output cuEST Memory Footprint


 @ Output Timing Information

------------- TIMING ---------------
| CUEST INITIALIZATION TIME =     0.581631000( 20.18%)
| INITIAL GUESS TIME  =     0.524347000( 18.20%)
| DFT GRID OPERATIONS =     0.154066000(  5.35%)
| TOTAL SCF TIME      =     1.416369000( 49.15%)
|       TOTAL OP TIME      =     1.166199000( 40.47%)
|             TOTAL 1e TIME      =     0.019635000(  0.68%)
|             TOTAL 2e TIME      =     0.034232000(  1.19%)
|             TOTAL EXC TIME     =     1.079679000( 37.47%)
|       TOTAL DII TIME      =     0.248141000(  8.61%)
|             TOTAL DIAG TIME    =     0.122935000(  4.27%)
| TOTAL TIME          =     2.881679000
------------------------------------
| Job cpu time:  0 days  0 hours  0 minutes  2.9 seconds.

 @ Finish Output Timing Information

| Normal Termination. Task Finished on: Tue Aug  4 18:53:21 2026

======== FILE: ./morphine/morphine-2/morphine_def2-TZVP.out ========
| 11   -939.606215420  0.616647E-05       0.365     1        0.07      0.29      0.02    0.5017E-03  0.5956E-05  0.4787E-03
| 12   -939.606218027  0.260701E-05       0.365     2        0.07      0.29      0.02    0.1333E-03  0.2196E-05  0.2105E-03
| 13   -939.606218243  0.216370E-06       0.365     3        0.07      0.29      0.02    0.6604E-04  0.1042E-05  0.1644E-03
| 14   -939.606218282  0.393720E-07       0.365     4        0.07      0.29      0.02    0.2573E-04  0.3243E-06  0.6133E-04
| ------------------------------------------------------------------------------------------------------------------------
| REACH CONVERGENCE AFTER  14 CYCLES
| MAX ERROR = 0.257250E-04   RMS CHANGE = 0.324296E-06   MAX CHANGE = 0.613283E-04
| -----------------------------------------------
 ALPHA ELECTRON DENSITY    =    76.0000000000
 BETA ELECTRON DENSITY     =    76.0000000000
 ELECTRONIC ENERGY    =  -2768.913488763
 CORE_CORE REPULSION  =   1829.307270481
 TOTAL ENERGY         =   -939.606218282

 @ End Energy calculation

  Skipping one-electron property calculation.

 @ Output cuEST Memory Footprint

------------- cuEST MEMORY USAGE ---------------
| Peak Host Footprint =    26.97 kB
| Host Allocations =    35
| Peak Device Footprint =     5.06 GB
| Device Allocations =    25
------------------------------------------------

 @ Finish Output cuEST Memory Footprint


 @ Output Timing Information

------------- TIMING ---------------
| CUEST INITIALIZATION TIME =     2.157991000( 21.91%)
| INITIAL GUESS TIME  =     1.957459000( 19.87%)
| DFT GRID OPERATIONS =     0.174504000(  1.77%)
| TOTAL SCF TIME      =     5.550839000( 56.35%)
|       TOTAL OP TIME      =     4.596747000( 46.66%)
|             TOTAL 1e TIME      =     0.248334000(  2.52%)
|             TOTAL 2e TIME      =     0.140731000(  1.43%)
|             TOTAL EXC TIME     =     3.893796000( 39.53%)
|       TOTAL DII TIME      =     0.938950000(  9.53%)
|             TOTAL DIAG TIME    =     0.319385000(  3.24%)
| TOTAL TIME          =     9.851349000
------------------------------------
| Job cpu time:  0 days  0 hours  0 minutes  9.9 seconds.

 @ Finish Output Timing Information

| Normal Termination. Task Finished on: Tue Aug  4 18:53:41 2026

======== FILE: ./morphine/morphine-1/morphine_def2-SV(P).out ========
| 11   -938.525042249  0.496591E-05       0.092     1        0.02      0.08      0.01    0.4537E-03  0.1301E-04  0.4442E-03
| 12   -938.525044145  0.189586E-05       0.093     2        0.02      0.08      0.01    0.1132E-03  0.4719E-05  0.1953E-03
| 13   -938.525044302  0.156822E-06       0.093     3        0.02      0.08      0.01    0.5024E-04  0.1828E-05  0.7818E-04
| 14   -938.525044322  0.204445E-07       0.093     4        0.02      0.08      0.01    0.1392E-04  0.5297E-06  0.2535E-04
| ------------------------------------------------------------------------------------------------------------------------
| REACH CONVERGENCE AFTER  14 CYCLES
| MAX ERROR = 0.139248E-04   RMS CHANGE = 0.529680E-06   MAX CHANGE = 0.253480E-04
| -----------------------------------------------
 ALPHA ELECTRON DENSITY    =    76.0000000000
 BETA ELECTRON DENSITY     =    76.0000000000
 ELECTRONIC ENERGY    =  -2767.832314803
 CORE_CORE REPULSION  =   1829.307270481
 TOTAL ENERGY         =   -938.525044322

 @ End Energy calculation

  Skipping one-electron property calculation.

 @ Output cuEST Memory Footprint

------------- cuEST MEMORY USAGE ---------------
| Peak Host Footprint =    22.39 kB
| Host Allocations =    35
| Peak Device Footprint =     2.58 GB
| Device Allocations =    25
------------------------------------------------

 @ Finish Output cuEST Memory Footprint


 @ Output Timing Information

------------- TIMING ---------------
| CUEST INITIALIZATION TIME =     0.507249000( 18.68%)
| INITIAL GUESS TIME  =     0.509604000( 18.77%)
| DFT GRID OPERATIONS =     0.153335000(  5.65%)
| TOTAL SCF TIME      =     1.341943000( 49.43%)
|       TOTAL OP TIME      =     1.103415000( 40.64%)
|             TOTAL 1e TIME      =     0.018969000(  0.70%)
|             TOTAL 2e TIME      =     0.029996000(  1.10%)
|             TOTAL EXC TIME     =     1.023463000( 37.70%)
|       TOTAL DII TIME      =     0.237005000(  8.73%)
|             TOTAL DIAG TIME    =     0.113188000(  4.17%)
| TOTAL TIME          =     2.714812000
------------------------------------
| Job cpu time:  0 days  0 hours  0 minutes  2.7 seconds.

 @ Finish Output Timing Information

| Normal Termination. Task Finished on: Tue Aug  4 18:52:31 2026

======== FILE: ./morphine/morphine-1/morphine_6-31G*.out ========
| 10   -939.209867359  0.817873E-05       0.093    10        0.02      0.07      0.01    0.3558E-03  0.1005E-04  0.3305E-03
| 11   -939.209868247  0.887937E-06       0.092     1        0.02      0.07      0.01    0.1642E-03  0.3887E-05  0.1315E-03
| 12   -939.209868409  0.162202E-06       0.093     2        0.02      0.08      0.01    0.4655E-04  0.1440E-05  0.3829E-04
| 13   -939.209868433  0.233026E-07       0.093     3        0.02      0.08      0.01    0.1744E-04  0.5664E-06  0.1874E-04
| ------------------------------------------------------------------------------------------------------------------------
| REACH CONVERGENCE AFTER  13 CYCLES
| MAX ERROR = 0.174449E-04   RMS CHANGE = 0.566429E-06   MAX CHANGE = 0.187388E-04
| -----------------------------------------------
 ALPHA ELECTRON DENSITY    =    76.0000000000
 BETA ELECTRON DENSITY     =    76.0000000000
 ELECTRONIC ENERGY    =  -2768.517138913
 CORE_CORE REPULSION  =   1829.307270481
 TOTAL ENERGY         =   -939.209868433

 @ End Energy calculation

  Skipping one-electron property calculation.

 @ Output cuEST Memory Footprint

------------- cuEST MEMORY USAGE ---------------
| Peak Host Footprint =    22.39 kB
| Host Allocations =    35
| Peak Device Footprint =     2.57 GB
| Device Allocations =    25
------------------------------------------------

 @ Finish Output cuEST Memory Footprint


 @ Output Timing Information

------------- TIMING ---------------
| CUEST INITIALIZATION TIME =     0.512344000( 19.46%)
| INITIAL GUESS TIME  =     0.514523000( 19.54%)
| DFT GRID OPERATIONS =     0.154757000(  5.88%)
| TOTAL SCF TIME      =     1.241764000( 47.17%)
|       TOTAL OP TIME      =     1.019902000( 38.74%)
|             TOTAL 1e TIME      =     0.019155000(  0.73%)
|             TOTAL 2e TIME      =     0.028266000(  1.07%)
|             TOTAL EXC TIME     =     0.943381000( 35.83%)
|       TOTAL DII TIME      =     0.220457000(  8.37%)
|             TOTAL DIAG TIME    =     0.105598000(  4.01%)
| TOTAL TIME          =     2.632587000
------------------------------------
| Job cpu time:  0 days  0 hours  0 minutes  2.6 seconds.

 @ Finish Output Timing Information

| Normal Termination. Task Finished on: Tue Aug  4 18:52:22 2026

======== FILE: ./morphine/morphine-1/morphine_def2-TZVPP.out ========
| 11   -939.615139080  0.630553E-05       0.468     1        0.10      0.36      0.03    0.5082E-03  0.4461E-05  0.2567E-03
| 12   -939.615141761  0.268038E-05       0.470     2        0.10      0.36      0.03    0.1381E-03  0.1792E-05  0.1713E-03
| 13   -939.615141991  0.230269E-06       0.470     3        0.10      0.36      0.03    0.6718E-04  0.7624E-06  0.1186E-03
| 14   -939.615142034  0.431824E-07       0.469     4        0.10      0.36      0.03    0.2633E-04  0.2456E-06  0.4812E-04
| ------------------------------------------------------------------------------------------------------------------------
| REACH CONVERGENCE AFTER  14 CYCLES
| MAX ERROR = 0.263330E-04   RMS CHANGE = 0.245630E-06   MAX CHANGE = 0.481180E-04
| -----------------------------------------------
 ALPHA ELECTRON DENSITY    =    76.0000000000
 BETA ELECTRON DENSITY     =    76.0000000000
 ELECTRONIC ENERGY    =  -2768.922412515
 CORE_CORE REPULSION  =   1829.307270481
 TOTAL ENERGY         =   -939.615142034

 @ End Energy calculation

  Skipping one-electron property calculation.

 @ Output cuEST Memory Footprint

------------- cuEST MEMORY USAGE ---------------
| Peak Host Footprint =    28.69 kB
| Host Allocations =    35
| Peak Device Footprint =     6.06 GB
| Device Allocations =    25
------------------------------------------------

 @ Finish Output cuEST Memory Footprint


 @ Output Timing Information

------------- TIMING ---------------
| CUEST INITIALIZATION TIME =     2.705917000( 21.85%)
| INITIAL GUESS TIME  =     2.470284000( 19.94%)
| DFT GRID OPERATIONS =     0.178094000(  1.44%)
| TOTAL SCF TIME      =     7.002902000( 56.54%)
|       TOTAL OP TIME      =     5.610426000( 45.30%)
|             TOTAL 1e TIME      =     0.251523000(  2.03%)
|             TOTAL 2e TIME      =     0.191927000(  1.55%)
|             TOTAL EXC TIME     =     4.818663000( 38.90%)
|       TOTAL DII TIME      =     1.368798000( 11.05%)
|             TOTAL DIAG TIME    =     0.432942000(  3.50%)
| TOTAL TIME          =    12.386293000
------------------------------------
| Job cpu time:  0 days  0 hours  0 minutes 12.4 seconds.

 @ Finish Output Timing Information

| Normal Termination. Task Finished on: Tue Aug  4 18:52:57 2026

======== FILE: ./morphine/morphine-1/morphine_6-31G.out ========
| 11   -938.963289620  0.650460E-05       0.048     1        0.01      0.04      0.01    0.4199E-03  0.9256E-05  0.3548E-03
| 12   -938.963290097  0.476751E-06       0.049     2        0.01      0.04      0.01    0.9366E-04  0.4003E-05  0.9363E-04
| 13   -938.963290154  0.563505E-07       0.049     3        0.01      0.04      0.01    0.1974E-04  0.1162E-05  0.3158E-04
| 14   -938.963290159  0.540922E-08       0.048     4        0.01      0.04      0.01    0.7004E-05  0.4469E-06  0.8402E-05
| ------------------------------------------------------------------------------------------------------------------------
| REACH CONVERGENCE AFTER  14 CYCLES
| MAX ERROR = 0.700403E-05   RMS CHANGE = 0.446910E-06   MAX CHANGE = 0.840236E-05
| -----------------------------------------------
 ALPHA ELECTRON DENSITY    =    76.0000000000
 BETA ELECTRON DENSITY     =    76.0000000000
 ELECTRONIC ENERGY    =  -2768.270560640
 CORE_CORE REPULSION  =   1829.307270481
 TOTAL ENERGY         =   -938.963290159

 @ End Energy calculation

  Skipping one-electron property calculation.

 @ Output cuEST Memory Footprint

------------- cuEST MEMORY USAGE ---------------
| Peak Host Footprint =    21.72 kB
| Host Allocations =    35
| Peak Device Footprint =     2.27 GB
| Device Allocations =    25
------------------------------------------------

 @ Finish Output cuEST Memory Footprint


 @ Output Timing Information

------------- TIMING ---------------
| CUEST INITIALIZATION TIME =     0.319076000( 17.10%)
| INITIAL GUESS TIME  =     0.486715000( 26.09%)
| DFT GRID OPERATIONS =     0.150503000(  8.07%)
| TOTAL SCF TIME      =     0.685418000( 36.74%)
|       TOTAL OP TIME      =     0.570307000( 30.57%)
|             TOTAL 1e TIME      =     0.002618000(  0.14%)
|             TOTAL 2e TIME      =     0.015360000(  0.82%)
|             TOTAL EXC TIME     =     0.544951000( 29.21%)
|       TOTAL DII TIME      =     0.114475000(  6.14%)
|             TOTAL DIAG TIME    =     0.071376000(  3.83%)
| TOTAL TIME          =     1.865608000
------------------------------------
| Job cpu time:  0 days  0 hours  0 minutes  1.9 seconds.

 @ Finish Output Timing Information

| Normal Termination. Task Finished on: Tue Aug  4 18:52:19 2026

======== FILE: ./morphine/morphine-1/morphine_6-31+G**.out ========
| 11   -939.287824497  0.586275E-05       0.149     1        0.03      0.12      0.01    0.6233E-03  0.2284E-04  0.9785E-03
| 12   -939.287826417  0.192022E-05       0.149     2        0.03      0.12      0.01    0.1541E-03  0.5800E-05  0.3969E-03
| 13   -939.287826502  0.852037E-07       0.149     3        0.03      0.12      0.01    0.7053E-04  0.2837E-05  0.1215E-03
| 14   -939.287826520  0.176760E-07       0.149     4        0.03      0.12      0.01    0.1900E-04  0.6966E-06  0.4416E-04
| ------------------------------------------------------------------------------------------------------------------------
| REACH CONVERGENCE AFTER  14 CYCLES
| MAX ERROR = 0.189963E-04   RMS CHANGE = 0.696650E-06   MAX CHANGE = 0.441613E-04
| -----------------------------------------------
 ALPHA ELECTRON DENSITY    =    76.0000000000
 BETA ELECTRON DENSITY     =    76.0000000000
 ELECTRONIC ENERGY    =  -2768.595097000
 CORE_CORE REPULSION  =   1829.307270481
 TOTAL ENERGY         =   -939.287826520

 @ End Energy calculation

  Skipping one-electron property calculation.

 @ Output cuEST Memory Footprint

------------- cuEST MEMORY USAGE ---------------
| Peak Host Footprint =    24.34 kB
| Host Allocations =    35
| Peak Device Footprint =     3.09 GB
| Device Allocations =    25
------------------------------------------------

 @ Finish Output cuEST Memory Footprint


 @ Output Timing Information

------------- TIMING ---------------
| CUEST INITIALIZATION TIME =     0.795446000( 20.89%)
| INITIAL GUESS TIME  =     0.536758000( 14.10%)
| DFT GRID OPERATIONS =     0.159269000(  4.18%)
| TOTAL SCF TIME      =     2.103705000( 55.26%)
|       TOTAL OP TIME      =     1.751383000( 46.00%)
|             TOTAL 1e TIME      =     0.021013000(  0.55%)
|             TOTAL 2e TIME      =     0.051412000(  1.35%)
|             TOTAL EXC TIME     =     1.638180000( 43.03%)
|       TOTAL DII TIME      =     0.347893000(  9.14%)
|             TOTAL DIAG TIME    =     0.153455000(  4.03%)
| TOTAL TIME          =     3.807079000
------------------------------------
| Job cpu time:  0 days  0 hours  0 minutes  3.8 seconds.

 @ Finish Output Timing Information

| Normal Termination. Task Finished on: Tue Aug  4 18:52:29 2026

======== FILE: ./morphine/morphine-1/morphine_def2-TZVPD.out ========
| 10   -939.611476809  0.145801E-03       0.566    10        0.10      0.47      0.03    0.1406E-02  0.1294E-04  0.1208E-02
| 11   -939.611488794  0.119853E-04       0.575     1        0.11      0.47      0.03    0.3724E-03  0.5249E-05  0.2776E-03
| 12   -939.611491124  0.232908E-05       0.574     2        0.11      0.46      0.03    0.1423E-03  0.1573E-05  0.9985E-04
| 13   -939.611491286  0.162067E-06       0.575     3        0.11      0.46      0.03    0.6895E-04  0.7338E-06  0.3789E-04
| ------------------------------------------------------------------------------------------------------------------------
| REACH CONVERGENCE AFTER  13 CYCLES
| MAX ERROR = 0.689490E-04   RMS CHANGE = 0.733770E-06   MAX CHANGE = 0.378889E-04
| -----------------------------------------------
 ALPHA ELECTRON DENSITY    =    76.0000000000
 BETA ELECTRON DENSITY     =    76.0000000000
 ELECTRONIC ENERGY    =  -2768.918761766
 CORE_CORE REPULSION  =   1829.307270481
 TOTAL ENERGY         =   -939.611491286

 @ End Energy calculation

  Skipping one-electron property calculation.

 @ Output cuEST Memory Footprint

------------- cuEST MEMORY USAGE ---------------
| Peak Host Footprint =    30.19 kB
| Host Allocations =    35
| Peak Device Footprint =     7.17 GB
| Device Allocations =    25
------------------------------------------------

 @ Finish Output cuEST Memory Footprint


 @ Output Timing Information

------------- TIMING ---------------
| CUEST INITIALIZATION TIME =     3.328152000( 22.29%)
| INITIAL GUESS TIME  =     3.479358000( 23.30%)
| DFT GRID OPERATIONS =     0.186991000(  1.25%)
| TOTAL SCF TIME      =     7.911205000( 52.97%)
|       TOTAL OP TIME      =     6.581040000( 44.07%)
|             TOTAL 1e TIME      =     0.254412000(  1.70%)
|             TOTAL 2e TIME      =     0.217441000(  1.46%)
|             TOTAL EXC TIME     =     5.752809000( 38.52%)
|       TOTAL DII TIME      =     1.305801000(  8.74%)
|             TOTAL DIAG TIME    =     0.397514000(  2.66%)
| TOTAL TIME          =    14.934114000
------------------------------------
| Job cpu time:  0 days  0 hours  0 minutes 14.9 seconds.

 @ Finish Output Timing Information

| Normal Termination. Task Finished on: Tue Aug  4 18:53:12 2026

======== FILE: ./morphine/morphine-1/morphine_3-21G.out ========
| 10   -934.056160822  0.240166E-05       0.046    10        0.01      0.04      0.01    0.1834E-03  0.8163E-05  0.2612E-03
| 11   -934.056161163  0.341704E-06       0.047     1        0.01      0.04      0.01    0.7757E-04  0.3548E-05  0.1031E-03
| 12   -934.056161205  0.411437E-07       0.046     2        0.01      0.04      0.01    0.3229E-04  0.1277E-05  0.2616E-04
| 13   -934.056161213  0.801174E-08       0.047     3        0.01      0.04      0.01    0.9125E-05  0.3953E-06  0.1318E-04
| ------------------------------------------------------------------------------------------------------------------------
| REACH CONVERGENCE AFTER  13 CYCLES
| MAX ERROR = 0.912514E-05   RMS CHANGE = 0.395276E-06   MAX CHANGE = 0.131838E-04
| -----------------------------------------------
 ALPHA ELECTRON DENSITY    =    76.0000000000
 BETA ELECTRON DENSITY     =    76.0000000000
 ELECTRONIC ENERGY    =  -2763.363431693
 CORE_CORE REPULSION  =   1829.307270481
 TOTAL ENERGY         =   -934.056161213

 @ End Energy calculation

  Skipping one-electron property calculation.

 @ Output cuEST Memory Footprint

------------- cuEST MEMORY USAGE ---------------
| Peak Host Footprint =    21.72 kB
| Host Allocations =    35
| Peak Device Footprint =     2.25 GB
| Device Allocations =    25
------------------------------------------------

 @ Finish Output cuEST Memory Footprint


 @ Output Timing Information

------------- TIMING ---------------
| CUEST INITIALIZATION TIME =     0.293497000( 16.53%)
| INITIAL GUESS TIME  =     0.508264000( 28.62%)
| DFT GRID OPERATIONS =     0.146048000(  8.22%)
| TOTAL SCF TIME      =     0.606570000( 34.16%)
|       TOTAL OP TIME      =     0.499068000( 28.11%)
|             TOTAL 1e TIME      =     0.002086000(  0.12%)
|             TOTAL 2e TIME      =     0.013909000(  0.78%)
|             TOTAL EXC TIME     =     0.476544000( 26.84%)
|       TOTAL DII TIME      =     0.106889000(  6.02%)
|             TOTAL DIAG TIME    =     0.066570000(  3.75%)
| TOTAL TIME          =     1.775686000
------------------------------------
| Job cpu time:  0 days  0 hours  0 minutes  1.8 seconds.

 @ Finish Output Timing Information

| Normal Termination. Task Finished on: Tue Aug  4 18:52:17 2026

======== FILE: ./morphine/morphine-1/morphine_def2-SVP.out ========
| 11   -938.571696724  0.292483E-05       0.111     1        0.02      0.09      0.01    0.4902E-03  0.8894E-05  0.4895E-03
| 12   -938.571698087  0.136227E-05       0.112     2        0.02      0.09      0.01    0.1990E-03  0.3538E-05  0.1833E-03
| 13   -938.571698207  0.120542E-06       0.112     3        0.02      0.09      0.01    0.4611E-04  0.1613E-05  0.7390E-04
| 14   -938.571698234  0.265677E-07       0.112     4        0.02      0.09      0.01    0.1613E-04  0.4863E-06  0.2869E-04
| ------------------------------------------------------------------------------------------------------------------------
| REACH CONVERGENCE AFTER  14 CYCLES
| MAX ERROR = 0.161262E-04   RMS CHANGE = 0.486256E-06   MAX CHANGE = 0.286885E-04
| -----------------------------------------------
 ALPHA ELECTRON DENSITY    =    76.0000000000
 BETA ELECTRON DENSITY     =    76.0000000000
 ELECTRONIC ENERGY    =  -2767.878968714
 CORE_CORE REPULSION  =   1829.307270481
 TOTAL ENERGY         =   -938.571698234

 @ End Energy calculation

  Skipping one-electron property calculation.

 @ Output cuEST Memory Footprint

------------- cuEST MEMORY USAGE ---------------
| Peak Host Footprint =    23.00 kB
| Host Allocations =    35
| Peak Device Footprint =     2.72 GB
| Device Allocations =    25
------------------------------------------------

 @ Finish Output cuEST Memory Footprint


 @ Output Timing Information

------------- TIMING ---------------
| CUEST INITIALIZATION TIME =     0.582649000( 19.05%)
| INITIAL GUESS TIME  =     0.518282000( 16.94%)
| DFT GRID OPERATIONS =     0.153754000(  5.03%)
| TOTAL SCF TIME      =     1.595995000( 52.18%)
|       TOTAL OP TIME      =     1.320435000( 43.17%)
|             TOTAL 1e TIME      =     0.019438000(  0.64%)
|             TOTAL 2e TIME      =     0.036740000(  1.20%)
|             TOTAL EXC TIME     =     1.229712000( 40.20%)
|       TOTAL DII TIME      =     0.273416000(  8.94%)
|             TOTAL DIAG TIME    =     0.132690000(  4.34%)
| TOTAL TIME          =     3.058821000
------------------------------------
| Job cpu time:  0 days  0 hours  0 minutes  3.1 seconds.

 @ Finish Output Timing Information

| Normal Termination. Task Finished on: Tue Aug  4 18:52:35 2026

======== FILE: ./morphine/morphine-1/morphine_6-31G**.out ========
| 10   -939.245097958  0.939956E-05       0.106    10        0.02      0.09      0.01    0.3770E-03  0.8709E-05  0.3459E-03
| 11   -939.245098823  0.864586E-06       0.107     1        0.02      0.09      0.01    0.1932E-03  0.3442E-05  0.1267E-03
| 12   -939.245099004  0.180703E-06       0.107     2        0.02      0.09      0.01    0.4550E-04  0.1240E-05  0.3763E-04
| 13   -939.245099027  0.236614E-07       0.107     3        0.02      0.09      0.01    0.1741E-04  0.4708E-06  0.1847E-04
| ------------------------------------------------------------------------------------------------------------------------
| REACH CONVERGENCE AFTER  13 CYCLES
| MAX ERROR = 0.174056E-04   RMS CHANGE = 0.470825E-06   MAX CHANGE = 0.184678E-04
| -----------------------------------------------
 ALPHA ELECTRON DENSITY    =    76.0000000000
 BETA ELECTRON DENSITY     =    76.0000000000
 ELECTRONIC ENERGY    =  -2768.552369508
 CORE_CORE REPULSION  =   1829.307270481
 TOTAL ENERGY         =   -939.245099027

 @ End Energy calculation

  Skipping one-electron property calculation.

 @ Output cuEST Memory Footprint

------------- cuEST MEMORY USAGE ---------------
| Peak Host Footprint =    23.00 kB
| Host Allocations =    35
| Peak Device Footprint =     2.70 GB
| Device Allocations =    25
------------------------------------------------

 @ Finish Output cuEST Memory Footprint


 @ Output Timing Information

------------- TIMING ---------------
| CUEST INITIALIZATION TIME =     0.583279000( 20.12%)
| INITIAL GUESS TIME  =     0.524592000( 18.10%)
| DFT GRID OPERATIONS =     0.154824000(  5.34%)
| TOTAL SCF TIME      =     1.420592000( 49.01%)
|       TOTAL OP TIME      =     1.170349000( 40.38%)
|             TOTAL 1e TIME      =     0.019658000(  0.68%)
|             TOTAL 2e TIME      =     0.034221000(  1.18%)
|             TOTAL EXC TIME     =     1.083769000( 37.39%)
|       TOTAL DII TIME      =     0.248220000(  8.56%)
|             TOTAL DIAG TIME    =     0.123219000(  4.25%)
| TOTAL TIME          =     2.898292000
------------------------------------
| Job cpu time:  0 days  0 hours  0 minutes  2.9 seconds.

 @ Finish Output Timing Information

| Normal Termination. Task Finished on: Tue Aug  4 18:52:25 2026

======== FILE: ./morphine/morphine-1/morphine_def2-TZVP.out ========
| 11   -939.606215420  0.616647E-05       0.367     1        0.07      0.29      0.02    0.5017E-03  0.5956E-05  0.4787E-03
| 12   -939.606218027  0.260701E-05       0.367     2        0.07      0.29      0.02    0.1333E-03  0.2196E-05  0.2105E-03
| 13   -939.606218243  0.216367E-06       0.367     3        0.07      0.29      0.02    0.6604E-04  0.1042E-05  0.1644E-03
| 14   -939.606218282  0.393725E-07       0.367     4        0.07      0.29      0.02    0.2573E-04  0.3243E-06  0.6133E-04
| ------------------------------------------------------------------------------------------------------------------------
| REACH CONVERGENCE AFTER  14 CYCLES
| MAX ERROR = 0.257250E-04   RMS CHANGE = 0.324296E-06   MAX CHANGE = 0.613283E-04
| -----------------------------------------------
 ALPHA ELECTRON DENSITY    =    76.0000000000
 BETA ELECTRON DENSITY     =    76.0000000000
 ELECTRONIC ENERGY    =  -2768.913488763
 CORE_CORE REPULSION  =   1829.307270481
 TOTAL ENERGY         =   -939.606218282

 @ End Energy calculation

  Skipping one-electron property calculation.

 @ Output cuEST Memory Footprint

------------- cuEST MEMORY USAGE ---------------
| Peak Host Footprint =    26.97 kB
| Host Allocations =    35
| Peak Device Footprint =     5.06 GB
| Device Allocations =    25
------------------------------------------------

 @ Finish Output cuEST Memory Footprint


 @ Output Timing Information

------------- TIMING ---------------
| CUEST INITIALIZATION TIME =     2.165830000( 21.94%)
| INITIAL GUESS TIME  =     1.946596000( 19.72%)
| DFT GRID OPERATIONS =     0.174064000(  1.76%)
| TOTAL SCF TIME      =     5.570848000( 56.44%)
|       TOTAL OP TIME      =     4.613569000( 46.74%)
|             TOTAL 1e TIME      =     0.249135000(  2.52%)
|             TOTAL 2e TIME      =     0.140352000(  1.42%)
|             TOTAL EXC TIME     =     3.911309000( 39.62%)
|       TOTAL DII TIME      =     0.942301000(  9.55%)
|             TOTAL DIAG TIME    =     0.320887000(  3.25%)
| TOTAL TIME          =     9.870900000
------------------------------------
| Job cpu time:  0 days  0 hours  0 minutes  9.9 seconds.

 @ Finish Output Timing Information

| Normal Termination. Task Finished on: Tue Aug  4 18:52:45 2026

======== FILE: ./taxol/taxol-3/taxol_6-31G*.out ========
| 13  -2926.098123803  0.203148E-05       0.499     3        0.11      0.39      0.03    0.2482E-03  0.1350E-05  0.2028E-03
| 14  -2926.098124027  0.224007E-06       0.499     4        0.11      0.39      0.03    0.1132E-03  0.1201E-05  0.1059E-03
| 15  -2926.098124046  0.193140E-07       0.500     5        0.11      0.39      0.03    0.1217E-03  0.7227E-06  0.1200E-03
| 16  -2926.098124095  0.489217E-07       0.500     6        0.11      0.39      0.03    0.6133E-04  0.3384E-06  0.4292E-04
| ------------------------------------------------------------------------------------------------------------------------
| REACH CONVERGENCE AFTER  16 CYCLES
| MAX ERROR = 0.613329E-04   RMS CHANGE = 0.338388E-06   MAX CHANGE = 0.429196E-04
| -----------------------------------------------
 ALPHA ELECTRON DENSITY    =   223.0000000000
 BETA ELECTRON DENSITY     =   223.0000000000
 ELECTRONIC ENERGY    = -12593.167999419
 CORE_CORE REPULSION  =   9667.069875324
 TOTAL ENERGY         =  -2926.098124095

 @ End Energy calculation

  Skipping one-electron property calculation.

 @ Output cuEST Memory Footprint

------------- cuEST MEMORY USAGE ---------------
| Peak Host Footprint =    63.18 kB
| Host Allocations =    35
| Peak Device Footprint =     9.94 GB
| Device Allocations =    25
------------------------------------------------

 @ Finish Output cuEST Memory Footprint


 @ Output Timing Information

------------- TIMING ---------------
| CUEST INITIALIZATION TIME =     5.011409000( 31.84%)
| INITIAL GUESS TIME  =     1.187102000(  7.54%)
| DFT GRID OPERATIONS =     1.100302000(  6.99%)
| TOTAL SCF TIME      =     7.964956000( 50.61%)
|       TOTAL OP TIME      =     6.359215000( 40.40%)
|             TOTAL 1e TIME      =     0.035587000(  0.23%)
|             TOTAL 2e TIME      =     0.285183000(  1.81%)
|             TOTAL EXC TIME     =     5.901271000( 37.49%)
|       TOTAL DII TIME      =     1.580264000( 10.04%)
|             TOTAL DIAG TIME    =     0.463370000(  2.94%)
| TOTAL TIME          =    15.738851000
------------------------------------
| Job cpu time:  0 days  0 hours  0 minutes 15.7 seconds.

 @ Finish Output Timing Information

| Normal Termination. Task Finished on: Tue Aug  4 18:56:47 2026

======== FILE: ./taxol/taxol-3/taxol_3-21G.out ========
| 13  -2910.056733336  0.393754E-04       0.228     3        0.04      0.18      0.02    0.1231E-02  0.1128E-04  0.9311E-03
| 14  -2910.056740173  0.683626E-05       0.227     4        0.04      0.18      0.02    0.2888E-03  0.4034E-05  0.3007E-03
| 15  -2910.056740714  0.541231E-06       0.228     5        0.04      0.18      0.02    0.1050E-03  0.1901E-05  0.1915E-03
| 16  -2910.056740812  0.979526E-07       0.228     6        0.04      0.18      0.02    0.8590E-04  0.9298E-06  0.8742E-04
| ------------------------------------------------------------------------------------------------------------------------
| REACH CONVERGENCE AFTER  16 CYCLES
| MAX ERROR = 0.859034E-04   RMS CHANGE = 0.929776E-06   MAX CHANGE = 0.874171E-04
| -----------------------------------------------
 ALPHA ELECTRON DENSITY    =   223.0000000000
 BETA ELECTRON DENSITY     =   223.0000000000
 ELECTRONIC ENERGY    = -12577.126616135
 CORE_CORE REPULSION  =   9667.069875324
 TOTAL ENERGY         =  -2910.056740812

 @ End Energy calculation

  Skipping one-electron property calculation.

 @ Output cuEST Memory Footprint

------------- cuEST MEMORY USAGE ---------------
| Peak Host Footprint =    61.23 kB
| Host Allocations =    35
| Peak Device Footprint =     4.76 GB
| Device Allocations =    25
------------------------------------------------

 @ Finish Output cuEST Memory Footprint


 @ Output Timing Information

------------- TIMING ---------------
| CUEST INITIALIZATION TIME =     2.424271000( 29.28%)
| INITIAL GUESS TIME  =     0.699863000(  8.45%)
| DFT GRID OPERATIONS =     1.073940000( 12.97%)
| TOTAL SCF TIME      =     3.627253000( 43.81%)
|       TOTAL OP TIME      =     2.971020000( 35.88%)
|             TOTAL 1e TIME      =     0.007306000(  0.09%)
|             TOTAL 2e TIME      =     0.118748000(  1.43%)
|             TOTAL EXC TIME     =     2.795468000( 33.76%)
|       TOTAL DII TIME      =     0.647558000(  7.82%)
|             TOTAL DIAG TIME    =     0.254991000(  3.08%)
| TOTAL TIME          =     8.279637000
------------------------------------
| Job cpu time:  0 days  0 hours  0 minutes  8.3 seconds.

 @ Finish Output Timing Information

| Normal Termination. Task Finished on: Tue Aug  4 18:56:21 2026

======== FILE: ./taxol/taxol-3/taxol_6-31G.out ========
| 13  -2925.307027930  0.798002E-05       0.268     3        0.04      0.23      0.02    0.6253E-03  0.5564E-05  0.3639E-03
| 14  -2925.307029226  0.129636E-05       0.269     4        0.04      0.23      0.02    0.2093E-03  0.3163E-05  0.2235E-03
| 15  -2925.307029440  0.213546E-06       0.268     5        0.04      0.22      0.02    0.1343E-03  0.1340E-05  0.9474E-04
| 16  -2925.307029578  0.138636E-06       0.269     6        0.04      0.23      0.02    0.1922E-04  0.4559E-06  0.2830E-04
| ------------------------------------------------------------------------------------------------------------------------
| REACH CONVERGENCE AFTER  16 CYCLES
| MAX ERROR = 0.192192E-04   RMS CHANGE = 0.455935E-06   MAX CHANGE = 0.282983E-04
| -----------------------------------------------
 ALPHA ELECTRON DENSITY    =   223.0000000000
 BETA ELECTRON DENSITY     =   223.0000000000
 ELECTRONIC ENERGY    = -12592.376904902
 CORE_CORE REPULSION  =   9667.069875324
 TOTAL ENERGY         =  -2925.307029578

 @ End Energy calculation

  Skipping one-electron property calculation.

 @ Output cuEST Memory Footprint

------------- cuEST MEMORY USAGE ---------------
| Peak Host Footprint =    61.23 kB
| Host Allocations =    35
| Peak Device Footprint =     6.90 GB
| Device Allocations =    25
------------------------------------------------

 @ Finish Output cuEST Memory Footprint


 @ Output Timing Information

------------- TIMING ---------------
| CUEST INITIALIZATION TIME =     2.835276000( 29.48%)
| INITIAL GUESS TIME  =     0.955757000(  9.94%)
| DFT GRID OPERATIONS =     1.078952000( 11.22%)
| TOTAL SCF TIME      =     4.291366000( 44.62%)
|       TOTAL OP TIME      =     3.634807000( 37.80%)
|             TOTAL 1e TIME      =     0.010374000(  0.11%)
|             TOTAL 2e TIME      =     0.133148000(  1.38%)
|             TOTAL EXC TIME     =     3.439572000( 35.77%)
|       TOTAL DII TIME      =     0.647154000(  6.73%)
|             TOTAL DIAG TIME    =     0.255110000(  2.65%)
| TOTAL TIME          =     9.616951000
------------------------------------
| Job cpu time:  0 days  0 hours  0 minutes  9.6 seconds.

 @ Finish Output Timing Information

| Normal Termination. Task Finished on: Tue Aug  4 18:56:31 2026

======== FILE: ./taxol/taxol-2/taxol_6-31G*.out ========
| 13  -2926.098123803  0.203149E-05       0.499     3        0.11      0.39      0.03    0.2482E-03  0.1350E-05  0.2028E-03
| 14  -2926.098124027  0.224014E-06       0.499     4        0.11      0.39      0.03    0.1132E-03  0.1201E-05  0.1059E-03
| 15  -2926.098124046  0.193104E-07       0.497     5        0.10      0.39      0.03    0.1217E-03  0.7227E-06  0.1200E-03
| 16  -2926.098124095  0.489290E-07       0.496     6        0.10      0.39      0.03    0.6133E-04  0.3384E-06  0.4292E-04
| ------------------------------------------------------------------------------------------------------------------------
| REACH CONVERGENCE AFTER  16 CYCLES
| MAX ERROR = 0.613329E-04   RMS CHANGE = 0.338388E-06   MAX CHANGE = 0.429196E-04
| -----------------------------------------------
 ALPHA ELECTRON DENSITY    =   223.0000000000
 BETA ELECTRON DENSITY     =   223.0000000000
 ELECTRONIC ENERGY    = -12593.167999419
 CORE_CORE REPULSION  =   9667.069875324
 TOTAL ENERGY         =  -2926.098124095

 @ End Energy calculation

  Skipping one-electron property calculation.

 @ Output cuEST Memory Footprint

------------- cuEST MEMORY USAGE ---------------
| Peak Host Footprint =    63.18 kB
| Host Allocations =    35
| Peak Device Footprint =     9.94 GB
| Device Allocations =    25
------------------------------------------------

 @ Finish Output cuEST Memory Footprint


 @ Output Timing Information

------------- TIMING ---------------
| CUEST INITIALIZATION TIME =     5.008446000( 31.83%)
| INITIAL GUESS TIME  =     1.184305000(  7.53%)
| DFT GRID OPERATIONS =     1.095881000(  6.96%)
| TOTAL SCF TIME      =     7.967661000( 50.63%)
|       TOTAL OP TIME      =     6.357644000( 40.40%)
|             TOTAL 1e TIME      =     0.035671000(  0.23%)
|             TOTAL 2e TIME      =     0.284362000(  1.81%)
|             TOTAL EXC TIME     =     5.900470000( 37.49%)
|       TOTAL DII TIME      =     1.583175000( 10.06%)
|             TOTAL DIAG TIME    =     0.463084000(  2.94%)
| TOTAL TIME          =    15.737374000
------------------------------------
| Job cpu time:  0 days  0 hours  0 minutes 15.7 seconds.

 @ Finish Output Timing Information

| Normal Termination. Task Finished on: Tue Aug  4 18:56:13 2026

======== FILE: ./taxol/taxol-2/taxol_3-21G.out ========
| 13  -2910.056733336  0.393755E-04       0.227     3        0.04      0.18      0.02    0.1231E-02  0.1128E-04  0.9311E-03
| 14  -2910.056740172  0.683626E-05       0.227     4        0.04      0.18      0.02    0.2888E-03  0.4034E-05  0.3007E-03
| 15  -2910.056740713  0.541231E-06       0.228     5        0.04      0.18      0.02    0.1050E-03  0.1901E-05  0.1915E-03
| 16  -2910.056740811  0.979398E-07       0.228     6        0.04      0.18      0.02    0.8590E-04  0.9298E-06  0.8742E-04
| ------------------------------------------------------------------------------------------------------------------------
| REACH CONVERGENCE AFTER  16 CYCLES
| MAX ERROR = 0.859034E-04   RMS CHANGE = 0.929776E-06   MAX CHANGE = 0.874171E-04
| -----------------------------------------------
 ALPHA ELECTRON DENSITY    =   223.0000000000
 BETA ELECTRON DENSITY     =   223.0000000000
 ELECTRONIC ENERGY    = -12577.126616135
 CORE_CORE REPULSION  =   9667.069875324
 TOTAL ENERGY         =  -2910.056740811

 @ End Energy calculation

  Skipping one-electron property calculation.

 @ Output cuEST Memory Footprint

------------- cuEST MEMORY USAGE ---------------
| Peak Host Footprint =    61.23 kB
| Host Allocations =    35
| Peak Device Footprint =     4.76 GB
| Device Allocations =    25
------------------------------------------------

 @ Finish Output cuEST Memory Footprint


 @ Output Timing Information

------------- TIMING ---------------
| CUEST INITIALIZATION TIME =     2.426043000( 29.30%)
| INITIAL GUESS TIME  =     0.701551000(  8.47%)
| DFT GRID OPERATIONS =     1.076550000( 13.00%)
| TOTAL SCF TIME      =     3.626663000( 43.79%)
|       TOTAL OP TIME      =     2.972031000( 35.89%)
|             TOTAL 1e TIME      =     0.007274000(  0.09%)
|             TOTAL 2e TIME      =     0.118755000(  1.43%)
|             TOTAL EXC TIME     =     2.795498000( 33.76%)
|       TOTAL DII TIME      =     0.645469000(  7.79%)
|             TOTAL DIAG TIME    =     0.254965000(  3.08%)
| TOTAL TIME          =     8.281336000
------------------------------------
| Job cpu time:  0 days  0 hours  0 minutes  8.3 seconds.

 @ Finish Output Timing Information

| Normal Termination. Task Finished on: Tue Aug  4 18:55:47 2026

======== FILE: ./taxol/taxol-2/taxol_6-31G.out ========
| 13  -2925.307027930  0.798002E-05       0.269     3        0.04      0.23      0.02    0.6253E-03  0.5564E-05  0.3639E-03
| 14  -2925.307029226  0.129636E-05       0.269     4        0.04      0.23      0.02    0.2093E-03  0.3163E-05  0.2235E-03
| 15  -2925.307029440  0.213537E-06       0.269     5        0.04      0.23      0.02    0.1343E-03  0.1340E-05  0.9474E-04
| 16  -2925.307029578  0.138632E-06       0.269     6        0.04      0.23      0.02    0.1922E-04  0.4559E-06  0.2830E-04
| ------------------------------------------------------------------------------------------------------------------------
| REACH CONVERGENCE AFTER  16 CYCLES
| MAX ERROR = 0.192192E-04   RMS CHANGE = 0.455935E-06   MAX CHANGE = 0.282983E-04
| -----------------------------------------------
 ALPHA ELECTRON DENSITY    =   223.0000000000
 BETA ELECTRON DENSITY     =   223.0000000000
 ELECTRONIC ENERGY    = -12592.376904902
 CORE_CORE REPULSION  =   9667.069875324
 TOTAL ENERGY         =  -2925.307029578

 @ End Energy calculation

  Skipping one-electron property calculation.

 @ Output cuEST Memory Footprint

------------- cuEST MEMORY USAGE ---------------
| Peak Host Footprint =    61.23 kB
| Host Allocations =    35
| Peak Device Footprint =     6.90 GB
| Device Allocations =    25
------------------------------------------------

 @ Finish Output cuEST Memory Footprint


 @ Output Timing Information

------------- TIMING ---------------
| CUEST INITIALIZATION TIME =     2.834529000( 29.46%)
| INITIAL GUESS TIME  =     0.952602000(  9.90%)
| DFT GRID OPERATIONS =     1.078742000( 11.21%)
| TOTAL SCF TIME      =     4.299081000( 44.68%)
|       TOTAL OP TIME      =     3.639797000( 37.83%)
|             TOTAL 1e TIME      =     0.010341000(  0.11%)
|             TOTAL 2e TIME      =     0.133070000(  1.38%)
|             TOTAL EXC TIME     =     3.444889000( 35.80%)
|       TOTAL DII TIME      =     0.650171000(  6.76%)
|             TOTAL DIAG TIME    =     0.255094000(  2.65%)
| TOTAL TIME          =     9.622112000
------------------------------------
| Job cpu time:  0 days  0 hours  0 minutes  9.6 seconds.

 @ Finish Output Timing Information

| Normal Termination. Task Finished on: Tue Aug  4 18:55:57 2026

======== FILE: ./taxol/taxol-1/taxol_6-31G*.out ========
| 13  -2926.098123803  0.203148E-05       0.498     3        0.10      0.39      0.03    0.2482E-03  0.1350E-05  0.2028E-03
| 14  -2926.098124027  0.223996E-06       0.500     4        0.11      0.39      0.03    0.1132E-03  0.1201E-05  0.1059E-03
| 15  -2926.098124046  0.193286E-07       0.500     5        0.11      0.39      0.03    0.1217E-03  0.7227E-06  0.1200E-03
| 16  -2926.098124095  0.489235E-07       0.500     6        0.11      0.39      0.03    0.6133E-04  0.3384E-06  0.4292E-04
| ------------------------------------------------------------------------------------------------------------------------
| REACH CONVERGENCE AFTER  16 CYCLES
| MAX ERROR = 0.613329E-04   RMS CHANGE = 0.338388E-06   MAX CHANGE = 0.429196E-04
| -----------------------------------------------
 ALPHA ELECTRON DENSITY    =   223.0000000000
 BETA ELECTRON DENSITY     =   223.0000000000
 ELECTRONIC ENERGY    = -12593.167999419
 CORE_CORE REPULSION  =   9667.069875324
 TOTAL ENERGY         =  -2926.098124095

 @ End Energy calculation

  Skipping one-electron property calculation.

 @ Output cuEST Memory Footprint

------------- cuEST MEMORY USAGE ---------------
| Peak Host Footprint =    63.18 kB
| Host Allocations =    35
| Peak Device Footprint =     9.94 GB
| Device Allocations =    25
------------------------------------------------

 @ Finish Output cuEST Memory Footprint


 @ Output Timing Information

------------- TIMING ---------------
| CUEST INITIALIZATION TIME =     5.015042000( 31.84%)
| INITIAL GUESS TIME  =     1.183958000(  7.52%)
| DFT GRID OPERATIONS =     1.100879000(  6.99%)
| TOTAL SCF TIME      =     7.978233000( 50.66%)
|       TOTAL OP TIME      =     6.363126000( 40.40%)
|             TOTAL 1e TIME      =     0.035664000(  0.23%)
|             TOTAL 2e TIME      =     0.284645000(  1.81%)
|             TOTAL EXC TIME     =     5.902937000( 37.48%)
|       TOTAL DII TIME      =     1.589973000( 10.10%)
|             TOTAL DIAG TIME    =     0.463517000(  2.94%)
| TOTAL TIME          =    15.749938000
------------------------------------
| Job cpu time:  0 days  0 hours  0 minutes 15.7 seconds.

 @ Finish Output Timing Information

| Normal Termination. Task Finished on: Tue Aug  4 18:55:39 2026

======== FILE: ./taxol/taxol-1/taxol_3-21G.out ========
| 13  -2910.056733336  0.393755E-04       0.227     3        0.04      0.18      0.02    0.1231E-02  0.1128E-04  0.9311E-03
| 14  -2910.056740172  0.683625E-05       0.227     4        0.04      0.18      0.02    0.2888E-03  0.4034E-05  0.3007E-03
| 15  -2910.056740713  0.541228E-06       0.228     5        0.04      0.18      0.02    0.1050E-03  0.1901E-05  0.1915E-03
| 16  -2910.056740811  0.979599E-07       0.227     6        0.04      0.18      0.02    0.8590E-04  0.9298E-06  0.8742E-04
| ------------------------------------------------------------------------------------------------------------------------
| REACH CONVERGENCE AFTER  16 CYCLES
| MAX ERROR = 0.859034E-04   RMS CHANGE = 0.929776E-06   MAX CHANGE = 0.874171E-04
| -----------------------------------------------
 ALPHA ELECTRON DENSITY    =   223.0000000000
 BETA ELECTRON DENSITY     =   223.0000000000
 ELECTRONIC ENERGY    = -12577.126616135
 CORE_CORE REPULSION  =   9667.069875324
 TOTAL ENERGY         =  -2910.056740811

 @ End Energy calculation

  Skipping one-electron property calculation.

 @ Output cuEST Memory Footprint

------------- cuEST MEMORY USAGE ---------------
| Peak Host Footprint =    61.23 kB
| Host Allocations =    35
| Peak Device Footprint =     4.76 GB
| Device Allocations =    25
------------------------------------------------

 @ Finish Output cuEST Memory Footprint


 @ Output Timing Information

------------- TIMING ---------------
| CUEST INITIALIZATION TIME =     2.426654000( 29.33%)
| INITIAL GUESS TIME  =     0.700593000(  8.47%)
| DFT GRID OPERATIONS =     1.072874000( 12.97%)
| TOTAL SCF TIME      =     3.623738000( 43.80%)
|       TOTAL OP TIME      =     2.967125000( 35.86%)
|             TOTAL 1e TIME      =     0.007283000(  0.09%)
|             TOTAL 2e TIME      =     0.118731000(  1.43%)
|             TOTAL EXC TIME     =     2.792090000( 33.75%)
|       TOTAL DII TIME      =     0.647840000(  7.83%)
|             TOTAL DIAG TIME    =     0.254875000(  3.08%)
| TOTAL TIME          =     8.274052000
------------------------------------
| Job cpu time:  0 days  0 hours  0 minutes  8.3 seconds.

 @ Finish Output Timing Information

| Normal Termination. Task Finished on: Tue Aug  4 18:55:13 2026

======== FILE: ./taxol/taxol-1/taxol_6-31G.out ========
| 13  -2925.307027929  0.798002E-05       0.268     3        0.04      0.22      0.02    0.6253E-03  0.5564E-05  0.3639E-03
| 14  -2925.307029226  0.129635E-05       0.269     4        0.04      0.23      0.02    0.2093E-03  0.3163E-05  0.2235E-03
| 15  -2925.307029439  0.213546E-06       0.269     5        0.04      0.23      0.02    0.1343E-03  0.1340E-05  0.9474E-04
| 16  -2925.307029578  0.138654E-06       0.270     6        0.04      0.23      0.02    0.1922E-04  0.4559E-06  0.2830E-04
| ------------------------------------------------------------------------------------------------------------------------
| REACH CONVERGENCE AFTER  16 CYCLES
| MAX ERROR = 0.192192E-04   RMS CHANGE = 0.455935E-06   MAX CHANGE = 0.282983E-04
| -----------------------------------------------
 ALPHA ELECTRON DENSITY    =   223.0000000000
 BETA ELECTRON DENSITY     =   223.0000000000
 ELECTRONIC ENERGY    = -12592.376904901
 CORE_CORE REPULSION  =   9667.069875324
 TOTAL ENERGY         =  -2925.307029578

 @ End Energy calculation

  Skipping one-electron property calculation.

 @ Output cuEST Memory Footprint

------------- cuEST MEMORY USAGE ---------------
| Peak Host Footprint =    61.23 kB
| Host Allocations =    35
| Peak Device Footprint =     6.90 GB
| Device Allocations =    25
------------------------------------------------

 @ Finish Output cuEST Memory Footprint


 @ Output Timing Information

------------- TIMING ---------------
| CUEST INITIALIZATION TIME =     2.836535000( 29.44%)
| INITIAL GUESS TIME  =     0.955511000(  9.92%)
| DFT GRID OPERATIONS =     1.082693000( 11.24%)
| TOTAL SCF TIME      =     4.294875000( 44.58%)
|       TOTAL OP TIME      =     3.636973000( 37.75%)
|             TOTAL 1e TIME      =     0.010351000(  0.11%)
|             TOTAL 2e TIME      =     0.133346000(  1.38%)
|             TOTAL EXC TIME     =     3.440640000( 35.71%)
|       TOTAL DII TIME      =     0.648791000(  6.73%)
|             TOTAL DIAG TIME    =     0.255448000(  2.65%)
| TOTAL TIME          =     9.634317000
------------------------------------
| Job cpu time:  0 days  0 hours  0 minutes  9.6 seconds.

 @ Finish Output Timing Information

| Normal Termination. Task Finished on: Tue Aug  4 18:55:23 2026

======== FILE: ./basis.txt ========
3-21G
6-31G
6-31G*
6-31G**
6-31+G**
def2-SV(P)
def2-SVP
def2-TZVP
def2-TZVPP
def2-TZVPD

======== FILE: ./cat.out ========
| 11   -939.606215420  0.616647E-05       0.367     1        0.07      0.29      0.02    0.5017E-03  0.5956E-05  0.4787E-03
| 12   -939.606218027  0.260701E-05       0.367     2        0.07      0.29      0.02    0.1333E-03  0.2196E-05  0.2105E-03
| 13   -939.606218243  0.216367E-06       0.367     3        0.07      0.29      0.02    0.6604E-04  0.1042E-05  0.1644E-03
| 14   -939.606218282  0.393725E-07       0.367     4        0.07      0.29      0.02    0.2573E-04  0.3243E-06  0.6133E-04
| ------------------------------------------------------------------------------------------------------------------------
| REACH CONVERGENCE AFTER  14 CYCLES
| MAX ERROR = 0.257250E-04   RMS CHANGE = 0.324296E-06   MAX CHANGE = 0.613283E-04
| -----------------------------------------------
 ALPHA ELECTRON DENSITY    =    76.0000000000
 BETA ELECTRON DENSITY     =    76.0000000000
 ELECTRONIC ENERGY    =  -2768.913488763
 CORE_CORE REPULSION  =   1829.307270481
 TOTAL ENERGY         =   -939.606218282

 @ End Energy calculation

  Skipping one-electron property calculation.

 @ Output cuEST Memory Footprint

------------- cuEST MEMORY USAGE ---------------
| Peak Host Footprint =    26.97 kB
| Host Allocations =    35
| Peak Device Footprint =     5.06 GB
| Device Allocations =    25
------------------------------------------------

 @ Finish Output cuEST Memory Footprint


 @ Output Timing Information

------------- TIMING ---------------
| CUEST INITIALIZATION TIME =     2.165830000( 21.94%)
| INITIAL GUESS TIME  =     1.946596000( 19.72%)
| DFT GRID OPERATIONS =     0.174064000(  1.76%)
| TOTAL SCF TIME      =     5.570848000( 56.44%)
|       TOTAL OP TIME      =     4.613569000( 46.74%)
|             TOTAL 1e TIME      =     0.249135000(  2.52%)
|             TOTAL 2e TIME      =     0.140352000(  1.42%)
|             TOTAL EXC TIME     =     3.911309000( 39.62%)
|       TOTAL DII TIME      =     0.942301000(  9.55%)
|             TOTAL DIAG TIME    =     0.320887000(  3.25%)
| TOTAL TIME          =     9.870900000
------------------------------------
| Job cpu time:  0 days  0 hours  0 minutes  9.9 seconds.

 @ Finish Output Timing Information

| Normal Termination. Task Finished on: Tue Aug  4 18:52:45 2026
