| *********************************************************************************************************
| **                                                                                                     **
| **           888888888888                                                                              **
| **         8888888888888888                                                                            **
| **      888888888888888888                                                                             **
| **     888888888888888888                                                                              **
| **    888888888888888                                                                                  **
| **   88888888888888888888                               88888                       8888:              **
| **   8888888888888888888888Z                            88888                       8888:              **
| **   888888888888888888888888?                          88888                       8888:              **
| **   8888888888888      8888888                                        888888       8888:              **
| **    88888888888         888888     8888:     88888    88888        888888888I     8888:    888888    **
| **    8888888888           88888:    8888:     88888    88888      $888888888888    8888:   888888     **
| **    I8Z 88888             88888    8888:     88888    88888    .888888     8888   8888: 888888       **
| **    .8Z 88888             88888    8888:     88888    88888    $88888             8888:88888         **
| **     8I 88888      .=88. .88888    8888:     88888    88888    88888              8888888888         **
| **    :8  88888      888888$8888$    8888:     88888    88888    8888O              88888888888        **
| **   ,7   +88888.     8888888888.    8888:     88888    88888    888888             88888O888888       **
| **         $888888:.   .8888888      88888....888888    88888     888888     8888   8888:  888888      **
| **          I8888888888888888888     888888888888888    88888     O888888888888O    8888:   888888     **
| **            O888888888888888888     88888888888888    88888       88888888888$    8888:    888888    **
| **               8888888Z     888      .8888I  88888    88888         8888888       8888:     888888   **
| **                                                                                                     **
| **                                                                                                     **
| **                                         Copyright (c) 2026                                          **
| **                          Regents of the University of California San Diego                          **
| **                                    & Michigan State University                                      **
| **                                        All Rights Reserved.                                         **
| **                                                                                                     **
| **             This software is subject to the terms of the Mozilla Public License, v. 2.0.            **
| **                                                                                                     **
| *********************************************************************************************************
|                                                                                                          
| Cite this work as:                                                                                       
| Manathunga, M.; O'Hearn, K. A.; Shajan, A.; Smith, J.; Miao, Y.; He, X.; Ayers, K.;                      
| Brothers, E.; Palos, E.; Tripathy, V.; Goetz, A.W.; Merz, K.M. QUICK-26.03.                              
| University of California,San Diego, CA and                                                               
| Michigan State University, East Lansing, MI, 2026                                                        
|                                                                                                          
| If you have any comments or queries, please reach out to us on GitHub issues or discussion sections:     
| https://github.com/merzlab/QUICK.                                                                        
|                                                                                                          
| TASK STARTS ON: Sat Aug 29 12:26:56 2026
| INPUT FILE :    /work2/11707/msun12/stampede3/quickruns/3447191/txl2/taxol_blyp_def2-TZVP.in
| OUTPUT FILE:    /work2/11707/msun12/stampede3/quickruns/3447191/txl2/taxol_blyp_def2-TZVP.out
| BASIS SET PATH: /home1/11707/msun12/QUICK-install/basis

|------------ GPU INFORMATION ---------------
| CUDA ENABLED DEVICE         :        1
| CUDA DEVICE IN USE          :        0
| CUDA DEVICE NAME            : NVIDIA H100
| CUDA DEVICE PM              :      132
| CUDA DEVICE CORE FREQ(GHZ)  :     1.98
| CUDA DEVICE MEMORY SIZE (MB):    95321
| SUPPORTING CUDA VERSION     :      9.0
|--------------------------------------------

 @ Read Job And Atom

  KEYWORD=BLYP BASIS=DEF2-TZVP CUTOFF=1.0E-10 DENSERMS=1.0E-6 GRADIENT CUEST
 ============== JOB CARD =============
 METHOD = DENSITY FUNCTIONAL THEORY
 USING LIBXC VERSION: 4.3.4
 FUNCTIONAL INFORMATION:
 NAME = Becke 88 FAMILY = GGA KIND = EXCHANGE
 NAME = Lee, Yang & Parr FAMILY = GGA KIND = CORRELATION
 DIRECT SCF 
 SAD INITAL GUESS 
 USE DIIS SCF
 PRINT ENERGY EVERY CYCLE
 READ SAD GUESS FROM FILE
 STANDARD GRID = SG1
 Level shifting allowed after cycle    3
 DIIS error must exceed 0.100 for level shifting
 Max HOMO-LUMO gap to allow level shifting = 0.200
 GRADIENT CALCULATION
 MAX SCF CYCLES =    200
 MAX DIIS CYCLES =   10
 DELTA DENSITY START CYCLE =    3
 COMPUTATIONAL CUTOFF: 
      TWO-e INTEGRAL         =  0.100E-09
      BASIS SET PRIME        =  0.100E-10
      MATRIX ELEMENTS        =  0.100E-09
      BASIS FUNCTION         =  0.100E-05
      NEAR-LINEAR DEPENDENCY =  0.100E-04
      GRADIENT CUTOFF  =  0.100E-06
 DENSITY MATRIX MAXIMUM RMS FOR CONVERGENCE  =  0.100E-05
 BASIS SET = DEF2-TZVP,  TYPE = CARTESIAN
| BASIS FILE = /home1/11707/msun12/QUICK-install/basis/DEF2-TZVP.BAS
| DATA FILE  =    /work2/11707/msun12/stampede3/quickruns/3447191/txl2/taxol_blyp_def2-TZVP.dat

 @ Finish reading job


 @ Begin SAD initial guess

 For Atom Kind =    1
 ELEMENT = C 
 BASIS FUNCTIONS =   36
 For Atom Kind =    2
 ELEMENT = O 
 BASIS FUNCTIONS =   36
 For Atom Kind =    3
 ELEMENT = N 
 BASIS FUNCTIONS =   36
 For Atom Kind =    4
 ELEMENT = H 
 BASIS FUNCTIONS =    6

 @ Finish SAD initial guess


 @ Begin Reading Molecular Information


 =========== Molecule Input ==========
 TOTAL MOLECULAR CHARGE  =    0    MULTIPLICITY                =    1
 TOTAL ATOM NUMBER       =  110    NUMBER OF ATOM TYPES        =    4
 NUMBER OF HYDROGEN ATOM =   49    NUMBER OF NON-HYDROGEN ATOM =   61
 NUMBER OF ELECTRONS     =  446

 -- INPUT GEOMETRY -- :
    C          -6.3961       1.6376      -1.0167
    C          -5.5976       1.9480       0.3157
    C          -4.1358       1.3889       0.3062
    C          -4.0900      -0.2069       0.0760
    C          -5.3005      -0.5560      -0.7831
    C          -5.6408       0.5560      -1.7454
    C          -2.8203      -0.7723      -0.5951
    C          -3.4405       1.9810       1.5955
    C          -1.5723      -0.0770      -0.1719
    O          -2.6953      -2.1590      -0.1698
    O          -1.8693       1.2309      -0.7751
    C          -1.3334      -0.1176       1.4102
    C          -0.8881       1.2875       1.4845
    C           0.3196       1.5771       0.9641
    O          -4.0361       2.4498       2.5048
    O          -1.9505       2.1871       1.7492
    C          -0.2199      -0.3744      -0.8072
    C           0.8361       0.5393      -0.0882
    O          -6.3706      -0.7461       0.1815
    C          -7.5080      -1.5313       0.1764
    O          -7.7343      -2.1872       1.1532
    C          -8.4523      -1.4158      -0.9939
    C          -5.4161      -1.5091      -2.0070
    O          -6.2193      -0.4454      -2.6903
    O          -5.4268       3.3774       0.3776
    O          -1.6122       4.1801       0.0344
    C          -0.7941       5.2258       0.2991
    O          -0.3049       5.8646      -0.5895
    C          -0.5432       5.4737       1.7764
    C           1.2299       2.7853       1.0315
    O           1.9361      -0.3334       0.3600
    C           3.1924       0.0393       0.0732
    O           3.4565       1.0474      -0.5230
    C           4.1742      -1.0075       0.5409
    C           5.5923      -0.5508       0.2305
    C           6.6535      -1.6277       0.4268
    C           6.3531      -2.9590       0.6578
    C           7.3484      -3.9223       0.5946
    C           8.6553      -3.5578       0.3263
    C           8.9721      -2.2174       0.1751
    C           7.9781      -1.2615       0.2323
    O           4.0118      -1.2781       1.9326
    N           5.9708       0.6810       0.8873
    C           6.1083       1.9571       0.3956
    O           6.3193       2.8804       1.1683
    C           5.8856       2.2295      -1.0684
    C           6.1183       1.3531      -2.1154
    C           5.5666       1.5986      -3.3628
    C           4.8505       2.7661      -3.5881
    C           4.7601       3.7103      -2.5860
    C           5.2758       3.4420      -1.3327
    C          -2.1367      -3.0476      -1.0301
    O          -2.1452      -2.8534      -2.2329
    C          -1.5034      -4.2030      -0.3691
    C          -1.4396      -4.3267       1.0054
    C          -0.7639      -5.3990       1.5627
    C          -0.1729      -6.3469       0.7428
    C          -0.2556      -6.2275      -0.6353
    C          -0.9156      -5.1510      -1.1911
    C          -0.2097      -1.1547       1.8364
    C          -2.4301      -0.4562       2.4708
    H          -3.6492       1.8683      -0.5156
    H          -4.2442      -0.7298       0.9946
    H          -6.1319       1.5762       1.1739
    H          -6.4278       2.5627      -1.5682
    H          -7.3896       1.3053      -0.7745
    H          -4.7466       0.9454      -2.2120
    H          -2.8856      -0.7190      -1.6683
    H          -1.1756       1.8958      -0.6851
    H          -1.8482       3.6442       0.8092
    H          -0.3040      -0.0417      -1.8339
    H           0.0915      -1.3953      -0.8029
    H           1.2665       1.1760      -0.8368
    H          -7.9448      -1.4088      -1.9397
    H          -8.9861      -0.4737      -0.9254
    H          -9.1715      -2.2206      -0.9250
    H          -5.9697      -2.4207      -1.8715
    H          -4.4957      -1.6916      -2.5342
    H          -6.1859       3.7990       0.8058
    H          -0.4047       4.5303       2.2919
    H          -1.4092       5.9590       2.2202
    H           0.3171       6.0932       1.8872
    H           1.4833       3.0343       2.0569
    H           0.8689       3.6688       0.5366
    H           2.1685       2.5342       0.5368
    H           3.9670      -1.8925      -0.0573
    H           5.5542      -0.3517      -0.8218
    H           5.3545      -3.2557       0.9039
    H           7.0989      -4.9514       0.7469
    H           9.4172      -4.3037       0.2408
    H           9.9857      -1.9178       0.0023
    H           8.2255      -0.2253       0.1253
    H           3.1299      -1.6338       2.1084
    H           6.0936       0.6251       1.8860
    H           6.7084       0.4705      -1.9833
    H           5.6744       0.8728      -4.1413
    H           4.3798       2.9274      -4.5336
    H           4.2564       4.6442      -2.7661
    H           5.1747       4.1495      -0.5327
    H          -1.9016      -3.5962       1.6316
    H          -0.6960      -5.4955       2.6284
    H           0.3482      -7.1761       1.1766
    H           0.1935      -6.9648      -1.2689
    H          -0.9826      -5.0259      -2.2518
    H           0.6895      -0.6503       2.1318
    H           0.0409      -1.8507       1.0571
    H          -0.5497      -1.7388       2.6731
    H          -2.6865      -1.5071       2.3903
    H          -3.3390       0.1001       2.4689
    H          -1.9770      -0.2959       3.4410

============== BASIS INFOS ==============
 BASIS FUNCTIONS = 2490
 NSHELL =  867 NPRIM  = 3503
 JSHELL =  867 JBASIS = 1514


 @ End Reading Molecular Information 


 @ Begin XC Quadrature Formation

 OCTAGO: OCTree Algorithm for Grid Operations 
   PRUNING CUTOFF       = 0.100E-06
   INITIAL GRID POINTS  =      416624
|   FINAL GRID POINTS    =      263209
|   SIGNIFICANT NUMBER OF BASIS FUNCTIONS     =     1097433
|   SIGNIFICANT NUMBER OF PRIMITIVE FUNCTIONS =     1130743

 @ End XC Quadrature Formation


 @ Begin Energy Calculation

| Number of total basis functions:   2490
| Number of linearly independent basis functions:   2484
| condition number of overlap matrix:    6.071E+06
| Smallest eigenvalue of overlap matrix:    3.160E-06

                                         SCF ENERGY
| ------------------------------------------------------------------------------------------------------------------------
| NCYC       ENERGY         DELTA_E      SCF_TIME  DII_CYC   DII_TIME   O_TIME  DIAG_TIME    MAX_ERR    RMS_CHG    MAX_CHG
| ------------------------------------------------------------------------------------------------------------------------
|  1  -2939.462682461      ------        66.008     1        0.31     65.67      0.05    0.2217E+01  0.4422E-02  0.1031E+01
|  2  -2925.420695509  -.140420E+02     454.174     2        0.33    453.82      0.05    0.3513E+00  0.1111E-01  0.5504E+01
|  3  -2919.416530114  -.600417E+01     462.513     3        0.40    462.09      0.05    0.9800E+00  0.7105E-02  0.3478E+01
|   ***  Level shifting applied  ( HOMO-LUMO gap =  0.012 au ) ***
|  4  -2926.541856361  0.712533E+01     444.761     4        0.42    444.32      0.05    0.4094E+00  0.2205E-02  0.1038E+01
|   ***  Level shifting applied  ( HOMO-LUMO gap =  0.013 au ) ***
|  5  -2927.271406423  0.729550E+00     408.188     5        0.37    407.80      0.05    0.8060E-01  0.1075E-02  0.3746E+00
|  6  -2927.316631056  0.452246E-01     395.846     6        0.44    395.38      0.05    0.1157E+00  0.2611E-03  0.9883E-01
|   ***  Level shifting applied  ( HOMO-LUMO gap =  0.108 au ) ***
|  7  -2927.355138593  0.385075E-01     351.376     7        0.40    350.96      0.05    0.1982E-01  0.1608E-03  0.5944E-01
|  8  -2927.356911260  0.177267E-02     334.095     8        0.42    333.66      0.05    0.1815E-01  0.7110E-04  0.1745E-01
|  9  -2927.358631217  0.171996E-02     308.063     9        0.43    307.61      0.05    0.7829E-02  0.2413E-04  0.7149E-02
| 10  -2927.358890235  0.259018E-03     277.140    10        0.44    276.68      0.05    0.2088E-02  0.8253E-05  0.1719E-02
| 11  -2927.358936110  0.458751E-04     248.410     1        0.56    247.83      0.05    0.7583E-03  0.3621E-05  0.7806E-03
| 12  -2927.358941562  0.545126E-05     220.600     2        0.56    220.02      0.05    0.3184E-03  0.1410E-05  0.4831E-03
| 13  -2927.358942192  0.630595E-06     193.533     3        0.56    192.95      0.05    0.1271E-03  0.6260E-06  0.1139E-03
| 14  -2927.358942418  0.225287E-06     171.229     4        0.56    170.65      0.05    0.7203E-04  0.2872E-06  0.1010E-03
| 15  -2927.358942515  0.971540E-07     149.818     5        0.56    149.24      0.05    0.3837E-04  0.3005E-06  0.5709E-04
| ------------------------------------------------------------------------------------------------------------------------
| REACH CONVERGENCE AFTER  15 CYCLES
| MAX ERROR = 0.383733E-04   RMS CHANGE = 0.300519E-06   MAX CHANGE = 0.570942E-04
| -----------------------------------------------
 ALPHA ELECTRON DENSITY    =   223.0013940300
 BETA ELECTRON DENSITY     =   223.0013940300
 ELECTRONIC ENERGY    = -12594.428817838
 CORE_CORE REPULSION  =   9667.069875324
 TOTAL ENERGY         =  -2927.358942515

 @ End Energy calculation


 @ Begin Gradient Calculation

 ANALYTICAL GRADIENT: 
----------------------------------------
 COORDINATE    XYZ            GRADIENT
----------------------------------------
    1X    -6.3960620484    -0.0215133547
    1Y     1.6375501950    -0.0007741675
    1Z    -1.0167391376     0.0043400910
    2X    -5.5976016175    -0.0029213804
    2Y     1.9479657588    -0.0113160964
    2Z     0.3156763941     0.0110340845
    3X    -4.1358426958     0.0089970313
    3Y     1.3888886961     0.0041066643
    3Z     0.3061559434    -0.0168915511
    4X    -4.0900119523    -0.0023377514
    4Y    -0.2069339958    -0.0078709916
    4Z     0.0759908158     0.0130728694
    5X    -5.3005248048     0.0038734398
    5Y    -0.5559696325     0.0034271884
    5Z    -0.7831189998     0.0040286550
    6X    -5.6408357108     0.0079342994
    6Y     0.5560152125     0.0103473797
    6Z    -1.7454175833     0.0016021944
    7X    -2.8203121254     0.0044484970
    7Y    -0.7723427990     0.0076277783
    7Z    -0.5951161554    -0.0038933707
    8X    -3.4405170127    -0.0022963183
    8Y     1.9809802613     0.0141149773
    8Z     1.5954933618     0.0020256162
    9X    -1.5722955801    -0.0077321201
    9Y    -0.0769638959    -0.0100389169
    9Z    -0.1719253231     0.0078669471
   10X    -2.6953277358     0.0036469321
   10Y    -2.1590275449     0.0074076007
   10Z    -0.1697708530    -0.0007120602
   11X    -1.8693494728     0.0098788670
   11Y     1.2308627640     0.0038297527
   11Z    -0.7751224092     0.0100004575
   12X    -1.3334065318    -0.0002360096
   12Y    -0.1176307990     0.0134426455
   12Z     1.4101577377    -0.0108665599
   13X    -0.8881045478     0.0180143792
   13Y     1.2874585683    -0.0094578085
   13Z     1.4845317434    -0.0067100933
   14X     0.3196037144    -0.0237038964
   14Y     1.5770568504     0.0005573946
   14Z     0.9640606036     0.0124538187
   15X    -4.0360630582     0.0095185397
   15Y     2.4497905671    -0.0069343334
   15Z     2.5047991213    -0.0121111877
   16X    -1.9504981989    -0.0141932772
   16Y     2.1870801370    -0.0036810970
   16Z     1.7492358836    -0.0095633266
   17X    -0.2198636968     0.0001258120
   17Y    -0.3744037186    -0.0114511925
   17Z    -0.8072270516    -0.0047842641
   18X     0.8361322639     0.0061053567
   18Y     0.5392960612     0.0023128293
   18Z    -0.0882305667    -0.0110144466
   19X    -6.3705655165    -0.0052870591
   19Y    -0.7461437470     0.0020920498
   19Z     0.1814962939    -0.0144854567
   20X    -7.5079891033     0.0004773440
   20Y    -1.5312545569    -0.0021625515
   20Z     0.1764442435     0.0168924631
   21X    -7.7343174206     0.0049479152
   21Y    -2.1872431170     0.0099354556
   21Z     1.1532460581    -0.0180159393
   22X    -8.4523256355     0.0020165177
   22Y    -1.4157501381     0.0047067043
   22Z    -0.9939260359    -0.0080055613
   23X    -5.4161060936     0.0074886153
   23Y    -1.5091024852    -0.0239845705
   23Z    -2.0070004333    -0.0061737754
   24X    -6.2192576349    -0.0020860043
   24Y    -0.4454467640    -0.0006972623
   24Z    -2.6902952054     0.0060603682
   25X    -5.4267630344    -0.0028770288
   25Y     3.3774439679    -0.0050227618
   25Z     0.3776243788     0.0019699636
   26X    -1.6122442331     0.0064551701
   26Y     4.1801173692    -0.0024058453
   26Z     0.0343779426     0.0255851592
   27X    -0.7940924306     0.0020193660
   27Y     5.2257743591     0.0034621225
   27Z     0.2990567328    -0.0200040182
   28X    -0.3048947533    -0.0069248189
   28Y     5.8645770378    -0.0128437564
   28Z    -0.5895333050     0.0180099095
   29X    -0.5432142115     0.0122367519
   29Y     5.4736988580     0.0055095226
   29Z     1.7763875257     0.0045122295
   30X     1.2298581039    -0.0007849219
   30Y     2.7852910627     0.0073506666
   30Z     1.0315035488    -0.0012201369
   31X     1.9361231978     0.0070452344
   31Y    -0.3334212455     0.0103414460
   31Z     0.3599506875    -0.0052409259
   32X     3.1923973838     0.0062163196
   32Y     0.0392867930     0.0040136099
   32Z     0.0732008056    -0.0002428800
   33X     3.4564615139    -0.0085433507
   33Y     1.0474090400    -0.0165286217
   33Z    -0.5229789999     0.0139126045
   34X     4.1741653088     0.0059113409
   34Y    -1.0074733869     0.0013136528
   34Z     0.5409361113    -0.0110228633
   35X     5.5923107171    -0.0087272043
   35Y    -0.5507792521     0.0104686393
   35Z     0.2305424976    -0.0072956809
   36X     6.6535037881     0.0088617273
   36Y    -1.6276655543    -0.0169962086
   36Z     0.4267850326     0.0049100074
   37X     6.3531150051    -0.0124980826
   37Y    -2.9590429360    -0.0055598952
   37Z     0.6578478902     0.0053596418
   38X     7.3484382612     0.0101547148
   38Y    -3.9223477295     0.0056757257
   38Z     0.5946433254    -0.0029151073
   39X     8.6553271210     0.0013700113
   39Y    -3.5577624717    -0.0035999415
   39Z     0.3262773549    -0.0001146959
   40X     8.9721243751    -0.0096386379
   40Y    -2.2174055893    -0.0011298546
   40Z     0.1751067634     0.0029614680
   41X     7.9780886392    -0.0027866423
   41Y    -1.2615409463     0.0132921255
   41Z     0.2323472177     0.0002865960
   42X     4.0117557664    -0.0014010712
   42Y    -1.2781154276    -0.0044196471
   42Z     1.9325733176    -0.0112208840
   43X     5.9708271360     0.0033719438
   43Y     0.6810003920     0.0026836383
   43Z     0.8873416378    -0.0068584229
   44X     6.1083015365    -0.0039803259
   44Y     1.9571430895    -0.0038850763
   44Z     0.3956142302     0.0120485944
   45X     6.3193162726    -0.0032998922
   45Y     2.8803622800    -0.0163780165
   45Z     1.1682892292    -0.0156842052
   46X     5.8856240794    -0.0095334841
   46Y     2.2294773203     0.0075521960
   46Z    -1.0684369316    -0.0151681998
   47X     6.1182760772    -0.0060541671
   47Y     1.3530946933     0.0183639035
   47Z    -2.1154263515     0.0159486815
   48X     5.5666096951     0.0019372176
   48Y     1.5985928121    -0.0044030197
   48Z    -3.3627524368    -0.0014392871
   49X     4.8504996604    -0.0001959521
   49Y     2.7660993212     0.0068613180
   49Z    -3.5880647940     0.0063525914
   50X     4.7600527335     0.0051470169
   50Y     3.7102514633    -0.0162946758
   50Z    -2.5859740575     0.0025723615
   51X     5.2758312329     0.0037430951
   51Y     3.4419996328    -0.0075670996
   51Z    -1.3326645918    -0.0069211094
   52X    -2.1366951232     0.0121133997
   52Y    -3.0476308227    -0.0110740776
   52Z    -1.0300506687    -0.0052437855
   53X    -2.1451656838    -0.0047884458
   53Y    -2.8533799779    -0.0018913260
   53Z    -2.2328872205     0.0225881415
   54X    -1.5033715748     0.0005013387
   54Y    -4.2030090710     0.0014951676
   54Z    -0.3691075382    -0.0040631898
   55X    -1.4395727999    -0.0057957337
   55Y    -4.3266984404     0.0129180679
   55Z     1.0054186368    -0.0155356383
   56X    -0.7638830383    -0.0090251606
   56Y    -5.3989755623     0.0087467743
   56Z     1.5627243193     0.0237843162
   57X    -0.1728504332     0.0174976327
   57Y    -6.3468611347    -0.0121598840
   57Z     0.7427716867    -0.0041303999
   58X    -0.2555829795    -0.0011729314
   58Y    -6.2275391756    -0.0050202927
   58Z    -0.6353203685    -0.0122168096
   59X    -0.9155594699    -0.0041833018
   59Y    -5.1509647533     0.0072991160
   59Z    -1.1911104510    -0.0004796954
   60X    -0.2097392960     0.0097050251
   60Y    -1.1547475382    -0.0048941862
   60Z     1.8364341802     0.0029905700
   61X    -2.4300503956    -0.0065016116
   61Y    -0.4562313148     0.0039039800
   61Z     2.4707643087     0.0073776577
   62X    -3.6491745187    -0.0042426638
   62Y     1.8683153927    -0.0043434041
   62Z    -0.5155830594     0.0090405393
   63X    -4.2442042941     0.0006593822
   63Y    -0.7298029557     0.0036514424
   63Z     0.9946071660    -0.0119497401
   64X    -6.1319130983     0.0066471140
   64Y     1.5761652304     0.0022578580
   64Z     1.1739417496    -0.0090631149
   65X    -6.4278100209     0.0025989027
   65Y     2.5627464257    -0.0083238390
   65Z    -1.5682089798     0.0069559863
   66X    -7.3896389443     0.0237864422
   66Y     1.3053382297     0.0046193382
   66Z    -0.7744957191    -0.0050967846
   67X    -4.7465709525    -0.0085179492
   67Y     0.9454138022    -0.0057806675
   67Z    -2.2120482489     0.0061684258
   68X    -2.8855556304     0.0016101951
   68Y    -0.7190312849     0.0020732028
   68Z    -1.6682582674     0.0101914791
   69X    -1.1756472598    -0.0089445784
   69Y     1.8958447948    -0.0024189345
   69Z    -0.6850815723    -0.0038652197
   70X    -1.8481633811    -0.0009822541
   70Y     3.6442038083     0.0025018683
   70Z     0.8091516318    -0.0130593115
   71X    -0.3040223032    -0.0023428600
   71Y    -0.0416779132     0.0024214693
   71Z    -1.8339006500     0.0091343244
   72X     0.0915191370    -0.0051921413
   72Y    -1.3952922665     0.0149212385
   72Z    -0.8028716213    -0.0011443877
   73X     1.2665208967    -0.0073021956
   73Y     1.1759764098    -0.0074050180
   73Z    -0.8367613039     0.0098711757
   74X    -7.9447757667    -0.0037131944
   74Y    -1.4087837076    -0.0005097796
   74Z    -1.9396808281     0.0105405570
   75X    -8.9860731662     0.0045761233
   75Y    -0.4736978662    -0.0083013739
   75Z    -0.9254125307    -0.0011716927
   76X    -9.1714810604     0.0057514671
   76Y    -2.2205725696     0.0058728131
   76Z    -0.9250167206     0.0002718670
   77X    -5.9696663559     0.0070650139
   77Y    -2.4206610149     0.0112752067
   77Z    -1.8715271229    -0.0014159245
   78X    -4.4956991333    -0.0092232862
   78Y    -1.6916168492     0.0027993366
   78Z    -2.5341524535     0.0062726030
   79X    -6.1859311524     0.0030328512
   79Y     3.7990295001     0.0015745888
   79Z     0.8057985915    -0.0029634163
   80X    -0.4047348909    -0.0010844292
   80Y     4.5302822759     0.0036567315
   80Z     2.2918681450    -0.0059144752
   81X    -1.4092254776     0.0054836889
   81Y     5.9590269651    -0.0046060718
   81Z     2.2201989695    -0.0025771515
   82X     0.3171041142    -0.0142561415
   82Y     6.0931668053    -0.0112409083
   82Z     1.8871610341    -0.0032113823
   83X     1.4832825233     0.0012277389
   83Y     3.0343297417    -0.0030162114
   83Z     2.0569032671    -0.0078401745
   84X     0.8689347864     0.0040301762
   84Y     3.6687759202    -0.0090027869
   84Z     0.5365847410     0.0050713001
   85X     2.1684890256    -0.0015895421
   85Y     2.5341565935    -0.0007426589
   85Z     0.5367745110    -0.0003702642
   86X     3.9669616429    -0.0011183447
   86Y    -1.8924970245     0.0122281609
   86Z    -0.0572581044     0.0023660928
   87X     5.5541776341    -0.0002932324
   87Y    -0.3516751969    -0.0030072696
   87Z    -0.8217997928     0.0124751448
   88X     5.3544978589     0.0106505665
   88Y    -3.2557102186     0.0036026986
   88Z     0.9038848590    -0.0008080331
   89X     7.0989144921     0.0021171729
   89Y    -4.9513961981     0.0202726259
   89Z     0.7469288470    -0.0035268739
   90X     9.4171946391    -0.0084806435
   90Y    -4.3036937586     0.0064742924
   90Z     0.2407856384    -0.0013418133
   91X     9.9857451625    -0.0129194068
   91Y    -1.9177654664    -0.0050665704
   91Z     0.0023467702     0.0024386627
   92X     8.2254739781    -0.0038555658
   92Y    -0.2253064972    -0.0128545429
   92Z     0.1253413196     0.0031314334
   93X     3.1299497190     0.0064709680
   93Y    -1.6337869448     0.0012633962
   93Z     2.1083780410     0.0017872508
   94X     6.0936142953    -0.0005434508
   94Y     0.6250744177     0.0005785100
   94Z     1.8859549340    -0.0050483158
   95X     6.7084385023    -0.0036534928
   95Y     0.4705180859     0.0013664946
   95Z    -1.9833353715    -0.0028221597
   96X     5.6743955033    -0.0028583472
   96Y     0.8727860166     0.0079662426
   96Z    -4.1412753062     0.0114478204
   97X     4.3798459545     0.0033473625
   97Y     2.9274162635    -0.0035338098
   97Z    -4.5335959262     0.0091333247
   98X     4.2563846850     0.0028763681
   98Y     4.6442142246    -0.0042110434
   98Z    -2.7660689312     0.0019412806
   99X     5.1747309752     0.0020052672
   99Y     4.1495329469    -0.0063157472
   99Z    -0.5327311807    -0.0055084163
  100X    -1.9015966152     0.0050206633
  100Y    -3.5961884646    -0.0080045285
  100Z     1.6316251146    -0.0042695747
  101X    -0.6959961231    -0.0001728232
  101Y    -5.4955301297     0.0007490572
  101Z     2.6284273507    -0.0092201822
  102X     0.3482320666    -0.0075182709
  102Y    -7.1761497180     0.0107589344
  102Z     1.1766068899    -0.0061047116
  103X     0.1934856248    -0.0054080122
  103Y    -6.9647955319     0.0083791600
  103Z    -1.2689412269     0.0070637859
  104X    -0.9826070850     0.0009427447
  104Y    -5.0258756638    -0.0016199055
  104Z    -2.2518210920     0.0116848475
  105X     0.6895305627    -0.0076854434
  105Y    -0.6503325997    -0.0046639565
  105Z     2.1318040128    -0.0051679371
  106X     0.0408559131    -0.0019513116
  106Y    -1.8507204713     0.0056497748
  106Z     1.0570934807     0.0050257092
  107X    -0.5497152620     0.0040501079
  107Y    -1.7387967528     0.0055196508
  107Z     2.6730564641    -0.0089592593
  108X    -2.6864695851     0.0022097071
  108Y    -1.5071205751     0.0051568985
  108Z     2.3903168925    -0.0007011739
  109X    -3.3390145450     0.0104613080
  109Y     0.1000510676    -0.0060642662
  109Z     2.4688671085    -0.0008082452
  110X    -1.9770021010    -0.0035126666
  110Y    -0.2959025626    -0.0012746159
  110Z     3.4410103628    -0.0083864056
----------------------------------------

 @ End Gradient Calculation

  Skipping one-electron property calculation.

 @ Output Timing Information

------------- TIMING ---------------
| INITIAL GUESS TIME  =    91.879126000(  0.96%)
| DFT GRID OPERATIONS =     0.565129000(  0.01%)
| TOTAL SCF TIME      =  4490.058391000( 47.02%)
|       TOTAL OP TIME      =  4482.968219000( 46.94%)
|             TOTAL 1e TIME      =     4.303364000(  0.05%)
|             TOTAL 2e TIME      =  4404.682635000( 46.12%)
|             TOTAL EXC TIME     =    68.337675000(  0.72%)
|       TOTAL DII TIME      =     6.768750000(  0.07%)
|             TOTAL DIAG TIME    =     0.768857000(  0.01%)
| TOTAL GRADIENT TIME      =  4967.557299000( 52.01%)
|       TOTAL 1e GRADIENT TIME      =    13.503396000( 0.43%)
|       TOTAL 2e GRADIENT TIME      =  4918.826407000(51.50%)
|       TOTAL EXC GRADIENT TIME     =     7.843972000(  0.08%)
| TOTAL TIME          =  9550.262463000
------------------------------------
| Job cpu time:  0 days  2 hours 39 minutes 10.3 seconds.

 @ Finish Output Timing Information

| Normal Termination. Task Finished on: Sat Aug 29 15:06:06 2026
