| *********************************************************************************************************
| **                                                                                                     **
| **           888888888888                                                                              **
| **         8888888888888888                                                                            **
| **      888888888888888888                                                                             **
| **     888888888888888888                                                                              **
| **    888888888888888                                                                                  **
| **   88888888888888888888                               88888                       8888:              **
| **   8888888888888888888888Z                            88888                       8888:              **
| **   888888888888888888888888?                          88888                       8888:              **
| **   8888888888888      8888888                                        888888       8888:              **
| **    88888888888         888888     8888:     88888    88888        888888888I     8888:    888888    **
| **    8888888888           88888:    8888:     88888    88888      $888888888888    8888:   888888     **
| **    I8Z 88888             88888    8888:     88888    88888    .888888     8888   8888: 888888       **
| **    .8Z 88888             88888    8888:     88888    88888    $88888             8888:88888         **
| **     8I 88888      .=88. .88888    8888:     88888    88888    88888              8888888888         **
| **    :8  88888      888888$8888$    8888:     88888    88888    8888O              88888888888        **
| **   ,7   +88888.     8888888888.    8888:     88888    88888    888888             88888O888888       **
| **         $888888:.   .8888888      88888....888888    88888     888888     8888   8888:  888888      **
| **          I8888888888888888888     888888888888888    88888     O888888888888O    8888:   888888     **
| **            O888888888888888888     88888888888888    88888       88888888888$    8888:    888888    **
| **               8888888Z     888      .8888I  88888    88888         8888888       8888:     888888   **
| **                                                                                                     **
| **                                                                                                     **
| **                                         Copyright (c) 2026                                          **
| **                          Regents of the University of California San Diego                          **
| **                                    & Michigan State University                                      **
| **                                        All Rights Reserved.                                         **
| **                                                                                                     **
| **             This software is subject to the terms of the Mozilla Public License, v. 2.0.            **
| **                                                                                                     **
| *********************************************************************************************************
|                                                                                                          
| Cite this work as:                                                                                       
| Manathunga, M.; O'Hearn, K. A.; Shajan, A.; Smith, J.; Miao, Y.; He, X.; Ayers, K.;                      
| Brothers, E.; Palos, E.; Tripathy, V.; Goetz, A.W.; Merz, K.M. QUICK-26.03.                              
| University of California,San Diego, CA and                                                               
| Michigan State University, East Lansing, MI, 2026                                                        
|                                                                                                          
| If you have any comments or queries, please reach out to us on GitHub issues or discussion sections:     
| https://github.com/merzlab/QUICK.                                                                        
|                                                                                                          
| TASK STARTS ON: Fri Aug 28 18:48:07 2026
| INPUT FILE :    /work2/11707/msun12/stampede3/quickruns/3446277/mph1/morphine_6-31+G**.in
| OUTPUT FILE:    /work2/11707/msun12/stampede3/quickruns/3446277/mph1/morphine_6-31+G**.out
| BASIS SET PATH: /home1/11707/msun12/QUICK-cuEST-install/basis

|------------ GPU INFORMATION ---------------
| CUDA ENABLED DEVICE         :        1
| CUDA DEVICE IN USE          :        0
| CUDA DEVICE NAME            : NVIDIA H100
| CUDA DEVICE PM              :      132
| CUDA DEVICE CORE FREQ(GHZ)  :     1.98
| CUDA DEVICE MEMORY SIZE (MB):    95321
| SUPPORTING CUDA VERSION     :      9.0
|--------------------------------------------

 @ Read Job And Atom

  KEYWORD=B3LYP BASIS=6-31+G** CUTOFF=1.0E-10 DENSERMS=1.0E-6 GRADIENT CUEST
 ============== JOB CARD =============
 METHOD = DENSITY FUNCTIONAL THEORY
 DENSITY FUNCTIONAL = B3LYP
 DIRECT SCF 
 SAD INITAL GUESS 
 USE DIIS SCF
 PRINT ENERGY EVERY CYCLE
 READ SAD GUESS FROM FILE
 STANDARD GRID = SG1
 Level shifting allowed after cycle    3
 DIIS error must exceed 0.100 for level shifting
 Max HOMO-LUMO gap to allow level shifting = 0.200
 GRADIENT CALCULATION
 MAX SCF CYCLES =    200
 MAX DIIS CYCLES =   10
 DELTA DENSITY START CYCLE =    3
 COMPUTATIONAL CUTOFF: 
      TWO-e INTEGRAL         =  0.100E-09
      BASIS SET PRIME        =  0.100E-10
      MATRIX ELEMENTS        =  0.100E-09
      BASIS FUNCTION         =  0.100E-05
      NEAR-LINEAR DEPENDENCY =  0.100E-04
      GRADIENT CUTOFF  =  0.100E-06
 DENSITY MATRIX MAXIMUM RMS FOR CONVERGENCE  =  0.100E-05
 BASIS SET = 6-31+G**,  TYPE = CARTESIAN
| BASIS FILE = /home1/11707/msun12/QUICK-cuEST-install/basis/6-31PLGDP.BAS
| DATA FILE  =    /work2/11707/msun12/stampede3/quickruns/3446277/mph1/morphine_6-31+G**.dat

 @ Finish reading job


 @ Begin SAD initial guess

 For Atom Kind =    1
 ELEMENT = O 
 BASIS FUNCTIONS =   19
 For Atom Kind =    2
 ELEMENT = N 
 BASIS FUNCTIONS =   19
 For Atom Kind =    3
 ELEMENT = C 
 BASIS FUNCTIONS =   19
 For Atom Kind =    4
 ELEMENT = H 
 BASIS FUNCTIONS =    5

 @ Finish SAD initial guess


 @ Begin Reading Molecular Information


 =========== Molecule Input ==========
 TOTAL MOLECULAR CHARGE  =    0    MULTIPLICITY                =    1
 TOTAL ATOM NUMBER       =   40    NUMBER OF ATOM TYPES        =    4
 NUMBER OF HYDROGEN ATOM =   19    NUMBER OF NON-HYDROGEN ATOM =   21
 NUMBER OF ELECTRONS     =  152

 -- INPUT GEOMETRY -- :
    O          -1.9930      -0.4740       1.2005
    O          -2.7826      -2.5168      -0.2218
    O          -3.6220       1.8421       0.5579
    N           3.1777      -0.0101       0.4474
    C           0.3699      -0.7149       0.6616
    C           1.2913      -1.3046      -0.4170
    C           2.3441      -0.2023      -0.7640
    C          -0.9377      -1.4750       0.9848
    C           1.1988      -0.3907       1.9201
    C          -0.2516       0.5302       0.1205
    C           1.6887       1.1052      -1.3279
    C           2.4315       0.4754       1.6126
    C           0.3384       1.4306      -0.7480
    C          -1.3631      -2.5067      -0.0924
    C           0.5066      -1.8183      -1.5971
    C          -1.5672       0.6306       0.5136
    C          -0.7155      -2.3492      -1.4425
    C           4.3733       0.7916       0.2084
    C          -0.4184       2.5415      -1.1246
    C          -2.3310       1.7217       0.1620
    C          -1.7382       2.6936      -0.6541
    H           1.8278      -2.1759      -0.0118
    H           3.0029      -0.6035      -1.5465
    H          -0.8451      -2.0128       1.9373
    H           1.5366      -1.3335       2.3712
    H           0.5899       0.1174       2.6790
    H           1.5474       0.9596      -2.4075
    H           2.3530       1.9680      -1.2194
    H           2.1271       1.5205       1.4760
    H           3.0801       0.4584       2.4975
    H          -1.0772      -3.5067       0.2593
    H           0.9601      -1.7947      -2.5831
    H          -1.2300      -2.7505      -2.3109
    H           4.1500       1.8479       0.0287
    H           4.9380       0.4055      -0.6472
    H           5.0444       0.7352       1.0730
    H          -0.0062       3.2824      -1.8043
    H          -2.3121       3.5638      -0.9645
    H          -3.1557      -2.6446       0.6672
    H          -3.8483       1.0686       1.1031

============== BASIS INFOS ==============
 BASIS FUNCTIONS =  494
 NSHELL =  162 NPRIM  =  805
 JSHELL =  162 JBASIS =  347


 @ End Reading Molecular Information 


 @ Begin XC Quadrature Formation

 OCTAGO: OCTree Algorithm for Grid Operations 
   PRUNING CUTOFF       = 0.100E-07
   INITIAL GRID POINTS  =      151424
|   FINAL GRID POINTS    =           0
|   SIGNIFICANT NUMBER OF BASIS FUNCTIONS     =           0
|   SIGNIFICANT NUMBER OF PRIMITIVE FUNCTIONS =           0

 @ End XC Quadrature Formation


 @ Begin Energy Calculation

| Number of total basis functions:    494
| Number of linearly independent basis functions:    484
| condition number of overlap matrix:    9.530E+07
| Smallest eigenvalue of overlap matrix:    2.230E-07

                                         SCF ENERGY
| ------------------------------------------------------------------------------------------------------------------------
| NCYC       ENERGY         DELTA_E      SCF_TIME  DII_CYC   DII_TIME   O_TIME  DIAG_TIME    MAX_ERR    RMS_CHG    MAX_CHG
| ------------------------------------------------------------------------------------------------------------------------
|  1   -928.991456647      ------         0.101     1        0.02      0.08      0.01    0.5317E+00  0.2734E+00  0.1840E+02
|  2   -835.987539241  -.930039E+02       0.064     2        0.02      0.04      0.01    0.2219E+01  0.2637E+00  0.1580E+02
|  3   -935.700784141  0.997132E+02       0.072     3        0.02      0.05      0.01    0.4045E+00  0.1606E+00  0.1100E+02
|   ***  Level shifting applied  ( HOMO-LUMO gap =  0.026 au ) ***
|  4   -924.073942207  -.116268E+02       0.069     4        0.02      0.05      0.01    0.8303E+00  0.1538E+00  0.1124E+02
|   ***  Level shifting applied  ( HOMO-LUMO gap =  0.004 au ) ***
|  5   -939.266467358  0.151925E+02       0.071     5        0.02      0.05      0.01    0.1630E+00  0.8661E-02  0.3874E+00
|   ***  Level shifting applied  ( HOMO-LUMO gap =  0.033 au ) ***
|  6   -939.584125892  0.317659E+00       0.067     6        0.02      0.05      0.01    0.7709E-01  0.7140E-02  0.4930E+00
|  7   -939.662326757  0.782009E-01       0.068     7        0.02      0.05      0.01    0.3254E-01  0.2649E-02  0.1569E+00
|  8   -939.671367170  0.904041E-02       0.068     8        0.02      0.04      0.01    0.2247E-01  0.1319E-02  0.6456E-01
|  9   -939.676645735  0.527856E-02       0.069     9        0.02      0.05      0.01    0.5110E-02  0.4237E-03  0.2605E-01
| 10   -939.676836932  0.191197E-03       0.070    10        0.02      0.05      0.01    0.2299E-02  0.1266E-03  0.4962E-02
| 11   -939.676920917  0.839849E-04       0.073     1        0.03      0.05      0.01    0.5870E-03  0.5098E-04  0.1854E-02
| 12   -939.676925225  0.430822E-05       0.073     2        0.03      0.05      0.01    0.3142E-03  0.1597E-04  0.6321E-03
| 13   -939.676926575  0.134971E-05       0.073     3        0.03      0.05      0.01    0.1036E-03  0.4095E-05  0.1329E-03
| 14   -939.676926627  0.523273E-07       0.073     4        0.03      0.05      0.01    0.4682E-04  0.1773E-05  0.1153E-03
| 15   -939.676926640  0.124505E-07       0.073     5        0.03      0.05      0.01    0.1610E-04  0.5378E-06  0.6139E-04
| ------------------------------------------------------------------------------------------------------------------------
| REACH CONVERGENCE AFTER  15 CYCLES
| MAX ERROR = 0.161010E-04   RMS CHANGE = 0.537775E-06   MAX CHANGE = 0.613924E-04
| -----------------------------------------------
 ALPHA ELECTRON DENSITY    =    75.9989724294
 BETA ELECTRON DENSITY     =    75.9989724294
 ELECTRONIC ENERGY    =  -2768.984197121
 CORE_CORE REPULSION  =   1829.307270481
 TOTAL ENERGY         =   -939.676926640

 @ End Energy calculation


 @ Begin Gradient Calculation

 ANALYTICAL GRADIENT: 
----------------------------------------
 COORDINATE    XYZ            GRADIENT
----------------------------------------
    1X    -1.9930001522    -0.0103734069
    1Y    -0.4740000362     0.0094110039
    1Z     1.2005000917     0.0124639774
    2X    -2.7826002125    -0.0077164326
    2Y    -2.5168001922     0.0048949330
    2Z    -0.2218000169     0.0028337217
    3X    -3.6220002766     0.0219077749
    3Y     1.8421001407    -0.0083887551
    3Z     0.5579000426    -0.0092833647
    4X     3.1777002427    -0.0386803778
    4Y    -0.0101000008     0.0179400829
    4Z     0.4474000342    -0.0105624637
    5X     0.3699000282     0.0550714707
    5Y    -0.7149000546     0.0189676862
    5Z     0.6616000505     0.0431555317
    6X     1.2913000986    -0.0140439604
    6Y    -1.3046000996    -0.0044226591
    6Z    -0.4170000318    -0.0067409326
    7X     2.3441001790     0.0085974347
    7Y    -0.2023000154    -0.0131597614
    7Z    -0.7640000583     0.0031488760
    8X    -0.9377000716    -0.0124771094
    8Y    -1.4750001126     0.0331474030
    8Z     0.9848000752    -0.0369315944
    9X     1.1988000915    -0.0261534484
    9Y    -0.3907000298    -0.0125370517
    9Z     1.9201001466    -0.0011033417
   10X    -0.2516000192     0.0251648917
   10Y     0.5302000405    -0.0695055570
   10Z     0.1205000092    -0.0683287451
   11X     1.6887001290     0.0363030176
   11Y     1.1052000844    -0.0340515549
   11Z    -1.3279001014    -0.0025986238
   12X     2.4315001857     0.0403006537
   12Y     0.4754000363     0.0019164716
   12Z     1.6126001231     0.0269721750
   13X     0.3384000258     0.0269132360
   13Y     1.4306001092     0.0602482477
   13Z    -0.7480000571     0.0253355765
   14X    -1.3631001041    -0.0039527440
   14Y    -2.5067001914    -0.0617466512
   14Z    -0.0924000071     0.0904164606
   15X     0.5066000387     0.0522554641
   15Y    -1.8183001389     0.0119962068
   15Z    -1.5971001220    -0.0718868781
   16X    -1.5672001197    -0.0988332827
   16Y     0.6306000482     0.0312170519
   16Z     0.5136000392     0.0228761956
   17X    -0.7155000546    -0.0399235289
   17Y    -2.3492001794    -0.0015701008
   17Z    -1.4425001102    -0.0241397029
   18X     4.3733003340     0.0014875402
   18Y     0.7916000604     0.0053214764
   18Z     0.2084000159    -0.0024324393
   19X    -0.4184000320     0.0131038140
   19Y     2.5415001941     0.0110584143
   19Z    -1.1246000859     0.0025974452
   20X    -2.3310001780    -0.0275277241
   20Y     1.7217001315    -0.0012835617
   20Z     0.1620000124     0.0132570164
   21X    -1.7382001327    -0.0504156844
   21Y     2.6936002057     0.0515349817
   21Z    -0.6541000499     0.0023604996
   22X     1.8278001396     0.0058737494
   22Y    -2.1759001662    -0.0090590536
   22Z    -0.0118000009     0.0001979395
   23X     3.0029002293     0.0085972243
   23Y    -0.6035000461    -0.0049058918
   23Z    -1.5465001181    -0.0105782185
   24X    -0.8451000645     0.0049465644
   24Y    -2.0128001537    -0.0039488578
   24Z     1.9373001479     0.0038039301
   25X     1.5366001173    -0.0093985555
   25Y    -1.3335001018     0.0205136748
   25Z     2.3712001811    -0.0100014364
   26X     0.5899000450     0.0067611452
   26Y     0.1174000090    -0.0097856981
   26Z     2.6790002046    -0.0072583508
   27X     1.5474001182    -0.0023720899
   27Y     0.9596000733     0.0054613458
   27Z    -2.4075001838    -0.0011277481
   28X     2.3530001797    -0.0126561413
   28Y     1.9680001503    -0.0141893946
   28Z    -1.2194000931     0.0008931162
   29X     2.1271001624     0.0072750185
   29Y     1.5205001161    -0.0099077599
   29Z     1.4760001127     0.0078669632
   30X     3.0801002352    -0.0004886524
   30Y     0.4584000350    -0.0024370061
   30Z     2.4975001907    -0.0065664537
   31X    -1.0772000823    -0.0168647007
   31Y    -3.5067002678     0.0191232858
   31Z     0.2593000198    -0.0059386400
   32X     0.9601000733    -0.0010632941
   32Y    -1.7947001371    -0.0052970019
   32Z    -2.5831001973     0.0066690517
   33X    -1.2300000939     0.0170798807
   33Y    -2.7505002100     0.0015871026
   33Z    -2.3109001765     0.0078565736
   34X     4.1500003169     0.0005772069
   34Y     1.8479001411    -0.0077713481
   34Z     0.0287000022    -0.0007786877
   35X     4.9380003771    -0.0039564466
   35Y     0.4055000310     0.0057840043
   35Z    -0.6472000494     0.0077101483
   36X     5.0444003852     0.0056815047
   36Y     0.7352000561    -0.0012467470
   36Z     1.0730000819    -0.0015467286
   37X    -0.0062000005     0.0098546302
   37Y     3.2824002507     0.0041953490
   37Z    -1.8043001378    -0.0075210135
   38X    -2.3121001766     0.0293870464
   38Y     3.5638002721    -0.0318580174
   38Z    -0.9645000737     0.0080102560
   39X    -3.1557002410     0.0028755965
   39Y    -2.6446002020    -0.0040204812
   39Z     0.6672000509    -0.0082229741
   40X    -3.8483002939    -0.0031172846
   40Y     1.0686000816    -0.0032258115
   40Z     1.1031000842     0.0051228832
----------------------------------------

 @ End Gradient Calculation

  Skipping one-electron property calculation.

 @ Output cuEST Memory Footprint

------------- cuEST MEMORY USAGE ---------------
| Peak Host Footprint =    33.50 kB
| Host Allocations =    43
| Peak Device Footprint =    13.51 GB
| Device Allocations =    36
------------------------------------------------

 @ Finish Output cuEST Memory Footprint


 @ Output Timing Information

------------- TIMING ---------------
| CUEST INITIALIZATION TIME =     0.427267000(  5.99%)
| INITIAL GUESS TIME  =     3.105866000( 43.55%)
| DFT GRID OPERATIONS =     0.001272000(  0.02%)
| TOTAL SCF TIME      =     1.098520000( 15.41%)
|       TOTAL OP TIME      =     0.727224000( 10.20%)
|             TOTAL 1e TIME      =     0.014622000(  0.21%)
|             TOTAL 2e TIME      =     0.257002000(  3.60%)
|             TOTAL EXC TIME     =     0.393880000(  5.52%)
|       TOTAL DII TIME      =     0.360159000(  5.05%)
|             TOTAL DIAG TIME    =     0.088183000(  1.24%)
| TOTAL GRADIENT TIME      =     1.438356000( 20.17%)
|       TOTAL 1e GRADIENT TIME      =     0.971714000(13.75%)
|       TOTAL 2e GRADIENT TIME      =     0.343437000( 4.82%)
|       TOTAL EXC GRADIENT TIME     =     0.113617000(  1.59%)
| TOTAL TIME          =     7.130908000
------------------------------------
| Job cpu time:  0 days  0 hours  0 minutes  7.1 seconds.

 @ Finish Output Timing Information

| Normal Termination. Task Finished on: Fri Aug 28 18:48:14 2026
