| *********************************************************************************************************
| **                                                                                                     **
| **           888888888888                                                                              **
| **         8888888888888888                                                                            **
| **      888888888888888888                                                                             **
| **     888888888888888888                                                                              **
| **    888888888888888                                                                                  **
| **   88888888888888888888                               88888                       8888:              **
| **   8888888888888888888888Z                            88888                       8888:              **
| **   888888888888888888888888?                          88888                       8888:              **
| **   8888888888888      8888888                                        888888       8888:              **
| **    88888888888         888888     8888:     88888    88888        888888888I     8888:    888888    **
| **    8888888888           88888:    8888:     88888    88888      $888888888888    8888:   888888     **
| **    I8Z 88888             88888    8888:     88888    88888    .888888     8888   8888: 888888       **
| **    .8Z 88888             88888    8888:     88888    88888    $88888             8888:88888         **
| **     8I 88888      .=88. .88888    8888:     88888    88888    88888              8888888888         **
| **    :8  88888      888888$8888$    8888:     88888    88888    8888O              88888888888        **
| **   ,7   +88888.     8888888888.    8888:     88888    88888    888888             88888O888888       **
| **         $888888:.   .8888888      88888....888888    88888     888888     8888   8888:  888888      **
| **          I8888888888888888888     888888888888888    88888     O888888888888O    8888:   888888     **
| **            O888888888888888888     88888888888888    88888       88888888888$    8888:    888888    **
| **               8888888Z     888      .8888I  88888    88888         8888888       8888:     888888   **
| **                                                                                                     **
| **                                                                                                     **
| **                                         Copyright (c) 2026                                          **
| **                          Regents of the University of California San Diego                          **
| **                                    & Michigan State University                                      **
| **                                        All Rights Reserved.                                         **
| **                                                                                                     **
| **             This software is subject to the terms of the Mozilla Public License, v. 2.0.            **
| **                                                                                                     **
| *********************************************************************************************************
|                                                                                                          
| Cite this work as:                                                                                       
| Manathunga, M.; O'Hearn, K. A.; Shajan, A.; Smith, J.; Miao, Y.; He, X.; Ayers, K.;                      
| Brothers, E.; Palos, E.; Tripathy, V.; Goetz, A.W.; Merz, K.M. QUICK-26.03.                              
| University of California,San Diego, CA and                                                               
| Michigan State University, East Lansing, MI, 2026                                                        
|                                                                                                          
| If you have any comments or queries, please reach out to us on GitHub issues or discussion sections:     
| https://github.com/merzlab/QUICK.                                                                        
|                                                                                                          
| TASK STARTS ON: Fri Aug 28 18:48:15 2026
| INPUT FILE :    /work2/11707/msun12/stampede3/quickruns/3446277/mph1/morphine_def2-SV(P).in
| OUTPUT FILE:    /work2/11707/msun12/stampede3/quickruns/3446277/mph1/morphine_def2-SV(P).out
| BASIS SET PATH: /home1/11707/msun12/QUICK-cuEST-install/basis

|------------ GPU INFORMATION ---------------
| CUDA ENABLED DEVICE         :        1
| CUDA DEVICE IN USE          :        0
| CUDA DEVICE NAME            : NVIDIA H100
| CUDA DEVICE PM              :      132
| CUDA DEVICE CORE FREQ(GHZ)  :     1.98
| CUDA DEVICE MEMORY SIZE (MB):    95321
| SUPPORTING CUDA VERSION     :      9.0
|--------------------------------------------

 @ Read Job And Atom

  KEYWORD=B3LYP BASIS=DEF2-SV(P) CUTOFF=1.0E-10 DENSERMS=1.0E-6 GRADIENT CUEST
 ============== JOB CARD =============
 METHOD = DENSITY FUNCTIONAL THEORY
 DENSITY FUNCTIONAL = B3LYP
 DIRECT SCF 
 SAD INITAL GUESS 
 USE DIIS SCF
 PRINT ENERGY EVERY CYCLE
 READ SAD GUESS FROM FILE
 STANDARD GRID = SG1
 Level shifting allowed after cycle    3
 DIIS error must exceed 0.100 for level shifting
 Max HOMO-LUMO gap to allow level shifting = 0.200
 GRADIENT CALCULATION
 MAX SCF CYCLES =    200
 MAX DIIS CYCLES =   10
 DELTA DENSITY START CYCLE =    3
 COMPUTATIONAL CUTOFF: 
      TWO-e INTEGRAL         =  0.100E-09
      BASIS SET PRIME        =  0.100E-10
      MATRIX ELEMENTS        =  0.100E-09
      BASIS FUNCTION         =  0.100E-05
      NEAR-LINEAR DEPENDENCY =  0.100E-04
      GRADIENT CUTOFF  =  0.100E-06
 DENSITY MATRIX MAXIMUM RMS FOR CONVERGENCE  =  0.100E-05
 BASIS SET = DEF2-SV(P),  TYPE = CARTESIAN
| BASIS FILE = /home1/11707/msun12/QUICK-cuEST-install/basis/DEF2-SV_P.BAS
| DATA FILE  =    /work2/11707/msun12/stampede3/quickruns/3446277/mph1/morphine_def2-SV(P).dat

 @ Finish reading job


 @ Begin SAD initial guess

 For Atom Kind =    1
 ELEMENT = O 
 BASIS FUNCTIONS =   15
 For Atom Kind =    2
 ELEMENT = N 
 BASIS FUNCTIONS =   15
 For Atom Kind =    3
 ELEMENT = C 
 BASIS FUNCTIONS =   15
 For Atom Kind =    4
 ELEMENT = H 
 BASIS FUNCTIONS =    2

 @ Finish SAD initial guess


 @ Begin Reading Molecular Information


 =========== Molecule Input ==========
 TOTAL MOLECULAR CHARGE  =    0    MULTIPLICITY                =    1
 TOTAL ATOM NUMBER       =   40    NUMBER OF ATOM TYPES        =    4
 NUMBER OF HYDROGEN ATOM =   19    NUMBER OF NON-HYDROGEN ATOM =   21
 NUMBER OF ELECTRONS     =  152

 -- INPUT GEOMETRY -- :
    O          -1.9930      -0.4740       1.2005
    O          -2.7826      -2.5168      -0.2218
    O          -3.6220       1.8421       0.5579
    N           3.1777      -0.0101       0.4474
    C           0.3699      -0.7149       0.6616
    C           1.2913      -1.3046      -0.4170
    C           2.3441      -0.2023      -0.7640
    C          -0.9377      -1.4750       0.9848
    C           1.1988      -0.3907       1.9201
    C          -0.2516       0.5302       0.1205
    C           1.6887       1.1052      -1.3279
    C           2.4315       0.4754       1.6126
    C           0.3384       1.4306      -0.7480
    C          -1.3631      -2.5067      -0.0924
    C           0.5066      -1.8183      -1.5971
    C          -1.5672       0.6306       0.5136
    C          -0.7155      -2.3492      -1.4425
    C           4.3733       0.7916       0.2084
    C          -0.4184       2.5415      -1.1246
    C          -2.3310       1.7217       0.1620
    C          -1.7382       2.6936      -0.6541
    H           1.8278      -2.1759      -0.0118
    H           3.0029      -0.6035      -1.5465
    H          -0.8451      -2.0128       1.9373
    H           1.5366      -1.3335       2.3712
    H           0.5899       0.1174       2.6790
    H           1.5474       0.9596      -2.4075
    H           2.3530       1.9680      -1.2194
    H           2.1271       1.5205       1.4760
    H           3.0801       0.4584       2.4975
    H          -1.0772      -3.5067       0.2593
    H           0.9601      -1.7947      -2.5831
    H          -1.2300      -2.7505      -2.3109
    H           4.1500       1.8479       0.0287
    H           4.9380       0.4055      -0.6472
    H           5.0444       0.7352       1.0730
    H          -0.0062       3.2824      -1.8043
    H          -2.3121       3.5638      -0.9645
    H          -3.1557      -2.6446       0.6672
    H          -3.8483       1.0686       1.1031

============== BASIS INFOS ==============
 BASIS FUNCTIONS =  353
 NSHELL =  164 NPRIM  =  601
 JSHELL =  164 JBASIS =  328


 @ End Reading Molecular Information 


 @ Begin XC Quadrature Formation

 OCTAGO: OCTree Algorithm for Grid Operations 
   PRUNING CUTOFF       = 0.100E-06
   INITIAL GRID POINTS  =      151424
|   FINAL GRID POINTS    =           0
|   SIGNIFICANT NUMBER OF BASIS FUNCTIONS     =           0
|   SIGNIFICANT NUMBER OF PRIMITIVE FUNCTIONS =           0

 @ End XC Quadrature Formation


 @ Begin Energy Calculation

| condition number of overlap matrix:    6.993E+04
| Smallest eigenvalue of overlap matrix:    1.421E-04

                                         SCF ENERGY
| ------------------------------------------------------------------------------------------------------------------------
| NCYC       ENERGY         DELTA_E      SCF_TIME  DII_CYC   DII_TIME   O_TIME  DIAG_TIME    MAX_ERR    RMS_CHG    MAX_CHG
| ------------------------------------------------------------------------------------------------------------------------
|  1   -930.583400293      ------         0.079     1        0.01      0.07      0.00    0.5848E+00  0.9186E-01  0.7739E+01
|  2   -904.434763835  -.261486E+02       0.045     2        0.01      0.03      0.00    0.1484E+01  0.9999E-01  0.7219E+01
|  3   -901.213062498  -.322170E+01       0.049     3        0.02      0.03      0.00    0.9622E+00  0.4964E-01  0.3622E+01
|   ***  Level shifting applied  ( HOMO-LUMO gap =  0.009 au ) ***
|  4   -938.013359540  0.368003E+02       0.048     4        0.01      0.03      0.00    0.3882E+00  0.1423E-01  0.5369E+00
|   ***  Level shifting applied  ( HOMO-LUMO gap =  0.119 au ) ***
|  5   -938.329838944  0.316479E+00       0.047     5        0.01      0.03      0.00    0.2505E+00  0.6065E-02  0.4141E+00
|   ***  Level shifting applied  ( HOMO-LUMO gap =  0.014 au ) ***
|  6   -938.861582212  0.531743E+00       0.046     6        0.01      0.03      0.00    0.5648E-01  0.3243E-02  0.1341E+00
|  7   -938.910672481  0.490903E-01       0.047     7        0.01      0.03      0.00    0.6024E-01  0.1326E-02  0.3505E-01
|  8   -938.925008141  0.143357E-01       0.047     8        0.01      0.03      0.00    0.1559E-01  0.4682E-03  0.1570E-01
|  9   -938.926826068  0.181793E-02       0.048     9        0.01      0.03      0.00    0.6080E-02  0.1619E-03  0.6586E-02
| 10   -938.927106423  0.280355E-03       0.049    10        0.02      0.03      0.00    0.1452E-02  0.3771E-04  0.1600E-02
| 11   -938.927119453  0.130306E-04       0.050     1        0.02      0.03      0.00    0.6619E-03  0.1723E-04  0.6050E-03
| 12   -938.927121660  0.220676E-05       0.050     2        0.02      0.03      0.00    0.1979E-03  0.6431E-05  0.1934E-03
| 13   -938.927122088  0.427342E-06       0.051     3        0.02      0.03      0.00    0.4414E-04  0.2379E-05  0.5989E-04
| 14   -938.927122125  0.374403E-07       0.050     4        0.02      0.03      0.00    0.1651E-04  0.6433E-06  0.2043E-04
| ------------------------------------------------------------------------------------------------------------------------
| REACH CONVERGENCE AFTER  14 CYCLES
| MAX ERROR = 0.165072E-04   RMS CHANGE = 0.643307E-06   MAX CHANGE = 0.204345E-04
| -----------------------------------------------
 ALPHA ELECTRON DENSITY    =    75.9992231655
 BETA ELECTRON DENSITY     =    75.9992231655
 ELECTRONIC ENERGY    =  -2768.234392606
 CORE_CORE REPULSION  =   1829.307270481
 TOTAL ENERGY         =   -938.927122125

 @ End Energy calculation


 @ Begin Gradient Calculation

 ANALYTICAL GRADIENT: 
----------------------------------------
 COORDINATE    XYZ            GRADIENT
----------------------------------------
    1X    -1.9930001522    -0.0114785562
    1Y    -0.4740000362     0.0063719303
    1Z     1.2005000917     0.0005172369
    2X    -2.7826002125    -0.0024605912
    2Y    -2.5168001922     0.0013438625
    2Z    -0.2218000169     0.0049264118
    3X    -3.6220002766     0.0077987320
    3Y     1.8421001407    -0.0009354785
    3Z     0.5579000426    -0.0029248704
    4X     3.1777002427    -0.0030695821
    4Y    -0.0101000008    -0.0017525811
    4Z     0.4474000342     0.0034866236
    5X     0.3699000282     0.0072301205
    5Y    -0.7149000546    -0.0042019543
    5Z     0.6616000505    -0.0038652572
    6X     1.2913000986    -0.0002290624
    6Y    -1.3046000996    -0.0021906817
    6Z    -0.4170000318     0.0079745702
    7X     2.3441001790     0.0021642071
    7Y    -0.2023000154    -0.0012766065
    7Z    -0.7640000583    -0.0133602681
    8X    -0.9377000716    -0.0017567402
    8Y    -1.4750001126     0.0097507281
    8Z     0.9848000752    -0.0123750048
    9X     1.1988000915    -0.0066835679
    9Y    -0.3907000298     0.0029912773
    9Z     1.9201001466     0.0005352460
   10X    -0.2516000192    -0.0053630779
   10Y     0.5302000405    -0.0083790501
   10Z     0.1205000092     0.0099723700
   11X     1.6887001290     0.0022977925
   11Y     1.1052000844     0.0106828972
   11Z    -1.3279001014     0.0006763232
   12X     2.4315001857     0.0037806217
   12Y     0.4754000363     0.0089786913
   12Z     1.6126001231     0.0056981227
   13X     0.3384000258    -0.0038854181
   13Y     1.4306001092    -0.0007803931
   13Z    -0.7480000571    -0.0015057177
   14X    -1.3631001041     0.0178039186
   14Y    -2.5067001914     0.0007946685
   14Z    -0.0924000071     0.0051769282
   15X     0.5066000387     0.0085691213
   15Y    -1.8183001389     0.0003833501
   15Z    -1.5971001220    -0.0078459433
   16X    -1.5672001197    -0.0080490281
   16Y     0.6306000482     0.0074664246
   16Z     0.5136000392    -0.0016123717
   17X    -0.7155000546    -0.0060651563
   17Y    -2.3492001794    -0.0090456230
   17Z    -1.4425001102    -0.0004960238
   18X     4.3733003340     0.0051975239
   18Y     0.7916000604     0.0117786100
   18Z     0.2084000159    -0.0038746801
   19X    -0.4184000320     0.0143619522
   19Y     2.5415001941    -0.0011782764
   19Z    -1.1246000859    -0.0050355899
   20X    -2.3310001780     0.0111115567
   20Y     1.7217001315    -0.0087217949
   20Z     0.1620000124     0.0014732463
   21X    -1.7382001327    -0.0122852617
   21Y     2.6936002057    -0.0022271393
   21Z    -0.6541000499     0.0055364741
   22X     1.8278001396    -0.0067824209
   22Y    -2.1759001662    -0.0015975925
   22Z    -0.0118000009    -0.0039905863
   23X     3.0029002293    -0.0031569958
   23Y    -0.6035000461     0.0006933470
   23Z    -1.5465001181    -0.0000835447
   24X    -0.8451000645     0.0023322877
   24Y    -2.0128001537    -0.0007848463
   24Z     1.9373001479    -0.0032583804
   25X     1.5366001173    -0.0014729144
   25Y    -1.3335001018     0.0047910806
   25Z     2.3712001811    -0.0006765654
   26X     0.5899000450     0.0035533165
   26Y     0.1174000090    -0.0018757063
   26Z     2.6790002046    -0.0004448764
   27X     1.5474001182    -0.0014906031
   27Y     0.9596000733    -0.0008814996
   27Z    -2.4075001838     0.0052709856
   28X     2.3530001797    -0.0071078943
   28Y     1.9680001503    -0.0015436549
   28Z    -1.2194000931     0.0001181536
   29X     2.1271001624     0.0035205231
   29Y     1.5205001161    -0.0097476577
   29Z     1.4760001127     0.0002257982
   30X     3.0801002352    -0.0053450348
   30Y     0.4584000350     0.0001887865
   30Z     2.4975001907    -0.0013267655
   31X    -1.0772000823    -0.0080434629
   31Y    -3.5067002678     0.0054264069
   31Z     0.2593000198    -0.0061086342
   32X     0.9601000733    -0.0039367861
   32Y    -1.7947001371    -0.0005692799
   32Z    -2.5831001973     0.0062115876
   33X    -1.2300000939     0.0071401482
   33Y    -2.7505002100     0.0034827460
   33Z    -2.3109001765     0.0016810407
   34X     4.1500003169     0.0002933144
   34Y     1.8479001411    -0.0120648963
   34Z     0.0287000022     0.0021905482
   35X     4.9380003771    -0.0003719308
   35Y     0.4055000310     0.0025433828
   35Z    -0.6472000494     0.0054581181
   36X     5.0444003852    -0.0014728788
   36Y     0.7352000561     0.0001433123
   36Z     1.0730000819    -0.0057556492
   37X    -0.0062000005    -0.0016160527
   37Y     3.2824002507    -0.0038763342
   37Z    -1.8043001378     0.0031693717
   38X    -2.3121001766     0.0047884344
   38Y     3.5638002721    -0.0013333594
   38Z    -0.9645000737    -0.0009808293
   39X    -3.1557002410    -0.0002590526
   39Y    -2.6446002020    -0.0016722139
   39Z     0.6672000509     0.0034546793
   40X    -3.8483002939     0.0004384985
   40Y     1.0686000816    -0.0011748820
   40Z     1.1031000842     0.0017677222
----------------------------------------

 @ End Gradient Calculation

  Skipping one-electron property calculation.

 @ Output cuEST Memory Footprint

------------- cuEST MEMORY USAGE ---------------
| Peak Host Footprint =    31.55 kB
| Host Allocations =    43
| Peak Device Footprint =    11.89 GB
| Device Allocations =    36
------------------------------------------------

 @ Finish Output cuEST Memory Footprint


 @ Output Timing Information

------------- TIMING ---------------
| CUEST INITIALIZATION TIME =     0.382942000(  6.88%)
| INITIAL GUESS TIME  =     2.634432000( 47.30%)
| DFT GRID OPERATIONS =     0.001154000(  0.02%)
| TOTAL SCF TIME      =     0.717382000( 12.88%)
|       TOTAL OP TIME      =     0.505386000(  9.07%)
|             TOTAL 1e TIME      =     0.010090000(  0.18%)
|             TOTAL 2e TIME      =     0.151662000(  2.72%)
|             TOTAL EXC TIME     =     0.309664000(  5.56%)
|       TOTAL DII TIME      =     0.207913000(  3.73%)
|             TOTAL DIAG TIME    =     0.061973000(  1.11%)
| TOTAL GRADIENT TIME      =     0.883154000( 15.86%)
|       TOTAL 1e GRADIENT TIME      =     0.542579000( 9.83%)
|       TOTAL 2e GRADIENT TIME      =     0.234325000( 4.21%)
|       TOTAL EXC GRADIENT TIME     =     0.100994000(  1.81%)
| TOTAL TIME          =     5.569349000
------------------------------------
| Job cpu time:  0 days  0 hours  0 minutes  5.6 seconds.

 @ Finish Output Timing Information

| Normal Termination. Task Finished on: Fri Aug 28 18:48:20 2026
