| *********************************************************************************************************
| **                                                                                                     **
| **           888888888888                                                                              **
| **         8888888888888888                                                                            **
| **      888888888888888888                                                                             **
| **     888888888888888888                                                                              **
| **    888888888888888                                                                                  **
| **   88888888888888888888                               88888                       8888:              **
| **   8888888888888888888888Z                            88888                       8888:              **
| **   888888888888888888888888?                          88888                       8888:              **
| **   8888888888888      8888888                                        888888       8888:              **
| **    88888888888         888888     8888:     88888    88888        888888888I     8888:    888888    **
| **    8888888888           88888:    8888:     88888    88888      $888888888888    8888:   888888     **
| **    I8Z 88888             88888    8888:     88888    88888    .888888     8888   8888: 888888       **
| **    .8Z 88888             88888    8888:     88888    88888    $88888             8888:88888         **
| **     8I 88888      .=88. .88888    8888:     88888    88888    88888              8888888888         **
| **    :8  88888      888888$8888$    8888:     88888    88888    8888O              88888888888        **
| **   ,7   +88888.     8888888888.    8888:     88888    88888    888888             88888O888888       **
| **         $888888:.   .8888888      88888....888888    88888     888888     8888   8888:  888888      **
| **          I8888888888888888888     888888888888888    88888     O888888888888O    8888:   888888     **
| **            O888888888888888888     88888888888888    88888       88888888888$    8888:    888888    **
| **               8888888Z     888      .8888I  88888    88888         8888888       8888:     888888   **
| **                                                                                                     **
| **                                                                                                     **
| **                                         Copyright (c) 2026                                          **
| **                          Regents of the University of California San Diego                          **
| **                                    & Michigan State University                                      **
| **                                        All Rights Reserved.                                         **
| **                                                                                                     **
| **             This software is subject to the terms of the Mozilla Public License, v. 2.0.            **
| **                                                                                                     **
| *********************************************************************************************************
|                                                                                                          
| Cite this work as:                                                                                       
| Manathunga, M.; O'Hearn, K. A.; Shajan, A.; Smith, J.; Miao, Y.; He, X.; Ayers, K.;                      
| Brothers, E.; Palos, E.; Tripathy, V.; Goetz, A.W.; Merz, K.M. QUICK-26.03.                              
| University of California,San Diego, CA and                                                               
| Michigan State University, East Lansing, MI, 2026                                                        
|                                                                                                          
| If you have any comments or queries, please reach out to us on GitHub issues or discussion sections:     
| https://github.com/merzlab/QUICK.                                                                        
|                                                                                                          
| TASK STARTS ON: Wed Aug 19 15:26:09 2026
| INPUT FILE :    quickruns/b3lyp/morphine/morphine_b3lyp_3-21G.in
| OUTPUT FILE:    quickruns/b3lyp/morphine/morphine_b3lyp_3-21G.out
| BASIS SET PATH: /home/michaelsun/QUICK-cuEST-install-release/basis

|------------ GPU INFORMATION ---------------
| CUDA ENABLED DEVICE         :        1
| CUDA DEVICE IN USE          :        0
| CUDA DEVICE NAME            : NVIDIA GB10
| CUDA DEVICE PM              :       48
| CUDA DEVICE CORE FREQ(GHZ)  :     2.42
| CUDA DEVICE MEMORY SIZE (MB):   124609
| SUPPORTING CUDA VERSION     :     12.1
|--------------------------------------------

 @ Read Job And Atom

  KEYWORD=B3LYP BASIS=3-21G CUTOFF=1.0E-10 DENSERMS=1.0E-6 ENERGY CUEST
 ============== JOB CARD =============
 METHOD = DENSITY FUNCTIONAL THEORY
 DENSITY FUNCTIONAL = B3LYP
 DIRECT SCF 
 SAD INITAL GUESS 
 USE DIIS SCF
 PRINT ENERGY EVERY CYCLE
 READ SAD GUESS FROM FILE
 STANDARD GRID = SG1
 Level shifting allowed after cycle    3
 DIIS error must exceed 0.100 for level shifting
 Max HOMO-LUMO gap to allow level shifting = 0.200
 MAX SCF CYCLES =    200
 MAX DIIS CYCLES =   10
 DELTA DENSITY START CYCLE =    3
 COMPUTATIONAL CUTOFF: 
      TWO-e INTEGRAL         =  0.100E-09
      BASIS SET PRIME        =  0.100E-10
      MATRIX ELEMENTS        =  0.100E-09
      BASIS FUNCTION         =  0.100E-05
      NEAR-LINEAR DEPENDENCY =  0.100E-04
 DENSITY MATRIX MAXIMUM RMS FOR CONVERGENCE  =  0.100E-05
 BASIS SET = 3-21G,  TYPE = CARTESIAN
| BASIS FILE = /home/michaelsun/QUICK-cuEST-install-release/basis/3-21G.BAS
| DATA FILE  =    quickruns/b3lyp/morphine/morphine_b3lyp_3-21G.dat

 @ Finish reading job


 @ Begin SAD initial guess

 For Atom Kind =    1
 ELEMENT = O 
 BASIS FUNCTIONS =    9
 For Atom Kind =    2
 ELEMENT = N 
 BASIS FUNCTIONS =    9
 For Atom Kind =    3
 ELEMENT = C 
 BASIS FUNCTIONS =    9
 For Atom Kind =    4
 ELEMENT = H 
 BASIS FUNCTIONS =    2

 @ Finish SAD initial guess


 @ Begin Reading Molecular Information


 =========== Molecule Input ==========
 TOTAL MOLECULAR CHARGE  =    0    MULTIPLICITY                =    1
 TOTAL ATOM NUMBER       =   40    NUMBER OF ATOM TYPES        =    4
 NUMBER OF HYDROGEN ATOM =   19    NUMBER OF NON-HYDROGEN ATOM =   21
 NUMBER OF ELECTRONS     =  152

 -- INPUT GEOMETRY -- :
    O          -1.9930      -0.4740       1.2005
    O          -2.7826      -2.5168      -0.2218
    O          -3.6220       1.8421       0.5579
    N           3.1777      -0.0101       0.4474
    C           0.3699      -0.7149       0.6616
    C           1.2913      -1.3046      -0.4170
    C           2.3441      -0.2023      -0.7640
    C          -0.9377      -1.4750       0.9848
    C           1.1988      -0.3907       1.9201
    C          -0.2516       0.5302       0.1205
    C           1.6887       1.1052      -1.3279
    C           2.4315       0.4754       1.6126
    C           0.3384       1.4306      -0.7480
    C          -1.3631      -2.5067      -0.0924
    C           0.5066      -1.8183      -1.5971
    C          -1.5672       0.6306       0.5136
    C          -0.7155      -2.3492      -1.4425
    C           4.3733       0.7916       0.2084
    C          -0.4184       2.5415      -1.1246
    C          -2.3310       1.7217       0.1620
    C          -1.7382       2.6936      -0.6541
    H           1.8278      -2.1759      -0.0118
    H           3.0029      -0.6035      -1.5465
    H          -0.8451      -2.0128       1.9373
    H           1.5366      -1.3335       2.3712
    H           0.5899       0.1174       2.6790
    H           1.5474       0.9596      -2.4075
    H           2.3530       1.9680      -1.2194
    H           2.1271       1.5205       1.4760
    H           3.0801       0.4584       2.4975
    H          -1.0772      -3.5067       0.2593
    H           0.9601      -1.7947      -2.5831
    H          -1.2300      -2.7505      -2.3109
    H           4.1500       1.8479       0.0287
    H           4.9380       0.4055      -0.6472
    H           5.0444       0.7352       1.0730
    H          -0.0062       3.2824      -1.8043
    H          -2.3121       3.5638      -0.9645
    H          -3.1557      -2.6446       0.6672
    H          -3.8483       1.0686       1.1031

============== BASIS INFOS ==============
 BASIS FUNCTIONS =  227
 NSHELL =  101 NPRIM  =  372
 JSHELL =  101 JBASIS =  183


 @ End Reading Molecular Information 


 @ Begin XC Quadrature Formation

 OCTAGO: OCTree Algorithm for Grid Operations 
   PRUNING CUTOFF       = 0.100E-06
   INITIAL GRID POINTS  =      151424
|   FINAL GRID POINTS    =           0
|   SIGNIFICANT NUMBER OF BASIS FUNCTIONS     =           0
|   SIGNIFICANT NUMBER OF PRIMITIVE FUNCTIONS =           0

 @ End XC Quadrature Formation


 @ Begin Energy Calculation

| condition number of overlap matrix:    4.290E+03
| Smallest eigenvalue of overlap matrix:    1.256E-03

                                         SCF ENERGY
| ------------------------------------------------------------------------------------------------------------------------
| NCYC       ENERGY         DELTA_E      SCF_TIME  DII_CYC   DII_TIME   O_TIME  DIAG_TIME    MAX_ERR    RMS_CHG    MAX_CHG
| ------------------------------------------------------------------------------------------------------------------------
|  1   -925.797218011      ------         0.245     1        0.01      0.23      0.01    0.5980E+00  0.8661E-01  0.4577E+01
|  2   -917.356317385  -.844090E+01       0.214     2        0.01      0.20      0.01    0.1385E+01  0.9076E-01  0.4574E+01
|  3   -920.717108307  0.336079E+01       0.221     3        0.02      0.21      0.01    0.8579E+00  0.4491E-01  0.2793E+01
|   ***  Level shifting applied  ( HOMO-LUMO gap =  0.018 au ) ***
|  4   -933.968399023  0.132513E+02       0.213     4        0.01      0.20      0.01    0.3406E+00  0.1632E-01  0.4214E+00
|   ***  Level shifting applied  ( HOMO-LUMO gap =  0.190 au ) ***
|  5   -934.146673311  0.178274E+00       0.216     5        0.01      0.20      0.01    0.2709E+00  0.6108E-02  0.1671E+00
|   ***  Level shifting applied  ( HOMO-LUMO gap =  0.044 au ) ***
|  6   -934.445644952  0.298972E+00       0.215     6        0.01      0.20      0.01    0.3712E-01  0.2057E-02  0.6795E-01
|  7   -934.455998173  0.103532E-01       0.267     7        0.01      0.25      0.01    0.1178E-01  0.6722E-03  0.2026E-01
|  8   -934.457426615  0.142844E-02       0.263     8        0.01      0.25      0.01    0.5489E-02  0.2288E-03  0.5822E-02
|  9   -934.457719189  0.292574E-03       0.223     9        0.01      0.21      0.01    0.1497E-02  0.6461E-04  0.2545E-02
| 10   -934.457739760  0.205709E-04       0.224    10        0.01      0.21      0.01    0.4355E-03  0.1879E-04  0.8165E-03
| 11   -934.457741321  0.156107E-05       0.214     1        0.01      0.20      0.01    0.1476E-03  0.6504E-05  0.2540E-03
| 12   -934.457741476  0.154952E-06       0.224     2        0.01      0.21      0.01    0.6328E-04  0.2038E-05  0.6453E-04
| 13   -934.457741503  0.270466E-07       0.229     3        0.01      0.22      0.01    0.1743E-04  0.8198E-06  0.2007E-04
| ------------------------------------------------------------------------------------------------------------------------
| REACH CONVERGENCE AFTER  13 CYCLES
| MAX ERROR = 0.174274E-04   RMS CHANGE = 0.819767E-06   MAX CHANGE = 0.200703E-04
| -----------------------------------------------
 ALPHA ELECTRON DENSITY    =    75.9994379992
 BETA ELECTRON DENSITY     =    75.9994379992
 ELECTRONIC ENERGY    =  -2763.765011983
 CORE_CORE REPULSION  =   1829.307270481
 TOTAL ENERGY         =   -934.457741503

 @ End Energy calculation

  Skipping one-electron property calculation.

 @ Output cuEST Memory Footprint

------------- cuEST MEMORY USAGE ---------------
| Peak Host Footprint =    30.88 kB
| Host Allocations =    40
| Peak Device Footprint =     5.46 GB
| Device Allocations =    31
------------------------------------------------

 @ Finish Output cuEST Memory Footprint


 @ Output Timing Information

------------- TIMING ---------------
| CUEST INITIALIZATION TIME =     1.212595000( 19.46%)
| INITIAL GUESS TIME  =     1.200617000( 19.26%)
| DFT GRID OPERATIONS =     0.000583000(  0.01%)
| TOTAL SCF TIME      =     2.972533000( 47.69%)
|       TOTAL OP TIME      =     2.802422000( 44.96%)
|             TOTAL 1e TIME      =     0.004857000(  0.08%)
|             TOTAL 2e TIME      =     1.412308000( 22.66%)
|             TOTAL EXC TIME     =     1.374008000( 22.05%)
|       TOTAL DII TIME      =     0.168433000(  2.70%)
|             TOTAL DIAG TIME    =     0.117189000(  1.88%)
| TOTAL TIME          =     6.232553000
------------------------------------
| Job cpu time:  0 days  0 hours  0 minutes  6.2 seconds.

 @ Finish Output Timing Information

| Normal Termination. Task Finished on: Wed Aug 19 15:26:15 2026
