| *********************************************************************************************************
| **                                                                                                     **
| **           888888888888                                                                              **
| **         8888888888888888                                                                            **
| **      888888888888888888                                                                             **
| **     888888888888888888                                                                              **
| **    888888888888888                                                                                  **
| **   88888888888888888888                               88888                       8888:              **
| **   8888888888888888888888Z                            88888                       8888:              **
| **   888888888888888888888888?                          88888                       8888:              **
| **   8888888888888      8888888                                        888888       8888:              **
| **    88888888888         888888     8888:     88888    88888        888888888I     8888:    888888    **
| **    8888888888           88888:    8888:     88888    88888      $888888888888    8888:   888888     **
| **    I8Z 88888             88888    8888:     88888    88888    .888888     8888   8888: 888888       **
| **    .8Z 88888             88888    8888:     88888    88888    $88888             8888:88888         **
| **     8I 88888      .=88. .88888    8888:     88888    88888    88888              8888888888         **
| **    :8  88888      888888$8888$    8888:     88888    88888    8888O              88888888888        **
| **   ,7   +88888.     8888888888.    8888:     88888    88888    888888             88888O888888       **
| **         $888888:.   .8888888      88888....888888    88888     888888     8888   8888:  888888      **
| **          I8888888888888888888     888888888888888    88888     O888888888888O    8888:   888888     **
| **            O888888888888888888     88888888888888    88888       88888888888$    8888:    888888    **
| **               8888888Z     888      .8888I  88888    88888         8888888       8888:     888888   **
| **                                                                                                     **
| **                                                                                                     **
| **                                         Copyright (c) 2026                                          **
| **                          Regents of the University of California San Diego                          **
| **                                    & Michigan State University                                      **
| **                                        All Rights Reserved.                                         **
| **                                                                                                     **
| **             This software is subject to the terms of the Mozilla Public License, v. 2.0.            **
| **                                                                                                     **
| *********************************************************************************************************
|                                                                                                          
| Cite this work as:                                                                                       
| Manathunga, M.; O'Hearn, K. A.; Shajan, A.; Smith, J.; Miao, Y.; He, X.; Ayers, K.;                      
| Brothers, E.; Palos, E.; Tripathy, V.; Goetz, A.W.; Merz, K.M. QUICK-26.03.                              
| University of California,San Diego, CA and                                                               
| Michigan State University, East Lansing, MI, 2026                                                        
|                                                                                                          
| If you have any comments or queries, please reach out to us on GitHub issues or discussion sections:     
| https://github.com/merzlab/QUICK.                                                                        
|                                                                                                          
| TASK STARTS ON: Wed Aug 19 15:27:06 2026
| INPUT FILE :    quickruns/b3lyp/morphine/morphine_b3lyp_def2-SV(P).in
| OUTPUT FILE:    quickruns/b3lyp/morphine/morphine_b3lyp_def2-SV(P).out
| BASIS SET PATH: /home/michaelsun/QUICK-cuEST-install-release/basis

|------------ GPU INFORMATION ---------------
| CUDA ENABLED DEVICE         :        1
| CUDA DEVICE IN USE          :        0
| CUDA DEVICE NAME            : NVIDIA GB10
| CUDA DEVICE PM              :       48
| CUDA DEVICE CORE FREQ(GHZ)  :     2.42
| CUDA DEVICE MEMORY SIZE (MB):   124609
| SUPPORTING CUDA VERSION     :     12.1
|--------------------------------------------

 @ Read Job And Atom

  KEYWORD=B3LYP BASIS=DEF2-SV(P) CUTOFF=1.0E-10 DENSERMS=1.0E-6 ENERGY CUEST
 ============== JOB CARD =============
 METHOD = DENSITY FUNCTIONAL THEORY
 DENSITY FUNCTIONAL = B3LYP
 DIRECT SCF 
 SAD INITAL GUESS 
 USE DIIS SCF
 PRINT ENERGY EVERY CYCLE
 READ SAD GUESS FROM FILE
 STANDARD GRID = SG1
 Level shifting allowed after cycle    3
 DIIS error must exceed 0.100 for level shifting
 Max HOMO-LUMO gap to allow level shifting = 0.200
 MAX SCF CYCLES =    200
 MAX DIIS CYCLES =   10
 DELTA DENSITY START CYCLE =    3
 COMPUTATIONAL CUTOFF: 
      TWO-e INTEGRAL         =  0.100E-09
      BASIS SET PRIME        =  0.100E-10
      MATRIX ELEMENTS        =  0.100E-09
      BASIS FUNCTION         =  0.100E-05
      NEAR-LINEAR DEPENDENCY =  0.100E-04
 DENSITY MATRIX MAXIMUM RMS FOR CONVERGENCE  =  0.100E-05
 BASIS SET = DEF2-SV(P),  TYPE = CARTESIAN
| BASIS FILE = /home/michaelsun/QUICK-cuEST-install-release/basis/DEF2-SV_P.BAS
| DATA FILE  =    quickruns/b3lyp/morphine/morphine_b3lyp_def2-SV(P).dat

 @ Finish reading job


 @ Begin SAD initial guess

 For Atom Kind =    1
 ELEMENT = O 
 BASIS FUNCTIONS =   15
 For Atom Kind =    2
 ELEMENT = N 
 BASIS FUNCTIONS =   15
 For Atom Kind =    3
 ELEMENT = C 
 BASIS FUNCTIONS =   15
 For Atom Kind =    4
 ELEMENT = H 
 BASIS FUNCTIONS =    2

 @ Finish SAD initial guess


 @ Begin Reading Molecular Information


 =========== Molecule Input ==========
 TOTAL MOLECULAR CHARGE  =    0    MULTIPLICITY                =    1
 TOTAL ATOM NUMBER       =   40    NUMBER OF ATOM TYPES        =    4
 NUMBER OF HYDROGEN ATOM =   19    NUMBER OF NON-HYDROGEN ATOM =   21
 NUMBER OF ELECTRONS     =  152

 -- INPUT GEOMETRY -- :
    O          -1.9930      -0.4740       1.2005
    O          -2.7826      -2.5168      -0.2218
    O          -3.6220       1.8421       0.5579
    N           3.1777      -0.0101       0.4474
    C           0.3699      -0.7149       0.6616
    C           1.2913      -1.3046      -0.4170
    C           2.3441      -0.2023      -0.7640
    C          -0.9377      -1.4750       0.9848
    C           1.1988      -0.3907       1.9201
    C          -0.2516       0.5302       0.1205
    C           1.6887       1.1052      -1.3279
    C           2.4315       0.4754       1.6126
    C           0.3384       1.4306      -0.7480
    C          -1.3631      -2.5067      -0.0924
    C           0.5066      -1.8183      -1.5971
    C          -1.5672       0.6306       0.5136
    C          -0.7155      -2.3492      -1.4425
    C           4.3733       0.7916       0.2084
    C          -0.4184       2.5415      -1.1246
    C          -2.3310       1.7217       0.1620
    C          -1.7382       2.6936      -0.6541
    H           1.8278      -2.1759      -0.0118
    H           3.0029      -0.6035      -1.5465
    H          -0.8451      -2.0128       1.9373
    H           1.5366      -1.3335       2.3712
    H           0.5899       0.1174       2.6790
    H           1.5474       0.9596      -2.4075
    H           2.3530       1.9680      -1.2194
    H           2.1271       1.5205       1.4760
    H           3.0801       0.4584       2.4975
    H          -1.0772      -3.5067       0.2593
    H           0.9601      -1.7947      -2.5831
    H          -1.2300      -2.7505      -2.3109
    H           4.1500       1.8479       0.0287
    H           4.9380       0.4055      -0.6472
    H           5.0444       0.7352       1.0730
    H          -0.0062       3.2824      -1.8043
    H          -2.3121       3.5638      -0.9645
    H          -3.1557      -2.6446       0.6672
    H          -3.8483       1.0686       1.1031

============== BASIS INFOS ==============
 BASIS FUNCTIONS =  353
 NSHELL =  164 NPRIM  =  601
 JSHELL =  164 JBASIS =  328


 @ End Reading Molecular Information 


 @ Begin XC Quadrature Formation

 OCTAGO: OCTree Algorithm for Grid Operations 
   PRUNING CUTOFF       = 0.100E-06
   INITIAL GRID POINTS  =      151424
|   FINAL GRID POINTS    =           0
|   SIGNIFICANT NUMBER OF BASIS FUNCTIONS     =           0
|   SIGNIFICANT NUMBER OF PRIMITIVE FUNCTIONS =           0

 @ End XC Quadrature Formation


 @ Begin Energy Calculation

| condition number of overlap matrix:    6.993E+04
| Smallest eigenvalue of overlap matrix:    1.421E-04

                                         SCF ENERGY
| ------------------------------------------------------------------------------------------------------------------------
| NCYC       ENERGY         DELTA_E      SCF_TIME  DII_CYC   DII_TIME   O_TIME  DIAG_TIME    MAX_ERR    RMS_CHG    MAX_CHG
| ------------------------------------------------------------------------------------------------------------------------
|  1   -930.583400295      ------         0.569     1        0.02      0.55      0.01    0.5848E+00  0.9186E-01  0.7739E+01
|  2   -904.434763807  -.261486E+02       0.489     2        0.02      0.47      0.01    0.1484E+01  0.9999E-01  0.7219E+01
|  3   -901.213062530  -.322170E+01       0.492     3        0.02      0.47      0.01    0.9622E+00  0.4964E-01  0.3622E+01
|   ***  Level shifting applied  ( HOMO-LUMO gap =  0.009 au ) ***
|  4   -938.013359546  0.368003E+02       0.533     4        0.02      0.51      0.01    0.3882E+00  0.1423E-01  0.5369E+00
|   ***  Level shifting applied  ( HOMO-LUMO gap =  0.119 au ) ***
|  5   -938.329838948  0.316479E+00       0.537     5        0.02      0.51      0.01    0.2505E+00  0.6065E-02  0.4141E+00
|   ***  Level shifting applied  ( HOMO-LUMO gap =  0.014 au ) ***
|  6   -938.861582214  0.531743E+00       0.504     6        0.02      0.48      0.01    0.5648E-01  0.3243E-02  0.1341E+00
|  7   -938.910672483  0.490903E-01       0.513     7        0.02      0.49      0.01    0.6024E-01  0.1326E-02  0.3505E-01
|  8   -938.925008139  0.143357E-01       0.506     8        0.02      0.49      0.01    0.1559E-01  0.4682E-03  0.1570E-01
|  9   -938.926826068  0.181793E-02       0.518     9        0.02      0.50      0.01    0.6080E-02  0.1619E-03  0.6586E-02
| 10   -938.927106422  0.280354E-03       0.508    10        0.02      0.49      0.01    0.1452E-02  0.3771E-04  0.1600E-02
| 11   -938.927119453  0.130309E-04       0.520     1        0.02      0.50      0.01    0.6619E-03  0.1723E-04  0.6050E-03
| 12   -938.927121660  0.220741E-05       0.519     2        0.02      0.50      0.01    0.1979E-03  0.6432E-05  0.1934E-03
| 13   -938.927122088  0.427774E-06       0.517     3        0.02      0.49      0.01    0.4414E-04  0.2379E-05  0.5985E-04
| 14   -938.927122123  0.346572E-07       0.516     4        0.02      0.49      0.01    0.1651E-04  0.6432E-06  0.2043E-04
| ------------------------------------------------------------------------------------------------------------------------
| REACH CONVERGENCE AFTER  14 CYCLES
| MAX ERROR = 0.165072E-04   RMS CHANGE = 0.643152E-06   MAX CHANGE = 0.204344E-04
| -----------------------------------------------
 ALPHA ELECTRON DENSITY    =    75.9992231655
 BETA ELECTRON DENSITY     =    75.9992231655
 ELECTRONIC ENERGY    =  -2768.234392603
 CORE_CORE REPULSION  =   1829.307270481
 TOTAL ENERGY         =   -938.927122123

 @ End Energy calculation

  Skipping one-electron property calculation.

 @ Output cuEST Memory Footprint

------------- cuEST MEMORY USAGE ---------------
| Peak Host Footprint =    31.55 kB
| Host Allocations =    40
| Peak Device Footprint =     6.90 GB
| Device Allocations =    31
------------------------------------------------

 @ Finish Output cuEST Memory Footprint


 @ Output Timing Information

------------- TIMING ---------------
| CUEST INITIALIZATION TIME =     2.128115000( 18.66%)
| INITIAL GUESS TIME  =     1.197289000( 10.50%)
| DFT GRID OPERATIONS =     0.000581000(  0.01%)
| TOTAL SCF TIME      =     7.270231000( 63.76%)
|       TOTAL OP TIME      =     6.963321000( 61.07%)
|             TOTAL 1e TIME      =     0.027811000(  0.24%)
|             TOTAL 2e TIME      =     3.656602000( 32.07%)
|             TOTAL EXC TIME     =     3.236511000( 28.38%)
|       TOTAL DII TIME      =     0.302806000(  2.66%)
|             TOTAL DIAG TIME    =     0.175158000(  1.54%)
| TOTAL TIME          =    11.402830000
------------------------------------
| Job cpu time:  0 days  0 hours  0 minutes 11.4 seconds.

 @ Finish Output Timing Information

| Normal Termination. Task Finished on: Wed Aug 19 15:27:17 2026
