| *********************************************************************************************************
| **                                                                                                     **
| **           888888888888                                                                              **
| **         8888888888888888                                                                            **
| **      888888888888888888                                                                             **
| **     888888888888888888                                                                              **
| **    888888888888888                                                                                  **
| **   88888888888888888888                               88888                       8888:              **
| **   8888888888888888888888Z                            88888                       8888:              **
| **   888888888888888888888888?                          88888                       8888:              **
| **   8888888888888      8888888                                        888888       8888:              **
| **    88888888888         888888     8888:     88888    88888        888888888I     8888:    888888    **
| **    8888888888           88888:    8888:     88888    88888      $888888888888    8888:   888888     **
| **    I8Z 88888             88888    8888:     88888    88888    .888888     8888   8888: 888888       **
| **    .8Z 88888             88888    8888:     88888    88888    $88888             8888:88888         **
| **     8I 88888      .=88. .88888    8888:     88888    88888    88888              8888888888         **
| **    :8  88888      888888$8888$    8888:     88888    88888    8888O              88888888888        **
| **   ,7   +88888.     8888888888.    8888:     88888    88888    888888             88888O888888       **
| **         $888888:.   .8888888      88888....888888    88888     888888     8888   8888:  888888      **
| **          I8888888888888888888     888888888888888    88888     O888888888888O    8888:   888888     **
| **            O888888888888888888     88888888888888    88888       88888888888$    8888:    888888    **
| **               8888888Z     888      .8888I  88888    88888         8888888       8888:     888888   **
| **                                                                                                     **
| **                                                                                                     **
| **                                         Copyright (c) 2026                                          **
| **                          Regents of the University of California San Diego                          **
| **                                    & Michigan State University                                      **
| **                                        All Rights Reserved.                                         **
| **                                                                                                     **
| **             This software is subject to the terms of the Mozilla Public License, v. 2.0.            **
| **                                                                                                     **
| *********************************************************************************************************
|                                                                                                          
| Cite this work as:                                                                                       
| Manathunga, M.; O'Hearn, K. A.; Shajan, A.; Smith, J.; Miao, Y.; He, X.; Ayers, K.;                      
| Brothers, E.; Palos, E.; Tripathy, V.; Goetz, A.W.; Merz, K.M. QUICK-26.03.                              
| University of California,San Diego, CA and                                                               
| Michigan State University, East Lansing, MI, 2026                                                        
|                                                                                                          
| If you have any comments or queries, please reach out to us on GitHub issues or discussion sections:     
| https://github.com/merzlab/QUICK.                                                                        
|                                                                                                          
| TASK STARTS ON: Wed Aug 19 15:26:47 2026
| INPUT FILE :    quickruns/b3lyp/morphine/morphine_b3lyp_6-31+G**.in
| OUTPUT FILE:    quickruns/b3lyp/morphine/morphine_b3lyp_6-31+G**.out
| BASIS SET PATH: /home/michaelsun/QUICK-cuEST-install-release/basis

|------------ GPU INFORMATION ---------------
| CUDA ENABLED DEVICE         :        1
| CUDA DEVICE IN USE          :        0
| CUDA DEVICE NAME            : NVIDIA GB10
| CUDA DEVICE PM              :       48
| CUDA DEVICE CORE FREQ(GHZ)  :     2.42
| CUDA DEVICE MEMORY SIZE (MB):   124609
| SUPPORTING CUDA VERSION     :     12.1
|--------------------------------------------

 @ Read Job And Atom

  KEYWORD=B3LYP BASIS=6-31+G** CUTOFF=1.0E-10 DENSERMS=1.0E-6 ENERGY CUEST
 ============== JOB CARD =============
 METHOD = DENSITY FUNCTIONAL THEORY
 DENSITY FUNCTIONAL = B3LYP
 DIRECT SCF 
 SAD INITAL GUESS 
 USE DIIS SCF
 PRINT ENERGY EVERY CYCLE
 READ SAD GUESS FROM FILE
 STANDARD GRID = SG1
 Level shifting allowed after cycle    3
 DIIS error must exceed 0.100 for level shifting
 Max HOMO-LUMO gap to allow level shifting = 0.200
 MAX SCF CYCLES =    200
 MAX DIIS CYCLES =   10
 DELTA DENSITY START CYCLE =    3
 COMPUTATIONAL CUTOFF: 
      TWO-e INTEGRAL         =  0.100E-09
      BASIS SET PRIME        =  0.100E-10
      MATRIX ELEMENTS        =  0.100E-09
      BASIS FUNCTION         =  0.100E-05
      NEAR-LINEAR DEPENDENCY =  0.100E-04
 DENSITY MATRIX MAXIMUM RMS FOR CONVERGENCE  =  0.100E-05
 BASIS SET = 6-31+G**,  TYPE = CARTESIAN
| BASIS FILE = /home/michaelsun/QUICK-cuEST-install-release/basis/6-31PLGDP.BAS
| DATA FILE  =    quickruns/b3lyp/morphine/morphine_b3lyp_6-31+G**.dat

 @ Finish reading job


 @ Begin SAD initial guess

 For Atom Kind =    1
 ELEMENT = O 
 BASIS FUNCTIONS =   19
 For Atom Kind =    2
 ELEMENT = N 
 BASIS FUNCTIONS =   19
 For Atom Kind =    3
 ELEMENT = C 
 BASIS FUNCTIONS =   19
 For Atom Kind =    4
 ELEMENT = H 
 BASIS FUNCTIONS =    5

 @ Finish SAD initial guess


 @ Begin Reading Molecular Information


 =========== Molecule Input ==========
 TOTAL MOLECULAR CHARGE  =    0    MULTIPLICITY                =    1
 TOTAL ATOM NUMBER       =   40    NUMBER OF ATOM TYPES        =    4
 NUMBER OF HYDROGEN ATOM =   19    NUMBER OF NON-HYDROGEN ATOM =   21
 NUMBER OF ELECTRONS     =  152

 -- INPUT GEOMETRY -- :
    O          -1.9930      -0.4740       1.2005
    O          -2.7826      -2.5168      -0.2218
    O          -3.6220       1.8421       0.5579
    N           3.1777      -0.0101       0.4474
    C           0.3699      -0.7149       0.6616
    C           1.2913      -1.3046      -0.4170
    C           2.3441      -0.2023      -0.7640
    C          -0.9377      -1.4750       0.9848
    C           1.1988      -0.3907       1.9201
    C          -0.2516       0.5302       0.1205
    C           1.6887       1.1052      -1.3279
    C           2.4315       0.4754       1.6126
    C           0.3384       1.4306      -0.7480
    C          -1.3631      -2.5067      -0.0924
    C           0.5066      -1.8183      -1.5971
    C          -1.5672       0.6306       0.5136
    C          -0.7155      -2.3492      -1.4425
    C           4.3733       0.7916       0.2084
    C          -0.4184       2.5415      -1.1246
    C          -2.3310       1.7217       0.1620
    C          -1.7382       2.6936      -0.6541
    H           1.8278      -2.1759      -0.0118
    H           3.0029      -0.6035      -1.5465
    H          -0.8451      -2.0128       1.9373
    H           1.5366      -1.3335       2.3712
    H           0.5899       0.1174       2.6790
    H           1.5474       0.9596      -2.4075
    H           2.3530       1.9680      -1.2194
    H           2.1271       1.5205       1.4760
    H           3.0801       0.4584       2.4975
    H          -1.0772      -3.5067       0.2593
    H           0.9601      -1.7947      -2.5831
    H          -1.2300      -2.7505      -2.3109
    H           4.1500       1.8479       0.0287
    H           4.9380       0.4055      -0.6472
    H           5.0444       0.7352       1.0730
    H          -0.0062       3.2824      -1.8043
    H          -2.3121       3.5638      -0.9645
    H          -3.1557      -2.6446       0.6672
    H          -3.8483       1.0686       1.1031

============== BASIS INFOS ==============
 BASIS FUNCTIONS =  494
 NSHELL =  162 NPRIM  =  805
 JSHELL =  162 JBASIS =  347


 @ End Reading Molecular Information 


 @ Begin XC Quadrature Formation

 OCTAGO: OCTree Algorithm for Grid Operations 
   PRUNING CUTOFF       = 0.100E-07
   INITIAL GRID POINTS  =      151424
|   FINAL GRID POINTS    =           0
|   SIGNIFICANT NUMBER OF BASIS FUNCTIONS     =           0
|   SIGNIFICANT NUMBER OF PRIMITIVE FUNCTIONS =           0

 @ End XC Quadrature Formation


 @ Begin Energy Calculation

| Number of total basis functions:    494
| Number of linearly independent basis functions:    484
| condition number of overlap matrix:    9.530E+07
| Smallest eigenvalue of overlap matrix:    2.230E-07

                                         SCF ENERGY
| ------------------------------------------------------------------------------------------------------------------------
| NCYC       ENERGY         DELTA_E      SCF_TIME  DII_CYC   DII_TIME   O_TIME  DIAG_TIME    MAX_ERR    RMS_CHG    MAX_CHG
| ------------------------------------------------------------------------------------------------------------------------
|  1   -928.991456651      ------         0.898     1        0.03      0.87      0.02    0.5317E+00  0.2734E+00  0.1840E+02
|  2   -835.987539356  -.930039E+02       0.858     2        0.03      0.83      0.02    0.2219E+01  0.2637E+00  0.1580E+02
|  3   -935.700784132  0.997132E+02       0.909     3        0.04      0.87      0.02    0.4045E+00  0.1606E+00  0.1100E+02
|   ***  Level shifting applied  ( HOMO-LUMO gap =  0.026 au ) ***
|  4   -924.073942273  -.116268E+02       0.910     4        0.04      0.87      0.02    0.8303E+00  0.1538E+00  0.1124E+02
|   ***  Level shifting applied  ( HOMO-LUMO gap =  0.004 au ) ***
|  5   -939.266467365  0.151925E+02       0.902     5        0.04      0.86      0.02    0.1630E+00  0.8661E-02  0.3874E+00
|   ***  Level shifting applied  ( HOMO-LUMO gap =  0.033 au ) ***
|  6   -939.584125897  0.317659E+00       0.900     6        0.03      0.87      0.02    0.7709E-01  0.7140E-02  0.4930E+00
|  7   -939.662326758  0.782009E-01       0.911     7        0.03      0.88      0.02    0.3254E-01  0.2649E-02  0.1569E+00
|  8   -939.671367171  0.904041E-02       0.912     8        0.03      0.88      0.02    0.2247E-01  0.1319E-02  0.6456E-01
|  9   -939.676645735  0.527856E-02       0.910     9        0.03      0.88      0.02    0.5110E-02  0.4237E-03  0.2605E-01
| 10   -939.676836937  0.191201E-03       0.905    10        0.03      0.87      0.02    0.2299E-02  0.1266E-03  0.4961E-02
| 11   -939.676920918  0.839814E-04       0.904     1        0.04      0.87      0.02    0.5870E-03  0.5098E-04  0.1855E-02
| 12   -939.676925227  0.430862E-05       0.916     2        0.04      0.88      0.02    0.3142E-03  0.1597E-04  0.6321E-03
| 13   -939.676926577  0.135062E-05       0.904     3        0.04      0.87      0.02    0.1036E-03  0.4102E-05  0.1389E-03
| 14   -939.676926629  0.514842E-07       0.905     4        0.04      0.87      0.02    0.4682E-04  0.1775E-05  0.1097E-03
| 15   -939.676926641  0.116434E-07       0.903     5        0.04      0.87      0.02    0.1610E-04  0.5054E-06  0.5234E-04
| ------------------------------------------------------------------------------------------------------------------------
| REACH CONVERGENCE AFTER  15 CYCLES
| MAX ERROR = 0.161009E-04   RMS CHANGE = 0.505425E-06   MAX CHANGE = 0.523391E-04
| -----------------------------------------------
 ALPHA ELECTRON DENSITY    =    75.9989724294
 BETA ELECTRON DENSITY     =    75.9989724294
 ELECTRONIC ENERGY    =  -2768.984197121
 CORE_CORE REPULSION  =   1829.307270481
 TOTAL ENERGY         =   -939.676926641

 @ End Energy calculation

  Skipping one-electron property calculation.

 @ Output cuEST Memory Footprint

------------- cuEST MEMORY USAGE ---------------
| Peak Host Footprint =    33.50 kB
| Host Allocations =    40
| Peak Device Footprint =     7.68 GB
| Device Allocations =    31
------------------------------------------------

 @ Finish Output cuEST Memory Footprint


 @ Output Timing Information

------------- TIMING ---------------
| CUEST INITIALIZATION TIME =     3.462015000( 18.11%)
| INITIAL GUESS TIME  =     1.234429000(  6.46%)
| DFT GRID OPERATIONS =     0.000587000(  0.00%)
| TOTAL SCF TIME      =    13.580685000( 71.04%)
|       TOTAL OP TIME      =    13.054079000( 68.28%)
|             TOTAL 1e TIME      =     0.034397000(  0.18%)
|             TOTAL 2e TIME      =     6.980672000( 36.52%)
|             TOTAL EXC TIME     =     5.974320000( 31.25%)
|       TOTAL DII TIME      =     0.519445000(  2.72%)
|             TOTAL DIAG TIME    =     0.253632000(  1.33%)
| TOTAL TIME          =    19.117269000
------------------------------------
| Job cpu time:  0 days  0 hours  0 minutes 19.1 seconds.

 @ Finish Output Timing Information

| Normal Termination. Task Finished on: Wed Aug 19 15:27:06 2026
