| *********************************************************************************************************
| **                                                                                                     **
| **           888888888888                                                                              **
| **         8888888888888888                                                                            **
| **      888888888888888888                                                                             **
| **     888888888888888888                                                                              **
| **    888888888888888                                                                                  **
| **   88888888888888888888                               88888                       8888:              **
| **   8888888888888888888888Z                            88888                       8888:              **
| **   888888888888888888888888?                          88888                       8888:              **
| **   8888888888888      8888888                                        888888       8888:              **
| **    88888888888         888888     8888:     88888    88888        888888888I     8888:    888888    **
| **    8888888888           88888:    8888:     88888    88888      $888888888888    8888:   888888     **
| **    I8Z 88888             88888    8888:     88888    88888    .888888     8888   8888: 888888       **
| **    .8Z 88888             88888    8888:     88888    88888    $88888             8888:88888         **
| **     8I 88888      .=88. .88888    8888:     88888    88888    88888              8888888888         **
| **    :8  88888      888888$8888$    8888:     88888    88888    8888O              88888888888        **
| **   ,7   +88888.     8888888888.    8888:     88888    88888    888888             88888O888888       **
| **         $888888:.   .8888888      88888....888888    88888     888888     8888   8888:  888888      **
| **          I8888888888888888888     888888888888888    88888     O888888888888O    8888:   888888     **
| **            O888888888888888888     88888888888888    88888       88888888888$    8888:    888888    **
| **               8888888Z     888      .8888I  88888    88888         8888888       8888:     888888   **
| **                                                                                                     **
| **                                                                                                     **
| **                                         Copyright (c) 2026                                          **
| **                          Regents of the University of California San Diego                          **
| **                                    & Michigan State University                                      **
| **                                        All Rights Reserved.                                         **
| **                                                                                                     **
| **             This software is subject to the terms of the Mozilla Public License, v. 2.0.            **
| **                                                                                                     **
| *********************************************************************************************************
|                                                                                                          
| Cite this work as:                                                                                       
| Manathunga, M.; O'Hearn, K. A.; Shajan, A.; Smith, J.; Miao, Y.; He, X.; Ayers, K.;                      
| Brothers, E.; Palos, E.; Tripathy, V.; Goetz, A.W.; Merz, K.M. QUICK-26.03.                              
| University of California,San Diego, CA and                                                               
| Michigan State University, East Lansing, MI, 2026                                                        
|                                                                                                          
| If you have any comments or queries, please reach out to us on GitHub issues or discussion sections:     
| https://github.com/merzlab/QUICK.                                                                        
|                                                                                                          
| TASK STARTS ON: Thu Aug 20 08:21:21 2026
| INPUT FILE :    quickruns/blyp/taxol/taxol_blyp_6-31G.in
| OUTPUT FILE:    quickruns/blyp/taxol/taxol_blyp_6-31G.out
| BASIS SET PATH: /home/michaelsun/QUICK-cuEST-install-release/basis

|------------ GPU INFORMATION ---------------
| CUDA ENABLED DEVICE         :        1
| CUDA DEVICE IN USE          :        0
| CUDA DEVICE NAME            : NVIDIA GB10
| CUDA DEVICE PM              :       48
| CUDA DEVICE CORE FREQ(GHZ)  :     2.42
| CUDA DEVICE MEMORY SIZE (MB):   124609
| SUPPORTING CUDA VERSION     :     12.1
|--------------------------------------------

 @ Read Job And Atom

  KEYWORD=BLYP BASIS=6-31G CUTOFF=1.0E-10 DENSERMS=1.0E-6 ENERGY CUEST
 ============== JOB CARD =============
 METHOD = DENSITY FUNCTIONAL THEORY
 USING LIBXC VERSION: 4.3.4
 FUNCTIONAL INFORMATION:
 NAME = Becke 88 FAMILY = GGA KIND = EXCHANGE
 NAME = Lee, Yang & Parr FAMILY = GGA KIND = CORRELATION
 DIRECT SCF 
 SAD INITAL GUESS 
 USE DIIS SCF
 PRINT ENERGY EVERY CYCLE
 READ SAD GUESS FROM FILE
 STANDARD GRID = SG1
 Level shifting allowed after cycle    3
 DIIS error must exceed 0.100 for level shifting
 Max HOMO-LUMO gap to allow level shifting = 0.200
 MAX SCF CYCLES =    200
 MAX DIIS CYCLES =   10
 DELTA DENSITY START CYCLE =    3
 COMPUTATIONAL CUTOFF: 
      TWO-e INTEGRAL         =  0.100E-09
      BASIS SET PRIME        =  0.100E-10
      MATRIX ELEMENTS        =  0.100E-09
      BASIS FUNCTION         =  0.100E-05
      NEAR-LINEAR DEPENDENCY =  0.100E-04
 DENSITY MATRIX MAXIMUM RMS FOR CONVERGENCE  =  0.100E-05
 BASIS SET = 6-31G,  TYPE = CARTESIAN
| BASIS FILE = /home/michaelsun/QUICK-cuEST-install-release/basis/6-31G.BAS
| DATA FILE  =    quickruns/blyp/taxol/taxol_blyp_6-31G.dat

 @ Finish reading job


 @ Begin SAD initial guess

 For Atom Kind =    1
 ELEMENT = C 
 BASIS FUNCTIONS =    9
 For Atom Kind =    2
 ELEMENT = O 
 BASIS FUNCTIONS =    9
 For Atom Kind =    3
 ELEMENT = N 
 BASIS FUNCTIONS =    9
 For Atom Kind =    4
 ELEMENT = H 
 BASIS FUNCTIONS =    2

 @ Finish SAD initial guess


 @ Begin Reading Molecular Information


 =========== Molecule Input ==========
 TOTAL MOLECULAR CHARGE  =    0    MULTIPLICITY                =    1
 TOTAL ATOM NUMBER       =  110    NUMBER OF ATOM TYPES        =    4
 NUMBER OF HYDROGEN ATOM =   49    NUMBER OF NON-HYDROGEN ATOM =   61
 NUMBER OF ELECTRONS     =  446

 -- INPUT GEOMETRY -- :
    C          -6.3961       1.6376      -1.0167
    C          -5.5976       1.9480       0.3157
    C          -4.1358       1.3889       0.3062
    C          -4.0900      -0.2069       0.0760
    C          -5.3005      -0.5560      -0.7831
    C          -5.6408       0.5560      -1.7454
    C          -2.8203      -0.7723      -0.5951
    C          -3.4405       1.9810       1.5955
    C          -1.5723      -0.0770      -0.1719
    O          -2.6953      -2.1590      -0.1698
    O          -1.8693       1.2309      -0.7751
    C          -1.3334      -0.1176       1.4102
    C          -0.8881       1.2875       1.4845
    C           0.3196       1.5771       0.9641
    O          -4.0361       2.4498       2.5048
    O          -1.9505       2.1871       1.7492
    C          -0.2199      -0.3744      -0.8072
    C           0.8361       0.5393      -0.0882
    O          -6.3706      -0.7461       0.1815
    C          -7.5080      -1.5313       0.1764
    O          -7.7343      -2.1872       1.1532
    C          -8.4523      -1.4158      -0.9939
    C          -5.4161      -1.5091      -2.0070
    O          -6.2193      -0.4454      -2.6903
    O          -5.4268       3.3774       0.3776
    O          -1.6122       4.1801       0.0344
    C          -0.7941       5.2258       0.2991
    O          -0.3049       5.8646      -0.5895
    C          -0.5432       5.4737       1.7764
    C           1.2299       2.7853       1.0315
    O           1.9361      -0.3334       0.3600
    C           3.1924       0.0393       0.0732
    O           3.4565       1.0474      -0.5230
    C           4.1742      -1.0075       0.5409
    C           5.5923      -0.5508       0.2305
    C           6.6535      -1.6277       0.4268
    C           6.3531      -2.9590       0.6578
    C           7.3484      -3.9223       0.5946
    C           8.6553      -3.5578       0.3263
    C           8.9721      -2.2174       0.1751
    C           7.9781      -1.2615       0.2323
    O           4.0118      -1.2781       1.9326
    N           5.9708       0.6810       0.8873
    C           6.1083       1.9571       0.3956
    O           6.3193       2.8804       1.1683
    C           5.8856       2.2295      -1.0684
    C           6.1183       1.3531      -2.1154
    C           5.5666       1.5986      -3.3628
    C           4.8505       2.7661      -3.5881
    C           4.7601       3.7103      -2.5860
    C           5.2758       3.4420      -1.3327
    C          -2.1367      -3.0476      -1.0301
    O          -2.1452      -2.8534      -2.2329
    C          -1.5034      -4.2030      -0.3691
    C          -1.4396      -4.3267       1.0054
    C          -0.7639      -5.3990       1.5627
    C          -0.1729      -6.3469       0.7428
    C          -0.2556      -6.2275      -0.6353
    C          -0.9156      -5.1510      -1.1911
    C          -0.2097      -1.1547       1.8364
    C          -2.4301      -0.4562       2.4708
    H          -3.6492       1.8683      -0.5156
    H          -4.2442      -0.7298       0.9946
    H          -6.1319       1.5762       1.1739
    H          -6.4278       2.5627      -1.5682
    H          -7.3896       1.3053      -0.7745
    H          -4.7466       0.9454      -2.2120
    H          -2.8856      -0.7190      -1.6683
    H          -1.1756       1.8958      -0.6851
    H          -1.8482       3.6442       0.8092
    H          -0.3040      -0.0417      -1.8339
    H           0.0915      -1.3953      -0.8029
    H           1.2665       1.1760      -0.8368
    H          -7.9448      -1.4088      -1.9397
    H          -8.9861      -0.4737      -0.9254
    H          -9.1715      -2.2206      -0.9250
    H          -5.9697      -2.4207      -1.8715
    H          -4.4957      -1.6916      -2.5342
    H          -6.1859       3.7990       0.8058
    H          -0.4047       4.5303       2.2919
    H          -1.4092       5.9590       2.2202
    H           0.3171       6.0932       1.8872
    H           1.4833       3.0343       2.0569
    H           0.8689       3.6688       0.5366
    H           2.1685       2.5342       0.5368
    H           3.9670      -1.8925      -0.0573
    H           5.5542      -0.3517      -0.8218
    H           5.3545      -3.2557       0.9039
    H           7.0989      -4.9514       0.7469
    H           9.4172      -4.3037       0.2408
    H           9.9857      -1.9178       0.0023
    H           8.2255      -0.2253       0.1253
    H           3.1299      -1.6338       2.1084
    H           6.0936       0.6251       1.8860
    H           6.7084       0.4705      -1.9833
    H           5.6744       0.8728      -4.1413
    H           4.3798       2.9274      -4.5336
    H           4.2564       4.6442      -2.7661
    H           5.1747       4.1495      -0.5327
    H          -1.9016      -3.5962       1.6316
    H          -0.6960      -5.4955       2.6284
    H           0.3482      -7.1761       1.1766
    H           0.1935      -6.9648      -1.2689
    H          -0.9826      -5.0259      -2.2518
    H           0.6895      -0.6503       2.1318
    H           0.0409      -1.8507       1.0571
    H          -0.5497      -1.7388       2.6731
    H          -2.6865      -1.5071       2.3903
    H          -3.3390       0.1001       2.4689
    H          -1.9770      -0.2959       3.4410

============== BASIS INFOS ==============
 BASIS FUNCTIONS =  647
 NSHELL =  281 NPRIM  = 1538
 JSHELL =  281 JBASIS =  806


 @ End Reading Molecular Information 


 @ Begin XC Quadrature Formation

 OCTAGO: OCTree Algorithm for Grid Operations 
   PRUNING CUTOFF       = 0.100E-06
   INITIAL GRID POINTS  =      416624
|   FINAL GRID POINTS    =           0
|   SIGNIFICANT NUMBER OF BASIS FUNCTIONS     =           0
|   SIGNIFICANT NUMBER OF PRIMITIVE FUNCTIONS =           0

 @ End XC Quadrature Formation


 @ Begin Energy Calculation

| condition number of overlap matrix:    1.206E+04
| Smallest eigenvalue of overlap matrix:    5.409E-04

                                         SCF ENERGY
| ------------------------------------------------------------------------------------------------------------------------
| NCYC       ENERGY         DELTA_E      SCF_TIME  DII_CYC   DII_TIME   O_TIME  DIAG_TIME    MAX_ERR    RMS_CHG    MAX_CHG
| ------------------------------------------------------------------------------------------------------------------------
|  1  -2898.682578484      ------         0.826     1        0.05      0.77      0.03    0.5874E+00  0.9561E-01  0.1214E+02
|  2  -2752.474860352  -.146208E+03       0.771     2        0.05      0.72      0.03    0.1761E+01  0.1122E+00  0.1233E+02
|  3  -2810.932303893  0.584574E+02       0.780     3        0.06      0.72      0.03    0.1193E+01  0.6539E-01  0.9378E+01
|   ***  Level shifting applied  ( HOMO-LUMO gap =  0.009 au ) ***
|  4  -2882.032537858  0.711002E+02       0.782     4        0.06      0.72      0.03    0.9463E+00  0.7189E-01  0.1354E+02
|   ***  Level shifting applied  ( HOMO-LUMO gap =  0.010 au ) ***
|  5  -2761.510055576  -.120522E+03       0.953     5        0.06      0.89      0.03    0.1130E+01  0.5574E-01  0.7009E+01
|   ***  Level shifting applied  ( HOMO-LUMO gap =  0.001 au ) ***
|  6  -2886.475176897  0.124965E+03       0.956     6        0.06      0.89      0.03    0.1029E+01  0.3282E-01  0.5886E+01
|   ***  Level shifting applied  ( HOMO-LUMO gap =  0.030 au ) ***
|  7  -2903.598321213  0.171231E+02       0.972     7        0.06      0.91      0.03    0.7849E+00  0.3325E-01  0.6448E+01
|   ***  Level shifting applied  ( HOMO-LUMO gap =  0.020 au ) ***
|  8  -2904.448810380  0.850489E+00       0.969     8        0.06      0.90      0.03    0.1167E+01  0.2625E-01  0.6282E+01
|   ***  Level shifting applied  ( HOMO-LUMO gap =  0.016 au ) ***
|  9  -2923.775513274  0.193267E+02       0.978     9        0.06      0.91      0.03    0.6620E+00  0.6370E-02  0.6494E+00
|   ***  Level shifting applied  ( HOMO-LUMO gap =  0.081 au ) ***
| 10  -2923.025448774  -.750064E+00       0.977    10        0.07      0.91      0.03    0.2665E+00  0.4873E-02  0.5253E+00
|   ***  Level shifting applied  ( HOMO-LUMO gap =  0.012 au ) ***
| 11  -2925.148540623  0.212309E+01       0.962     1        0.07      0.89      0.03    0.1289E+00  0.1798E-02  0.1578E+00
|   ***  Level shifting applied  ( HOMO-LUMO gap =  0.038 au ) ***
| 12  -2925.262468613  0.113928E+00       0.970     2        0.06      0.91      0.03    0.9881E-01  0.1499E-02  0.1010E+00
| 13  -2925.254744449  -.772416E-02       0.964     3        0.06      0.90      0.03    0.8261E-01  0.9382E-03  0.5900E-01
| 14  -2925.299045163  0.443007E-01       0.978     4        0.06      0.92      0.03    0.2244E-01  0.4843E-03  0.2920E-01
| 15  -2925.303794874  0.474971E-02       0.960     5        0.06      0.90      0.03    0.2098E-01  0.2857E-03  0.2530E-01
| 16  -2925.305866708  0.207183E-02       0.964     6        0.06      0.90      0.03    0.1159E-01  0.1486E-03  0.1466E-01
| 17  -2925.306661895  0.795187E-03       0.974     7        0.06      0.91      0.03    0.7176E-02  0.8794E-04  0.6401E-02
| 18  -2925.306942945  0.281050E-03       0.967     8        0.06      0.91      0.03    0.3183E-02  0.4009E-04  0.2631E-02
| 19  -2925.307011986  0.690412E-04       0.978     9        0.06      0.92      0.03    0.1401E-02  0.1814E-04  0.1376E-02
| 20  -2925.307024673  0.126863E-04       0.966    10        0.06      0.91      0.03    0.8231E-03  0.1926E-04  0.7669E-03
| 21  -2925.307023255  -.141739E-05       0.971     1        0.06      0.91      0.03    0.8090E-03  0.1019E-04  0.6815E-03
| 22  -2925.307029223  0.596794E-05       0.969     2        0.06      0.91      0.03    0.2774E-03  0.2796E-05  0.3199E-03
| 23  -2925.307029551  0.328320E-06       0.966     3        0.06      0.91      0.03    0.6810E-04  0.1124E-05  0.7604E-04
| 24  -2925.307029565  0.131004E-07       0.968     4        0.06      0.91      0.03    0.4048E-04  0.6357E-06  0.4315E-04
| ------------------------------------------------------------------------------------------------------------------------
| REACH CONVERGENCE AFTER  24 CYCLES
| MAX ERROR = 0.404796E-04   RMS CHANGE = 0.635684E-06   MAX CHANGE = 0.431515E-04
| -----------------------------------------------
 ALPHA ELECTRON DENSITY    =   223.0009117698
 BETA ELECTRON DENSITY     =   223.0009117698
 ELECTRONIC ENERGY    = -12592.376904888
 CORE_CORE REPULSION  =   9667.069875324
 TOTAL ENERGY         =  -2925.307029565

 @ End Energy calculation

  Skipping one-electron property calculation.

 @ Output cuEST Memory Footprint

------------- cuEST MEMORY USAGE ---------------
| Peak Host Footprint =    61.23 kB
| Host Allocations =    38
| Peak Device Footprint =     7.08 GB
| Device Allocations =    29
------------------------------------------------

 @ Finish Output cuEST Memory Footprint


 @ Output Timing Information

------------- TIMING ---------------
| CUEST INITIALIZATION TIME =     6.485297000( 20.21%)
| INITIAL GUESS TIME  =     1.723276000(  5.37%)
| DFT GRID OPERATIONS =     0.001565000(  0.00%)
| TOTAL SCF TIME      =    22.563162000( 70.33%)
|       TOTAL OP TIME      =    21.087543000( 65.73%)
|             TOTAL 1e TIME      =     0.044114000(  0.14%)
|             TOTAL 2e TIME      =     0.650453000(  2.03%)
|             TOTAL EXC TIME     =    20.278219000( 63.21%)
|       TOTAL DII TIME      =     1.452210000(  4.53%)
|             TOTAL DIAG TIME    =     0.608732000(  1.90%)
| TOTAL TIME          =    32.082917000
------------------------------------
| Job cpu time:  0 days  0 hours  0 minutes 32.1 seconds.

 @ Finish Output Timing Information

| Normal Termination. Task Finished on: Thu Aug 20 08:21:53 2026
