| *********************************************************************************************************
| **                                                                                                     **
| **           888888888888                                                                              **
| **         8888888888888888                                                                            **
| **      888888888888888888                                                                             **
| **     888888888888888888                                                                              **
| **    888888888888888                                                                                  **
| **   88888888888888888888                               88888                       8888:              **
| **   8888888888888888888888Z                            88888                       8888:              **
| **   888888888888888888888888?                          88888                       8888:              **
| **   8888888888888      8888888                                        888888       8888:              **
| **    88888888888         888888     8888:     88888    88888        888888888I     8888:    888888    **
| **    8888888888           88888:    8888:     88888    88888      $888888888888    8888:   888888     **
| **    I8Z 88888             88888    8888:     88888    88888    .888888     8888   8888: 888888       **
| **    .8Z 88888             88888    8888:     88888    88888    $88888             8888:88888         **
| **     8I 88888      .=88. .88888    8888:     88888    88888    88888              8888888888         **
| **    :8  88888      888888$8888$    8888:     88888    88888    8888O              88888888888        **
| **   ,7   +88888.     8888888888.    8888:     88888    88888    888888             88888O888888       **
| **         $888888:.   .8888888      88888....888888    88888     888888     8888   8888:  888888      **
| **          I8888888888888888888     888888888888888    88888     O888888888888O    8888:   888888     **
| **            O888888888888888888     88888888888888    88888       88888888888$    8888:    888888    **
| **               8888888Z     888      .8888I  88888    88888         8888888       8888:     888888   **
| **                                                                                                     **
| **                                                                                                     **
| **                                         Copyright (c) 2026                                          **
| **                          Regents of the University of California San Diego                          **
| **                                    & Michigan State University                                      **
| **                                        All Rights Reserved.                                         **
| **                                                                                                     **
| **             This software is subject to the terms of the Mozilla Public License, v. 2.0.            **
| **                                                                                                     **
| *********************************************************************************************************
|                                                                                                          
| Cite this work as:                                                                                       
| Manathunga, M.; O'Hearn, K. A.; Shajan, A.; Smith, J.; Miao, Y.; He, X.; Ayers, K.;                      
| Brothers, E.; Palos, E.; Tripathy, V.; Goetz, A.W.; Merz, K.M. QUICK-26.03.                              
| University of California,San Diego, CA and                                                               
| Michigan State University, East Lansing, MI, 2026                                                        
|                                                                                                          
| If you have any comments or queries, please reach out to us on GitHub issues or discussion sections:     
| https://github.com/merzlab/QUICK.                                                                        
|                                                                                                          
| TASK STARTS ON: Thu Aug 20 08:31:10 2026
| INPUT FILE :    quickruns/blyp/taxol/taxol_blyp_def2-SVP.in
| OUTPUT FILE:    quickruns/blyp/taxol/taxol_blyp_def2-SVP.out
| BASIS SET PATH: /home/michaelsun/QUICK-cuEST-install-release/basis

|------------ GPU INFORMATION ---------------
| CUDA ENABLED DEVICE         :        1
| CUDA DEVICE IN USE          :        0
| CUDA DEVICE NAME            : NVIDIA GB10
| CUDA DEVICE PM              :       48
| CUDA DEVICE CORE FREQ(GHZ)  :     2.42
| CUDA DEVICE MEMORY SIZE (MB):   124609
| SUPPORTING CUDA VERSION     :     12.1
|--------------------------------------------

 @ Read Job And Atom

  KEYWORD=BLYP BASIS=DEF2-SVP CUTOFF=1.0E-10 DENSERMS=1.0E-6 ENERGY CUEST
 ============== JOB CARD =============
 METHOD = DENSITY FUNCTIONAL THEORY
 USING LIBXC VERSION: 4.3.4
 FUNCTIONAL INFORMATION:
 NAME = Becke 88 FAMILY = GGA KIND = EXCHANGE
 NAME = Lee, Yang & Parr FAMILY = GGA KIND = CORRELATION
 DIRECT SCF 
 SAD INITAL GUESS 
 USE DIIS SCF
 PRINT ENERGY EVERY CYCLE
 READ SAD GUESS FROM FILE
 STANDARD GRID = SG1
 Level shifting allowed after cycle    3
 DIIS error must exceed 0.100 for level shifting
 Max HOMO-LUMO gap to allow level shifting = 0.200
 MAX SCF CYCLES =    200
 MAX DIIS CYCLES =   10
 DELTA DENSITY START CYCLE =    3
 COMPUTATIONAL CUTOFF: 
      TWO-e INTEGRAL         =  0.100E-09
      BASIS SET PRIME        =  0.100E-10
      MATRIX ELEMENTS        =  0.100E-09
      BASIS FUNCTION         =  0.100E-05
      NEAR-LINEAR DEPENDENCY =  0.100E-04
 DENSITY MATRIX MAXIMUM RMS FOR CONVERGENCE  =  0.100E-05
 BASIS SET = DEF2-SVP,  TYPE = CARTESIAN
| BASIS FILE = /home/michaelsun/QUICK-cuEST-install-release/basis/DEF2-SVP.BAS
| DATA FILE  =    quickruns/blyp/taxol/taxol_blyp_def2-SVP.dat

 @ Finish reading job


 @ Begin SAD initial guess

 For Atom Kind =    1
 ELEMENT = C 
 BASIS FUNCTIONS =   15
 For Atom Kind =    2
 ELEMENT = O 
 BASIS FUNCTIONS =   15
 For Atom Kind =    3
 ELEMENT = N 
 BASIS FUNCTIONS =   15
 For Atom Kind =    4
 ELEMENT = H 
 BASIS FUNCTIONS =    5

 @ Finish SAD initial guess


 @ Begin Reading Molecular Information


 =========== Molecule Input ==========
 TOTAL MOLECULAR CHARGE  =    0    MULTIPLICITY                =    1
 TOTAL ATOM NUMBER       =  110    NUMBER OF ATOM TYPES        =    4
 NUMBER OF HYDROGEN ATOM =   49    NUMBER OF NON-HYDROGEN ATOM =   61
 NUMBER OF ELECTRONS     =  446

 -- INPUT GEOMETRY -- :
    C          -6.3961       1.6376      -1.0167
    C          -5.5976       1.9480       0.3157
    C          -4.1358       1.3889       0.3062
    C          -4.0900      -0.2069       0.0760
    C          -5.3005      -0.5560      -0.7831
    C          -5.6408       0.5560      -1.7454
    C          -2.8203      -0.7723      -0.5951
    C          -3.4405       1.9810       1.5955
    C          -1.5723      -0.0770      -0.1719
    O          -2.6953      -2.1590      -0.1698
    O          -1.8693       1.2309      -0.7751
    C          -1.3334      -0.1176       1.4102
    C          -0.8881       1.2875       1.4845
    C           0.3196       1.5771       0.9641
    O          -4.0361       2.4498       2.5048
    O          -1.9505       2.1871       1.7492
    C          -0.2199      -0.3744      -0.8072
    C           0.8361       0.5393      -0.0882
    O          -6.3706      -0.7461       0.1815
    C          -7.5080      -1.5313       0.1764
    O          -7.7343      -2.1872       1.1532
    C          -8.4523      -1.4158      -0.9939
    C          -5.4161      -1.5091      -2.0070
    O          -6.2193      -0.4454      -2.6903
    O          -5.4268       3.3774       0.3776
    O          -1.6122       4.1801       0.0344
    C          -0.7941       5.2258       0.2991
    O          -0.3049       5.8646      -0.5895
    C          -0.5432       5.4737       1.7764
    C           1.2299       2.7853       1.0315
    O           1.9361      -0.3334       0.3600
    C           3.1924       0.0393       0.0732
    O           3.4565       1.0474      -0.5230
    C           4.1742      -1.0075       0.5409
    C           5.5923      -0.5508       0.2305
    C           6.6535      -1.6277       0.4268
    C           6.3531      -2.9590       0.6578
    C           7.3484      -3.9223       0.5946
    C           8.6553      -3.5578       0.3263
    C           8.9721      -2.2174       0.1751
    C           7.9781      -1.2615       0.2323
    O           4.0118      -1.2781       1.9326
    N           5.9708       0.6810       0.8873
    C           6.1083       1.9571       0.3956
    O           6.3193       2.8804       1.1683
    C           5.8856       2.2295      -1.0684
    C           6.1183       1.3531      -2.1154
    C           5.5666       1.5986      -3.3628
    C           4.8505       2.7661      -3.5881
    C           4.7601       3.7103      -2.5860
    C           5.2758       3.4420      -1.3327
    C          -2.1367      -3.0476      -1.0301
    O          -2.1452      -2.8534      -2.2329
    C          -1.5034      -4.2030      -0.3691
    C          -1.4396      -4.3267       1.0054
    C          -0.7639      -5.3990       1.5627
    C          -0.1729      -6.3469       0.7428
    C          -0.2556      -6.2275      -0.6353
    C          -0.9156      -5.1510      -1.1911
    C          -0.2097      -1.1547       1.8364
    C          -2.4301      -0.4562       2.4708
    H          -3.6492       1.8683      -0.5156
    H          -4.2442      -0.7298       0.9946
    H          -6.1319       1.5762       1.1739
    H          -6.4278       2.5627      -1.5682
    H          -7.3896       1.3053      -0.7745
    H          -4.7466       0.9454      -2.2120
    H          -2.8856      -0.7190      -1.6683
    H          -1.1756       1.8958      -0.6851
    H          -1.8482       3.6442       0.8092
    H          -0.3040      -0.0417      -1.8339
    H           0.0915      -1.3953      -0.8029
    H           1.2665       1.1760      -0.8368
    H          -7.9448      -1.4088      -1.9397
    H          -8.9861      -0.4737      -0.9254
    H          -9.1715      -2.2206      -0.9250
    H          -5.9697      -2.4207      -1.8715
    H          -4.4957      -1.6916      -2.5342
    H          -6.1859       3.7990       0.8058
    H          -0.4047       4.5303       2.2919
    H          -1.4092       5.9590       2.2202
    H           0.3171       6.0932       1.8872
    H           1.4833       3.0343       2.0569
    H           0.8689       3.6688       0.5366
    H           2.1685       2.5342       0.5368
    H           3.9670      -1.8925      -0.0573
    H           5.5542      -0.3517      -0.8218
    H           5.3545      -3.2557       0.9039
    H           7.0989      -4.9514       0.7469
    H           9.4172      -4.3037       0.2408
    H           9.9857      -1.9178       0.0023
    H           8.2255      -0.2253       0.1253
    H           3.1299      -1.6338       2.1084
    H           6.0936       0.6251       1.8860
    H           6.7084       0.4705      -1.9833
    H           5.6744       0.8728      -4.1413
    H           4.3798       2.9274      -4.5336
    H           4.2564       4.6442      -2.7661
    H           5.1747       4.1495      -0.5327
    H          -1.9016      -3.5962       1.6316
    H          -0.6960      -5.4955       2.6284
    H           0.3482      -7.1761       1.1766
    H           0.1935      -6.9648      -1.2689
    H          -0.9826      -5.0259      -2.2518
    H           0.6895      -0.6503       2.1318
    H           0.0409      -1.8507       1.0571
    H          -0.5497      -1.7388       2.6731
    H          -2.6865      -1.5071       2.3903
    H          -3.3390       0.1001       2.4689
    H          -1.9770      -0.2959       3.4410

============== BASIS INFOS ==============
 BASIS FUNCTIONS = 1160
 NSHELL =  513 NPRIM  = 1868
 JSHELL =  513 JBASIS =  977


 @ End Reading Molecular Information 


 @ Begin XC Quadrature Formation

 OCTAGO: OCTree Algorithm for Grid Operations 
   PRUNING CUTOFF       = 0.100E-06
   INITIAL GRID POINTS  =      416624
|   FINAL GRID POINTS    =           0
|   SIGNIFICANT NUMBER OF BASIS FUNCTIONS     =           0
|   SIGNIFICANT NUMBER OF PRIMITIVE FUNCTIONS =           0

 @ End XC Quadrature Formation


 @ Begin Energy Calculation

| condition number of overlap matrix:    3.861E+04
| Smallest eigenvalue of overlap matrix:    2.574E-04

                                         SCF ENERGY
| ------------------------------------------------------------------------------------------------------------------------
| NCYC       ENERGY         DELTA_E      SCF_TIME  DII_CYC   DII_TIME   O_TIME  DIAG_TIME    MAX_ERR    RMS_CHG    MAX_CHG
| ------------------------------------------------------------------------------------------------------------------------
|  1  -2896.676759581      ------         1.969     1        0.18      1.78      0.07    0.5285E+00  0.9251E-01  0.2924E+02
|  2  -2582.761260715  -.313915E+03       1.773     2        0.18      1.58      0.07    0.1860E+01  0.1029E+00  0.2938E+02
|  3  -2598.034287057  0.152730E+02       1.780     3        0.22      1.55      0.07    0.1516E+01  0.1769E+00  0.5698E+02
|   ***  Level shifting applied  ( HOMO-LUMO gap =  0.004 au ) ***
|  4  -2205.182858450  -.392851E+03       1.762     4        0.22      1.54      0.07    0.1849E+01  0.8727E-01  0.3108E+02
|   ***  Level shifting applied  ( HOMO-LUMO gap =  0.003 au ) ***
|  5  -2517.302183574  0.312119E+03       1.766     5        0.22      1.54      0.07    0.1625E+01  0.2205E-01  0.5320E+01
|   ***  Level shifting applied  ( HOMO-LUMO gap =  0.005 au ) ***
|  6  -2542.863946248  0.255618E+02       1.767     6        0.23      1.54      0.07    0.1581E+01  0.1085E-01  0.1767E+01
|   ***  Level shifting applied  ( HOMO-LUMO gap =  0.011 au ) ***
|  7  -2569.051313216  0.261874E+02       1.770     7        0.23      1.54      0.07    0.1526E+01  0.2878E-01  0.5128E+01
|   ***  Level shifting applied  ( HOMO-LUMO gap =  0.036 au ) ***
|  8  -2605.422341968  0.363710E+02       1.772     8        0.23      1.54      0.07    0.1470E+01  0.3116E-01  0.6674E+01
|   ***  Level shifting applied  ( HOMO-LUMO gap =  0.037 au ) ***
|  9  -2639.227460495  0.338051E+02       1.775     9        0.23      1.54      0.07    0.1418E+01  0.2983E-01  0.7458E+01
|   ***  Level shifting applied  ( HOMO-LUMO gap =  0.060 au ) ***
| 10  -2675.307797134  0.360803E+02       1.776    10        0.23      1.54      0.07    0.1340E+01  0.1609E-01  0.4604E+01
|   ***  Level shifting applied  ( HOMO-LUMO gap =  0.028 au ) ***
| 11  -2695.525246715  0.202174E+02       1.784     1        0.24      1.53      0.07    0.1287E+01  0.7489E-01  0.1598E+02
|   ***  Level shifting applied  ( HOMO-LUMO gap =  0.078 au ) ***
| 12  -2586.459447595  -.109066E+03       1.784     2        0.24      1.53      0.07    0.1304E+01  0.2482E-01  0.5263E+01
|   ***  Level shifting applied  ( HOMO-LUMO gap =  0.002 au ) ***
| 13  -2599.222236065  0.127628E+02       1.784     3        0.24      1.54      0.07    0.1470E+01  0.8197E+00  0.3422E+03
|   ***  Level shifting applied  ( HOMO-LUMO gap =  0.008 au ) ***
| 14   1014.150356988  -.361337E+04       1.784     4        0.24      1.54      0.07    0.3979E+01  0.7332E+00  0.3321E+03
|   ***  Level shifting applied  ( HOMO-LUMO gap =  0.002 au ) ***
| 15  -1539.239284140  0.255339E+04       1.784     5        0.24      1.54      0.07    0.3906E+01  0.2693E+00  0.9299E+02
|   ***  Level shifting applied  ( HOMO-LUMO gap =  0.005 au ) ***
| 16  -2393.317083000  0.854078E+03       1.783     6        0.24      1.53      0.07    0.2019E+01  0.4378E+00  0.1449E+03
|   ***  Level shifting applied  ( HOMO-LUMO gap =  0.003 au ) ***
| 17  -1875.727073094  -.517590E+03       1.783     7        0.24      1.54      0.07    0.2688E+01  0.4090E+00  0.1435E+03
|   ***  Level shifting applied  ( HOMO-LUMO gap =  0.001 au ) ***
| 18  -2637.070404589  0.761343E+03       1.783     8        0.24      1.54      0.07    0.1768E+01  0.9403E+00  0.4419E+03
|   ***  Level shifting applied  ( HOMO-LUMO gap =  0.007 au ) ***
| 19   -845.783570622  -.179129E+04       1.784     9        0.24      1.54      0.07    0.2652E+01  0.5651E+00  0.2893E+03
|   ***  Level shifting applied  ( HOMO-LUMO gap =  0.005 au ) ***
| 20  -1999.370603386  0.115359E+04       1.784    10        0.24      1.54      0.07    0.2155E+01  0.2948E+00  0.9170E+02
|   ***  Level shifting applied  ( HOMO-LUMO gap =  0.004 au ) ***
| 21  -2589.062594614  0.589692E+03       1.785     1        0.24      1.54      0.07    0.1834E+01  0.1497E+00  0.5544E+02
|   ***  Level shifting applied  ( HOMO-LUMO gap =  0.001 au ) ***
| 22  -2815.207705641  0.226145E+03       1.785     2        0.24      1.54      0.07    0.1291E+01  0.6999E-01  0.1716E+02
|   ***  Level shifting applied  ( HOMO-LUMO gap =  0.002 au ) ***
| 23  -2758.405370616  -.568023E+02       1.785     3        0.24      1.54      0.07    0.1375E+01  0.1547E+00  0.4389E+02
|   ***  Level shifting applied  ( HOMO-LUMO gap =  0.001 au ) ***
| 24  -2067.494507406  -.690911E+03       1.784     4        0.24      1.54      0.07    0.1842E+01  0.5413E-01  0.1339E+02
|   ***  Level shifting applied  ( HOMO-LUMO gap =  0.008 au ) ***
| 25  -2232.928005395  0.165433E+03       1.786     5        0.24      1.54      0.07    0.1849E+01  0.3039E-01  0.5463E+01
|   ***  Level shifting applied  ( HOMO-LUMO gap =  0.006 au ) ***
| 26  -2313.148172748  0.802202E+02       1.786     6        0.24      1.54      0.07    0.1742E+01  0.6497E-01  0.2409E+02
|   ***  Level shifting applied  ( HOMO-LUMO gap =  0.001 au ) ***
| 27  -2322.596675806  0.944850E+01       1.785     7        0.24      1.54      0.07    0.1993E+01  0.6556E-01  0.2319E+02
|   ***  Level shifting applied  ( HOMO-LUMO gap =  0.009 au ) ***
| 28  -2274.086208520  -.485105E+02       1.785     8        0.24      1.54      0.07    0.2476E+01  0.1222E+01  0.3629E+03
|   ***  Level shifting applied  ( HOMO-LUMO gap =  0.008 au ) ***
| 29  -1567.006729590  -.707079E+03       1.783     9        0.24      1.54      0.07    0.2579E+01  0.1206E+01  0.3574E+03
|   ***  Level shifting applied  ( HOMO-LUMO gap =  0.005 au ) ***
| 30  -2156.141788087  0.589135E+03       1.784    10        0.24      1.54      0.07    0.1880E+01  0.8231E-01  0.2489E+02
|   ***  Level shifting applied  ( HOMO-LUMO gap =  0.007 au ) ***
| 31  -2386.922475954  0.230781E+03       1.785     1        0.24      1.54      0.07    0.2063E+01  0.7554E-01  0.1699E+02
|   ***  Level shifting applied  ( HOMO-LUMO gap =  0.011 au ) ***
| 32  -2614.749570281  0.227827E+03       1.783     2        0.24      1.54      0.07    0.1436E+01  0.2244E+00  0.6511E+02
|   ***  Level shifting applied  ( HOMO-LUMO gap =  0.002 au ) ***
| 33  -2444.465185189  -.170284E+03       1.782     3        0.24      1.53      0.07    0.2070E+01  0.2320E+01  0.9172E+03
|   ***  Level shifting applied  ( HOMO-LUMO gap =  0.010 au ) ***
| 34   3975.899838340  -.642037E+04       1.784     4        0.24      1.54      0.07    0.5267E+01  0.6207E+00  0.2057E+03
|   ***  Level shifting applied  ( HOMO-LUMO gap =  0.020 au ) ***
| 35   2217.069461452  0.175883E+04       1.784     5        0.24      1.54      0.07    0.4568E+01  0.2125E+00  0.4478E+02
|   ***  Level shifting applied  ( HOMO-LUMO gap =  0.005 au ) ***
| 36   1847.155613753  0.369914E+03       1.784     6        0.24      1.54      0.07    0.4332E+01  0.2028E+00  0.7470E+02
|   ***  Level shifting applied  ( HOMO-LUMO gap =  0.016 au ) ***
| 37   1473.284417425  0.373871E+03       1.784     7        0.24      1.53      0.07    0.4149E+01  0.2907E+00  0.8035E+02
|   ***  Level shifting applied  ( HOMO-LUMO gap =  0.013 au ) ***
| 38   1123.153284314  0.350131E+03       1.784     8        0.24      1.54      0.07    0.3887E+01  0.1215E+01  0.4818E+03
|   ***  Level shifting applied  ( HOMO-LUMO gap =  0.008 au ) ***
| 39  -1670.342547359  0.279350E+04       1.784     9        0.24      1.54      0.07    0.3205E+01  0.3500E+00  0.1514E+03
|   ***  Level shifting applied  ( HOMO-LUMO gap =  0.001 au ) ***
| 40  -2497.543755786  0.827201E+03       1.786    10        0.24      1.54      0.07    0.1986E+01  0.1645E+00  0.4842E+02
|   ***  Level shifting applied  ( HOMO-LUMO gap =  0.014 au ) ***
| 41  -2587.037223755  0.894935E+02       1.784     1        0.24      1.54      0.07    0.1988E+01  0.1515E+00  0.4817E+02
|   ***  Level shifting applied  ( HOMO-LUMO gap =  0.007 au ) ***
| 42  -2802.883035001  0.215846E+03       1.784     2        0.24      1.54      0.07    0.1150E+01  0.2872E+00  0.1142E+03
|   ***  Level shifting applied  ( HOMO-LUMO gap =  0.002 au ) ***
| 43  -1530.200495749  -.127268E+04       1.783     3        0.24      1.54      0.07    0.2251E+01  0.2854E+00  0.1135E+03
|   ***  Level shifting applied  ( HOMO-LUMO gap =  0.011 au ) ***
| 44  -2638.239832857  0.110804E+04       1.785     4        0.24      1.54      0.07    0.2287E+01  0.1507E+00  0.5142E+02
|   ***  Level shifting applied  ( HOMO-LUMO gap =  0.004 au ) ***
| 45  -2394.469499790  -.243770E+03       1.785     5        0.24      1.54      0.07    0.2081E+01  0.1378E+00  0.5137E+02
|   ***  Level shifting applied  ( HOMO-LUMO gap =  0.003 au ) ***
| 46  -2876.957418028  0.482488E+03       1.787     6        0.24      1.54      0.07    0.9661E+00  0.4904E-01  0.1677E+02
|   ***  Level shifting applied  ( HOMO-LUMO gap =  0.006 au ) ***
| 47  -2849.539125789  -.274183E+02       1.786     7        0.24      1.54      0.07    0.1002E+01  0.4362E-01  0.1689E+02
|   ***  Level shifting applied  ( HOMO-LUMO gap =  0.016 au ) ***
| 48  -2905.531685526  0.559926E+02       1.785     8        0.24      1.54      0.07    0.6534E+00  0.5703E-01  0.2310E+02
|   ***  Level shifting applied  ( HOMO-LUMO gap =  0.003 au ) ***
| 49  -2804.553350499  -.100978E+03       1.786     9        0.24      1.54      0.07    0.1230E+01  0.1586E-01  0.5526E+01
|   ***  Level shifting applied  ( HOMO-LUMO gap =  0.021 au ) ***
| 50  -2816.240026377  0.116867E+02       1.784    10        0.24      1.53      0.07    0.1179E+01  0.4590E-02  0.2180E+01
|   ***  Level shifting applied  ( HOMO-LUMO gap =  0.009 au ) ***
| 51  -2816.864805352  0.624779E+00       1.785     1        0.24      1.54      0.07    0.1190E+01  0.5391E-02  0.1972E+01
|   ***  Level shifting applied  ( HOMO-LUMO gap =  0.006 au ) ***
| 52  -2817.287308700  0.422503E+00       1.786     2        0.24      1.54      0.07    0.1198E+01  0.2275E-01  0.5133E+01
|   ***  Level shifting applied  ( HOMO-LUMO gap =  0.005 au ) ***
| 53  -2787.265446540  -.300219E+02       1.784     3        0.24      1.54      0.07    0.1266E+01  0.6144E-02  0.1200E+01
|   ***  Level shifting applied  ( HOMO-LUMO gap =  0.013 au ) ***
| 54  -2780.483235129  -.678221E+01       1.785     4        0.24      1.54      0.07    0.1263E+01  0.2390E-02  0.4845E+00
|   ***  Level shifting applied  ( HOMO-LUMO gap =  0.003 au ) ***
| 55  -2780.366150203  -.117085E+00       1.784     5        0.24      1.54      0.07    0.1264E+01  0.1980E-02  0.5348E+00
|   ***  Level shifting applied  ( HOMO-LUMO gap =  0.079 au ) ***
| 56  -2780.009638775  -.356511E+00       1.784     6        0.24      1.54      0.07    0.1264E+01  0.1064E-01  0.2150E+01
|   ***  Level shifting applied  ( HOMO-LUMO gap =  0.042 au ) ***
| 57  -2780.676140524  0.666502E+00       1.784     7        0.24      1.54      0.07    0.1240E+01  0.1187E-01  0.3748E+01
|   ***  Level shifting applied  ( HOMO-LUMO gap =  0.010 au ) ***
| 58  -2786.703565469  0.602742E+01       1.784     8        0.24      1.54      0.07    0.1263E+01  0.4433E+01  0.1150E+04
|   ***  Level shifting applied  ( HOMO-LUMO gap =  0.014 au ) ***
| 59   2106.925344913  -.489363E+04       1.787     9        0.24      1.54      0.07    0.5052E+01  0.2995E+01  0.7073E+03
|   ***  Level shifting applied  ( HOMO-LUMO gap =  0.017 au ) ***
| 60   -884.622582913  0.299155E+04       1.785    10        0.24      1.54      0.07    0.2856E+01  0.1463E+01  0.4312E+03
|   ***  Level shifting applied  ( HOMO-LUMO gap =  0.006 au ) ***
| 61  -2152.937527265  0.126831E+04       1.785     1        0.24      1.54      0.07    0.2476E+01  0.1857E+00  0.8345E+02
|   ***  Level shifting applied  ( HOMO-LUMO gap =  0.002 au ) ***
| 62  -2749.571641536  0.596634E+03       1.785     2        0.24      1.54      0.07    0.1148E+01  0.6952E+00  0.3628E+03
|   ***  Level shifting applied  ( HOMO-LUMO gap =  0.006 au ) ***
| 63  -1895.064587213  -.854507E+03       1.786     3        0.24      1.54      0.07    0.3167E+01  0.1130E+00  0.3777E+02
|   ***  Level shifting applied  ( HOMO-LUMO gap =  0.007 au ) ***
| 64  -1994.978835724  0.999142E+02       1.784     4        0.24      1.54      0.07    0.2935E+01  0.1083E+00  0.4640E+02
|   ***  Level shifting applied  ( HOMO-LUMO gap =  0.011 au ) ***
| 65  -2018.887592393  0.239088E+02       1.783     5        0.24      1.53      0.07    0.2842E+01  0.9225E-01  0.4083E+02
|   ***  Level shifting applied  ( HOMO-LUMO gap =  0.046 au ) ***
| 66  -2043.734083917  0.248465E+02       1.782     6        0.24      1.53      0.07    0.2784E+01  0.1200E+00  0.4378E+02
|   ***  Level shifting applied  ( HOMO-LUMO gap =  0.003 au ) ***
| 67  -2018.132898407  -.256012E+02       1.786     7        0.24      1.54      0.07    0.2821E+01  0.8791E-01  0.3889E+02
|   ***  Level shifting applied  ( HOMO-LUMO gap =  0.019 au ) ***
| 68  -2001.329187888  -.168037E+02       1.783     8        0.24      1.54      0.07    0.2802E+01  0.6267E+01  0.1419E+04
|   ***  Level shifting applied  ( HOMO-LUMO gap =  0.012 au ) ***
| 69   1394.257648035  -.339559E+04       1.785     9        0.24      1.54      0.07    0.3986E+01  0.1712E+01  0.3728E+03
|   ***  Level shifting applied  ( HOMO-LUMO gap =  0.015 au ) ***
| 70    711.826693507  0.682431E+03       1.784    10        0.24      1.54      0.07    0.4301E+01  0.2435E+00  0.3822E+02
|   ***  Level shifting applied  ( HOMO-LUMO gap =  0.017 au ) ***
| 71    556.576002866  0.155251E+03       1.784     1        0.24      1.54      0.07    0.4218E+01  0.6367E+00  0.2280E+03
|   ***  Level shifting applied  ( HOMO-LUMO gap =  0.013 au ) ***
| 72    167.586998776  0.388989E+03       1.785     2        0.24      1.54      0.07    0.3758E+01  0.5145E+01  0.1109E+04
|   ***  Level shifting applied  ( HOMO-LUMO gap =  0.003 au ) ***
| 73   2466.332059223  -.229875E+04       1.784     3        0.24      1.54      0.07    0.4294E+01  0.3373E+01  0.9309E+03
|   ***  Level shifting applied  ( HOMO-LUMO gap =  0.016 au ) ***
| 74   1765.188360498  0.701144E+03       1.785     4        0.24      1.53      0.07    0.4215E+01  0.2458E+01  0.8154E+03
|   ***  Level shifting applied  ( HOMO-LUMO gap =  0.017 au ) ***
| 75  -1080.236367534  0.284542E+04       1.785     5        0.24      1.54      0.07    0.2704E+01  0.1599E+01  0.6692E+03
|   ***  Level shifting applied  ( HOMO-LUMO gap =  0.005 au ) ***
| 76   1183.432109483  -.226367E+04       1.784     6        0.24      1.54      0.07    0.3948E+01  0.1504E+01  0.6678E+03
|   ***  Level shifting applied  ( HOMO-LUMO gap =  0.009 au ) ***
| 77  -2212.158245553  0.339559E+04       1.784     7        0.24      1.54      0.07    0.2023E+01  0.1467E+01  0.7785E+03
|   ***  Level shifting applied  ( HOMO-LUMO gap =  0.004 au ) ***
| 78    944.838813721  -.315700E+04       1.783     8        0.24      1.53      0.07    0.4173E+01  0.1330E+01  0.6974E+03
|   ***  Level shifting applied  ( HOMO-LUMO gap =  0.002 au ) ***
| 79  -1115.420834174  0.206026E+04       1.784     9        0.24      1.54      0.07    0.2746E+01  0.2574E+00  0.8073E+02
|   ***  Level shifting applied  ( HOMO-LUMO gap =  0.006 au ) ***
| 80  -1980.265416233  0.864845E+03       1.784    10        0.24      1.54      0.07    0.2963E+01  0.2176E+00  0.7214E+02
|   ***  Level shifting applied  ( HOMO-LUMO gap =  0.004 au ) ***
| 81  -2767.872652072  0.787607E+03       1.783     1        0.24      1.54      0.07    0.1096E+01  0.5017E+00  0.2565E+03
|   ***  Level shifting applied  ( HOMO-LUMO gap =  0.003 au ) ***
| 82  -1695.619575036  -.107225E+04       1.784     2        0.24      1.54      0.07    0.3354E+01  0.2438E+00  0.1009E+03
|   ***  Level shifting applied  ( HOMO-LUMO gap =  0.008 au ) ***
| 83  -1919.554824995  0.223935E+03       1.784     3        0.24      1.54      0.07    0.3093E+01  0.1544E+00  0.4088E+02
|   ***  Level shifting applied  ( HOMO-LUMO gap =  0.001 au ) ***
| 84  -2042.231838992  0.122677E+03       1.782     4        0.24      1.53      0.07    0.2340E+01  0.1325E+00  0.4254E+02
|   ***  Level shifting applied  ( HOMO-LUMO gap =  0.004 au ) ***
| 85  -2103.870164899  0.616383E+02       1.783     5        0.24      1.54      0.07    0.2346E+01  0.1172E+00  0.4226E+02
|   ***  Level shifting applied  ( HOMO-LUMO gap =  0.005 au ) ***
| 86  -2268.047895925  0.164178E+03       1.784     6        0.24      1.54      0.07    0.2138E+01  0.6655E-01  0.1433E+02
|   ***  Level shifting applied  ( HOMO-LUMO gap =  0.009 au ) ***
| 87  -2299.678215111  0.316303E+02       1.783     7        0.24      1.54      0.07    0.1817E+01  0.1651E+00  0.5040E+02
|   ***  Level shifting applied  ( HOMO-LUMO gap =  0.002 au ) ***
| 88  -1665.903122847  -.633775E+03       1.783     8        0.24      1.54      0.07    0.2964E+01  0.2503E-01  0.3599E+01
|   ***  Level shifting applied  ( HOMO-LUMO gap =  0.002 au ) ***
| 89  -1714.644108946  0.487410E+02       1.784     9        0.24      1.54      0.07    0.3114E+01  0.3178E-01  0.4646E+01
|   ***  Level shifting applied  ( HOMO-LUMO gap =  0.011 au ) ***
| 90  -1791.576929912  0.769328E+02       1.783    10        0.24      1.54      0.07    0.2490E+01  0.1324E+00  0.5674E+02
|   ***  Level shifting applied  ( HOMO-LUMO gap =  0.013 au ) ***
| 91  -2107.310932720  0.315734E+03       1.781     1        0.24      1.53      0.07    0.2353E+01  0.1659E+01  0.5019E+03
|   ***  Level shifting applied  ( HOMO-LUMO gap =  0.013 au ) ***
| 92   1825.727695317  -.393304E+04       1.782     2        0.24      1.54      0.07    0.3814E+01  0.1674E+01  0.5015E+03
|   ***  Level shifting applied  ( HOMO-LUMO gap =  0.003 au ) ***
| 93  -1188.853702011  0.301458E+04       1.783     3        0.24      1.54      0.07    0.2653E+01  0.4714E+00  0.1607E+03
|   ***  Level shifting applied  ( HOMO-LUMO gap =  0.002 au ) ***
| 94  -1654.628253912  0.465775E+03       1.782     4        0.24      1.53      0.07    0.2193E+01  0.6454E+00  0.2452E+03
|   ***  Level shifting applied  ( HOMO-LUMO gap =  0.000 au ) ***
| 95   -850.181121236  -.804447E+03       1.783     5        0.24      1.54      0.07    0.3018E+01  0.6268E+00  0.2465E+03
|   ***  Level shifting applied  ( HOMO-LUMO gap =  0.003 au ) ***
| 96  -2348.265902673  0.149808E+04       1.783     6        0.24      1.54      0.07    0.2180E+01  0.3395E+00  0.9952E+02
|   ***  Level shifting applied  ( HOMO-LUMO gap =  0.010 au ) ***
| 97  -2194.408817986  -.153857E+03       1.783     7        0.24      1.53      0.07    0.2818E+01  0.3123E+00  0.9186E+02
|   ***  Level shifting applied  ( HOMO-LUMO gap =  0.009 au ) ***
| 98  -2588.867979738  0.394459E+03       1.782     8        0.24      1.54      0.07    0.1524E+01  0.2217E+00  0.4562E+02
|   ***  Level shifting applied  ( HOMO-LUMO gap =  0.001 au ) ***
| 99  -2224.390374607  -.364478E+03       1.782     9        0.24      1.53      0.07    0.2505E+01  0.2653E+00  0.4963E+02
|   ***  Level shifting applied  ( HOMO-LUMO gap =  0.002 au ) ***
|100  -2059.016707892  -.165374E+03       1.783    10        0.24      1.54      0.07    0.2366E+01  0.1704E+00  0.4649E+02
|   ***  Level shifting applied  ( HOMO-LUMO gap =  0.002 au ) ***
|101  -2843.291384941  0.784275E+03       1.782     1        0.24      1.54      0.07    0.9639E+00  0.6485E+00  0.3262E+03
|   ***  Level shifting applied  ( HOMO-LUMO gap =  0.007 au ) ***
|102  -2072.538498499  -.770753E+03       1.783     2        0.24      1.54      0.07    0.2928E+01  0.4456E+00  0.1936E+03
|   ***  Level shifting applied  ( HOMO-LUMO gap =  0.016 au ) ***
|103  -2298.812905872  0.226274E+03       1.782     3        0.24      1.53      0.07    0.2776E+01  0.8934E-01  0.3328E+02
|   ***  Level shifting applied  ( HOMO-LUMO gap =  0.004 au ) ***
|104  -2328.367482208  0.295546E+02       1.783     4        0.24      1.54      0.07    0.2675E+01  0.5985E-01  0.2212E+02
|   ***  Level shifting applied  ( HOMO-LUMO gap =  0.011 au ) ***
|105  -2356.865634878  0.284982E+02       1.783     5        0.24      1.54      0.07    0.2588E+01  0.3728E-01  0.1353E+02
|   ***  Level shifting applied  ( HOMO-LUMO gap =  0.032 au ) ***
|106  -2354.460900292  -.240473E+01       1.782     6        0.24      1.53      0.07    0.2546E+01  0.6107E+00  0.2399E+03
|   ***  Level shifting applied  ( HOMO-LUMO gap =  0.008 au ) ***
|107  -1977.936762910  -.376524E+03       1.784     7        0.24      1.54      0.07    0.2320E+01  0.6424E+00  0.2373E+03
|   ***  Level shifting applied  ( HOMO-LUMO gap =  0.003 au ) ***
|108  -2045.636347967  0.676996E+02       1.781     8        0.24      1.53      0.07    0.2480E+01  0.1002E+00  0.2108E+02
|   ***  Level shifting applied  ( HOMO-LUMO gap =  0.004 au ) ***
|109  -2332.946163504  0.287310E+03       1.782     9        0.24      1.53      0.07    0.1901E+01  0.4446E+00  0.1130E+03
|   ***  Level shifting applied  ( HOMO-LUMO gap =  0.005 au ) ***
|110  -1456.651477393  -.876295E+03       1.783    10        0.24      1.54      0.07    0.2918E+01  0.4098E+00  0.1115E+03
|   ***  Level shifting applied  ( HOMO-LUMO gap =  0.003 au ) ***
|111  -2727.543357102  0.127089E+04       1.784     1        0.24      1.54      0.07    0.1672E+01  0.2384E+01  0.8854E+03
|   ***  Level shifting applied  ( HOMO-LUMO gap =  0.007 au ) ***
|112   1563.212181091  -.429076E+04       1.780     2        0.24      1.53      0.07    0.6627E+01  0.8409E+00  0.2471E+03
|   ***  Level shifting applied  ( HOMO-LUMO gap =  0.024 au ) ***
|113    579.937955428  0.983274E+03       1.782     3        0.24      1.54      0.07    0.5175E+01  0.1247E+00  0.4844E+02
|   ***  Level shifting applied  ( HOMO-LUMO gap =  0.007 au ) ***
|114    463.444726353  0.116493E+03       1.781     4        0.24      1.53      0.07    0.4453E+01  0.1038E+00  0.3199E+02
|   ***  Level shifting applied  ( HOMO-LUMO gap =  0.092 au ) ***
|115    361.943336184  0.101501E+03       1.783     5        0.24      1.54      0.07    0.4156E+01  0.3565E-01  0.8958E+01
|   ***  Level shifting applied  ( HOMO-LUMO gap =  0.018 au ) ***
|116    326.345731981  0.355976E+02       1.780     6        0.24      1.53      0.07    0.3923E+01  0.1791E+00  0.8046E+02
|   ***  Level shifting applied  ( HOMO-LUMO gap =  0.113 au ) ***
|117    117.443322376  0.208902E+03       1.782     7        0.24      1.54      0.07    0.3822E+01  0.6735E-01  0.1252E+02
|   ***  Level shifting applied  ( HOMO-LUMO gap =  0.017 au ) ***
|118    100.378419059  0.170649E+02       1.781     8        0.24      1.53      0.07    0.3787E+01  0.4125E-01  0.9513E+01
|   ***  Level shifting applied  ( HOMO-LUMO gap =  0.074 au ) ***
|119     97.588218055  0.279020E+01       1.782     9        0.24      1.53      0.07    0.3833E+01  0.8084E+00  0.3198E+03
|   ***  Level shifting applied  ( HOMO-LUMO gap =  0.049 au ) ***
|120    693.380203167  -.595792E+03       1.780    10        0.24      1.53      0.07    0.5033E+01  0.2862E+00  0.8816E+02
|   ***  Level shifting applied  ( HOMO-LUMO gap =  0.021 au ) ***
|121    459.024763111  0.234355E+03       1.784     1        0.24      1.54      0.07    0.4318E+01  0.2865E+01  0.7887E+03
|   ***  Level shifting applied  ( HOMO-LUMO gap =  0.005 au ) ***
|122   6571.807119667  -.611278E+04       1.784     2        0.24      1.54      0.07    0.5191E+01  0.2345E+01  0.6927E+03
|   ***  Level shifting applied  ( HOMO-LUMO gap =  0.004 au ) ***
|123   3805.331366090  0.276648E+04       1.781     3        0.24      1.53      0.07    0.5343E+01  0.1399E+01  0.4209E+03
|   ***  Level shifting applied  ( HOMO-LUMO gap =  0.005 au ) ***
|124   1703.026602926  0.210230E+04       1.780     4        0.24      1.53      0.07    0.5003E+01  0.1553E+01  0.4308E+03
|   ***  Level shifting applied  ( HOMO-LUMO gap =  0.002 au ) ***
|125   -833.686162334  0.253671E+04       1.782     5        0.24      1.54      0.07    0.3581E+01  0.1462E+01  0.4309E+03
|   ***  Level shifting applied  ( HOMO-LUMO gap =  0.013 au ) ***
|126   -151.486122314  -.682200E+03       1.782     6        0.24      1.54      0.07    0.4884E+01  0.1103E+01  0.3918E+03
|   ***  Level shifting applied  ( HOMO-LUMO gap =  0.004 au ) ***
|127   -816.866323385  0.665380E+03       1.783     7        0.24      1.54      0.07    0.3445E+01  0.1041E+01  0.3054E+03
|   ***  Level shifting applied  ( HOMO-LUMO gap =  0.007 au ) ***
|128   -904.229959502  0.873636E+02       1.780     8        0.24      1.53      0.07    0.2412E+01  0.7569E+00  0.2709E+03
|   ***  Level shifting applied  ( HOMO-LUMO gap =  0.007 au ) ***
|129  -1960.092813241  0.105586E+04       1.781     9        0.24      1.53      0.07    0.2405E+01  0.4673E+00  0.1881E+03
|   ***  Level shifting applied  ( HOMO-LUMO gap =  0.005 au ) ***
|130  -1392.326096796  -.567767E+03       1.784    10        0.24      1.54      0.07    0.2845E+01  0.3488E+00  0.1672E+03
|   ***  Level shifting applied  ( HOMO-LUMO gap =  0.003 au ) ***
|131  -2327.562007912  0.935236E+03       1.782     1        0.24      1.54      0.07    0.1849E+01  0.6972E+00  0.2700E+03
|   ***  Level shifting applied  ( HOMO-LUMO gap =  0.004 au ) ***
|132  -1224.340611678  -.110322E+04       1.781     2        0.24      1.53      0.07    0.3766E+01  0.6086E+00  0.2429E+03
|   ***  Level shifting applied  ( HOMO-LUMO gap =  0.004 au ) ***
|133  -2611.636737530  0.138730E+04       1.782     3        0.24      1.54      0.07    0.1937E+01  0.1076E+00  0.3715E+02
|   ***  Level shifting applied  ( HOMO-LUMO gap =  0.007 au ) ***
|134  -1757.351827745  -.854285E+03       1.782     4        0.24      1.53      0.07    0.2383E+01  0.3671E+00  0.1694E+03
|   ***  Level shifting applied  ( HOMO-LUMO gap =  0.006 au ) ***
|135  -1945.949117010  0.188597E+03       1.782     5        0.24      1.54      0.07    0.2083E+01  0.1924E+01  0.5980E+03
|   ***  Level shifting applied  ( HOMO-LUMO gap =  0.004 au ) ***
|136   -997.140010245  -.948809E+03       1.782     6        0.24      1.54      0.07    0.2493E+01  0.1922E+01  0.5975E+03
|   ***  Level shifting applied  ( HOMO-LUMO gap =  0.001 au ) ***
|137  -1829.045597585  0.831906E+03       1.781     7        0.24      1.53      0.07    0.2304E+01  0.3441E+00  0.1014E+03
|   ***  Level shifting applied  ( HOMO-LUMO gap =  0.004 au ) ***
|138  -2868.361572307  0.103932E+04       1.781     8        0.24      1.53      0.07    0.9726E+00  0.2278E+00  0.1198E+03
|   ***  Level shifting applied  ( HOMO-LUMO gap =  0.007 au ) ***
|139  -2325.101342051  -.543260E+03       1.784     9        0.24      1.54      0.07    0.2033E+01  0.1887E+00  0.1060E+03
|   ***  Level shifting applied  ( HOMO-LUMO gap =  0.002 au ) ***
|140  -2687.960951532  0.362860E+03       1.780    10        0.24      1.53      0.07    0.1356E+01  0.6280E-01  0.1861E+02
|   ***  Level shifting applied  ( HOMO-LUMO gap =  0.003 au ) ***
|141  -2879.157790759  0.191197E+03       1.784     1        0.24      1.54      0.07    0.8146E+00  0.3432E-01  0.9394E+01
|   ***  Level shifting applied  ( HOMO-LUMO gap =  0.017 au ) ***
|142  -2824.023611489  -.551342E+02       1.781     2        0.24      1.53      0.07    0.9368E+00  0.3941E-01  0.1004E+02
|   ***  Level shifting applied  ( HOMO-LUMO gap =  0.005 au ) ***
|143  -2863.010664166  0.389871E+02       1.782     3        0.24      1.53      0.07    0.8454E+00  0.2503E-01  0.8552E+01
|   ***  Level shifting applied  ( HOMO-LUMO gap =  0.005 au ) ***
|144  -2914.861589436  0.518509E+02       1.782     4        0.24      1.53      0.07    0.5612E+00  0.8868E-02  0.1409E+01
|   ***  Level shifting applied  ( HOMO-LUMO gap =  0.002 au ) ***
|145  -2920.101552251  0.523996E+01       1.783     5        0.24      1.54      0.07    0.6852E+00  0.3839E-02  0.7076E+00
|   ***  Level shifting applied  ( HOMO-LUMO gap =  0.037 au ) ***
|146  -2921.063873880  0.962322E+00       1.784     6        0.24      1.54      0.07    0.5819E+00  0.3164E-02  0.8391E+00
|   ***  Level shifting applied  ( HOMO-LUMO gap =  0.006 au ) ***
|147  -2923.725602204  0.266173E+01       1.784     7        0.24      1.54      0.07    0.3391E+00  0.1771E-02  0.2501E+00
|   ***  Level shifting applied  ( HOMO-LUMO gap =  0.126 au ) ***
|148  -2924.018560070  0.292958E+00       1.783     8        0.24      1.53      0.07    0.1130E+00  0.8980E-03  0.8356E-01
|   ***  Level shifting applied  ( HOMO-LUMO gap =  0.117 au ) ***
|149  -2924.056669507  0.381094E-01       1.749     9        0.21      1.54      0.07    0.4918E-01  0.4360E-03  0.3452E-01
|150  -2924.079062896  0.223934E-01       1.749    10        0.21      1.54      0.07    0.2150E-01  0.1854E-03  0.2387E-01
|151  -2924.081405761  0.234287E-02       1.749     1        0.21      1.54      0.07    0.1693E-01  0.9096E-04  0.1139E-01
|152  -2924.082587462  0.118170E-02       1.748     2        0.21      1.53      0.07    0.7441E-02  0.4902E-04  0.5075E-02
|153  -2924.082809912  0.222450E-03       1.748     3        0.21      1.54      0.07    0.3141E-02  0.2433E-04  0.3835E-02
|154  -2924.082862879  0.529675E-04       1.749     4        0.21      1.54      0.07    0.1418E-02  0.1069E-04  0.1841E-02
|155  -2924.082877668  0.147887E-04       1.748     5        0.21      1.53      0.07    0.8586E-03  0.5039E-05  0.6090E-03
|156  -2924.082880942  0.327389E-05       1.747     6        0.21      1.53      0.07    0.4430E-03  0.3055E-05  0.3302E-03
|157  -2924.082881258  0.316117E-06       1.749     7        0.21      1.54      0.07    0.2510E-03  0.1685E-05  0.2034E-03
|158  -2924.082881659  0.401289E-06       1.747     8        0.21      1.53      0.07    0.7513E-04  0.6468E-06  0.5726E-04
| ------------------------------------------------------------------------------------------------------------------------
| REACH CONVERGENCE AFTER 158 CYCLES
| MAX ERROR = 0.751300E-04   RMS CHANGE = 0.646770E-06   MAX CHANGE = 0.572571E-04
| -----------------------------------------------
 ALPHA ELECTRON DENSITY    =   223.0008042646
 BETA ELECTRON DENSITY     =   223.0008042646
 ELECTRONIC ENERGY    = -12591.152756983
 CORE_CORE REPULSION  =   9667.069875324
 TOTAL ENERGY         =  -2924.082881659

 @ End Energy calculation

  Skipping one-electron property calculation.

 @ Output cuEST Memory Footprint

------------- cuEST MEMORY USAGE ---------------
| Peak Host Footprint =    64.75 kB
| Host Allocations =    38
| Peak Device Footprint =    11.98 GB
| Device Allocations =    29
------------------------------------------------

 @ Finish Output cuEST Memory Footprint


 @ Output Timing Information

------------- TIMING ---------------
| CUEST INITIALIZATION TIME =    13.578794000(  4.54%)
| INITIAL GUESS TIME  =     2.032443000(  0.68%)
| DFT GRID OPERATIONS =     0.001574000(  0.00%)
| TOTAL SCF TIME      =   281.630338000( 94.24%)
|       TOTAL OP TIME      =   243.061707000( 81.33%)
|             TOTAL 1e TIME      =     0.133877000(  0.04%)
|             TOTAL 2e TIME      =    11.632887000(  3.89%)
|             TOTAL EXC TIME     =   229.628594000( 76.84%)
|       TOTAL DII TIME      =    37.715456000( 12.62%)
|             TOTAL DIAG TIME    =    10.581581000(  3.54%)
| TOTAL TIME          =   298.841968000
------------------------------------
| Job cpu time:  0 days  0 hours  4 minutes 58.8 seconds.

 @ Finish Output Timing Information

| Normal Termination. Task Finished on: Thu Aug 20 08:36:08 2026
