| *********************************************************************************************************
| **                                                                                                     **
| **           888888888888                                                                              **
| **         8888888888888888                                                                            **
| **      888888888888888888                                                                             **
| **     888888888888888888                                                                              **
| **    888888888888888                                                                                  **
| **   88888888888888888888                               88888                       8888:              **
| **   8888888888888888888888Z                            88888                       8888:              **
| **   888888888888888888888888?                          88888                       8888:              **
| **   8888888888888      8888888                                        888888       8888:              **
| **    88888888888         888888     8888:     88888    88888        888888888I     8888:    888888    **
| **    8888888888           88888:    8888:     88888    88888      $888888888888    8888:   888888     **
| **    I8Z 88888             88888    8888:     88888    88888    .888888     8888   8888: 888888       **
| **    .8Z 88888             88888    8888:     88888    88888    $88888             8888:88888         **
| **     8I 88888      .=88. .88888    8888:     88888    88888    88888              8888888888         **
| **    :8  88888      888888$8888$    8888:     88888    88888    8888O              88888888888        **
| **   ,7   +88888.     8888888888.    8888:     88888    88888    888888             88888O888888       **
| **         $888888:.   .8888888      88888....888888    88888     888888     8888   8888:  888888      **
| **          I8888888888888888888     888888888888888    88888     O888888888888O    8888:   888888     **
| **            O888888888888888888     88888888888888    88888       88888888888$    8888:    888888    **
| **               8888888Z     888      .8888I  88888    88888         8888888       8888:     888888   **
| **                                                                                                     **
| **                                                                                                     **
| **                                         Copyright (c) 2026                                          **
| **                          Regents of the University of California San Diego                          **
| **                                    & Michigan State University                                      **
| **                                        All Rights Reserved.                                         **
| **                                                                                                     **
| **             This software is subject to the terms of the Mozilla Public License, v. 2.0.            **
| **                                                                                                     **
| *********************************************************************************************************
|                                                                                                          
| Cite this work as:                                                                                       
| Manathunga, M.; O'Hearn, K. A.; Shajan, A.; Smith, J.; Miao, Y.; He, X.; Ayers, K.;                      
| Brothers, E.; Palos, E.; Tripathy, V.; Goetz, A.W.; Merz, K.M. QUICK-26.03.                              
| University of California,San Diego, CA and                                                               
| Michigan State University, East Lansing, MI, 2026                                                        
|                                                                                                          
| If you have any comments or queries, please reach out to us on GitHub issues or discussion sections:     
| https://github.com/merzlab/QUICK.                                                                        
|                                                                                                          
| TASK STARTS ON: Thu Aug 20 08:23:26 2026
| INPUT FILE :    quickruns/blyp/taxol/taxol_blyp_6-31+G**.in
| OUTPUT FILE:    quickruns/blyp/taxol/taxol_blyp_6-31+G**.out
| BASIS SET PATH: /home/michaelsun/QUICK-cuEST-install-release/basis

|------------ GPU INFORMATION ---------------
| CUDA ENABLED DEVICE         :        1
| CUDA DEVICE IN USE          :        0
| CUDA DEVICE NAME            : NVIDIA GB10
| CUDA DEVICE PM              :       48
| CUDA DEVICE CORE FREQ(GHZ)  :     2.42
| CUDA DEVICE MEMORY SIZE (MB):   124609
| SUPPORTING CUDA VERSION     :     12.1
|--------------------------------------------

 @ Read Job And Atom

  KEYWORD=BLYP BASIS=6-31+G** CUTOFF=1.0E-10 DENSERMS=1.0E-6 ENERGY CUEST
 ============== JOB CARD =============
 METHOD = DENSITY FUNCTIONAL THEORY
 USING LIBXC VERSION: 4.3.4
 FUNCTIONAL INFORMATION:
 NAME = Becke 88 FAMILY = GGA KIND = EXCHANGE
 NAME = Lee, Yang & Parr FAMILY = GGA KIND = CORRELATION
 DIRECT SCF 
 SAD INITAL GUESS 
 USE DIIS SCF
 PRINT ENERGY EVERY CYCLE
 READ SAD GUESS FROM FILE
 STANDARD GRID = SG1
 Level shifting allowed after cycle    3
 DIIS error must exceed 0.100 for level shifting
 Max HOMO-LUMO gap to allow level shifting = 0.200
 MAX SCF CYCLES =    200
 MAX DIIS CYCLES =   10
 DELTA DENSITY START CYCLE =    3
 COMPUTATIONAL CUTOFF: 
      TWO-e INTEGRAL         =  0.100E-09
      BASIS SET PRIME        =  0.100E-10
      MATRIX ELEMENTS        =  0.100E-09
      BASIS FUNCTION         =  0.100E-05
      NEAR-LINEAR DEPENDENCY =  0.100E-04
 DENSITY MATRIX MAXIMUM RMS FOR CONVERGENCE  =  0.100E-05
 BASIS SET = 6-31+G**,  TYPE = CARTESIAN
| BASIS FILE = /home/michaelsun/QUICK-cuEST-install-release/basis/6-31PLGDP.BAS
| DATA FILE  =    quickruns/blyp/taxol/taxol_blyp_6-31+G**.dat

 @ Finish reading job


 @ Begin SAD initial guess

 For Atom Kind =    1
 ELEMENT = C 
 BASIS FUNCTIONS =   19
 For Atom Kind =    2
 ELEMENT = O 
 BASIS FUNCTIONS =   19
 For Atom Kind =    3
 ELEMENT = N 
 BASIS FUNCTIONS =   19
 For Atom Kind =    4
 ELEMENT = H 
 BASIS FUNCTIONS =    5

 @ Finish SAD initial guess


 @ Begin Reading Molecular Information


 =========== Molecule Input ==========
 TOTAL MOLECULAR CHARGE  =    0    MULTIPLICITY                =    1
 TOTAL ATOM NUMBER       =  110    NUMBER OF ATOM TYPES        =    4
 NUMBER OF HYDROGEN ATOM =   49    NUMBER OF NON-HYDROGEN ATOM =   61
 NUMBER OF ELECTRONS     =  446

 -- INPUT GEOMETRY -- :
    C          -6.3961       1.6376      -1.0167
    C          -5.5976       1.9480       0.3157
    C          -4.1358       1.3889       0.3062
    C          -4.0900      -0.2069       0.0760
    C          -5.3005      -0.5560      -0.7831
    C          -5.6408       0.5560      -1.7454
    C          -2.8203      -0.7723      -0.5951
    C          -3.4405       1.9810       1.5955
    C          -1.5723      -0.0770      -0.1719
    O          -2.6953      -2.1590      -0.1698
    O          -1.8693       1.2309      -0.7751
    C          -1.3334      -0.1176       1.4102
    C          -0.8881       1.2875       1.4845
    C           0.3196       1.5771       0.9641
    O          -4.0361       2.4498       2.5048
    O          -1.9505       2.1871       1.7492
    C          -0.2199      -0.3744      -0.8072
    C           0.8361       0.5393      -0.0882
    O          -6.3706      -0.7461       0.1815
    C          -7.5080      -1.5313       0.1764
    O          -7.7343      -2.1872       1.1532
    C          -8.4523      -1.4158      -0.9939
    C          -5.4161      -1.5091      -2.0070
    O          -6.2193      -0.4454      -2.6903
    O          -5.4268       3.3774       0.3776
    O          -1.6122       4.1801       0.0344
    C          -0.7941       5.2258       0.2991
    O          -0.3049       5.8646      -0.5895
    C          -0.5432       5.4737       1.7764
    C           1.2299       2.7853       1.0315
    O           1.9361      -0.3334       0.3600
    C           3.1924       0.0393       0.0732
    O           3.4565       1.0474      -0.5230
    C           4.1742      -1.0075       0.5409
    C           5.5923      -0.5508       0.2305
    C           6.6535      -1.6277       0.4268
    C           6.3531      -2.9590       0.6578
    C           7.3484      -3.9223       0.5946
    C           8.6553      -3.5578       0.3263
    C           8.9721      -2.2174       0.1751
    C           7.9781      -1.2615       0.2323
    O           4.0118      -1.2781       1.9326
    N           5.9708       0.6810       0.8873
    C           6.1083       1.9571       0.3956
    O           6.3193       2.8804       1.1683
    C           5.8856       2.2295      -1.0684
    C           6.1183       1.3531      -2.1154
    C           5.5666       1.5986      -3.3628
    C           4.8505       2.7661      -3.5881
    C           4.7601       3.7103      -2.5860
    C           5.2758       3.4420      -1.3327
    C          -2.1367      -3.0476      -1.0301
    O          -2.1452      -2.8534      -2.2329
    C          -1.5034      -4.2030      -0.3691
    C          -1.4396      -4.3267       1.0054
    C          -0.7639      -5.3990       1.5627
    C          -0.1729      -6.3469       0.7428
    C          -0.2556      -6.2275      -0.6353
    C          -0.9156      -5.1510      -1.1911
    C          -0.2097      -1.1547       1.8364
    C          -2.4301      -0.4562       2.4708
    H          -3.6492       1.8683      -0.5156
    H          -4.2442      -0.7298       0.9946
    H          -6.1319       1.5762       1.1739
    H          -6.4278       2.5627      -1.5682
    H          -7.3896       1.3053      -0.7745
    H          -4.7466       0.9454      -2.2120
    H          -2.8856      -0.7190      -1.6683
    H          -1.1756       1.8958      -0.6851
    H          -1.8482       3.6442       0.8092
    H          -0.3040      -0.0417      -1.8339
    H           0.0915      -1.3953      -0.8029
    H           1.2665       1.1760      -0.8368
    H          -7.9448      -1.4088      -1.9397
    H          -8.9861      -0.4737      -0.9254
    H          -9.1715      -2.2206      -0.9250
    H          -5.9697      -2.4207      -1.8715
    H          -4.4957      -1.6916      -2.5342
    H          -6.1859       3.7990       0.8058
    H          -0.4047       4.5303       2.2919
    H          -1.4092       5.9590       2.2202
    H           0.3171       6.0932       1.8872
    H           1.4833       3.0343       2.0569
    H           0.8689       3.6688       0.5366
    H           2.1685       2.5342       0.5368
    H           3.9670      -1.8925      -0.0573
    H           5.5542      -0.3517      -0.8218
    H           5.3545      -3.2557       0.9039
    H           7.0989      -4.9514       0.7469
    H           9.4172      -4.3037       0.2408
    H           9.9857      -1.9178       0.0023
    H           8.2255      -0.2253       0.1253
    H           3.1299      -1.6338       2.1084
    H           6.0936       0.6251       1.8860
    H           6.7084       0.4705      -1.9833
    H           5.6744       0.8728      -4.1413
    H           4.3798       2.9274      -4.5336
    H           4.2564       4.6442      -2.7661
    H           5.1747       4.1495      -0.5327
    H          -1.9016      -3.5962       1.6316
    H          -0.6960      -5.4955       2.6284
    H           0.3482      -7.1761       1.1766
    H           0.1935      -6.9648      -1.2689
    H          -0.9826      -5.0259      -2.2518
    H           0.6895      -0.6503       2.1318
    H           0.0409      -1.8507       1.0571
    H          -0.5497      -1.7388       2.6731
    H          -2.6865      -1.5071       2.3903
    H          -3.3390       0.1001       2.4689
    H          -1.9770      -0.2959       3.4410

============== BASIS INFOS ==============
 BASIS FUNCTIONS = 1404
 NSHELL =  452 NPRIM  = 2295
 JSHELL =  452 JBASIS =  977


 @ End Reading Molecular Information 


 @ Begin XC Quadrature Formation

 OCTAGO: OCTree Algorithm for Grid Operations 
   PRUNING CUTOFF       = 0.100E-07
   INITIAL GRID POINTS  =      416624
|   FINAL GRID POINTS    =           0
|   SIGNIFICANT NUMBER OF BASIS FUNCTIONS     =           0
|   SIGNIFICANT NUMBER OF PRIMITIVE FUNCTIONS =           0

 @ End XC Quadrature Formation


 @ Begin Energy Calculation

| Number of total basis functions:   1404
| Number of linearly independent basis functions:   1373
| condition number of overlap matrix:    4.850E+08
| Smallest eigenvalue of overlap matrix:    4.639E-08

                                         SCF ENERGY
| ------------------------------------------------------------------------------------------------------------------------
| NCYC       ENERGY         DELTA_E      SCF_TIME  DII_CYC   DII_TIME   O_TIME  DIAG_TIME    MAX_ERR    RMS_CHG    MAX_CHG
| ------------------------------------------------------------------------------------------------------------------------
|  1  -2897.947364883      ------         3.505     1        0.26      3.24      0.09    0.5421E+00  0.1781E+00  0.4364E+02
|  2  -2696.191493015  -.201756E+03       3.294     2        0.26      3.03      0.09    0.1877E+01  0.2098E+00  0.4859E+02
|  3  -2584.961204005  -.111230E+03       3.333     3        0.31      3.01      0.09    0.2333E+01  0.1394E+00  0.5005E+02
|   ***  Level shifting applied  ( HOMO-LUMO gap =  0.004 au ) ***
|  4  -2777.778788056  0.192818E+03       3.343     4        0.32      3.02      0.09    0.1075E+01  0.1701E+01  0.6539E+03
|   ***  Level shifting applied  ( HOMO-LUMO gap =  0.002 au ) ***
|  5  -1926.499643331  -.851279E+03       3.342     5        0.32      3.02      0.09    0.1835E+01  0.1082E+01  0.3277E+03
|   ***  Level shifting applied  ( HOMO-LUMO gap =  0.005 au ) ***
|  6  -2314.777306528  0.388278E+03       3.341     6        0.32      3.01      0.09    0.1346E+01  0.4465E+00  0.1800E+03
|   ***  Level shifting applied  ( HOMO-LUMO gap =  0.004 au ) ***
|  7  -2464.022425059  0.149245E+03       3.350     7        0.33      3.02      0.09    0.1798E+01  0.1209E+00  0.3050E+02
|   ***  Level shifting applied  ( HOMO-LUMO gap =  0.006 au ) ***
|  8  -2567.633330642  0.103611E+03       3.350     8        0.33      3.01      0.09    0.2086E+01  0.4217E-01  0.9812E+01
|   ***  Level shifting applied  ( HOMO-LUMO gap =  0.001 au ) ***
|  9  -2602.456455156  0.348231E+02       3.360     9        0.33      3.02      0.09    0.1253E+01  0.1152E+00  0.3536E+02
|   ***  Level shifting applied  ( HOMO-LUMO gap =  0.015 au ) ***
| 10  -2682.787635508  0.803312E+02       3.358    10        0.33      3.02      0.09    0.1464E+01  0.3174E-01  0.7483E+01
|   ***  Level shifting applied  ( HOMO-LUMO gap =  0.008 au ) ***
| 11  -2718.665460592  0.358778E+02       3.361     1        0.35      3.01      0.09    0.1013E+01  0.6627E-01  0.3499E+02
|   ***  Level shifting applied  ( HOMO-LUMO gap =  0.035 au ) ***
| 12  -2709.104083064  -.956138E+01       3.365     2        0.35      3.01      0.09    0.1142E+01  0.1495E+00  0.7901E+02
|   ***  Level shifting applied  ( HOMO-LUMO gap =  0.016 au ) ***
| 13  -2798.953539812  0.898495E+02       3.370     3        0.35      3.02      0.09    0.1031E+01  0.4428E+00  0.2847E+03
|   ***  Level shifting applied  ( HOMO-LUMO gap =  0.002 au ) ***
| 14  -2654.499973036  -.144454E+03       3.260     4        0.35      2.91      0.09    0.2189E+01  0.1931E+01  0.3865E+03
|   ***  Level shifting applied  ( HOMO-LUMO gap =  0.001 au ) ***
| 15   -428.924346068  -.222558E+04       3.363     5        0.35      3.01      0.09    0.4267E+01  0.5881E+00  0.6686E+02
|   ***  Level shifting applied  ( HOMO-LUMO gap =  0.002 au ) ***
| 16  -1006.082098096  0.577158E+03       3.265     6        0.35      2.91      0.09    0.3647E+01  0.4084E+00  0.6516E+02
|   ***  Level shifting applied  ( HOMO-LUMO gap =  0.014 au ) ***
| 17  -1154.690409632  0.148608E+03       3.373     7        0.35      3.02      0.09    0.3185E+01  0.1728E+00  0.3473E+02
|   ***  Level shifting applied  ( HOMO-LUMO gap =  0.002 au ) ***
| 18  -1236.928174679  0.822378E+02       3.374     8        0.35      3.02      0.09    0.2795E+01  0.3485E+00  0.5892E+02
|   ***  Level shifting applied  ( HOMO-LUMO gap =  0.066 au ) ***
| 19  -1354.250781583  0.117323E+03       3.372     9        0.35      3.02      0.09    0.2609E+01  0.2144E+00  0.3609E+02
|   ***  Level shifting applied  ( HOMO-LUMO gap =  0.013 au ) ***
| 20  -1474.978182968  0.120727E+03       3.369    10        0.35      3.02      0.09    0.2791E+01  0.1422E+00  0.1700E+02
|   ***  Level shifting applied  ( HOMO-LUMO gap =  0.002 au ) ***
| 21  -1531.716996046  0.567388E+02       3.371     1        0.35      3.02      0.09    0.3110E+01  0.2619E+00  0.4656E+02
|   ***  Level shifting applied  ( HOMO-LUMO gap =  0.054 au ) ***
| 22  -1630.817267839  0.991003E+02       3.365     2        0.35      3.01      0.09    0.2663E+01  0.3495E+00  0.4375E+02
|   ***  Level shifting applied  ( HOMO-LUMO gap =  0.004 au ) ***
| 23  -1882.907657728  0.252090E+03       3.369     3        0.35      3.02      0.09    0.2668E+01  0.5382E+01  0.1825E+04
|   ***  Level shifting applied  ( HOMO-LUMO gap =  0.001 au ) ***
| 24   -228.012283281  -.165490E+04       3.368     4        0.35      3.01      0.09    0.2859E+01  0.1143E+02  0.5132E+04
|   ***  Level shifting applied  ( HOMO-LUMO gap =  0.008 au ) ***
| 25   3358.616192449  -.358663E+04       3.372     5        0.35      3.02      0.09    0.4639E+01  0.1146E+02  0.5185E+04
|   ***  Level shifting applied  ( HOMO-LUMO gap =  0.010 au ) ***
| 26  -1680.157699881  0.503877E+04       3.366     6        0.35      3.01      0.09    0.3454E+01  0.4675E+01  0.2105E+04
|   ***  Level shifting applied  ( HOMO-LUMO gap =  0.005 au ) ***
| 27  -1749.736403967  0.695787E+02       3.381     7        0.35      3.03      0.09    0.2362E+01  0.3174E+01  0.7310E+03
|   ***  Level shifting applied  ( HOMO-LUMO gap =  0.005 au ) ***
| 28   -961.886176657  -.787850E+03       3.366     8        0.35      3.01      0.09    0.3868E+01  0.3109E+01  0.7407E+03
|   ***  Level shifting applied  ( HOMO-LUMO gap =  0.001 au ) ***
| 29  -2688.967537210  0.172708E+04       3.371     9        0.35      3.02      0.09    0.1618E+01  0.6102E+00  0.2236E+03
|   ***  Level shifting applied  ( HOMO-LUMO gap =  0.011 au ) ***
| 30  -2246.670541070  -.442297E+03       3.363    10        0.35      3.01      0.09    0.2269E+01  0.3773E+01  0.1862E+04
|   ***  Level shifting applied  ( HOMO-LUMO gap =  0.003 au ) ***
| 31  -1396.203699032  -.850467E+03       3.265     1        0.35      2.91      0.09    0.2415E+01  0.3733E+01  0.1848E+04
|   ***  Level shifting applied  ( HOMO-LUMO gap =  0.003 au ) ***
| 32  -2787.135166836  0.139093E+04       3.259     2        0.35      2.91      0.09    0.1156E+01  0.2278E+01  0.6485E+03
|   ***  Level shifting applied  ( HOMO-LUMO gap =  0.005 au ) ***
| 33  -2027.379755253  -.759755E+03       3.356     3        0.35      3.00      0.09    0.2754E+01  0.2015E+01  0.5803E+03
|   ***  Level shifting applied  ( HOMO-LUMO gap =  0.001 au ) ***
| 34  -2522.072894494  0.494693E+03       3.377     4        0.35      3.02      0.09    0.2069E+01  0.3648E+00  0.7727E+02
|   ***  Level shifting applied  ( HOMO-LUMO gap =  0.009 au ) ***
| 35  -2792.923775682  0.270851E+03       3.370     5        0.35      3.02      0.09    0.1021E+01  0.1158E+00  0.3139E+02
|   ***  Level shifting applied  ( HOMO-LUMO gap =  0.001 au ) ***
| 36  -2838.371483586  0.454477E+02       3.374     6        0.35      3.02      0.09    0.1269E+01  0.1613E+02  0.1093E+05
|   ***  Level shifting applied  ( HOMO-LUMO gap =  0.004 au ) ***
| 37  -1928.389123918  -.909982E+03       3.365     7        0.35      3.01      0.09    0.2232E+01  0.4262E+01  0.3091E+04
|   ***  Level shifting applied  ( HOMO-LUMO gap =  0.003 au ) ***
| 38  -2037.854107041  0.109465E+03       3.365     8        0.35      3.01      0.09    0.2015E+01  0.1877E+01  0.1162E+04
|   ***  Level shifting applied  ( HOMO-LUMO gap =  0.028 au ) ***
| 39  -2074.343469994  0.364894E+02       3.367     9        0.35      3.01      0.09    0.1953E+01  0.2216E+01  0.1207E+04
|   ***  Level shifting applied  ( HOMO-LUMO gap =  0.019 au ) ***
| 40  -2065.589855696  -.875361E+01       3.366    10        0.35      3.01      0.09    0.2128E+01  0.1392E+01  0.4375E+03
|   ***  Level shifting applied  ( HOMO-LUMO gap =  0.001 au ) ***
| 41  -2074.945713321  0.935586E+01       3.371     1        0.35      3.02      0.09    0.2231E+01  0.1187E+01  0.3694E+03
|   ***  Level shifting applied  ( HOMO-LUMO gap =  0.012 au ) ***
| 42  -2083.485672951  0.853996E+01       3.364     2        0.34      3.01      0.09    0.2722E+01  0.4119E+01  0.2792E+04
|   ***  Level shifting applied  ( HOMO-LUMO gap =  0.017 au ) ***
| 43  -1775.077650392  -.308408E+03       3.374     3        0.35      3.02      0.09    0.2408E+01  0.9348E+00  0.5983E+03
|   ***  Level shifting applied  ( HOMO-LUMO gap =  0.006 au ) ***
| 44  -1764.615114885  -.104625E+02       3.367     4        0.34      3.02      0.09    0.2370E+01  0.1720E+02  0.1099E+05
|   ***  Level shifting applied  ( HOMO-LUMO gap =  0.138 au ) ***
| 45  -2029.128069987  0.264513E+03       3.367     5        0.35      3.01      0.09    0.2219E+01  0.6262E+02  0.2761E+05
|   ***  Level shifting applied  ( HOMO-LUMO gap =  0.001 au ) ***
| 46   1304.086531936  -.333321E+04       3.361     6        0.35      3.01      0.09    0.4103E+01  0.6285E+02  0.2779E+05
|   ***  Level shifting applied  ( HOMO-LUMO gap =  0.012 au ) ***
| 47   1366.819353449  -.627328E+02       3.363     7        0.35      3.01      0.09    0.4350E+01  0.1272E+01  0.2499E+03
|   ***  Level shifting applied  ( HOMO-LUMO gap =  0.002 au ) ***
| 48   -617.857958612  0.198468E+04       3.253     8        0.35      2.90      0.09    0.3070E+01  0.8971E+00  0.2026E+03
|   ***  Level shifting applied  ( HOMO-LUMO gap =  0.004 au ) ***
| 49  -1508.354364124  0.890496E+03       3.360     9        0.35      3.01      0.09    0.2818E+01  0.3365E+01  0.1321E+04
|   ***  Level shifting applied  ( HOMO-LUMO gap =  0.002 au ) ***
| 50    -33.523835706  -.147483E+04       3.364    10        0.34      3.01      0.09    0.3390E+01  0.3240E+01  0.1310E+04
|   ***  Level shifting applied  ( HOMO-LUMO gap =  0.007 au ) ***
| 51  -2520.693466459  0.248717E+04       3.363     1        0.35      3.01      0.09    0.1743E+01  0.2855E+01  0.6915E+03
|   ***  Level shifting applied  ( HOMO-LUMO gap =  0.013 au ) ***
| 52  -1076.392644015  -.144430E+04       3.367     2        0.35      3.02      0.09    0.2957E+01  0.1143E+01  0.2599E+03
|   ***  Level shifting applied  ( HOMO-LUMO gap =  0.006 au ) ***
| 53  -1834.664153225  0.758272E+03       3.364     3        0.35      3.01      0.09    0.2724E+01  0.7014E+00  0.2394E+03
|   ***  Level shifting applied  ( HOMO-LUMO gap =  0.008 au ) ***
| 54  -2170.723895098  0.336060E+03       3.356     4        0.35      3.00      0.09    0.2362E+01  0.2642E+01  0.6701E+03
|   ***  Level shifting applied  ( HOMO-LUMO gap =  0.008 au ) ***
| 55  -2350.223558522  0.179500E+03       3.362     5        0.35      3.01      0.09    0.1923E+01  0.7857E+01  0.2001E+04
|   ***  Level shifting applied  ( HOMO-LUMO gap =  0.000 au ) ***
| 56   -568.033969766  -.178219E+04       3.362     6        0.35      3.01      0.09    0.3125E+01  0.2923E+02  0.1450E+05
|   ***  Level shifting applied  ( HOMO-LUMO gap =  0.004 au ) ***
| 57  -1172.632205694  0.604598E+03       3.257     7        0.34      2.91      0.09    0.2994E+01  0.2725E+02  0.1398E+05
|   ***  Level shifting applied  ( HOMO-LUMO gap =  0.000 au ) ***
| 58  -2584.304191938  0.141167E+04       3.354     8        0.34      3.00      0.09    0.1893E+01  0.1565E+01  0.5192E+03
|   ***  Level shifting applied  ( HOMO-LUMO gap =  0.013 au ) ***
| 59  -2527.491870294  -.568123E+02       3.364     9        0.35      3.01      0.09    0.2164E+01  0.1008E+01  0.4814E+03
|   ***  Level shifting applied  ( HOMO-LUMO gap =  0.004 au ) ***
| 60  -2649.172848145  0.121681E+03       3.360    10        0.35      3.01      0.09    0.1463E+01  0.2267E+02  0.8693E+04
|   ***  Level shifting applied  ( HOMO-LUMO gap =  0.004 au ) ***
| 61   1004.988291010  -.365416E+04       3.370     1        0.34      3.02      0.09    0.4706E+01  0.1554E+02  0.6951E+04
|   ***  Level shifting applied  ( HOMO-LUMO gap =  0.003 au ) ***
| 62   1770.154733300  -.765166E+03       3.363     2        0.34      3.01      0.09    0.5139E+01  0.2976E+01  0.8672E+03
|   ***  Level shifting applied  ( HOMO-LUMO gap =  0.006 au ) ***
| 63   1309.660780288  0.460494E+03       3.363     3        0.34      3.01      0.09    0.4677E+01  0.1744E+01  0.5340E+03
|   ***  Level shifting applied  ( HOMO-LUMO gap =  0.009 au ) ***
| 64   1209.038952769  0.100622E+03       3.365     4        0.35      3.01      0.09    0.4668E+01  0.1704E+01  0.8108E+03
|   ***  Level shifting applied  ( HOMO-LUMO gap =  0.027 au ) ***
| 65   1051.839221939  0.157200E+03       3.255     5        0.34      2.90      0.09    0.4656E+01  0.2890E+01  0.1440E+04
|   ***  Level shifting applied  ( HOMO-LUMO gap =  0.014 au ) ***
| 66    971.671109944  0.801681E+02       3.256     6        0.35      2.90      0.09    0.4721E+01  0.4887E+01  0.2139E+04
|   ***  Level shifting applied  ( HOMO-LUMO gap =  0.018 au ) ***
| 67   -293.060370157  0.126473E+04       3.359     7        0.34      3.01      0.09    0.5012E+01  0.4236E+01  0.1743E+04
|   ***  Level shifting applied  ( HOMO-LUMO gap =  0.003 au ) ***
| 68   -471.336736114  0.178276E+03       3.369     8        0.35      3.02      0.09    0.4318E+01  0.8383E+02  0.3931E+05
|   ***  Level shifting applied  ( HOMO-LUMO gap =  0.001 au ) ***
| 69   2676.296705586  -.314763E+04       3.362     9        0.34      3.01      0.09    0.3906E+01  0.5240E+02  0.1789E+05
|   ***  Level shifting applied  ( HOMO-LUMO gap =  0.017 au ) ***
| 70    973.561804796  0.170273E+04       3.366    10        0.34      3.02      0.09    0.3247E+01  0.3905E+02  0.2169E+05
|   ***  Level shifting applied  ( HOMO-LUMO gap =  0.003 au ) ***
| 71   4245.060008173  -.327150E+04       3.247     1        0.34      2.90      0.09    0.5078E+01  0.1139E+01  0.2648E+03
|   ***  Level shifting applied  ( HOMO-LUMO gap =  0.015 au ) ***
| 72    129.582455015  0.411548E+04       3.247     2        0.34      2.90      0.09    0.3664E+01  0.6362E+00  0.1320E+03
|   ***  Level shifting applied  ( HOMO-LUMO gap =  0.007 au ) ***
| 73  -1914.659034710  0.204424E+04       3.251     3        0.35      2.90      0.09    0.2478E+01  0.2771E+01  0.1420E+04
|   ***  Level shifting applied  ( HOMO-LUMO gap =  0.010 au ) ***
| 74     36.881874061  -.195154E+04       3.249     4        0.34      2.90      0.09    0.4723E+01  0.2754E+01  0.1337E+04
|   ***  Level shifting applied  ( HOMO-LUMO gap =  0.014 au ) ***
| 75  -2161.444556145  0.219833E+04       3.251     5        0.35      2.90      0.09    0.1991E+01  0.1131E+01  0.2719E+03
|   ***  Level shifting applied  ( HOMO-LUMO gap =  0.003 au ) ***
| 76  -2639.046882097  0.477602E+03       3.251     6        0.35      2.90      0.09    0.1506E+01  0.2032E+01  0.7984E+03
|   ***  Level shifting applied  ( HOMO-LUMO gap =  0.006 au ) ***
| 77   -981.157164222  -.165789E+04       3.249     7        0.35      2.90      0.09    0.3276E+01  0.8904E+00  0.4476E+03
|   ***  Level shifting applied  ( HOMO-LUMO gap =  0.004 au ) ***
| 78  -1502.856715123  0.521700E+03       3.248     8        0.34      2.90      0.09    0.2714E+01  0.7912E+00  0.4662E+03
|   ***  Level shifting applied  ( HOMO-LUMO gap =  0.004 au ) ***
| 79  -1669.840632316  0.166984E+03       3.249     9        0.35      2.90      0.09    0.2943E+01  0.1414E+01  0.3862E+03
|   ***  Level shifting applied  ( HOMO-LUMO gap =  0.008 au ) ***
| 80  -1631.102635389  -.387380E+02       3.249    10        0.34      2.90      0.09    0.2458E+01  0.4567E+01  0.1695E+04
|   ***  Level shifting applied  ( HOMO-LUMO gap =  0.004 au ) ***
| 81  -1367.450836856  -.263652E+03       3.253     1        0.35      2.90      0.09    0.2906E+01  0.4526E+01  0.1197E+04
|   ***  Level shifting applied  ( HOMO-LUMO gap =  0.004 au ) ***
| 82  -2474.410509550  0.110696E+04       3.253     2        0.35      2.90      0.09    0.2165E+01  0.7544E+00  0.1644E+03
|   ***  Level shifting applied  ( HOMO-LUMO gap =  0.007 au ) ***
| 83  -2468.018963058  -.639155E+01       3.255     3        0.35      2.90      0.09    0.1909E+01  0.3451E+00  0.9684E+02
|   ***  Level shifting applied  ( HOMO-LUMO gap =  0.011 au ) ***
| 84  -2548.562848493  0.805439E+02       3.253     4        0.35      2.90      0.09    0.1841E+01  0.2853E+00  0.1028E+03
|   ***  Level shifting applied  ( HOMO-LUMO gap =  0.003 au ) ***
| 85  -2840.322138066  0.291759E+03       3.257     5        0.35      2.90      0.09    0.1094E+01  0.8777E+00  0.2474E+03
|   ***  Level shifting applied  ( HOMO-LUMO gap =  0.003 au ) ***
| 86  -2378.647504906  -.461675E+03       3.252     6        0.35      2.90      0.09    0.1576E+01  0.9272E+00  0.3832E+03
|   ***  Level shifting applied  ( HOMO-LUMO gap =  0.002 au ) ***
| 87  -2168.360418860  -.210287E+03       3.252     7        0.35      2.90      0.09    0.1895E+01  0.6823E+00  0.2410E+03
|   ***  Level shifting applied  ( HOMO-LUMO gap =  0.005 au ) ***
| 88  -2684.699799347  0.516339E+03       3.253     8        0.35      2.90      0.09    0.1481E+01  0.3953E+00  0.2235E+03
|   ***  Level shifting applied  ( HOMO-LUMO gap =  0.004 au ) ***
| 89  -2889.398214346  0.204698E+03       3.253     9        0.35      2.90      0.09    0.9495E+00  0.6907E-01  0.3301E+02
|   ***  Level shifting applied  ( HOMO-LUMO gap =  0.001 au ) ***
| 90  -2890.658525585  0.126031E+01       3.250    10        0.35      2.90      0.09    0.9801E+00  0.6494E-01  0.1677E+02
|   ***  Level shifting applied  ( HOMO-LUMO gap =  0.003 au ) ***
| 91  -2862.018639334  -.286399E+02       3.257     1        0.35      2.90      0.09    0.1172E+01  0.5848E-01  0.1529E+02
|   ***  Level shifting applied  ( HOMO-LUMO gap =  0.007 au ) ***
| 92  -2915.980839513  0.539622E+02       3.254     2        0.35      2.90      0.09    0.8264E+00  0.1111E-01  0.1052E+01
|   ***  Level shifting applied  ( HOMO-LUMO gap =  0.003 au ) ***
| 93  -2910.972790669  -.500805E+01       3.250     3        0.35      2.90      0.09    0.9851E+00  0.1087E-01  0.1658E+01
|   ***  Level shifting applied  ( HOMO-LUMO gap =  0.029 au ) ***
| 94  -2925.042129200  0.140693E+02       3.254     4        0.35      2.90      0.09    0.6973E+00  0.4272E-02  0.5554E+00
|   ***  Level shifting applied  ( HOMO-LUMO gap =  0.106 au ) ***
| 95  -2926.082258675  0.104013E+01       3.252     5        0.35      2.90      0.09    0.2220E+00  0.3182E-02  0.2123E+00
|   ***  Level shifting applied  ( HOMO-LUMO gap =  0.153 au ) ***
| 96  -2926.137396148  0.551375E-01       3.252     6        0.35      2.90      0.09    0.1027E+00  0.1307E-02  0.8233E-01
|   ***  Level shifting applied  ( HOMO-LUMO gap =  0.082 au ) ***
| 97  -2926.287158179  0.149762E+00       3.204     7        0.30      2.90      0.09    0.7406E-01  0.7421E-03  0.8070E-01
| 98  -2926.303726099  0.165679E-01       3.206     8        0.30      2.90      0.09    0.2631E-01  0.4578E-03  0.4708E-01
| 99  -2926.308433203  0.470710E-02       3.202     9        0.30      2.90      0.09    0.2716E-01  0.2993E-03  0.2057E-01
|100  -2926.312475806  0.404260E-02       3.205    10        0.30      2.90      0.09    0.2312E-01  0.2138E-03  0.3378E-01
|101  -2926.314126717  0.165091E-02       3.204     1        0.30      2.90      0.09    0.1188E-01  0.9417E-04  0.1172E-01
|102  -2926.314471752  0.345035E-03       3.203     2        0.30      2.90      0.09    0.5024E-02  0.4368E-04  0.4914E-02
|103  -2926.314577522  0.105770E-03       3.204     3        0.30      2.90      0.09    0.1445E-02  0.1619E-04  0.1276E-02
|104  -2926.314593192  0.156698E-04       3.212     4        0.30      2.90      0.09    0.3793E-03  0.5210E-05  0.4479E-03
|105  -2926.314594230  0.103760E-05       3.214     5        0.30      2.90      0.09    0.1726E-03  0.1930E-05  0.1854E-03
|106  -2926.314594431  0.201730E-06       3.213     6        0.30      2.90      0.09    0.5856E-04  0.1310E-05  0.1490E-03
|107  -2926.314594429  -.237378E-08       3.213     7        0.30      2.90      0.09    0.4858E-04  0.7399E-06  0.1093E-03
|108  -2926.314594459  0.300006E-07       3.212     8        0.30      2.90      0.09    0.1722E-04  0.1533E-06  0.1292E-04
| ------------------------------------------------------------------------------------------------------------------------
| REACH CONVERGENCE AFTER 108 CYCLES
| MAX ERROR = 0.172218E-04   RMS CHANGE = 0.153349E-06   MAX CHANGE = 0.129154E-04
| -----------------------------------------------
 ALPHA ELECTRON DENSITY    =   223.0010776148
 BETA ELECTRON DENSITY     =   223.0010776148
 ELECTRONIC ENERGY    = -12593.384469783
 CORE_CORE REPULSION  =   9667.069875324
 TOTAL ENERGY         =  -2926.314594459

 @ End Energy calculation

  Skipping one-electron property calculation.

 @ Output cuEST Memory Footprint

------------- cuEST MEMORY USAGE ---------------
| Peak Host Footprint =    68.65 kB
| Host Allocations =    38
| Peak Device Footprint =    25.39 GB
| Device Allocations =    29
------------------------------------------------

 @ Finish Output cuEST Memory Footprint


 @ Output Timing Information

------------- TIMING ---------------
| CUEST INITIALIZATION TIME =    25.590095000(  6.59%)
| INITIAL GUESS TIME  =     2.794061000(  0.72%)
| DFT GRID OPERATIONS =     0.001594000(  0.00%)
| TOTAL SCF TIME      =   358.048844000( 92.26%)
|       TOTAL OP TIME      =   320.912195000( 82.69%)
|             TOTAL 1e TIME      =     0.333146000(  0.09%)
|             TOTAL 2e TIME      =    15.216870000(  3.92%)
|             TOTAL EXC TIME     =   303.520987000( 78.21%)
|       TOTAL DII TIME      =    36.467715000(  9.40%)
|             TOTAL DIAG TIME    =     9.680316000(  2.49%)
| TOTAL TIME          =   388.106706000
------------------------------------
| Job cpu time:  0 days  0 hours  6 minutes 28.1 seconds.

 @ Finish Output Timing Information

| Normal Termination. Task Finished on: Thu Aug 20 08:29:54 2026
