| *********************************************************************************************************
| **                                                                                                     **
| **           888888888888                                                                              **
| **         8888888888888888                                                                            **
| **      888888888888888888                                                                             **
| **     888888888888888888                                                                              **
| **    888888888888888                                                                                  **
| **   88888888888888888888                               88888                       8888:              **
| **   8888888888888888888888Z                            88888                       8888:              **
| **   888888888888888888888888?                          88888                       8888:              **
| **   8888888888888      8888888                                        888888       8888:              **
| **    88888888888         888888     8888:     88888    88888        888888888I     8888:    888888    **
| **    8888888888           88888:    8888:     88888    88888      $888888888888    8888:   888888     **
| **    I8Z 88888             88888    8888:     88888    88888    .888888     8888   8888: 888888       **
| **    .8Z 88888             88888    8888:     88888    88888    $88888             8888:88888         **
| **     8I 88888      .=88. .88888    8888:     88888    88888    88888              8888888888         **
| **    :8  88888      888888$8888$    8888:     88888    88888    8888O              88888888888        **
| **   ,7   +88888.     8888888888.    8888:     88888    88888    888888             88888O888888       **
| **         $888888:.   .8888888      88888....888888    88888     888888     8888   8888:  888888      **
| **          I8888888888888888888     888888888888888    88888     O888888888888O    8888:   888888     **
| **            O888888888888888888     88888888888888    88888       88888888888$    8888:    888888    **
| **               8888888Z     888      .8888I  88888    88888         8888888       8888:     888888   **
| **                                                                                                     **
| **                                                                                                     **
| **                                         Copyright (c) 2026                                          **
| **                          Regents of the University of California San Diego                          **
| **                                    & Michigan State University                                      **
| **                                        All Rights Reserved.                                         **
| **                                                                                                     **
| **             This software is subject to the terms of the Mozilla Public License, v. 2.0.            **
| **                                                                                                     **
| *********************************************************************************************************
|                                                                                                          
| Cite this work as:                                                                                       
| Manathunga, M.; O'Hearn, K. A.; Shajan, A.; Smith, J.; Miao, Y.; He, X.; Ayers, K.;                      
| Brothers, E.; Palos, E.; Tripathy, V.; Goetz, A.W.; Merz, K.M. QUICK-26.03.                              
| University of California,San Diego, CA and                                                               
| Michigan State University, East Lansing, MI, 2026                                                        
|                                                                                                          
| If you have any comments or queries, please reach out to us on GitHub issues or discussion sections:     
| https://github.com/merzlab/QUICK.                                                                        
|                                                                                                          
| TASK STARTS ON: Tue Aug  4 18:53:54 2026
| INPUT FILE :    quickruns/0/morphine/morphine_def2-TZVPD.in
| OUTPUT FILE:    quickruns/0/morphine/morphine_def2-TZVPD.out
| BASIS SET PATH: /home/msun26/QUICK-cuEST-install-ffun/basis

|------------ GPU INFORMATION ---------------
| CUDA ENABLED DEVICE         :        1
| CUDA DEVICE IN USE          :        0
| CUDA DEVICE NAME            : NVIDIA GeForce RTX 5080
| CUDA DEVICE PM              :       84
| CUDA DEVICE CORE FREQ(GHZ)  :     2.73
| CUDA DEVICE MEMORY SIZE (MB):    15808
| SUPPORTING CUDA VERSION     :     12.0
|--------------------------------------------

 @ Read Job And Atom

  KEYWORD=DFT BLYP BASIS=DEF2-TZVPD CUTOFF=1.0E-10 DENSERMS=1.0E-6 ENERGY
 ============== JOB CARD =============
 METHOD = DENSITY FUNCTIONAL THEORY
 USING LIBXC VERSION: 4.3.4
 FUNCTIONAL INFORMATION:
 NAME = Becke 88 FAMILY = GGA KIND = EXCHANGE
 NAME = Lee, Yang & Parr FAMILY = GGA KIND = CORRELATION
 DIRECT SCF 
 SAD INITAL GUESS 
 USE DIIS SCF
 PRINT ENERGY EVERY CYCLE
 READ SAD GUESS FROM FILE
 STANDARD GRID = SG1
 Level shifting allowed after cycle    3
 DIIS error must exceed 0.100 for level shifting
 Max HOMO-LUMO gap to allow level shifting = 0.200
 MAX SCF CYCLES =    200
 MAX DIIS CYCLES =   10
 DELTA DENSITY START CYCLE =    3
 COMPUTATIONAL CUTOFF: 
      TWO-e INTEGRAL         =  0.100E-09
      BASIS SET PRIME        =  0.100E-10
      MATRIX ELEMENTS        =  0.100E-09
      BASIS FUNCTION         =  0.100E-05
      NEAR-LINEAR DEPENDENCY =  0.100E-04
 DENSITY MATRIX MAXIMUM RMS FOR CONVERGENCE  =  0.100E-05
 BASIS SET = DEF2-TZVPD,  TYPE = CARTESIAN
| BASIS FILE = /home/msun26/QUICK-cuEST-install-ffun/basis/DEF2-TZVPD.BAS
| DATA FILE  =    quickruns/0/morphine/morphine_def2-TZVPD.dat

 @ Finish reading job


 @ Begin SAD initial guess

 For Atom Kind =    1
 ELEMENT = O 
 BASIS FUNCTIONS =   46
 For Atom Kind =    2
 ELEMENT = N 
 BASIS FUNCTIONS =   43
 For Atom Kind =    3
 ELEMENT = C 
 BASIS FUNCTIONS =   43
 For Atom Kind =    4
 ELEMENT = H 
 BASIS FUNCTIONS =    9

 @ Finish SAD initial guess


 @ Begin Reading Molecular Information


 =========== Molecule Input ==========
 TOTAL MOLECULAR CHARGE  =    0    MULTIPLICITY                =    1
 TOTAL ATOM NUMBER       =   40    NUMBER OF ATOM TYPES        =    4
 NUMBER OF HYDROGEN ATOM =   19    NUMBER OF NON-HYDROGEN ATOM =   21
 NUMBER OF ELECTRONS     =  152

 -- INPUT GEOMETRY -- :
    O          -1.9930      -0.4740       1.2005
    O          -2.7826      -2.5168      -0.2218
    O          -3.6220       1.8421       0.5579
    N           3.1777      -0.0101       0.4474
    C           0.3699      -0.7149       0.6616
    C           1.2913      -1.3046      -0.4170
    C           2.3441      -0.2023      -0.7640
    C          -0.9377      -1.4750       0.9848
    C           1.1988      -0.3907       1.9201
    C          -0.2516       0.5302       0.1205
    C           1.6887       1.1052      -1.3279
    C           2.4315       0.4754       1.6126
    C           0.3384       1.4306      -0.7480
    C          -1.3631      -2.5067      -0.0924
    C           0.5066      -1.8183      -1.5971
    C          -1.5672       0.6306       0.5136
    C          -0.7155      -2.3492      -1.4425
    C           4.3733       0.7916       0.2084
    C          -0.4184       2.5415      -1.1246
    C          -2.3310       1.7217       0.1620
    C          -1.7382       2.6936      -0.6541
    H           1.8278      -2.1759      -0.0118
    H           3.0029      -0.6035      -1.5465
    H          -0.8451      -2.0128       1.9373
    H           1.5366      -1.3335       2.3712
    H           0.5899       0.1174       2.6790
    H           1.5474       0.9596      -2.4075
    H           2.3530       1.9680      -1.2194
    H           2.1271       1.5205       1.4760
    H           3.0801       0.4584       2.4975
    H          -1.0772      -3.5067       0.2593
    H           0.9601      -1.7947      -2.5831
    H          -1.2300      -2.7505      -2.3109
    H           4.1500       1.8479       0.0287
    H           4.9380       0.4055      -0.6472
    H           5.0444       0.7352       1.0730
    H          -0.0062       3.2824      -1.8043
    H          -2.3121       3.5638      -0.9645
    H          -3.1557      -2.6446       0.6672
    H          -3.8483       1.0686       1.1031

============== BASIS INFOS ==============
 BASIS FUNCTIONS = 1083
 NSHELL =  371 NPRIM  = 1436
 JSHELL =  371 JBASIS =  598


 @ End Reading Molecular Information 


 @ Begin XC Quadrature Formation

 OCTAGO: OCTree Algorithm for Grid Operations 
   PRUNING CUTOFF       = 0.100E-07
   INITIAL GRID POINTS  =      151424
|   FINAL GRID POINTS    =       97146
|   SIGNIFICANT NUMBER OF BASIS FUNCTIONS     =      616848
|   SIGNIFICANT NUMBER OF PRIMITIVE FUNCTIONS =      630221

 @ End XC Quadrature Formation


 @ Begin Energy Calculation

| Number of total basis functions:   1083
| Number of linearly independent basis functions:   1033
| condition number of overlap matrix:    8.626E+09
| Smallest eigenvalue of overlap matrix:    4.810E-09

                                         SCF ENERGY
| ------------------------------------------------------------------------------------------------------------------------
| NCYC       ENERGY         DELTA_E      SCF_TIME  DII_CYC   DII_TIME   O_TIME  DIAG_TIME    MAX_ERR    RMS_CHG    MAX_CHG
| ------------------------------------------------------------------------------------------------------------------------
|  1   -952.426575358      ------         0.834     1        0.09      0.75      0.03    0.1883E+01  0.7052E-02  0.3910E+00
|  2   -936.711552724  -.157150E+02       0.553     2        0.09      0.46      0.03    0.3922E+00  0.1028E+01  0.2597E+03
|  3   -910.692160711  -.260194E+02       0.573     3        0.11      0.47      0.03    0.8166E+00  0.9956E+00  0.2536E+03
|   ***  Level shifting applied  ( HOMO-LUMO gap =  0.009 au ) ***
|  4   -938.583536855  0.278914E+02       0.575     4        0.11      0.47      0.03    0.2935E+00  0.3702E-01  0.5735E+01
|   ***  Level shifting applied  ( HOMO-LUMO gap =  0.094 au ) ***
|  5   -939.303146677  0.719610E+00       0.576     5        0.11      0.47      0.03    0.1417E+00  0.6518E-02  0.7939E+00
|   ***  Level shifting applied  ( HOMO-LUMO gap =  0.190 au ) ***
|  6   -939.594467305  0.291321E+00       0.561     6        0.09      0.47      0.03    0.3617E-01  0.5423E-03  0.3526E-01
|  7   -939.605660855  0.111935E-01       0.563     7        0.10      0.47      0.03    0.3040E-01  0.2245E-03  0.2259E-01
|  8   -939.610818234  0.515738E-02       0.564     8        0.10      0.47      0.03    0.9122E-02  0.9773E-04  0.1112E-01
|  9   -939.611331008  0.512774E-03       0.565     9        0.10      0.46      0.03    0.3160E-02  0.3250E-04  0.1615E-02
| 10   -939.611476809  0.145801E-03       0.566    10        0.10      0.46      0.03    0.1406E-02  0.1294E-04  0.1208E-02
| 11   -939.611488794  0.119853E-04       0.574     1        0.11      0.47      0.03    0.3724E-03  0.5249E-05  0.2776E-03
| 12   -939.611491124  0.232907E-05       0.576     2        0.11      0.47      0.03    0.1423E-03  0.1573E-05  0.9985E-04
| 13   -939.611491286  0.162076E-06       0.576     3        0.11      0.47      0.03    0.6895E-04  0.7338E-06  0.3789E-04
| ------------------------------------------------------------------------------------------------------------------------
| REACH CONVERGENCE AFTER  13 CYCLES
| MAX ERROR = 0.689490E-04   RMS CHANGE = 0.733770E-06   MAX CHANGE = 0.378889E-04
| -----------------------------------------------
 ALPHA ELECTRON DENSITY    =    76.0000000000
 BETA ELECTRON DENSITY     =    76.0000000000
 ELECTRONIC ENERGY    =  -2768.918761766
 CORE_CORE REPULSION  =   1829.307270481
 TOTAL ENERGY         =   -939.611491286

 @ End Energy calculation

  Skipping one-electron property calculation.

 @ Output cuEST Memory Footprint

------------- cuEST MEMORY USAGE ---------------
| Peak Host Footprint =    30.19 kB
| Host Allocations =    35
| Peak Device Footprint =     7.17 GB
| Device Allocations =    25
------------------------------------------------

 @ Finish Output cuEST Memory Footprint


 @ Output Timing Information

------------- TIMING ---------------
| CUEST INITIALIZATION TIME =     3.326598000( 22.25%)
| INITIAL GUESS TIME  =     3.494331000( 23.38%)
| DFT GRID OPERATIONS =     0.188512000(  1.26%)
| TOTAL SCF TIME      =     7.910702000( 52.92%)
|       TOTAL OP TIME      =     6.580984000( 44.02%)
|             TOTAL 1e TIME      =     0.254636000(  1.70%)
|             TOTAL 2e TIME      =     0.216556000(  1.45%)
|             TOTAL EXC TIME     =     5.751791000( 38.48%)
|       TOTAL DII TIME      =     1.305021000(  8.73%)
|             TOTAL DIAG TIME    =     0.397033000(  2.66%)
| TOTAL TIME          =    14.948377000
------------------------------------
| Job cpu time:  0 days  0 hours  0 minutes 14.9 seconds.

 @ Finish Output Timing Information

| Normal Termination. Task Finished on: Tue Aug  4 18:54:08 2026
