| *********************************************************************************************************
| **                                                                                                     **
| **           888888888888                                                                              **
| **         8888888888888888                                                                            **
| **      888888888888888888                                                                             **
| **     888888888888888888                                                                              **
| **    888888888888888                                                                                  **
| **   88888888888888888888                               88888                       8888:              **
| **   8888888888888888888888Z                            88888                       8888:              **
| **   888888888888888888888888?                          88888                       8888:              **
| **   8888888888888      8888888                                        888888       8888:              **
| **    88888888888         888888     8888:     88888    88888        888888888I     8888:    888888    **
| **    8888888888           88888:    8888:     88888    88888      $888888888888    8888:   888888     **
| **    I8Z 88888             88888    8888:     88888    88888    .888888     8888   8888: 888888       **
| **    .8Z 88888             88888    8888:     88888    88888    $88888             8888:88888         **
| **     8I 88888      .=88. .88888    8888:     88888    88888    88888              8888888888         **
| **    :8  88888      888888$8888$    8888:     88888    88888    8888O              88888888888        **
| **   ,7   +88888.     8888888888.    8888:     88888    88888    888888             88888O888888       **
| **         $888888:.   .8888888      88888....888888    88888     888888     8888   8888:  888888      **
| **          I8888888888888888888     888888888888888    88888     O888888888888O    8888:   888888     **
| **            O888888888888888888     88888888888888    88888       88888888888$    8888:    888888    **
| **               8888888Z     888      .8888I  88888    88888         8888888       8888:     888888   **
| **                                                                                                     **
| **                                                                                                     **
| **                                         Copyright (c) 2026                                          **
| **                          Regents of the University of California San Diego                          **
| **                                    & Michigan State University                                      **
| **                                        All Rights Reserved.                                         **
| **                                                                                                     **
| **             This software is subject to the terms of the Mozilla Public License, v. 2.0.            **
| **                                                                                                     **
| *********************************************************************************************************
|                                                                                                          
| Cite this work as:                                                                                       
| Manathunga, M.; O'Hearn, K. A.; Shajan, A.; Smith, J.; Miao, Y.; He, X.; Ayers, K.;                      
| Brothers, E.; Palos, E.; Tripathy, V.; Goetz, A.W.; Merz, K.M. QUICK-26.03.                              
| University of California,San Diego, CA and                                                               
| Michigan State University, East Lansing, MI, 2026                                                        
|                                                                                                          
| If you have any comments or queries, please reach out to us on GitHub issues or discussion sections:     
| https://github.com/merzlab/QUICK.                                                                        
|                                                                                                          
| TASK STARTS ON: Thu Jul  9 00:39:26 2026
| INPUT FILE :    gen/morphine_def2-TZVP.in
| OUTPUT FILE:    gen/morphine_def2-TZVP.out
| BASIS SET PATH: /home/msun26/QUICK-install-release/basis

|------------ GPU INFORMATION ---------------
| CUDA ENABLED DEVICE         :        1
| CUDA DEVICE IN USE          :        0
| CUDA DEVICE NAME            : NVIDIA GeForce RTX 5080
| CUDA DEVICE PM              :       84
| CUDA DEVICE CORE FREQ(GHZ)  :     2.73
| CUDA DEVICE MEMORY SIZE (MB):    15808
| SUPPORTING CUDA VERSION     :     12.0
|--------------------------------------------

 @ Read Job And Atom

  KEYWORD=DFT BLYP BASIS=DEF2-TZVP CUTOFF=1.0E-10 DENSERMS=1.0E-6 ENERGY
 ============== JOB CARD =============
 METHOD = DENSITY FUNCTIONAL THEORY
 USING LIBXC VERSION: 4.3.4
 FUNCTIONAL INFORMATION:
 NAME = Becke 88 FAMILY = GGA KIND = EXCHANGE
 NAME = Lee, Yang & Parr FAMILY = GGA KIND = CORRELATION
 DIRECT SCF 
 SAD INITAL GUESS 
 USE DIIS SCF
 PRINT ENERGY EVERY CYCLE
 READ SAD GUESS FROM FILE
 STANDARD GRID = SG1
 Level shifting allowed after cycle    3
 DIIS error must exceed 0.100 for level shifting
 Max HOMO-LUMO gap to allow level shifting = 0.200
 MAX SCF CYCLES =    200
 MAX DIIS CYCLES =   10
 DELTA DENSITY START CYCLE =    3
 COMPUTATIONAL CUTOFF: 
      TWO-e INTEGRAL         =  0.100E-09
      BASIS SET PRIME        =  0.100E-10
      MATRIX ELEMENTS        =  0.100E-09
      BASIS FUNCTION         =  0.100E-05
      NEAR-LINEAR DEPENDENCY =  0.100E-04
 DENSITY MATRIX MAXIMUM RMS FOR CONVERGENCE  =  0.100E-05
 BASIS SET = DEF2-TZVP,  TYPE = CARTESIAN
| BASIS FILE = /home/msun26/QUICK-install-release/basis/DEF2-TZVP.BAS
| DATA FILE  =    gen/morphine_def2-TZVP.dat

 @ Finish reading job


 @ Begin SAD initial guess

 For Atom Kind =    1
 ELEMENT = O 
 BASIS FUNCTIONS =   36
 For Atom Kind =    2
 ELEMENT = N 
 BASIS FUNCTIONS =   36
 For Atom Kind =    3
 ELEMENT = C 
 BASIS FUNCTIONS =   36
 For Atom Kind =    4
 ELEMENT = H 
 BASIS FUNCTIONS =    6

 @ Finish SAD initial guess


 @ Begin Reading Molecular Information


 =========== Molecule Input ==========
 TOTAL MOLECULAR CHARGE  =    0    MULTIPLICITY                =    1
 TOTAL ATOM NUMBER       =   40    NUMBER OF ATOM TYPES        =    4
 NUMBER OF HYDROGEN ATOM =   19    NUMBER OF NON-HYDROGEN ATOM =   21
 NUMBER OF ELECTRONS     =  152

 -- INPUT GEOMETRY -- :
    O          -1.9930      -0.4740       1.2005
    O          -2.7826      -2.5168      -0.2218
    O          -3.6220       1.8421       0.5579
    N           3.1777      -0.0101       0.4474
    C           0.3699      -0.7149       0.6616
    C           1.2913      -1.3046      -0.4170
    C           2.3441      -0.2023      -0.7640
    C          -0.9377      -1.4750       0.9848
    C           1.1988      -0.3907       1.9201
    C          -0.2516       0.5302       0.1205
    C           1.6887       1.1052      -1.3279
    C           2.4315       0.4754       1.6126
    C           0.3384       1.4306      -0.7480
    C          -1.3631      -2.5067      -0.0924
    C           0.5066      -1.8183      -1.5971
    C          -1.5672       0.6306       0.5136
    C          -0.7155      -2.3492      -1.4425
    C           4.3733       0.7916       0.2084
    C          -0.4184       2.5415      -1.1246
    C          -2.3310       1.7217       0.1620
    C          -1.7382       2.6936      -0.6541
    H           1.8278      -2.1759      -0.0118
    H           3.0029      -0.6035      -1.5465
    H          -0.8451      -2.0128       1.9373
    H           1.5366      -1.3335       2.3712
    H           0.5899       0.1174       2.6790
    H           1.5474       0.9596      -2.4075
    H           2.3530       1.9680      -1.2194
    H           2.1271       1.5205       1.4760
    H           3.0801       0.4584       2.4975
    H          -1.0772      -3.5067       0.2593
    H           0.9601      -1.7947      -2.5831
    H          -1.2300      -2.7505      -2.3109
    H           4.1500       1.8479       0.0287
    H           4.9380       0.4055      -0.6472
    H           5.0444       0.7352       1.0730
    H          -0.0062       3.2824      -1.8043
    H          -2.3121       3.5638      -0.9645
    H          -3.1557      -2.6446       0.6672
    H          -3.8483       1.0686       1.1031

============== BASIS INFOS ==============
 BASIS FUNCTIONS =  870
 NSHELL =  307 NPRIM  = 1223
 JSHELL =  307 JBASIS =  534


 @ End Reading Molecular Information 


 @ Begin XC Quadrature Formation

 OCTAGO: OCTree Algorithm for Grid Operations 
   PRUNING CUTOFF       = 0.100E-06
   INITIAL GRID POINTS  =      151424
|   FINAL GRID POINTS    =       96277
|   SIGNIFICANT NUMBER OF BASIS FUNCTIONS     =      360357
|   SIGNIFICANT NUMBER OF PRIMITIVE FUNCTIONS =      372360

 @ End XC Quadrature Formation


 @ Begin Energy Calculation

| Number of total basis functions:    870
| Number of linearly independent basis functions:    868
| condition number of overlap matrix:    4.988E+06
| Smallest eigenvalue of overlap matrix:    3.928E-06

                                         SCF ENERGY
| ------------------------------------------------------------------------------------------------------------------------
| NCYC       ENERGY         DELTA_E      SCF_TIME  DII_CYC   DII_TIME   O_TIME  DIAG_TIME    MAX_ERR    RMS_CHG    MAX_CHG
| ------------------------------------------------------------------------------------------------------------------------
|  1   -943.393510219      ------        33.478     1        0.06     33.42      0.02    0.2182E+01  0.1206E-01  0.2693E+01
|  2   -938.845705326  -.454780E+01      80.876     2        0.06     80.82      0.02    0.2764E+00  0.2977E-01  0.4030E+01
|  3   -937.525189019  -.132052E+01      81.184     3        0.07     81.11      0.02    0.5369E+00  0.1885E-01  0.3047E+01
|   ***  Level shifting applied  ( HOMO-LUMO gap =  0.020 au ) ***
|  4   -939.502434369  0.197725E+01      79.075     4        0.06     79.01      0.02    0.8112E-01  0.5673E-02  0.7530E+00
|  5   -939.592702987  0.902686E-01      76.544     5        0.06     76.48      0.02    0.3602E-01  0.1134E-02  0.1410E+00
|  6   -939.603924732  0.112217E-01      70.960     6        0.06     70.90      0.02    0.1153E-01  0.8265E-03  0.1932E+00
|  7   -939.605394412  0.146968E-02      68.427     7        0.06     68.36      0.02    0.6471E-02  0.3130E-03  0.4052E-01
|  8   -939.606160753  0.766341E-03      65.654     8        0.06     65.59      0.02    0.2565E-02  0.1808E-03  0.4214E-01
|  9   -939.606189785  0.290318E-04      61.930     9        0.07     61.86      0.02    0.1206E-02  0.1400E-03  0.2673E-01
| 10   -939.606194077  0.429175E-05      59.693    10        0.07     59.63      0.02    0.2687E-03  0.5927E-04  0.1307E-01
| 11   -939.606194534  0.457245E-06      56.587     1        0.07     56.51      0.02    0.1035E-03  0.3758E-04  0.7464E-02
| 12   -939.606194607  0.732794E-07      54.177     2        0.07     54.10      0.02    0.3392E-04  0.2266E-04  0.4697E-02
| 13   -939.606194604  -.365253E-08      51.759     3        0.07     51.69      0.02    0.2428E-04  0.1364E-04  0.2772E-02
| 14   -939.606194605  0.152841E-08      49.547     4        0.07     49.47      0.02    0.1324E-04  0.6166E-05  0.1283E-02
| 15   -939.606194599  -.652926E-08      46.757     5        0.07     46.68      0.02    0.1344E-04  0.2592E-05  0.5267E-03
| 16   -939.606194564  -.342811E-07      44.034     6        0.07     43.96      0.02    0.1327E-04  0.3930E-06  0.7536E-04
| ------------------------------------------------------------------------------------------------------------------------
| REACH CONVERGENCE AFTER  16 CYCLES
| MAX ERROR = 0.132740E-04   RMS CHANGE = 0.393045E-06   MAX CHANGE = 0.753620E-04
| -----------------------------------------------
 ALPHA ELECTRON DENSITY    =    76.0013061623
 BETA ELECTRON DENSITY     =    76.0013061623
 ELECTRONIC ENERGY    =  -2768.913465045
 CORE_CORE REPULSION  =   1829.307270481
 TOTAL ENERGY         =   -939.606194564

 @ End Energy calculation

  Skipping one-electron property calculation.

 @ Output Timing Information

------------- TIMING ---------------
| INITIAL GUESS TIME  =     1.955476000(  0.20%)
| DFT GRID OPERATIONS =     0.174201000(  0.02%)
| TOTAL SCF TIME      =   981.003141000( 99.79%)
|       TOTAL OP TIME      =   979.920805000( 99.68%)
|             TOTAL 1e TIME      =     0.318328000(  0.03%)
|             TOTAL 2e TIME      =   676.589814000( 68.82%)
|             TOTAL EXC TIME     =   302.622644000( 30.78%)
|       TOTAL DII TIME      =     1.065440000(  0.11%)
|             TOTAL DIAG TIME    =     0.365415000(  0.04%)
| TOTAL TIME          =   983.097603000
------------------------------------
| Job cpu time:  0 days  0 hours 16 minutes 23.1 seconds.

 @ Finish Output Timing Information

| Normal Termination. Task Finished on: Thu Jul  9 00:55:49 2026
