| *********************************************************************************************************
| **                                                                                                     **
| **           888888888888                                                                              **
| **         8888888888888888                                                                            **
| **      888888888888888888                                                                             **
| **     888888888888888888                                                                              **
| **    888888888888888                                                                                  **
| **   88888888888888888888                               88888                       8888:              **
| **   8888888888888888888888Z                            88888                       8888:              **
| **   888888888888888888888888?                          88888                       8888:              **
| **   8888888888888      8888888                                        888888       8888:              **
| **    88888888888         888888     8888:     88888    88888        888888888I     8888:    888888    **
| **    8888888888           88888:    8888:     88888    88888      $888888888888    8888:   888888     **
| **    I8Z 88888             88888    8888:     88888    88888    .888888     8888   8888: 888888       **
| **    .8Z 88888             88888    8888:     88888    88888    $88888             8888:88888         **
| **     8I 88888      .=88. .88888    8888:     88888    88888    88888              8888888888         **
| **    :8  88888      888888$8888$    8888:     88888    88888    8888O              88888888888        **
| **   ,7   +88888.     8888888888.    8888:     88888    88888    888888             88888O888888       **
| **         $888888:.   .8888888      88888....888888    88888     888888     8888   8888:  888888      **
| **          I8888888888888888888     888888888888888    88888     O888888888888O    8888:   888888     **
| **            O888888888888888888     88888888888888    88888       88888888888$    8888:    888888    **
| **               8888888Z     888      .8888I  88888    88888         8888888       8888:     888888   **
| **                                                                                                     **
| **                                                                                                     **
| **                                         Copyright (c) 2026                                          **
| **                          Regents of the University of California San Diego                          **
| **                                    & Michigan State University                                      **
| **                                        All Rights Reserved.                                         **
| **                                                                                                     **
| **             This software is subject to the terms of the Mozilla Public License, v. 2.0.            **
| **                                                                                                     **
| *********************************************************************************************************
|                                                                                                          
| Cite this work as:                                                                                       
| Manathunga, M.; O'Hearn, K. A.; Shajan, A.; Smith, J.; Miao, Y.; He, X.; Ayers, K.;                      
| Brothers, E.; Palos, E.; Tripathy, V.; Goetz, A.W.; Merz, K.M. QUICK-26.03.                              
| University of California,San Diego, CA and                                                               
| Michigan State University, East Lansing, MI, 2026                                                        
|                                                                                                          
| If you have any comments or queries, please reach out to us on GitHub issues or discussion sections:     
| https://github.com/merzlab/QUICK.                                                                        
|                                                                                                          
| TASK STARTS ON: Fri Aug 28 18:48:47 2026
| INPUT FILE :    /work2/11707/msun12/stampede3/quickruns/3446277/txl3/taxol_6-31+G**.in
| OUTPUT FILE:    /work2/11707/msun12/stampede3/quickruns/3446277/txl3/taxol_6-31+G**.out
| BASIS SET PATH: /home1/11707/msun12/QUICK-cuEST-install/basis

|------------ GPU INFORMATION ---------------
| CUDA ENABLED DEVICE         :        1
| CUDA DEVICE IN USE          :        0
| CUDA DEVICE NAME            : NVIDIA H100
| CUDA DEVICE PM              :      132
| CUDA DEVICE CORE FREQ(GHZ)  :     1.98
| CUDA DEVICE MEMORY SIZE (MB):    95321
| SUPPORTING CUDA VERSION     :      9.0
|--------------------------------------------

 @ Read Job And Atom

  KEYWORD=B3LYP BASIS=6-31+G** CUTOFF=1.0E-10 DENSERMS=1.0E-6 GRADIENT CUEST
 ============== JOB CARD =============
 METHOD = DENSITY FUNCTIONAL THEORY
 DENSITY FUNCTIONAL = B3LYP
 DIRECT SCF 
 SAD INITAL GUESS 
 USE DIIS SCF
 PRINT ENERGY EVERY CYCLE
 READ SAD GUESS FROM FILE
 STANDARD GRID = SG1
 Level shifting allowed after cycle    3
 DIIS error must exceed 0.100 for level shifting
 Max HOMO-LUMO gap to allow level shifting = 0.200
 GRADIENT CALCULATION
 MAX SCF CYCLES =    200
 MAX DIIS CYCLES =   10
 DELTA DENSITY START CYCLE =    3
 COMPUTATIONAL CUTOFF: 
      TWO-e INTEGRAL         =  0.100E-09
      BASIS SET PRIME        =  0.100E-10
      MATRIX ELEMENTS        =  0.100E-09
      BASIS FUNCTION         =  0.100E-05
      NEAR-LINEAR DEPENDENCY =  0.100E-04
      GRADIENT CUTOFF  =  0.100E-06
 DENSITY MATRIX MAXIMUM RMS FOR CONVERGENCE  =  0.100E-05
 BASIS SET = 6-31+G**,  TYPE = CARTESIAN
| BASIS FILE = /home1/11707/msun12/QUICK-cuEST-install/basis/6-31PLGDP.BAS
| DATA FILE  =    /work2/11707/msun12/stampede3/quickruns/3446277/txl3/taxol_6-31+G**.dat

 @ Finish reading job


 @ Begin SAD initial guess

 For Atom Kind =    1
 ELEMENT = C 
 BASIS FUNCTIONS =   19
 For Atom Kind =    2
 ELEMENT = O 
 BASIS FUNCTIONS =   19
 For Atom Kind =    3
 ELEMENT = N 
 BASIS FUNCTIONS =   19
 For Atom Kind =    4
 ELEMENT = H 
 BASIS FUNCTIONS =    5

 @ Finish SAD initial guess


 @ Begin Reading Molecular Information


 =========== Molecule Input ==========
 TOTAL MOLECULAR CHARGE  =    0    MULTIPLICITY                =    1
 TOTAL ATOM NUMBER       =  110    NUMBER OF ATOM TYPES        =    4
 NUMBER OF HYDROGEN ATOM =   49    NUMBER OF NON-HYDROGEN ATOM =   61
 NUMBER OF ELECTRONS     =  446

 -- INPUT GEOMETRY -- :
    C          -6.3961       1.6376      -1.0167
    C          -5.5976       1.9480       0.3157
    C          -4.1358       1.3889       0.3062
    C          -4.0900      -0.2069       0.0760
    C          -5.3005      -0.5560      -0.7831
    C          -5.6408       0.5560      -1.7454
    C          -2.8203      -0.7723      -0.5951
    C          -3.4405       1.9810       1.5955
    C          -1.5723      -0.0770      -0.1719
    O          -2.6953      -2.1590      -0.1698
    O          -1.8693       1.2309      -0.7751
    C          -1.3334      -0.1176       1.4102
    C          -0.8881       1.2875       1.4845
    C           0.3196       1.5771       0.9641
    O          -4.0361       2.4498       2.5048
    O          -1.9505       2.1871       1.7492
    C          -0.2199      -0.3744      -0.8072
    C           0.8361       0.5393      -0.0882
    O          -6.3706      -0.7461       0.1815
    C          -7.5080      -1.5313       0.1764
    O          -7.7343      -2.1872       1.1532
    C          -8.4523      -1.4158      -0.9939
    C          -5.4161      -1.5091      -2.0070
    O          -6.2193      -0.4454      -2.6903
    O          -5.4268       3.3774       0.3776
    O          -1.6122       4.1801       0.0344
    C          -0.7941       5.2258       0.2991
    O          -0.3049       5.8646      -0.5895
    C          -0.5432       5.4737       1.7764
    C           1.2299       2.7853       1.0315
    O           1.9361      -0.3334       0.3600
    C           3.1924       0.0393       0.0732
    O           3.4565       1.0474      -0.5230
    C           4.1742      -1.0075       0.5409
    C           5.5923      -0.5508       0.2305
    C           6.6535      -1.6277       0.4268
    C           6.3531      -2.9590       0.6578
    C           7.3484      -3.9223       0.5946
    C           8.6553      -3.5578       0.3263
    C           8.9721      -2.2174       0.1751
    C           7.9781      -1.2615       0.2323
    O           4.0118      -1.2781       1.9326
    N           5.9708       0.6810       0.8873
    C           6.1083       1.9571       0.3956
    O           6.3193       2.8804       1.1683
    C           5.8856       2.2295      -1.0684
    C           6.1183       1.3531      -2.1154
    C           5.5666       1.5986      -3.3628
    C           4.8505       2.7661      -3.5881
    C           4.7601       3.7103      -2.5860
    C           5.2758       3.4420      -1.3327
    C          -2.1367      -3.0476      -1.0301
    O          -2.1452      -2.8534      -2.2329
    C          -1.5034      -4.2030      -0.3691
    C          -1.4396      -4.3267       1.0054
    C          -0.7639      -5.3990       1.5627
    C          -0.1729      -6.3469       0.7428
    C          -0.2556      -6.2275      -0.6353
    C          -0.9156      -5.1510      -1.1911
    C          -0.2097      -1.1547       1.8364
    C          -2.4301      -0.4562       2.4708
    H          -3.6492       1.8683      -0.5156
    H          -4.2442      -0.7298       0.9946
    H          -6.1319       1.5762       1.1739
    H          -6.4278       2.5627      -1.5682
    H          -7.3896       1.3053      -0.7745
    H          -4.7466       0.9454      -2.2120
    H          -2.8856      -0.7190      -1.6683
    H          -1.1756       1.8958      -0.6851
    H          -1.8482       3.6442       0.8092
    H          -0.3040      -0.0417      -1.8339
    H           0.0915      -1.3953      -0.8029
    H           1.2665       1.1760      -0.8368
    H          -7.9448      -1.4088      -1.9397
    H          -8.9861      -0.4737      -0.9254
    H          -9.1715      -2.2206      -0.9250
    H          -5.9697      -2.4207      -1.8715
    H          -4.4957      -1.6916      -2.5342
    H          -6.1859       3.7990       0.8058
    H          -0.4047       4.5303       2.2919
    H          -1.4092       5.9590       2.2202
    H           0.3171       6.0932       1.8872
    H           1.4833       3.0343       2.0569
    H           0.8689       3.6688       0.5366
    H           2.1685       2.5342       0.5368
    H           3.9670      -1.8925      -0.0573
    H           5.5542      -0.3517      -0.8218
    H           5.3545      -3.2557       0.9039
    H           7.0989      -4.9514       0.7469
    H           9.4172      -4.3037       0.2408
    H           9.9857      -1.9178       0.0023
    H           8.2255      -0.2253       0.1253
    H           3.1299      -1.6338       2.1084
    H           6.0936       0.6251       1.8860
    H           6.7084       0.4705      -1.9833
    H           5.6744       0.8728      -4.1413
    H           4.3798       2.9274      -4.5336
    H           4.2564       4.6442      -2.7661
    H           5.1747       4.1495      -0.5327
    H          -1.9016      -3.5962       1.6316
    H          -0.6960      -5.4955       2.6284
    H           0.3482      -7.1761       1.1766
    H           0.1935      -6.9648      -1.2689
    H          -0.9826      -5.0259      -2.2518
    H           0.6895      -0.6503       2.1318
    H           0.0409      -1.8507       1.0571
    H          -0.5497      -1.7388       2.6731
    H          -2.6865      -1.5071       2.3903
    H          -3.3390       0.1001       2.4689
    H          -1.9770      -0.2959       3.4410

============== BASIS INFOS ==============
 BASIS FUNCTIONS = 1404
 NSHELL =  452 NPRIM  = 2295
 JSHELL =  452 JBASIS =  977


 @ End Reading Molecular Information 


 @ Begin XC Quadrature Formation

 OCTAGO: OCTree Algorithm for Grid Operations 
   PRUNING CUTOFF       = 0.100E-07
   INITIAL GRID POINTS  =      416624
|   FINAL GRID POINTS    =           0
|   SIGNIFICANT NUMBER OF BASIS FUNCTIONS     =           0
|   SIGNIFICANT NUMBER OF PRIMITIVE FUNCTIONS =           0

 @ End XC Quadrature Formation


 @ Begin Energy Calculation

| Number of total basis functions:   1404
| Number of linearly independent basis functions:   1373
| condition number of overlap matrix:    4.850E+08
| Smallest eigenvalue of overlap matrix:    4.639E-08

                                         SCF ENERGY
| ------------------------------------------------------------------------------------------------------------------------
| NCYC       ENERGY         DELTA_E      SCF_TIME  DII_CYC   DII_TIME   O_TIME  DIAG_TIME    MAX_ERR    RMS_CHG    MAX_CHG
| ------------------------------------------------------------------------------------------------------------------------
|  1  -2898.887027328      ------         0.707     1        0.09      0.61      0.02    0.5393E+00  0.1395E+00  0.4073E+02
|  2  -2742.276340626  -.156611E+03       0.645     2        0.10      0.54      0.02    0.1823E+01  0.2171E+00  0.8568E+02
|  3  -2682.288639190  -.599877E+02       0.676     3        0.13      0.54      0.02    0.1953E+01  0.2032E+00  0.8693E+02
|   ***  Level shifting applied  ( HOMO-LUMO gap =  0.007 au ) ***
|  4  -2628.597509870  -.536911E+02       0.682     4        0.13      0.54      0.02    0.1542E+01  0.1121E+00  0.2326E+02
|   ***  Level shifting applied  ( HOMO-LUMO gap =  0.010 au ) ***
|  5  -2894.045075251  0.265448E+03       0.688     5        0.14      0.54      0.02    0.5626E+00  0.3500E+00  0.9780E+02
|   ***  Level shifting applied  ( HOMO-LUMO gap =  0.007 au ) ***
|  6  -2597.654881593  -.296390E+03       0.692     6        0.14      0.54      0.02    0.1654E+01  0.2855E+00  0.8154E+02
|   ***  Level shifting applied  ( HOMO-LUMO gap =  0.012 au ) ***
|  7  -2841.158668343  0.243504E+03       0.698     7        0.15      0.54      0.02    0.9342E+00  0.8273E-01  0.1478E+02
|   ***  Level shifting applied  ( HOMO-LUMO gap =  0.007 au ) ***
|  8  -2913.273414894  0.721147E+02       0.705     8        0.16      0.54      0.02    0.4561E+00  0.2471E-01  0.6186E+01
|   ***  Level shifting applied  ( HOMO-LUMO gap =  0.005 au ) ***
|  9  -2924.857472787  0.115841E+02       0.720     9        0.17      0.54      0.02    0.2877E+00  0.9740E-02  0.1235E+01
|   ***  Level shifting applied  ( HOMO-LUMO gap =  0.015 au ) ***
| 10  -2927.073970167  0.221650E+01       0.718    10        0.17      0.54      0.02    0.1653E+00  0.3082E-02  0.2374E+00
|   ***  Level shifting applied  ( HOMO-LUMO gap =  0.143 au ) ***
| 11  -2927.270732768  0.196763E+00       0.737     1        0.18      0.55      0.02    0.8021E-01  0.1008E-02  0.8378E-01
| 12  -2927.329693999  0.589612E-01       0.735     2        0.19      0.54      0.02    0.3541E-01  0.4086E-03  0.3203E-01
| 13  -2927.338470185  0.877619E-02       0.737     3        0.18      0.55      0.02    0.1371E-01  0.2219E-03  0.2225E-01
| 14  -2927.341194551  0.272437E-02       0.735     4        0.19      0.54      0.02    0.8709E-02  0.1136E-03  0.1069E-01
| 15  -2927.341989935  0.795384E-03       0.737     5        0.18      0.55      0.02    0.3708E-02  0.1389E-03  0.2025E-01
| 16  -2927.342507877  0.517942E-03       0.733     6        0.18      0.54      0.02    0.3280E-02  0.9131E-04  0.9259E-02
| 17  -2927.342631711  0.123834E-03       0.733     7        0.18      0.54      0.02    0.1528E-02  0.3478E-04  0.2866E-02
| 18  -2927.342660265  0.285542E-04       0.732     8        0.18      0.54      0.02    0.8080E-03  0.1162E-04  0.1044E-02
| 19  -2927.342666716  0.645037E-05       0.733     9        0.18      0.54      0.02    0.2619E-03  0.4350E-05  0.4913E-03
| 20  -2927.342667411  0.695383E-06       1.305    10        0.76      0.54      0.04    0.1293E-03  0.1594E-05  0.1574E-03
| 21  -2927.342667501  0.901637E-07       0.728     1        0.18      0.54      0.02    0.5845E-04  0.5958E-06  0.5113E-04
| ------------------------------------------------------------------------------------------------------------------------
| REACH CONVERGENCE AFTER  21 CYCLES
| MAX ERROR = 0.584518E-04   RMS CHANGE = 0.595763E-06   MAX CHANGE = 0.511338E-04
| -----------------------------------------------
 ALPHA ELECTRON DENSITY    =   223.0010553405
 BETA ELECTRON DENSITY     =   223.0010553405
 ELECTRONIC ENERGY    = -12594.412542825
 CORE_CORE REPULSION  =   9667.069875324
 TOTAL ENERGY         =  -2927.342667501

 @ End Energy calculation


 @ Begin Gradient Calculation

 ANALYTICAL GRADIENT: 
----------------------------------------
 COORDINATE    XYZ            GRADIENT
----------------------------------------
    1X    -6.3960620484    -0.0632044962
    1Y     1.6375501950     0.0244798993
    1Z    -1.0167391376    -0.0227964977
    2X    -5.5976016175    -0.0099085240
    2Y     1.9479657588     0.0370582358
    2Z     0.3156763941     0.0887441854
    3X    -4.1358426958     0.0088510078
    3Y     1.3888886961     0.0191393258
    3Z     0.3061559434    -0.0246445816
    4X    -4.0900119523     0.0047924068
    4Y    -0.2069339958    -0.0146987097
    4Z     0.0759908158     0.0119950082
    5X    -5.3005248048     0.0252098371
    5Y    -0.5559696325     0.0166134749
    5Z    -0.7831189998     0.0065263151
    6X    -5.6408357108     0.0311032736
    6Y     0.5560152125     0.0544816131
    6Z    -1.7454175833    -0.0047713517
    7X    -2.8203121254     0.0100165298
    7Y    -0.7723427990    -0.0126090646
    7Z    -0.5951161554    -0.0091956978
    8X    -3.4405170127    -0.0041967088
    8Y     1.9809802613     0.0010401656
    8Z     1.5954933618    -0.0009678408
    9X    -1.5722955801    -0.0147699163
    9Y    -0.0769638959    -0.0065313263
    9Z    -0.1719253231    -0.0278513727
   10X    -2.6953277358     0.0139363513
   10Y    -2.1590275449    -0.0092520472
   10Z    -0.1697708530    -0.0075670518
   11X    -1.8693494728     0.0089257261
   11Y     1.2308627640     0.0015987016
   11Z    -0.7751224092     0.0006279336
   12X    -1.3334065318    -0.0225071006
   12Y    -0.1176307990     0.0377075714
   12Z     1.4101577377    -0.0458908586
   13X    -0.8881045478     0.0003263751
   13Y     1.2874585683    -0.0025784459
   13Z     1.4845317434     0.0123024706
   14X     0.3196037144    -0.0271295848
   14Y     1.5770568504    -0.0112418123
   14Z     0.9640606036     0.0262693465
   15X    -4.0360630582     0.0139176626
   15Y     2.4497905671    -0.0124625539
   15Z     2.5047991213     0.0057514132
   16X    -1.9504981989    -0.0068464468
   16Y     2.1870801370     0.0075893324
   16Z     1.7492358836     0.0008539949
   17X    -0.2198636968    -0.0249895196
   17Y    -0.3744037186    -0.0265051985
   17Z    -0.8072270516    -0.0145828482
   18X     0.8361322639    -0.0218191073
   18Y     0.5392960612     0.0404062714
   18Z    -0.0882305667    -0.0343338415
   19X    -6.3705655165     0.0155893393
   19Y    -0.7461437470     0.0097913072
   19Z     0.1814962939     0.0111639307
   20X    -7.5079891033    -0.0241941838
   20Y    -1.5312545569    -0.0187245572
   20Z     0.1764442435     0.0296579194
   21X    -7.7343174206    -0.0108682930
   21Y    -2.1872431170    -0.0052623796
   21Z     1.1532460581    -0.0069019535
   22X    -8.4523256355    -0.0327922806
   22Y    -1.4157501381    -0.0147550526
   22Z    -0.9939260359    -0.0138581374
   23X    -5.4161060936     0.0022935729
   23Y    -1.5091024852    -0.0500664992
   23Z    -2.0070004333    -0.0225486618
   24X    -6.2192576349    -0.0298545825
   24Y    -0.4454467640    -0.0476938179
   24Z    -2.6902952054    -0.0611899056
   25X    -5.4267630344    -0.0099071907
   25Y     3.3774439679    -0.0017709078
   25Z     0.3776243788    -0.0184941216
   26X    -1.6122442331    -0.0219726933
   26Y     4.1801173692    -0.0155118538
   26Z     0.0343779426     0.0236265224
   27X    -0.7940924306     0.0445512988
   27Y     5.2257743591     0.0262307886
   27Z     0.2990567328    -0.0527735241
   28X    -0.3048947533    -0.0205917181
   28Y     5.8645770378    -0.0051719015
   28Z    -0.5895333050     0.0435376534
   29X    -0.5432142115    -0.0059078021
   29Y     5.4736988580     0.0218247274
   29Z     1.7763875257     0.0199117256
   30X     1.2298581039     0.0413571263
   30Y     2.7852910627     0.0168123923
   30Z     1.0315035488     0.0074088382
   31X     1.9361231978     0.0235504603
   31Y    -0.3334212455     0.0115527771
   31Z     0.3599506875    -0.0013171930
   32X     3.1923973838     0.0684858032
   32Y     0.0392867930    -0.0010165560
   32Z     0.0732008056    -0.0047663341
   33X     3.4564615139    -0.0629608614
   33Y     1.0474090400    -0.0328362969
   33Z    -0.5229789999     0.0221435152
   34X     4.1741653088    -0.0184360252
   34Y    -1.0074733869    -0.0219359082
   34Z     0.5409361113    -0.0014444505
   35X     5.5923107171     0.0012780297
   35Y    -0.5507792521    -0.0107192748
   35Z     0.2305424976    -0.0022521036
   36X     6.6535037881     0.0299168213
   36Y    -1.6276655543    -0.0142037249
   36Z     0.4267850326     0.0017671011
   37X     6.3531150051    -0.0059697577
   37Y    -2.9590429360     0.0315916563
   37Z     0.6578478902    -0.0132617412
   38X     7.3484382612     0.0054930816
   38Y    -3.9223477295    -0.0233401304
   38Z     0.5946433254    -0.0000515223
   39X     8.6553271210     0.0075401559
   39Y    -3.5577624717     0.0204583723
   39Z     0.3262773549    -0.0016578460
   40X     8.9721243751    -0.0014086817
   40Y    -2.2174055893    -0.0138189843
   40Z     0.1751067634     0.0016801814
   41X     7.9780886392    -0.0161587296
   41Y    -1.2615409463    -0.0063650764
   41Z     0.2323472177     0.0041491201
   42X     4.0117557664    -0.0078508656
   42Y    -1.2781154276    -0.0034454959
   42Z     1.9325733176     0.0016327010
   43X     5.9708271360    -0.0040586953
   43Y     0.6810003920    -0.0023961099
   43Z     0.8873416378     0.0118731668
   44X     6.1083015365     0.0031326821
   44Y     1.9571430895     0.0369811175
   44Z     0.3956142302    -0.0121787516
   45X     6.3193162726    -0.0001841261
   45Y     2.8803622800    -0.0168789012
   45Z     1.1682892292    -0.0170241555
   46X     5.8856240794     0.0085283056
   46Y     2.2294773203     0.0166695793
   46Z    -1.0684369316    -0.0033450164
   47X     6.1182760772     0.0049541655
   47Y     1.3530946933    -0.0091121714
   47Z    -2.1154263515    -0.0062709802
   48X     5.5666096951    -0.0115853025
   48Y     1.5985928121    -0.0027327005
   48Z    -3.3627524368     0.0013773975
   49X     4.8504996604     0.0034679041
   49Y     2.7660993212     0.0238839715
   49Z    -3.5880647940     0.0064179994
   50X     4.7600527335    -0.0143808412
   50Y     3.7102514633    -0.0190422216
   50Z    -2.5859740575    -0.0638206502
   51X     5.2758312329     0.0348522377
   51Y     3.4419996328    -0.0168806343
   51Z    -1.3326645918     0.0783105258
   52X    -2.1366951232     0.0066103757
   52Y    -3.0476308227    -0.0154814148
   52Z    -1.0300506687     0.0286564777
   53X    -2.1451656838    -0.0015248843
   53Y    -2.8533799779    -0.0006183074
   53Z    -2.2328872205    -0.0026256722
   54X    -1.5033715748     0.0065947887
   54Y    -4.2030090710     0.0132837770
   54Z    -0.3691075382     0.0060345143
   55X    -1.4395727999    -0.0137179835
   55Y    -4.3266984404     0.0174258278
   55Z     1.0054186368    -0.0076397958
   56X    -0.7638830383     0.0108338885
   56Y    -5.3989755623    -0.0201557680
   56Z     1.5627243193    -0.0066940839
   57X    -0.1728504332    -0.0039776064
   57Y    -6.3468611347     0.0060489639
   57Z     0.7427716867    -0.0013933470
   58X    -0.2555829795     0.0064682983
   58Y    -6.2275391756    -0.0110668426
   58Z    -0.6353203685    -0.0230799448
   59X    -0.9155594699    -0.0088256068
   59Y    -5.1509647533     0.0140790998
   59Z    -1.1911104510    -0.0113014179
   60X    -0.2097392960     0.0381363449
   60Y    -1.1547475382    -0.0598243183
   60Z     1.8364341802     0.0737413675
   61X    -2.4300503956    -0.0203252037
   61Y    -0.4562313148    -0.0024636005
   61Z     2.4707643087     0.0151781040
   62X    -3.6491745187    -0.0025813919
   62Y     1.8683153927    -0.0040960571
   62Z    -0.5155830594     0.0045229187
   63X    -4.2442042941    -0.0038022610
   63Y    -0.7298029557     0.0066667326
   63Z     0.9946071660    -0.0132565064
   64X    -6.1319130983     0.0088685833
   64Y     1.5761652304     0.0057768534
   64Z     1.1739417496    -0.0052425366
   65X    -6.4278100209     0.0020022285
   65Y     2.5627464257    -0.0117645321
   65Z    -1.5682089798     0.0035436844
   66X    -7.3896389443     0.0424845825
   66Y     1.3053382297     0.0090928791
   66Z    -0.7744957191     0.0022287356
   67X    -4.7465709525    -0.0089246777
   67Y     0.9454138022    -0.0136454112
   67Z    -2.2120482489     0.0109155773
   68X    -2.8855556304     0.0034991900
   68Y    -0.7190312849     0.0065273880
   68Z    -1.6682582674     0.0066996867
   69X    -1.1756472598    -0.0001263467
   69Y     1.8958447948     0.0032398741
   69Z    -0.6850815723    -0.0032539621
   70X    -1.8481633811    -0.0032752072
   70Y     3.6442038083    -0.0000358187
   70Z     0.8091516318    -0.0098476087
   71X    -0.3040223032    -0.0006164325
   71Y    -0.0416779132     0.0002407084
   71Z    -1.8339006500     0.0195984719
   72X     0.0915191370    -0.0081307376
   72Y    -1.3952922665     0.0184782595
   72Z    -0.8028716213    -0.0009756804
   73X     1.2665208967    -0.0073243093
   73Y     1.1759764098    -0.0070747616
   73Z    -0.8367613039     0.0081430636
   74X    -7.9447757667    -0.0040457990
   74Y    -1.4087837076     0.0005230284
   74Z    -1.9396808281     0.0066381396
   75X    -8.9860731662     0.0025926100
   75Y    -0.4736978662    -0.0054310758
   75Z    -0.9254125307    -0.0041192565
   76X    -9.1714810604     0.0225186626
   76Y    -2.2205725696     0.0206105318
   76Z    -0.9250167206     0.0018143845
   77X    -5.9696663559     0.0085916243
   77Y    -2.4206610149     0.0072272391
   77Z    -1.8715271229    -0.0015834387
   78X    -4.4956991333    -0.0097620809
   78Y    -1.6916168492     0.0048977854
   78Z    -2.5341524535     0.0046642137
   79X    -6.1859311524     0.0096984315
   79Y     3.7990295001    -0.0057519219
   79Z     0.8057985915    -0.0040416213
   80X    -0.4047348909     0.0050129148
   80Y     4.5302822759    -0.0071092444
   80Z     2.2918681450    -0.0003701889
   81X    -1.4092254776     0.0201350408
   81Y     5.9590269651    -0.0027316665
   81Z     2.2201989695    -0.0179894609
   82X     0.3171041142    -0.0148738637
   82Y     6.0931668053    -0.0145301924
   82Z     1.8871610341    -0.0028116280
   83X     1.4832825233    -0.0111552429
   83Y     3.0343297417    -0.0032170449
   83Z     2.0569032671    -0.0251044813
   84X     0.8689347864     0.0081168537
   84Y     3.6687759202    -0.0114478323
   84Z     0.5365847410     0.0091705306
   85X     2.1684890256    -0.0280092622
   85Y     2.5341565935     0.0065664645
   85Z     0.5367745110     0.0031832252
   86X     3.9669616429     0.0024420775
   86Y    -1.8924970245     0.0147063342
   86Z    -0.0572581044     0.0081577910
   87X     5.5541776341     0.0040464075
   87Y    -0.3516751969    -0.0044073841
   87Z    -0.8217997928     0.0089715199
   88X     5.3544978589     0.0161267009
   88Y    -3.2557102186     0.0056762997
   88Z     0.9038848590    -0.0031964204
   89X     7.0989144921     0.0060455180
   89Y    -4.9513961981     0.0187357143
   89Z     0.7469288470    -0.0027294029
   90X     9.4171946391    -0.0079385811
   90Y    -4.3036937586     0.0115174267
   90Z     0.2407856384    -0.0011227501
   91X     9.9857451625    -0.0137077262
   91Y    -1.9177654664    -0.0065636755
   91Z     0.0023467702     0.0021931099
   92X     8.2254739781    -0.0036196666
   92Y    -0.2253064972    -0.0105849390
   92Z     0.1253413196     0.0027649014
   93X     3.1299497190     0.0014757146
   93Y    -1.6337869448    -0.0009883146
   93Z     2.1083780410     0.0014757197
   94X     6.0936142953    -0.0008916948
   94Y     0.6250744177    -0.0007310363
   94Z     1.8859549340    -0.0169123512
   95X     6.7084385023    -0.0096509828
   95Y     0.4705180859     0.0130078331
   95Z    -1.9833353715    -0.0049450430
   96X     5.6743955033    -0.0025165327
   96Y     0.8727860166     0.0112998843
   96Z    -4.1412753062     0.0123138719
   97X     4.3798459545     0.0024433281
   97Y     2.9274162635    -0.0066098768
   97Z    -4.5335959262     0.0070182502
   98X     4.2563846850     0.0081980681
   98Y     4.6442142246    -0.0128960827
   98Z    -2.7660689312     0.0077714440
   99X     5.1747309752    -0.0019807151
   99Y     4.1495329469     0.0022530341
   99Z    -0.5327311807    -0.0123193389
  100X    -1.9015966152     0.0081426931
  100Y    -3.5961884646    -0.0140734384
  100Z     1.6316251146    -0.0100741770
  101X    -0.6959961231    -0.0003593513
  101Y    -5.4955301297     0.0020700172
  101Z     2.6284273507     0.0020059004
  102X     0.3482320666    -0.0051849091
  102Y    -7.1761497180     0.0080699212
  102Z     1.1766068899    -0.0069534024
  103X     0.1934856248    -0.0073636455
  103Y    -6.9647955319     0.0096381282
  103Z    -1.2689412269     0.0223067315
  104X    -0.9826070850     0.0027891133
  104Y    -5.0258756638    -0.0069956511
  104Z    -2.2518210920     0.0263075504
  105X     0.6895305627    -0.0029794347
  105Y    -0.6503325997    -0.0007899685
  105Z     2.1318040128    -0.0033219855
  106X     0.0408559131    -0.0011822430
  106Y    -1.8507204713     0.0064734317
  106Z     1.0570934807     0.0076127928
  107X    -0.5497152620     0.0116422362
  107Y    -1.7387967528     0.0075304390
  107Z     2.6730564641    -0.0224235733
  108X    -2.6864695851     0.0055415119
  108Y    -1.5071205751     0.0225906454
  108Z     2.3903168925     0.0095211826
  109X    -3.3390145450     0.0294846196
  109Y     0.1000510676    -0.0141610573
  109Z     2.4688671085    -0.0012420899
  110X    -1.9770021010    -0.0097841462
  110Y    -0.2959025626    -0.0053582527
  110Z     3.4410103628    -0.0185526697
----------------------------------------

 @ End Gradient Calculation

  Skipping one-electron property calculation.

 @ Output cuEST Memory Footprint

------------- cuEST MEMORY USAGE ---------------
| Peak Host Footprint =    95.01 kB
| Host Allocations =    43
| Peak Device Footprint =    75.52 GB
| Device Allocations =    36
------------------------------------------------

 @ Finish Output cuEST Memory Footprint


 @ Output Timing Information

------------- TIMING ---------------
| CUEST INITIALIZATION TIME =     2.234762000(  6.49%)
| INITIAL GUESS TIME  =     5.824029000( 16.91%)
| DFT GRID OPERATIONS =     0.003023000(  0.01%)
| TOTAL SCF TIME      =    15.633552000( 45.40%)
|       TOTAL OP TIME      =    11.515280000( 33.44%)
|             TOTAL 1e TIME      =     0.056991000(  0.17%)
|             TOTAL 2e TIME      =     8.493302000( 24.66%)
|             TOTAL EXC TIME     =     2.373596000(  6.89%)
|       TOTAL DII TIME      =     3.980949000( 11.56%)
|             TOTAL DIAG TIME    =     0.437256000(  1.27%)
| TOTAL GRADIENT TIME      =     8.928024000( 25.93%)
|       TOTAL 1e GRADIENT TIME      =     4.948947000(14.76%)
|       TOTAL 2e GRADIENT TIME      =     3.373534000( 9.80%)
|       TOTAL EXC GRADIENT TIME     =     0.465272000(  1.35%)
| TOTAL TIME          =    34.434952000
------------------------------------
| Job cpu time:  0 days  0 hours  0 minutes 34.4 seconds.

 @ Finish Output Timing Information

| Normal Termination. Task Finished on: Fri Aug 28 18:49:21 2026
