| *********************************************************************************************************
| **                                                                                                     **
| **           888888888888                                                                              **
| **         8888888888888888                                                                            **
| **      888888888888888888                                                                             **
| **     888888888888888888                                                                              **
| **    888888888888888                                                                                  **
| **   88888888888888888888                               88888                       8888:              **
| **   8888888888888888888888Z                            88888                       8888:              **
| **   888888888888888888888888?                          88888                       8888:              **
| **   8888888888888      8888888                                        888888       8888:              **
| **    88888888888         888888     8888:     88888    88888        888888888I     8888:    888888    **
| **    8888888888           88888:    8888:     88888    88888      $888888888888    8888:   888888     **
| **    I8Z 88888             88888    8888:     88888    88888    .888888     8888   8888: 888888       **
| **    .8Z 88888             88888    8888:     88888    88888    $88888             8888:88888         **
| **     8I 88888      .=88. .88888    8888:     88888    88888    88888              8888888888         **
| **    :8  88888      888888$8888$    8888:     88888    88888    8888O              88888888888        **
| **   ,7   +88888.     8888888888.    8888:     88888    88888    888888             88888O888888       **
| **         $888888:.   .8888888      88888....888888    88888     888888     8888   8888:  888888      **
| **          I8888888888888888888     888888888888888    88888     O888888888888O    8888:   888888     **
| **            O888888888888888888     88888888888888    88888       88888888888$    8888:    888888    **
| **               8888888Z     888      .8888I  88888    88888         8888888       8888:     888888   **
| **                                                                                                     **
| **                                                                                                     **
| **                                         Copyright (c) 2026                                          **
| **                          Regents of the University of California San Diego                          **
| **                                    & Michigan State University                                      **
| **                                        All Rights Reserved.                                         **
| **                                                                                                     **
| **             This software is subject to the terms of the Mozilla Public License, v. 2.0.            **
| **                                                                                                     **
| *********************************************************************************************************
|                                                                                                          
| Cite this work as:                                                                                       
| Manathunga, M.; O'Hearn, K. A.; Shajan, A.; Smith, J.; Miao, Y.; He, X.; Ayers, K.;                      
| Brothers, E.; Palos, E.; Tripathy, V.; Goetz, A.W.; Merz, K.M. QUICK-26.03.                              
| University of California,San Diego, CA and                                                               
| Michigan State University, East Lansing, MI, 2026                                                        
|                                                                                                          
| If you have any comments or queries, please reach out to us on GitHub issues or discussion sections:     
| https://github.com/merzlab/QUICK.                                                                        
|                                                                                                          
| TASK STARTS ON: Mon Jul 20 14:33:10 2026
| INPUT FILE :    /work2/11707/msun12/stampede3/quickruns/3330291/mph1/morphine_6-31+G**.in
| OUTPUT FILE:    /work2/11707/msun12/stampede3/quickruns/3330291/mph1/morphine_6-31+G**.out
| BASIS SET PATH: /home1/11707/msun12/QUICK-cuEST-install/basis

|------------ GPU INFORMATION ---------------
| CUDA ENABLED DEVICE         :        1
| CUDA DEVICE IN USE          :        0
| CUDA DEVICE NAME            : NVIDIA H100
| CUDA DEVICE PM              :      132
| CUDA DEVICE CORE FREQ(GHZ)  :     1.98
| CUDA DEVICE MEMORY SIZE (MB):    95321
| SUPPORTING CUDA VERSION     :      9.0
|--------------------------------------------

 @ Read Job And Atom

  KEYWORD=DFT B3LYP BASIS=6-31+G** CUTOFF=1.0E-10 DENSERMS=1.0E-6 ENERGY
 ============== JOB CARD =============
 METHOD = DENSITY FUNCTIONAL THEORY
 DENSITY FUNCTIONAL = B3LYP
 DIRECT SCF 
 SAD INITAL GUESS 
 USE DIIS SCF
 PRINT ENERGY EVERY CYCLE
 READ SAD GUESS FROM FILE
 STANDARD GRID = SG1
 Level shifting allowed after cycle    3
 DIIS error must exceed 0.100 for level shifting
 Max HOMO-LUMO gap to allow level shifting = 0.200
 MAX SCF CYCLES =    200
 MAX DIIS CYCLES =   10
 DELTA DENSITY START CYCLE =    3
 COMPUTATIONAL CUTOFF: 
      TWO-e INTEGRAL         =  0.100E-09
      BASIS SET PRIME        =  0.100E-10
      MATRIX ELEMENTS        =  0.100E-09
      BASIS FUNCTION         =  0.100E-05
      NEAR-LINEAR DEPENDENCY =  0.100E-04
 DENSITY MATRIX MAXIMUM RMS FOR CONVERGENCE  =  0.100E-05
 BASIS SET = 6-31+G**,  TYPE = CARTESIAN
| BASIS FILE = /home1/11707/msun12/QUICK-cuEST-install/basis/6-31PLGDP.BAS
| DATA FILE  =    /work2/11707/msun12/stampede3/quickruns/3330291/mph1/morphine_6-31+G**.dat

 @ Finish reading job


 @ Begin SAD initial guess

 For Atom Kind =    1
 ELEMENT = O 
 BASIS FUNCTIONS =   19
 For Atom Kind =    2
 ELEMENT = N 
 BASIS FUNCTIONS =   19
 For Atom Kind =    3
 ELEMENT = C 
 BASIS FUNCTIONS =   19
 For Atom Kind =    4
 ELEMENT = H 
 BASIS FUNCTIONS =    5

 @ Finish SAD initial guess


 @ Begin Reading Molecular Information


 =========== Molecule Input ==========
 TOTAL MOLECULAR CHARGE  =    0    MULTIPLICITY                =    1
 TOTAL ATOM NUMBER       =   40    NUMBER OF ATOM TYPES        =    4
 NUMBER OF HYDROGEN ATOM =   19    NUMBER OF NON-HYDROGEN ATOM =   21
 NUMBER OF ELECTRONS     =  152

 -- INPUT GEOMETRY -- :
    O          -1.9930      -0.4740       1.2005
    O          -2.7826      -2.5168      -0.2218
    O          -3.6220       1.8421       0.5579
    N           3.1777      -0.0101       0.4474
    C           0.3699      -0.7149       0.6616
    C           1.2913      -1.3046      -0.4170
    C           2.3441      -0.2023      -0.7640
    C          -0.9377      -1.4750       0.9848
    C           1.1988      -0.3907       1.9201
    C          -0.2516       0.5302       0.1205
    C           1.6887       1.1052      -1.3279
    C           2.4315       0.4754       1.6126
    C           0.3384       1.4306      -0.7480
    C          -1.3631      -2.5067      -0.0924
    C           0.5066      -1.8183      -1.5971
    C          -1.5672       0.6306       0.5136
    C          -0.7155      -2.3492      -1.4425
    C           4.3733       0.7916       0.2084
    C          -0.4184       2.5415      -1.1246
    C          -2.3310       1.7217       0.1620
    C          -1.7382       2.6936      -0.6541
    H           1.8278      -2.1759      -0.0118
    H           3.0029      -0.6035      -1.5465
    H          -0.8451      -2.0128       1.9373
    H           1.5366      -1.3335       2.3712
    H           0.5899       0.1174       2.6790
    H           1.5474       0.9596      -2.4075
    H           2.3530       1.9680      -1.2194
    H           2.1271       1.5205       1.4760
    H           3.0801       0.4584       2.4975
    H          -1.0772      -3.5067       0.2593
    H           0.9601      -1.7947      -2.5831
    H          -1.2300      -2.7505      -2.3109
    H           4.1500       1.8479       0.0287
    H           4.9380       0.4055      -0.6472
    H           5.0444       0.7352       1.0730
    H          -0.0062       3.2824      -1.8043
    H          -2.3121       3.5638      -0.9645
    H          -3.1557      -2.6446       0.6672
    H          -3.8483       1.0686       1.1031

============== BASIS INFOS ==============
 BASIS FUNCTIONS =  494
 NSHELL =  162 NPRIM  =  805
 JSHELL =  162 JBASIS =  347


 @ End Reading Molecular Information 


 @ Begin XC Quadrature Formation

 OCTAGO: OCTree Algorithm for Grid Operations 
   PRUNING CUTOFF       = 0.100E-07
   INITIAL GRID POINTS  =      151424
|   FINAL GRID POINTS    =       97388
|   SIGNIFICANT NUMBER OF BASIS FUNCTIONS     =      273487
|   SIGNIFICANT NUMBER OF PRIMITIVE FUNCTIONS =      291444

 @ End XC Quadrature Formation


 @ Begin Energy Calculation

| Number of total basis functions:    494
| Number of linearly independent basis functions:    484
| condition number of overlap matrix:    9.530E+07
| Smallest eigenvalue of overlap matrix:    2.230E-07

                                         SCF ENERGY
| ------------------------------------------------------------------------------------------------------------------------
| NCYC       ENERGY         DELTA_E      SCF_TIME  DII_CYC   DII_TIME   O_TIME  DIAG_TIME    MAX_ERR    RMS_CHG    MAX_CHG
| ------------------------------------------------------------------------------------------------------------------------
|  1   -944.955076469      ------         1.127     1        0.02      1.11      0.01    0.2303E+01  0.2699E-01  0.2832E+01
|  2   -939.241702426  -.571337E+01       0.071     2        0.02      0.05      0.01    0.2065E+00  0.3556E-01  0.3237E+01
|  3   -939.038935579  -.202767E+00       0.063     3        0.02      0.04      0.01    0.3430E+00  0.2478E-01  0.2319E+01
|   ***  Level shifting applied  ( HOMO-LUMO gap =  0.060 au ) ***
|  4   -939.660771866  0.621836E+00       0.059     4        0.02      0.04      0.01    0.2977E-01  0.6614E-02  0.6786E+00
|  5   -939.674358677  0.135868E-01       0.060     5        0.02      0.04      0.01    0.2009E-01  0.9507E-03  0.6062E-01
|  6   -939.676711975  0.235330E-02       0.060     6        0.02      0.04      0.01    0.7168E-02  0.2739E-03  0.1387E-01
|  7   -939.676881109  0.169134E-03       0.061     7        0.02      0.04      0.01    0.2487E-02  0.1019E-03  0.3355E-02
|  8   -939.676921596  0.404868E-04       0.069     8        0.03      0.04      0.01    0.9279E-03  0.3940E-04  0.1735E-02
|  9   -939.676926431  0.483479E-05       0.063     9        0.02      0.04      0.01    0.1751E-03  0.6644E-05  0.2737E-03
| 10   -939.676926605  0.174223E-06       0.062    10        0.02      0.04      0.01    0.5180E-04  0.3081E-05  0.2042E-03
| 11   -939.676926634  0.287478E-07       0.066     1        0.03      0.04      0.01    0.2200E-04  0.1238E-05  0.4682E-04
| 12   -939.676926642  0.801174E-08       0.065     2        0.02      0.04      0.01    0.1624E-04  0.4297E-06  0.1847E-04
| ------------------------------------------------------------------------------------------------------------------------
| REACH CONVERGENCE AFTER  12 CYCLES
| MAX ERROR = 0.162424E-04   RMS CHANGE = 0.429686E-06   MAX CHANGE = 0.184724E-04
| -----------------------------------------------
 ALPHA ELECTRON DENSITY    =    76.0000000000
 BETA ELECTRON DENSITY     =    76.0000000000
 ELECTRONIC ENERGY    =  -2768.984197123
 CORE_CORE REPULSION  =   1829.307270481
 TOTAL ENERGY         =   -939.676926642

 @ End Energy calculation

  Skipping one-electron property calculation.

 @ Output cuEST Memory Footprint

------------- cuEST MEMORY USAGE ---------------
| Peak Host Footprint =    33.50 kB
| Total Host Footprint =    44.50 kB
| Host Allocations =    37
| Peak Device Footprint =     5.65 GB
| Total Device Footprint =     6.92 GB
| Device Allocations =    57
------------------------------------------------

 @ Finish Output cuEST Memory Footprint


 @ Output Timing Information

------------- TIMING ---------------
| INITIAL GUESS TIME  =     1.331017000( 28.43%)
| DFT GRID OPERATIONS =     0.154500000(  3.30%)
| TOTAL SCF TIME      =     1.835221000( 39.19%)
|       TOTAL OP TIME      =     1.563415000( 33.39%)
|             TOTAL 1e TIME      =     0.009775000(  0.21%)
|             TOTAL 2e TIME      =     0.574016000( 12.26%)
|             TOTAL EXC TIME     =     0.934181000( 19.95%)
|       TOTAL DII TIME      =     0.263804000(  5.63%)
|             TOTAL DIAG TIME    =     0.070532000(  1.51%)
| TOTAL TIME          =     4.682329000
------------------------------------
| Job cpu time:  0 days  0 hours  0 minutes  4.7 seconds.

 @ Finish Output Timing Information

| Normal Termination. Task Finished on: Mon Jul 20 14:33:15 2026
