| *********************************************************************************************************
| **                                                                                                     **
| **           888888888888                                                                              **
| **         8888888888888888                                                                            **
| **      888888888888888888                                                                             **
| **     888888888888888888                                                                              **
| **    888888888888888                                                                                  **
| **   88888888888888888888                               88888                       8888:              **
| **   8888888888888888888888Z                            88888                       8888:              **
| **   888888888888888888888888?                          88888                       8888:              **
| **   8888888888888      8888888                                        888888       8888:              **
| **    88888888888         888888     8888:     88888    88888        888888888I     8888:    888888    **
| **    8888888888           88888:    8888:     88888    88888      $888888888888    8888:   888888     **
| **    I8Z 88888             88888    8888:     88888    88888    .888888     8888   8888: 888888       **
| **    .8Z 88888             88888    8888:     88888    88888    $88888             8888:88888         **
| **     8I 88888      .=88. .88888    8888:     88888    88888    88888              8888888888         **
| **    :8  88888      888888$8888$    8888:     88888    88888    8888O              88888888888        **
| **   ,7   +88888.     8888888888.    8888:     88888    88888    888888             88888O888888       **
| **         $888888:.   .8888888      88888....888888    88888     888888     8888   8888:  888888      **
| **          I8888888888888888888     888888888888888    88888     O888888888888O    8888:   888888     **
| **            O888888888888888888     88888888888888    88888       88888888888$    8888:    888888    **
| **               8888888Z     888      .8888I  88888    88888         8888888       8888:     888888   **
| **                                                                                                     **
| **                                                                                                     **
| **                                         Copyright (c) 2026                                          **
| **                          Regents of the University of California San Diego                          **
| **                                    & Michigan State University                                      **
| **                                        All Rights Reserved.                                         **
| **                                                                                                     **
| **             This software is subject to the terms of the Mozilla Public License, v. 2.0.            **
| **                                                                                                     **
| *********************************************************************************************************
|                                                                                                          
| Cite this work as:                                                                                       
| Manathunga, M.; O'Hearn, K. A.; Shajan, A.; Smith, J.; Miao, Y.; He, X.; Ayers, K.;                      
| Brothers, E.; Palos, E.; Tripathy, V.; Goetz, A.W.; Merz, K.M. QUICK-26.03.                              
| University of California,San Diego, CA and                                                               
| Michigan State University, East Lansing, MI, 2026                                                        
|                                                                                                          
| If you have any comments or queries, please reach out to us on GitHub issues or discussion sections:     
| https://github.com/merzlab/QUICK.                                                                        
|                                                                                                          
| TASK STARTS ON: Mon Jul 20 14:33:23 2026
| INPUT FILE :    /work2/11707/msun12/stampede3/quickruns/3330291/mph1/morphine_def2-TZVP.in
| OUTPUT FILE:    /work2/11707/msun12/stampede3/quickruns/3330291/mph1/morphine_def2-TZVP.out
| BASIS SET PATH: /home1/11707/msun12/QUICK-cuEST-install/basis

|------------ GPU INFORMATION ---------------
| CUDA ENABLED DEVICE         :        1
| CUDA DEVICE IN USE          :        0
| CUDA DEVICE NAME            : NVIDIA H100
| CUDA DEVICE PM              :      132
| CUDA DEVICE CORE FREQ(GHZ)  :     1.98
| CUDA DEVICE MEMORY SIZE (MB):    95321
| SUPPORTING CUDA VERSION     :      9.0
|--------------------------------------------

 @ Read Job And Atom

  KEYWORD=DFT B3LYP BASIS=DEF2-TZVP CUTOFF=1.0E-10 DENSERMS=1.0E-6 ENERGY
 ============== JOB CARD =============
 METHOD = DENSITY FUNCTIONAL THEORY
 DENSITY FUNCTIONAL = B3LYP
 DIRECT SCF 
 SAD INITAL GUESS 
 USE DIIS SCF
 PRINT ENERGY EVERY CYCLE
 READ SAD GUESS FROM FILE
 STANDARD GRID = SG1
 Level shifting allowed after cycle    3
 DIIS error must exceed 0.100 for level shifting
 Max HOMO-LUMO gap to allow level shifting = 0.200
 MAX SCF CYCLES =    200
 MAX DIIS CYCLES =   10
 DELTA DENSITY START CYCLE =    3
 COMPUTATIONAL CUTOFF: 
      TWO-e INTEGRAL         =  0.100E-09
      BASIS SET PRIME        =  0.100E-10
      MATRIX ELEMENTS        =  0.100E-09
      BASIS FUNCTION         =  0.100E-05
      NEAR-LINEAR DEPENDENCY =  0.100E-04
 DENSITY MATRIX MAXIMUM RMS FOR CONVERGENCE  =  0.100E-05
 BASIS SET = DEF2-TZVP,  TYPE = CARTESIAN
| BASIS FILE = /home1/11707/msun12/QUICK-cuEST-install/basis/DEF2-TZVP.BAS
| DATA FILE  =    /work2/11707/msun12/stampede3/quickruns/3330291/mph1/morphine_def2-TZVP.dat

 @ Finish reading job


 @ Begin SAD initial guess

 For Atom Kind =    1
 ELEMENT = O 
 BASIS FUNCTIONS =   36
 For Atom Kind =    2
 ELEMENT = N 
 BASIS FUNCTIONS =   36
 For Atom Kind =    3
 ELEMENT = C 
 BASIS FUNCTIONS =   36
 For Atom Kind =    4
 ELEMENT = H 
 BASIS FUNCTIONS =    6

 @ Finish SAD initial guess


 @ Begin Reading Molecular Information


 =========== Molecule Input ==========
 TOTAL MOLECULAR CHARGE  =    0    MULTIPLICITY                =    1
 TOTAL ATOM NUMBER       =   40    NUMBER OF ATOM TYPES        =    4
 NUMBER OF HYDROGEN ATOM =   19    NUMBER OF NON-HYDROGEN ATOM =   21
 NUMBER OF ELECTRONS     =  152

 -- INPUT GEOMETRY -- :
    O          -1.9930      -0.4740       1.2005
    O          -2.7826      -2.5168      -0.2218
    O          -3.6220       1.8421       0.5579
    N           3.1777      -0.0101       0.4474
    C           0.3699      -0.7149       0.6616
    C           1.2913      -1.3046      -0.4170
    C           2.3441      -0.2023      -0.7640
    C          -0.9377      -1.4750       0.9848
    C           1.1988      -0.3907       1.9201
    C          -0.2516       0.5302       0.1205
    C           1.6887       1.1052      -1.3279
    C           2.4315       0.4754       1.6126
    C           0.3384       1.4306      -0.7480
    C          -1.3631      -2.5067      -0.0924
    C           0.5066      -1.8183      -1.5971
    C          -1.5672       0.6306       0.5136
    C          -0.7155      -2.3492      -1.4425
    C           4.3733       0.7916       0.2084
    C          -0.4184       2.5415      -1.1246
    C          -2.3310       1.7217       0.1620
    C          -1.7382       2.6936      -0.6541
    H           1.8278      -2.1759      -0.0118
    H           3.0029      -0.6035      -1.5465
    H          -0.8451      -2.0128       1.9373
    H           1.5366      -1.3335       2.3712
    H           0.5899       0.1174       2.6790
    H           1.5474       0.9596      -2.4075
    H           2.3530       1.9680      -1.2194
    H           2.1271       1.5205       1.4760
    H           3.0801       0.4584       2.4975
    H          -1.0772      -3.5067       0.2593
    H           0.9601      -1.7947      -2.5831
    H          -1.2300      -2.7505      -2.3109
    H           4.1500       1.8479       0.0287
    H           4.9380       0.4055      -0.6472
    H           5.0444       0.7352       1.0730
    H          -0.0062       3.2824      -1.8043
    H          -2.3121       3.5638      -0.9645
    H          -3.1557      -2.6446       0.6672
    H          -3.8483       1.0686       1.1031

============== BASIS INFOS ==============
 BASIS FUNCTIONS =  870
 NSHELL =  307 NPRIM  = 1223
 JSHELL =  307 JBASIS =  534


 @ End Reading Molecular Information 


 @ Begin XC Quadrature Formation

 OCTAGO: OCTree Algorithm for Grid Operations 
   PRUNING CUTOFF       = 0.100E-06
   INITIAL GRID POINTS  =      151424
|   FINAL GRID POINTS    =       96277
|   SIGNIFICANT NUMBER OF BASIS FUNCTIONS     =      360357
|   SIGNIFICANT NUMBER OF PRIMITIVE FUNCTIONS =      372360

 @ End XC Quadrature Formation


 @ Begin Energy Calculation

| Number of total basis functions:    870
| Number of linearly independent basis functions:    868
| condition number of overlap matrix:    4.930E+06
| Smallest eigenvalue of overlap matrix:    3.927E-06

                                         SCF ENERGY
| ------------------------------------------------------------------------------------------------------------------------
| NCYC       ENERGY         DELTA_E      SCF_TIME  DII_CYC   DII_TIME   O_TIME  DIAG_TIME    MAX_ERR    RMS_CHG    MAX_CHG
| ------------------------------------------------------------------------------------------------------------------------
|  1   -945.148212696      ------        10.991     1        0.05     10.94      0.01    0.2213E+01  0.8934E-02  0.1447E+01
|  2   -939.455449070  -.569276E+01       0.145     2        0.04      0.10      0.01    0.2408E+00  0.1177E-01  0.1590E+01
|  3   -939.155680230  -.299769E+00       0.140     3        0.05      0.09      0.01    0.3801E+00  0.7032E-02  0.1125E+01
|   ***  Level shifting applied  ( HOMO-LUMO gap =  0.100 au ) ***
|  4   -939.961231307  0.805551E+00       0.134     4        0.05      0.09      0.01    0.4024E-01  0.1207E-02  0.1100E+00
|  5   -939.975550482  0.143192E-01       0.136     5        0.05      0.09      0.01    0.2327E-01  0.2171E-03  0.9559E-02
|  6   -939.979473260  0.392278E-02       0.136     6        0.05      0.08      0.01    0.5809E-02  0.8776E-04  0.6731E-02
|  7   -939.979899978  0.426718E-03       0.138     7        0.05      0.08      0.01    0.3633E-02  0.4704E-04  0.5889E-02
|  8   -939.980018094  0.118116E-03       0.140     8        0.05      0.08      0.01    0.5993E-03  0.8854E-05  0.1155E-02
|  9   -939.980021126  0.303265E-05       0.143     9        0.06      0.09      0.01    0.3734E-03  0.3064E-05  0.4653E-03
| 10   -939.980021613  0.486244E-06       0.151    10        0.06      0.09      0.01    0.8640E-04  0.1013E-05  0.5755E-04
| 11   -939.980021652  0.397540E-07       0.162     1        0.07      0.09      0.01    0.3114E-04  0.3316E-06  0.2539E-04
| ------------------------------------------------------------------------------------------------------------------------
| REACH CONVERGENCE AFTER  11 CYCLES
| MAX ERROR = 0.311405E-04   RMS CHANGE = 0.331626E-06   MAX CHANGE = 0.253930E-04
| -----------------------------------------------
 ALPHA ELECTRON DENSITY    =    76.0000000000
 BETA ELECTRON DENSITY     =    76.0000000000
 ELECTRONIC ENERGY    =  -2769.287292133
 CORE_CORE REPULSION  =   1829.307270481
 TOTAL ENERGY         =   -939.980021652

 @ End Energy calculation

  Skipping one-electron property calculation.

 @ Output cuEST Memory Footprint

------------- cuEST MEMORY USAGE ---------------
| Peak Host Footprint =    36.13 kB
| Total Host Footprint =    53.79 kB
| Host Allocations =    37
| Peak Device Footprint =     8.72 GB
| Total Device Footprint =    10.14 GB
| Device Allocations =    54
------------------------------------------------

 @ Finish Output cuEST Memory Footprint


 @ Output Timing Information

------------- TIMING ---------------
| INITIAL GUESS TIME  =     5.406930000( 27.60%)
| DFT GRID OPERATIONS =     0.168662000(  0.86%)
| TOTAL SCF TIME      =    12.492877000( 63.76%)
|       TOTAL OP TIME      =    11.883201000( 60.65%)
|             TOTAL 1e TIME      =     0.075757000(  0.39%)
|             TOTAL 2e TIME      =     9.695672000( 49.48%)
|             TOTAL EXC TIME     =     1.930791000(  9.85%)
|       TOTAL DII TIME      =     0.585861000(  2.99%)
|             TOTAL DIAG TIME    =     0.127005000(  0.65%)
| TOTAL TIME          =    19.593543000
------------------------------------
| Job cpu time:  0 days  0 hours  0 minutes 19.6 seconds.

 @ Finish Output Timing Information

| Normal Termination. Task Finished on: Mon Jul 20 14:33:43 2026
