| *********************************************************************************************************
| **                                                                                                     **
| **           888888888888                                                                              **
| **         8888888888888888                                                                            **
| **      888888888888888888                                                                             **
| **     888888888888888888                                                                              **
| **    888888888888888                                                                                  **
| **   88888888888888888888                               88888                       8888:              **
| **   8888888888888888888888Z                            88888                       8888:              **
| **   888888888888888888888888?                          88888                       8888:              **
| **   8888888888888      8888888                                        888888       8888:              **
| **    88888888888         888888     8888:     88888    88888        888888888I     8888:    888888    **
| **    8888888888           88888:    8888:     88888    88888      $888888888888    8888:   888888     **
| **    I8Z 88888             88888    8888:     88888    88888    .888888     8888   8888: 888888       **
| **    .8Z 88888             88888    8888:     88888    88888    $88888             8888:88888         **
| **     8I 88888      .=88. .88888    8888:     88888    88888    88888              8888888888         **
| **    :8  88888      888888$8888$    8888:     88888    88888    8888O              88888888888        **
| **   ,7   +88888.     8888888888.    8888:     88888    88888    888888             88888O888888       **
| **         $888888:.   .8888888      88888....888888    88888     888888     8888   8888:  888888      **
| **          I8888888888888888888     888888888888888    88888     O888888888888O    8888:   888888     **
| **            O888888888888888888     88888888888888    88888       88888888888$    8888:    888888    **
| **               8888888Z     888      .8888I  88888    88888         8888888       8888:     888888   **
| **                                                                                                     **
| **                                                                                                     **
| **                                         Copyright (c) 2026                                          **
| **                          Regents of the University of California San Diego                          **
| **                                    & Michigan State University                                      **
| **                                        All Rights Reserved.                                         **
| **                                                                                                     **
| **             This software is subject to the terms of the Mozilla Public License, v. 2.0.            **
| **                                                                                                     **
| *********************************************************************************************************
|                                                                                                          
| Cite this work as:                                                                                       
| Manathunga, M.; O'Hearn, K. A.; Shajan, A.; Smith, J.; Miao, Y.; He, X.; Ayers, K.;                      
| Brothers, E.; Palos, E.; Tripathy, V.; Goetz, A.W.; Merz, K.M. QUICK-26.03.                              
| University of California,San Diego, CA and                                                               
| Michigan State University, East Lansing, MI, 2026                                                        
|                                                                                                          
| If you have any comments or queries, please reach out to us on GitHub issues or discussion sections:     
| https://github.com/merzlab/QUICK.                                                                        
|                                                                                                          
| TASK STARTS ON: Mon Jul 20 14:33:19 2026
| INPUT FILE :    /work2/11707/msun12/stampede3/quickruns/3330291/mph1/morphine_def2-SVP.in
| OUTPUT FILE:    /work2/11707/msun12/stampede3/quickruns/3330291/mph1/morphine_def2-SVP.out
| BASIS SET PATH: /home1/11707/msun12/QUICK-cuEST-install/basis

|------------ GPU INFORMATION ---------------
| CUDA ENABLED DEVICE         :        1
| CUDA DEVICE IN USE          :        0
| CUDA DEVICE NAME            : NVIDIA H100
| CUDA DEVICE PM              :      132
| CUDA DEVICE CORE FREQ(GHZ)  :     1.98
| CUDA DEVICE MEMORY SIZE (MB):    95321
| SUPPORTING CUDA VERSION     :      9.0
|--------------------------------------------

 @ Read Job And Atom

  KEYWORD=DFT B3LYP BASIS=DEF2-SVP CUTOFF=1.0E-10 DENSERMS=1.0E-6 ENERGY
 ============== JOB CARD =============
 METHOD = DENSITY FUNCTIONAL THEORY
 DENSITY FUNCTIONAL = B3LYP
 DIRECT SCF 
 SAD INITAL GUESS 
 USE DIIS SCF
 PRINT ENERGY EVERY CYCLE
 READ SAD GUESS FROM FILE
 STANDARD GRID = SG1
 Level shifting allowed after cycle    3
 DIIS error must exceed 0.100 for level shifting
 Max HOMO-LUMO gap to allow level shifting = 0.200
 MAX SCF CYCLES =    200
 MAX DIIS CYCLES =   10
 DELTA DENSITY START CYCLE =    3
 COMPUTATIONAL CUTOFF: 
      TWO-e INTEGRAL         =  0.100E-09
      BASIS SET PRIME        =  0.100E-10
      MATRIX ELEMENTS        =  0.100E-09
      BASIS FUNCTION         =  0.100E-05
      NEAR-LINEAR DEPENDENCY =  0.100E-04
 DENSITY MATRIX MAXIMUM RMS FOR CONVERGENCE  =  0.100E-05
 BASIS SET = DEF2-SVP,  TYPE = CARTESIAN
| BASIS FILE = /home1/11707/msun12/QUICK-cuEST-install/basis/DEF2-SVP.BAS
| DATA FILE  =    /work2/11707/msun12/stampede3/quickruns/3330291/mph1/morphine_def2-SVP.dat

 @ Finish reading job


 @ Begin SAD initial guess

 For Atom Kind =    1
 ELEMENT = O 
 BASIS FUNCTIONS =   15
 For Atom Kind =    2
 ELEMENT = N 
 BASIS FUNCTIONS =   15
 For Atom Kind =    3
 ELEMENT = C 
 BASIS FUNCTIONS =   15
 For Atom Kind =    4
 ELEMENT = H 
 BASIS FUNCTIONS =    5

 @ Finish SAD initial guess


 @ Begin Reading Molecular Information


 =========== Molecule Input ==========
 TOTAL MOLECULAR CHARGE  =    0    MULTIPLICITY                =    1
 TOTAL ATOM NUMBER       =   40    NUMBER OF ATOM TYPES        =    4
 NUMBER OF HYDROGEN ATOM =   19    NUMBER OF NON-HYDROGEN ATOM =   21
 NUMBER OF ELECTRONS     =  152

 -- INPUT GEOMETRY -- :
    O          -1.9930      -0.4740       1.2005
    O          -2.7826      -2.5168      -0.2218
    O          -3.6220       1.8421       0.5579
    N           3.1777      -0.0101       0.4474
    C           0.3699      -0.7149       0.6616
    C           1.2913      -1.3046      -0.4170
    C           2.3441      -0.2023      -0.7640
    C          -0.9377      -1.4750       0.9848
    C           1.1988      -0.3907       1.9201
    C          -0.2516       0.5302       0.1205
    C           1.6887       1.1052      -1.3279
    C           2.4315       0.4754       1.6126
    C           0.3384       1.4306      -0.7480
    C          -1.3631      -2.5067      -0.0924
    C           0.5066      -1.8183      -1.5971
    C          -1.5672       0.6306       0.5136
    C          -0.7155      -2.3492      -1.4425
    C           4.3733       0.7916       0.2084
    C          -0.4184       2.5415      -1.1246
    C          -2.3310       1.7217       0.1620
    C          -1.7382       2.6936      -0.6541
    H           1.8278      -2.1759      -0.0118
    H           3.0029      -0.6035      -1.5465
    H          -0.8451      -2.0128       1.9373
    H           1.5366      -1.3335       2.3712
    H           0.5899       0.1174       2.6790
    H           1.5474       0.9596      -2.4075
    H           2.3530       1.9680      -1.2194
    H           2.1271       1.5205       1.4760
    H           3.0801       0.4584       2.4975
    H          -1.0772      -3.5067       0.2593
    H           0.9601      -1.7947      -2.5831
    H          -1.2300      -2.7505      -2.3109
    H           4.1500       1.8479       0.0287
    H           4.9380       0.4055      -0.6472
    H           5.0444       0.7352       1.0730
    H          -0.0062       3.2824      -1.8043
    H          -2.3121       3.5638      -0.9645
    H          -3.1557      -2.6446       0.6672
    H          -3.8483       1.0686       1.1031

============== BASIS INFOS ==============
 BASIS FUNCTIONS =  410
 NSHELL =  183 NPRIM  =  658
 JSHELL =  183 JBASIS =  347


 @ End Reading Molecular Information 


 @ Begin XC Quadrature Formation

 OCTAGO: OCTree Algorithm for Grid Operations 
   PRUNING CUTOFF       = 0.100E-06
   INITIAL GRID POINTS  =      151424
|   FINAL GRID POINTS    =       95829
|   SIGNIFICANT NUMBER OF BASIS FUNCTIONS     =      173284
|   SIGNIFICANT NUMBER OF PRIMITIVE FUNCTIONS =      185849

 @ End XC Quadrature Formation


 @ Begin Energy Calculation

| condition number of overlap matrix:    7.216E+04
| Smallest eigenvalue of overlap matrix:    1.383E-04

                                         SCF ENERGY
| ------------------------------------------------------------------------------------------------------------------------
| NCYC       ENERGY         DELTA_E      SCF_TIME  DII_CYC   DII_TIME   O_TIME  DIAG_TIME    MAX_ERR    RMS_CHG    MAX_CHG
| ------------------------------------------------------------------------------------------------------------------------
|  1   -944.232808043      ------         0.527     1        0.02      0.51      0.01    0.2258E+01  0.2123E-01  0.6073E+00
|  2   -938.464528357  -.576828E+01       0.058     2        0.02      0.04      0.01    0.2822E+00  0.1176E-01  0.5385E+00
|  3   -938.216867787  -.247661E+00       0.051     3        0.02      0.03      0.00    0.4313E+00  0.6752E-02  0.3630E+00
|   ***  Level shifting applied  ( HOMO-LUMO gap =  0.100 au ) ***
|  4   -938.957998888  0.741131E+00       0.048     4        0.02      0.03      0.00    0.2782E-01  0.1485E-02  0.5118E-01
|  5   -938.972130181  0.141313E-01       0.048     5        0.02      0.03      0.00    0.1209E-01  0.3867E-03  0.1372E-01
|  6   -938.974187529  0.205735E-02       0.049     6        0.02      0.03      0.00    0.4196E-02  0.1525E-03  0.5482E-02
|  7   -938.974384558  0.197029E-03       0.049     7        0.02      0.03      0.00    0.3153E-02  0.7984E-04  0.5534E-02
|  8   -938.974454543  0.699852E-04       0.049     8        0.02      0.03      0.00    0.4582E-03  0.1508E-04  0.5853E-03
|  9   -938.974456876  0.233278E-05       0.049     9        0.02      0.03      0.00    0.2532E-03  0.5130E-05  0.2998E-03
| 10   -938.974457164  0.288502E-06       0.050    10        0.02      0.03      0.00    0.6062E-04  0.1766E-05  0.8025E-04
| 11   -938.974457192  0.278487E-07       0.057     1        0.02      0.03      0.00    0.2835E-04  0.5868E-06  0.2066E-04
| ------------------------------------------------------------------------------------------------------------------------
| REACH CONVERGENCE AFTER  11 CYCLES
| MAX ERROR = 0.283479E-04   RMS CHANGE = 0.586801E-06   MAX CHANGE = 0.206632E-04
| -----------------------------------------------
 ALPHA ELECTRON DENSITY    =    76.0000000000
 BETA ELECTRON DENSITY     =    76.0000000000
 ELECTRONIC ENERGY    =  -2768.281727673
 CORE_CORE REPULSION  =   1829.307270481
 TOTAL ENERGY         =   -938.974457192

 @ End Energy calculation

  Skipping one-electron property calculation.

 @ Output cuEST Memory Footprint

------------- cuEST MEMORY USAGE ---------------
| Peak Host Footprint =    32.16 kB
| Total Host Footprint =    41.47 kB
| Host Allocations =    37
| Peak Device Footprint =     4.96 GB
| Total Device Footprint =     5.66 GB
| Device Allocations =    54
------------------------------------------------

 @ Finish Output cuEST Memory Footprint


 @ Output Timing Information

------------- TIMING ---------------
| INITIAL GUESS TIME  =     1.304325000( 34.17%)
| DFT GRID OPERATIONS =     0.150861000(  3.95%)
| TOTAL SCF TIME      =     1.042876000( 27.32%)
|       TOTAL OP TIME      =     0.846528000( 22.17%)
|             TOTAL 1e TIME      =     0.008819000(  0.23%)
|             TOTAL 2e TIME      =     0.250595000(  6.56%)
|             TOTAL EXC TIME     =     0.554872000( 14.53%)
|       TOTAL DII TIME      =     0.191902000(  5.03%)
|             TOTAL DIAG TIME    =     0.054882000(  1.44%)
| TOTAL TIME          =     3.817588000
------------------------------------
| Job cpu time:  0 days  0 hours  0 minutes  3.8 seconds.

 @ Finish Output Timing Information

| Normal Termination. Task Finished on: Mon Jul 20 14:33:23 2026
