| *********************************************************************************************************
| **                                                                                                     **
| **           888888888888                                                                              **
| **         8888888888888888                                                                            **
| **      888888888888888888                                                                             **
| **     888888888888888888                                                                              **
| **    888888888888888                                                                                  **
| **   88888888888888888888                               88888                       8888:              **
| **   8888888888888888888888Z                            88888                       8888:              **
| **   888888888888888888888888?                          88888                       8888:              **
| **   8888888888888      8888888                                        888888       8888:              **
| **    88888888888         888888     8888:     88888    88888        888888888I     8888:    888888    **
| **    8888888888           88888:    8888:     88888    88888      $888888888888    8888:   888888     **
| **    I8Z 88888             88888    8888:     88888    88888    .888888     8888   8888: 888888       **
| **    .8Z 88888             88888    8888:     88888    88888    $88888             8888:88888         **
| **     8I 88888      .=88. .88888    8888:     88888    88888    88888              8888888888         **
| **    :8  88888      888888$8888$    8888:     88888    88888    8888O              88888888888        **
| **   ,7   +88888.     8888888888.    8888:     88888    88888    888888             88888O888888       **
| **         $888888:.   .8888888      88888....888888    88888     888888     8888   8888:  888888      **
| **          I8888888888888888888     888888888888888    88888     O888888888888O    8888:   888888     **
| **            O888888888888888888     88888888888888    88888       88888888888$    8888:    888888    **
| **               8888888Z     888      .8888I  88888    88888         8888888       8888:     888888   **
| **                                                                                                     **
| **                                                                                                     **
| **                                         Copyright (c) 2026                                          **
| **                          Regents of the University of California San Diego                          **
| **                                    & Michigan State University                                      **
| **                                        All Rights Reserved.                                         **
| **                                                                                                     **
| **             This software is subject to the terms of the Mozilla Public License, v. 2.0.            **
| **                                                                                                     **
| *********************************************************************************************************
|                                                                                                          
| Cite this work as:                                                                                       
| Manathunga, M.; O'Hearn, K. A.; Shajan, A.; Smith, J.; Miao, Y.; He, X.; Ayers, K.;                      
| Brothers, E.; Palos, E.; Tripathy, V.; Goetz, A.W.; Merz, K.M. QUICK-26.03.                              
| University of California,San Diego, CA and                                                               
| Michigan State University, East Lansing, MI, 2026                                                        
|                                                                                                          
| If you have any comments or queries, please reach out to us on GitHub issues or discussion sections:     
| https://github.com/merzlab/QUICK.                                                                        
|                                                                                                          
| TASK STARTS ON: Wed Jul 22 17:27:02 2026
| INPUT FILE :    /work2/11707/msun12/stampede3/quickruns/3337069/mph1/morphine_3-21G.in
| OUTPUT FILE:    /work2/11707/msun12/stampede3/quickruns/3337069/mph1/morphine_3-21G.out
| BASIS SET PATH: /home1/11707/msun12/QUICK-install/basis

|------------ GPU INFORMATION ---------------
| CUDA ENABLED DEVICE         :        1
| CUDA DEVICE IN USE          :        0
| CUDA DEVICE NAME            : NVIDIA H100
| CUDA DEVICE PM              :      132
| CUDA DEVICE CORE FREQ(GHZ)  :     1.98
| CUDA DEVICE MEMORY SIZE (MB):    95321
| SUPPORTING CUDA VERSION     :      9.0
|--------------------------------------------

 @ Read Job And Atom

  KEYWORD=DFT B3LYP BASIS=3-21G CUTOFF=1.0E-10 DENSERMS=1.0E-6 ENERGY
 ============== JOB CARD =============
 METHOD = DENSITY FUNCTIONAL THEORY
 DENSITY FUNCTIONAL = B3LYP
 DIRECT SCF 
 SAD INITAL GUESS 
 USE DIIS SCF
 PRINT ENERGY EVERY CYCLE
 READ SAD GUESS FROM FILE
 STANDARD GRID = SG1
 Level shifting allowed after cycle    3
 DIIS error must exceed 0.100 for level shifting
 Max HOMO-LUMO gap to allow level shifting = 0.200
 MAX SCF CYCLES =    200
 MAX DIIS CYCLES =   10
 DELTA DENSITY START CYCLE =    3
 COMPUTATIONAL CUTOFF: 
      TWO-e INTEGRAL         =  0.100E-09
      BASIS SET PRIME        =  0.100E-10
      MATRIX ELEMENTS        =  0.100E-09
      BASIS FUNCTION         =  0.100E-05
      NEAR-LINEAR DEPENDENCY =  0.100E-04
 DENSITY MATRIX MAXIMUM RMS FOR CONVERGENCE  =  0.100E-05
 BASIS SET = 3-21G,  TYPE = CARTESIAN
| BASIS FILE = /home1/11707/msun12/QUICK-install/basis/3-21G.BAS
| DATA FILE  =    /work2/11707/msun12/stampede3/quickruns/3337069/mph1/morphine_3-21G.dat

 @ Finish reading job


 @ Begin SAD initial guess

 For Atom Kind =    1
 ELEMENT = O 
 BASIS FUNCTIONS =    9
 For Atom Kind =    2
 ELEMENT = N 
 BASIS FUNCTIONS =    9
 For Atom Kind =    3
 ELEMENT = C 
 BASIS FUNCTIONS =    9
 For Atom Kind =    4
 ELEMENT = H 
 BASIS FUNCTIONS =    2

 @ Finish SAD initial guess


 @ Begin Reading Molecular Information


 =========== Molecule Input ==========
 TOTAL MOLECULAR CHARGE  =    0    MULTIPLICITY                =    1
 TOTAL ATOM NUMBER       =   40    NUMBER OF ATOM TYPES        =    4
 NUMBER OF HYDROGEN ATOM =   19    NUMBER OF NON-HYDROGEN ATOM =   21
 NUMBER OF ELECTRONS     =  152

 -- INPUT GEOMETRY -- :
    O          -1.9930      -0.4740       1.2005
    O          -2.7826      -2.5168      -0.2218
    O          -3.6220       1.8421       0.5579
    N           3.1777      -0.0101       0.4474
    C           0.3699      -0.7149       0.6616
    C           1.2913      -1.3046      -0.4170
    C           2.3441      -0.2023      -0.7640
    C          -0.9377      -1.4750       0.9848
    C           1.1988      -0.3907       1.9201
    C          -0.2516       0.5302       0.1205
    C           1.6887       1.1052      -1.3279
    C           2.4315       0.4754       1.6126
    C           0.3384       1.4306      -0.7480
    C          -1.3631      -2.5067      -0.0924
    C           0.5066      -1.8183      -1.5971
    C          -1.5672       0.6306       0.5136
    C          -0.7155      -2.3492      -1.4425
    C           4.3733       0.7916       0.2084
    C          -0.4184       2.5415      -1.1246
    C          -2.3310       1.7217       0.1620
    C          -1.7382       2.6936      -0.6541
    H           1.8278      -2.1759      -0.0118
    H           3.0029      -0.6035      -1.5465
    H          -0.8451      -2.0128       1.9373
    H           1.5366      -1.3335       2.3712
    H           0.5899       0.1174       2.6790
    H           1.5474       0.9596      -2.4075
    H           2.3530       1.9680      -1.2194
    H           2.1271       1.5205       1.4760
    H           3.0801       0.4584       2.4975
    H          -1.0772      -3.5067       0.2593
    H           0.9601      -1.7947      -2.5831
    H          -1.2300      -2.7505      -2.3109
    H           4.1500       1.8479       0.0287
    H           4.9380       0.4055      -0.6472
    H           5.0444       0.7352       1.0730
    H          -0.0062       3.2824      -1.8043
    H          -2.3121       3.5638      -0.9645
    H          -3.1557      -2.6446       0.6672
    H          -3.8483       1.0686       1.1031

============== BASIS INFOS ==============
 BASIS FUNCTIONS =  227
 NSHELL =  101 NPRIM  =  372
 JSHELL =  101 JBASIS =  183


 @ End Reading Molecular Information 


 @ Begin XC Quadrature Formation

 OCTAGO: OCTree Algorithm for Grid Operations 
   PRUNING CUTOFF       = 0.100E-06
   INITIAL GRID POINTS  =      151424
|   FINAL GRID POINTS    =       94980
|   SIGNIFICANT NUMBER OF BASIS FUNCTIONS     =       99286
|   SIGNIFICANT NUMBER OF PRIMITIVE FUNCTIONS =      106149

 @ End XC Quadrature Formation


 @ Begin Energy Calculation

| condition number of overlap matrix:    4.290E+03
| Smallest eigenvalue of overlap matrix:    1.256E-03

                                         SCF ENERGY
| ------------------------------------------------------------------------------------------------------------------------
| NCYC       ENERGY         DELTA_E      SCF_TIME  DII_CYC   DII_TIME   O_TIME  DIAG_TIME    MAX_ERR    RMS_CHG    MAX_CHG
| ------------------------------------------------------------------------------------------------------------------------
|  1   -939.363724580      ------         0.171     1        0.01      0.16      0.00    0.2044E+01  0.3251E-01  0.5414E+00
|  2   -934.140566608  -.522316E+01       0.153     2        0.01      0.15      0.00    0.1724E+00  0.1279E-01  0.4606E+00
|  3   -934.081580657  -.589860E-01       0.153     3        0.01      0.15      0.00    0.1974E+00  0.8318E-02  0.3123E+00
|   ***  Level shifting applied  ( HOMO-LUMO gap =  0.184 au ) ***
|  4   -934.438581466  0.357001E+00       0.152     4        0.01      0.15      0.00    0.5089E-01  0.2251E-02  0.6557E-01
|  5   -934.453786825  0.152054E-01       0.150     5        0.01      0.14      0.00    0.2197E-01  0.7762E-03  0.1869E-01
|  6   -934.456674901  0.288808E-02       0.149     6        0.01      0.14      0.00    0.6374E-02  0.2470E-03  0.8247E-02
|  7   -934.456974486  0.299584E-03       0.148     7        0.01      0.14      0.00    0.2686E-02  0.7621E-04  0.2976E-02
|  8   -934.456997986  0.235002E-04       0.147     8        0.01      0.14      0.00    0.9910E-03  0.2513E-04  0.8243E-03
|  9   -934.457002609  0.462344E-05       0.146     9        0.01      0.14      0.00    0.1579E-03  0.5574E-05  0.1511E-03
| 10   -934.457002745  0.135555E-06       0.144    10        0.01      0.14      0.00    0.4502E-04  0.1861E-05  0.4919E-04
| 11   -934.457002762  0.173013E-07       0.143     1        0.01      0.14      0.00    0.1155E-04  0.6082E-06  0.2198E-04
| ------------------------------------------------------------------------------------------------------------------------
| REACH CONVERGENCE AFTER  11 CYCLES
| MAX ERROR = 0.115507E-04   RMS CHANGE = 0.608227E-06   MAX CHANGE = 0.219816E-04
| -----------------------------------------------
 ALPHA ELECTRON DENSITY    =    75.9994365561
 BETA ELECTRON DENSITY     =    75.9994365561
 ELECTRONIC ENERGY    =  -2763.764273243
 CORE_CORE REPULSION  =   1829.307270481
 TOTAL ENERGY         =   -934.457002762

 @ End Energy calculation

  Skipping one-electron property calculation.

 @ Output Timing Information

------------- TIMING ---------------
| INITIAL GUESS TIME  =     1.419858000( 19.12%)
| DFT GRID OPERATIONS =     0.153718000(  2.07%)
| TOTAL SCF TIME      =     1.674727000( 22.55%)
|       TOTAL OP TIME      =     1.602507000( 21.58%)
|             TOTAL 1e TIME      =     0.018690000(  0.25%)
|             TOTAL 2e TIME      =     0.224364000(  3.02%)
|             TOTAL EXC TIME     =     1.333304000( 17.95%)
|       TOTAL DII TIME      =     0.070949000(  0.96%)
|             TOTAL DIAG TIME    =     0.031863000(  0.43%)
| TOTAL TIME          =     7.426362000
------------------------------------
| Job cpu time:  0 days  0 hours  0 minutes  7.4 seconds.

 @ Finish Output Timing Information

| Normal Termination. Task Finished on: Wed Jul 22 17:27:09 2026
