| *********************************************************************************************************
| **                                                                                                     **
| **           888888888888                                                                              **
| **         8888888888888888                                                                            **
| **      888888888888888888                                                                             **
| **     888888888888888888                                                                              **
| **    888888888888888                                                                                  **
| **   88888888888888888888                               88888                       8888:              **
| **   8888888888888888888888Z                            88888                       8888:              **
| **   888888888888888888888888?                          88888                       8888:              **
| **   8888888888888      8888888                                        888888       8888:              **
| **    88888888888         888888     8888:     88888    88888        888888888I     8888:    888888    **
| **    8888888888           88888:    8888:     88888    88888      $888888888888    8888:   888888     **
| **    I8Z 88888             88888    8888:     88888    88888    .888888     8888   8888: 888888       **
| **    .8Z 88888             88888    8888:     88888    88888    $88888             8888:88888         **
| **     8I 88888      .=88. .88888    8888:     88888    88888    88888              8888888888         **
| **    :8  88888      888888$8888$    8888:     88888    88888    8888O              88888888888        **
| **   ,7   +88888.     8888888888.    8888:     88888    88888    888888             88888O888888       **
| **         $888888:.   .8888888      88888....888888    88888     888888     8888   8888:  888888      **
| **          I8888888888888888888     888888888888888    88888     O888888888888O    8888:   888888     **
| **            O888888888888888888     88888888888888    88888       88888888888$    8888:    888888    **
| **               8888888Z     888      .8888I  88888    88888         8888888       8888:     888888   **
| **                                                                                                     **
| **                                                                                                     **
| **                                         Copyright (c) 2026                                          **
| **                          Regents of the University of California San Diego                          **
| **                                    & Michigan State University                                      **
| **                                        All Rights Reserved.                                         **
| **                                                                                                     **
| **             This software is subject to the terms of the Mozilla Public License, v. 2.0.            **
| **                                                                                                     **
| *********************************************************************************************************
|                                                                                                          
| Cite this work as:                                                                                       
| Manathunga, M.; O'Hearn, K. A.; Shajan, A.; Smith, J.; Miao, Y.; He, X.; Ayers, K.;                      
| Brothers, E.; Palos, E.; Tripathy, V.; Goetz, A.W.; Merz, K.M. QUICK-26.03.                              
| University of California,San Diego, CA and                                                               
| Michigan State University, East Lansing, MI, 2026                                                        
|                                                                                                          
| If you have any comments or queries, please reach out to us on GitHub issues or discussion sections:     
| https://github.com/merzlab/QUICK.                                                                        
|                                                                                                          
| TASK STARTS ON: Tue Jul  7 01:35:37 2026
| INPUT FILE :    gen/morphine_6-31+G**.in
| OUTPUT FILE:    gen/morphine_6-31+G**.out
| BASIS SET PATH: /home/msun26/QUICK-install-release/basis

|------------ GPU INFORMATION ---------------
| CUDA ENABLED DEVICE         :        1
| CUDA DEVICE IN USE          :        0
| CUDA DEVICE NAME            : NVIDIA GeForce RTX 5080
| CUDA DEVICE PM              :       84
| CUDA DEVICE CORE FREQ(GHZ)  :     2.73
| CUDA DEVICE MEMORY SIZE (MB):    15808
| SUPPORTING CUDA VERSION     :     12.0
|--------------------------------------------

 @ Read Job And Atom

  KEYWORD=DFT BLYP BASIS=6-31+G** CUTOFF=1.0E-10 DENSERMS=1.0E-6 ENERGY
 ============== JOB CARD =============
 METHOD = DENSITY FUNCTIONAL THEORY
 USING LIBXC VERSION: 4.3.4
 FUNCTIONAL INFORMATION:
 NAME = Becke 88 FAMILY = GGA KIND = EXCHANGE
 NAME = Lee, Yang & Parr FAMILY = GGA KIND = CORRELATION
 DIRECT SCF 
 SAD INITAL GUESS 
 USE DIIS SCF
 PRINT ENERGY EVERY CYCLE
 READ SAD GUESS FROM FILE
 STANDARD GRID = SG1
 Level shifting allowed after cycle    3
 DIIS error must exceed 0.100 for level shifting
 Max HOMO-LUMO gap to allow level shifting = 0.200
 MAX SCF CYCLES =    200
 MAX DIIS CYCLES =   10
 DELTA DENSITY START CYCLE =    3
 COMPUTATIONAL CUTOFF: 
      TWO-e INTEGRAL         =  0.100E-09
      BASIS SET PRIME        =  0.100E-10
      MATRIX ELEMENTS        =  0.100E-09
      BASIS FUNCTION         =  0.100E-05
      NEAR-LINEAR DEPENDENCY =  0.100E-04
 DENSITY MATRIX MAXIMUM RMS FOR CONVERGENCE  =  0.100E-05
 BASIS SET = 6-31+G**,  TYPE = CARTESIAN
| BASIS FILE = /home/msun26/QUICK-install-release/basis/6-31PLGDP.BAS
| DATA FILE  =    gen/morphine_6-31+G**.dat

 @ Finish reading job


 @ Begin SAD initial guess

 For Atom Kind =    1
 ELEMENT = O 
 BASIS FUNCTIONS =   19
 For Atom Kind =    2
 ELEMENT = N 
 BASIS FUNCTIONS =   19
 For Atom Kind =    3
 ELEMENT = C 
 BASIS FUNCTIONS =   19
 For Atom Kind =    4
 ELEMENT = H 
 BASIS FUNCTIONS =    5

 @ Finish SAD initial guess


 @ Begin Reading Molecular Information


 =========== Molecule Input ==========
 TOTAL MOLECULAR CHARGE  =    0    MULTIPLICITY                =    1
 TOTAL ATOM NUMBER       =   40    NUMBER OF ATOM TYPES        =    4
 NUMBER OF HYDROGEN ATOM =   19    NUMBER OF NON-HYDROGEN ATOM =   21
 NUMBER OF ELECTRONS     =  152

 -- INPUT GEOMETRY -- :
    O          -1.9930      -0.4740       1.2005
    O          -2.7826      -2.5168      -0.2218
    O          -3.6220       1.8421       0.5579
    N           3.1777      -0.0101       0.4474
    C           0.3699      -0.7149       0.6616
    C           1.2913      -1.3046      -0.4170
    C           2.3441      -0.2023      -0.7640
    C          -0.9377      -1.4750       0.9848
    C           1.1988      -0.3907       1.9201
    C          -0.2516       0.5302       0.1205
    C           1.6887       1.1052      -1.3279
    C           2.4315       0.4754       1.6126
    C           0.3384       1.4306      -0.7480
    C          -1.3631      -2.5067      -0.0924
    C           0.5066      -1.8183      -1.5971
    C          -1.5672       0.6306       0.5136
    C          -0.7155      -2.3492      -1.4425
    C           4.3733       0.7916       0.2084
    C          -0.4184       2.5415      -1.1246
    C          -2.3310       1.7217       0.1620
    C          -1.7382       2.6936      -0.6541
    H           1.8278      -2.1759      -0.0118
    H           3.0029      -0.6035      -1.5465
    H          -0.8451      -2.0128       1.9373
    H           1.5366      -1.3335       2.3712
    H           0.5899       0.1174       2.6790
    H           1.5474       0.9596      -2.4075
    H           2.3530       1.9680      -1.2194
    H           2.1271       1.5205       1.4760
    H           3.0801       0.4584       2.4975
    H          -1.0772      -3.5067       0.2593
    H           0.9601      -1.7947      -2.5831
    H          -1.2300      -2.7505      -2.3109
    H           4.1500       1.8479       0.0287
    H           4.9380       0.4055      -0.6472
    H           5.0444       0.7352       1.0730
    H          -0.0062       3.2824      -1.8043
    H          -2.3121       3.5638      -0.9645
    H          -3.1557      -2.6446       0.6672
    H          -3.8483       1.0686       1.1031

============== BASIS INFOS ==============
 BASIS FUNCTIONS =  494
 NSHELL =  162 NPRIM  =  805
 JSHELL =  162 JBASIS =  347


 @ End Reading Molecular Information 


 @ Begin XC Quadrature Formation

 OCTAGO: OCTree Algorithm for Grid Operations 
   PRUNING CUTOFF       = 0.100E-07
   INITIAL GRID POINTS  =      151424
|   FINAL GRID POINTS    =       97388
|   SIGNIFICANT NUMBER OF BASIS FUNCTIONS     =      273487
|   SIGNIFICANT NUMBER OF PRIMITIVE FUNCTIONS =      291444

 @ End XC Quadrature Formation


 @ Begin Energy Calculation

| Number of total basis functions:    494
| Number of linearly independent basis functions:    484
| condition number of overlap matrix:    9.531E+07
| Smallest eigenvalue of overlap matrix:    2.230E-07

                                         SCF ENERGY
| ------------------------------------------------------------------------------------------------------------------------
| NCYC       ENERGY         DELTA_E      SCF_TIME  DII_CYC   DII_TIME   O_TIME  DIAG_TIME    MAX_ERR    RMS_CHG    MAX_CHG
| ------------------------------------------------------------------------------------------------------------------------
|  1   -943.171881323      ------         9.274     1        0.02      9.25      0.01    0.2268E+01  0.2956E-01  0.3295E+01
|  2   -938.654867625  -.451701E+01       9.597     2        0.02      9.58      0.01    0.2411E+00  0.1190E+01  0.1207E+03
|  3   -936.281159111  -.237371E+01       9.592     3        0.03      9.57      0.01    0.4395E+00  0.1128E+01  0.1145E+03
|   ***  Level shifting applied  ( HOMO-LUMO gap =  0.008 au ) ***
|  4   -939.149909414  0.286875E+01       9.590     4        0.03      9.56      0.01    0.1060E+00  0.6326E-01  0.5718E+01
|   ***  Level shifting applied  ( HOMO-LUMO gap =  0.123 au ) ***
|  5   -939.273026946  0.123118E+00       9.529     5        0.02      9.51      0.01    0.4156E-01  0.9565E-02  0.6426E+00
|  6   -939.282927268  0.990032E-02       9.487     6        0.02      9.46      0.01    0.2088E-01  0.1445E-02  0.7343E-01
|  7   -939.285931139  0.300387E-02       9.443     7        0.02      9.42      0.01    0.1125E-01  0.7604E-03  0.4242E-01
|  8   -939.286781239  0.850100E-03       9.404     8        0.02      9.38      0.01    0.2740E-02  0.1804E-03  0.1109E-01
|  9   -939.286893257  0.112018E-03       9.340     9        0.02      9.32      0.01    0.8338E-03  0.6112E-04  0.3239E-02
| 10   -939.286903394  0.101370E-04       9.277    10        0.02      9.25      0.01    0.3918E-03  0.3114E-04  0.2735E-02
| 11   -939.286903970  0.576045E-06       9.198     1        0.03      9.17      0.01    0.2790E-03  0.7976E-05  0.5218E-03
| 12   -939.286904247  0.276797E-06       9.120     2        0.03      9.09      0.01    0.4680E-04  0.3562E-05  0.3956E-03
| 13   -939.286904253  0.585896E-08       9.061     3        0.03      9.04      0.01    0.1919E-04  0.1068E-05  0.7605E-04
| 14   -939.286904258  0.518912E-08       9.017     4        0.03      8.99      0.01    0.1887E-04  0.4753E-06  0.4352E-04
| ------------------------------------------------------------------------------------------------------------------------
| REACH CONVERGENCE AFTER  14 CYCLES
| MAX ERROR = 0.188724E-04   RMS CHANGE = 0.475295E-06   MAX CHANGE = 0.435211E-04
| -----------------------------------------------
 ALPHA ELECTRON DENSITY    =    75.9989166909
 BETA ELECTRON DENSITY     =    75.9989166909
 ELECTRONIC ENERGY    =  -2768.594174739
 CORE_CORE REPULSION  =   1829.307270481
 TOTAL ENERGY         =   -939.286904258

 @ End Energy calculation

  Skipping one-electron property calculation.

 @ Output Timing Information

------------- TIMING ---------------
| INITIAL GUESS TIME  =     0.535205000(  0.41%)
| DFT GRID OPERATIONS =     0.160200000(  0.12%)
| TOTAL SCF TIME      =   130.977445000( 99.33%)
|       TOTAL OP TIME      =   130.634296000( 99.07%)
|             TOTAL 1e TIME      =     0.045369000(  0.03%)
|             TOTAL 2e TIME      =    18.692365000( 14.18%)
|             TOTAL EXC TIME     =   111.831853000( 84.81%)
|       TOTAL DII TIME      =     0.338503000(  0.26%)
|             TOTAL DIAG TIME    =     0.152197000(  0.12%)
| TOTAL TIME          =   131.858566000
------------------------------------
| Job cpu time:  0 days  0 hours  2 minutes 11.9 seconds.

 @ Finish Output Timing Information

| Normal Termination. Task Finished on: Tue Jul  7 01:37:49 2026
