| *********************************************************************************************************
| **                                                                                                     **
| **           888888888888                                                                              **
| **         8888888888888888                                                                            **
| **      888888888888888888                                                                             **
| **     888888888888888888                                                                              **
| **    888888888888888                                                                                  **
| **   88888888888888888888                               88888                       8888:              **
| **   8888888888888888888888Z                            88888                       8888:              **
| **   888888888888888888888888?                          88888                       8888:              **
| **   8888888888888      8888888                                        888888       8888:              **
| **    88888888888         888888     8888:     88888    88888        888888888I     8888:    888888    **
| **    8888888888           88888:    8888:     88888    88888      $888888888888    8888:   888888     **
| **    I8Z 88888             88888    8888:     88888    88888    .888888     8888   8888: 888888       **
| **    .8Z 88888             88888    8888:     88888    88888    $88888             8888:88888         **
| **     8I 88888      .=88. .88888    8888:     88888    88888    88888              8888888888         **
| **    :8  88888      888888$8888$    8888:     88888    88888    8888O              88888888888        **
| **   ,7   +88888.     8888888888.    8888:     88888    88888    888888             88888O888888       **
| **         $888888:.   .8888888      88888....888888    88888     888888     8888   8888:  888888      **
| **          I8888888888888888888     888888888888888    88888     O888888888888O    8888:   888888     **
| **            O888888888888888888     88888888888888    88888       88888888888$    8888:    888888    **
| **               8888888Z     888      .8888I  88888    88888         8888888       8888:     888888   **
| **                                                                                                     **
| **                                                                                                     **
| **                                         Copyright (c) 2026                                          **
| **                          Regents of the University of California San Diego                          **
| **                                    & Michigan State University                                      **
| **                                        All Rights Reserved.                                         **
| **                                                                                                     **
| **             This software is subject to the terms of the Mozilla Public License, v. 2.0.            **
| **                                                                                                     **
| *********************************************************************************************************
|                                                                                                          
| Cite this work as:                                                                                       
| Manathunga, M.; O'Hearn, K. A.; Shajan, A.; Smith, J.; Miao, Y.; He, X.; Ayers, K.;                      
| Brothers, E.; Palos, E.; Tripathy, V.; Goetz, A.W.; Merz, K.M. QUICK-26.03.                              
| University of California,San Diego, CA and                                                               
| Michigan State University, East Lansing, MI, 2026                                                        
|                                                                                                          
| If you have any comments or queries, please reach out to us on GitHub issues or discussion sections:     
| https://github.com/merzlab/QUICK.                                                                        
|                                                                                                          
| TASK STARTS ON: Sat Sep 12 15:05:11 2026
| INPUT FILE :    morphine_hf_6-31+gdp.in
| OUTPUT FILE:    morphine_hf_6-31+gdp.out
| BASIS SET PATH: /home/msun26/QUICK-install/basis

|------------ GPU INFORMATION ---------------
| CUDA ENABLED DEVICE         :        1
| CUDA DEVICE IN USE          :        0
| CUDA DEVICE NAME            : NVIDIA GeForce RTX 5080
| CUDA DEVICE PM              :       84
| CUDA DEVICE CORE FREQ(GHZ)  :     2.73
| CUDA DEVICE MEMORY SIZE (MB):    15808
| SUPPORTING CUDA VERSION     :     12.0
|--------------------------------------------

 @ Read Job And Atom

  KEYWORD=HF BASIS=6-31+G** CUTOFF=1.0E-10 DENSERMS=1.0E-6 GRADIENT CUEST CHK_WRITE_DEN GRDBG
 ============== JOB CARD =============
 METHOD = HARTREE FOCK
 DIRECT SCF 
 SAD INITAL GUESS 
 USE DIIS SCF
 PRINT ENERGY EVERY CYCLE
 CHECKPOINTING TO DATA FILE
 READ SAD GUESS FROM FILE
 Level shifting allowed after cycle    3
 DIIS error must exceed 0.100 for level shifting
 Max HOMO-LUMO gap to allow level shifting = 0.200
 GRADIENT CALCULATION
 MAX SCF CYCLES =    200
 MAX DIIS CYCLES =   10
 DELTA DENSITY START CYCLE =    3
 COMPUTATIONAL CUTOFF: 
      TWO-e INTEGRAL         =  0.100E-09
      BASIS SET PRIME        =  0.100E-10
      MATRIX ELEMENTS        =  0.100E-09
      BASIS FUNCTION         =  0.100E-05
      NEAR-LINEAR DEPENDENCY =  0.100E-04
      GRADIENT CUTOFF  =  0.100E-06
 DENSITY MATRIX MAXIMUM RMS FOR CONVERGENCE  =  0.100E-05
 BASIS SET = 6-31+G**,  TYPE = CARTESIAN
| BASIS FILE = /home/msun26/QUICK-install/basis/6-31PLGDP.BAS
| DATA FILE  =    morphine_hf_6-31+gdp.dat

 @ Finish reading job


 @ Begin SAD initial guess

 For Atom Kind =    1
 ELEMENT = O 
 BASIS FUNCTIONS =   19
 For Atom Kind =    2
 ELEMENT = N 
 BASIS FUNCTIONS =   19
 For Atom Kind =    3
 ELEMENT = C 
 BASIS FUNCTIONS =   19
 For Atom Kind =    4
 ELEMENT = H 
 BASIS FUNCTIONS =    5

 @ Finish SAD initial guess


 @ Begin Reading Molecular Information


 =========== Molecule Input ==========
 TOTAL MOLECULAR CHARGE  =    0    MULTIPLICITY                =    1
 TOTAL ATOM NUMBER       =   40    NUMBER OF ATOM TYPES        =    4
 NUMBER OF HYDROGEN ATOM =   19    NUMBER OF NON-HYDROGEN ATOM =   21
 NUMBER OF ELECTRONS     =  152

 -- INPUT GEOMETRY -- :
    O          -1.9930      -0.4740       1.2005
    O          -2.7826      -2.5168      -0.2218
    O          -3.6220       1.8421       0.5579
    N           3.1777      -0.0101       0.4474
    C           0.3699      -0.7149       0.6616
    C           1.2913      -1.3046      -0.4170
    C           2.3441      -0.2023      -0.7640
    C          -0.9377      -1.4750       0.9848
    C           1.1988      -0.3907       1.9201
    C          -0.2516       0.5302       0.1205
    C           1.6887       1.1052      -1.3279
    C           2.4315       0.4754       1.6126
    C           0.3384       1.4306      -0.7480
    C          -1.3631      -2.5067      -0.0924
    C           0.5066      -1.8183      -1.5971
    C          -1.5672       0.6306       0.5136
    C          -0.7155      -2.3492      -1.4425
    C           4.3733       0.7916       0.2084
    C          -0.4184       2.5415      -1.1246
    C          -2.3310       1.7217       0.1620
    C          -1.7382       2.6936      -0.6541
    H           1.8278      -2.1759      -0.0118
    H           3.0029      -0.6035      -1.5465
    H          -0.8451      -2.0128       1.9373
    H           1.5366      -1.3335       2.3712
    H           0.5899       0.1174       2.6790
    H           1.5474       0.9596      -2.4075
    H           2.3530       1.9680      -1.2194
    H           2.1271       1.5205       1.4760
    H           3.0801       0.4584       2.4975
    H          -1.0772      -3.5067       0.2593
    H           0.9601      -1.7947      -2.5831
    H          -1.2300      -2.7505      -2.3109
    H           4.1500       1.8479       0.0287
    H           4.9380       0.4055      -0.6472
    H           5.0444       0.7352       1.0730
    H          -0.0062       3.2824      -1.8043
    H          -2.3121       3.5638      -0.9645
    H          -3.1557      -2.6446       0.6672
    H          -3.8483       1.0686       1.1031

============== BASIS INFOS ==============
 BASIS FUNCTIONS =  494
 NSHELL =  162 NPRIM  =  805
 JSHELL =  162 JBASIS =  347


 @ End Reading Molecular Information 


 @ Begin Energy Calculation

| Number of total basis functions:    494
| Number of linearly independent basis functions:    484
| condition number of overlap matrix:    9.531E+07
| Smallest eigenvalue of overlap matrix:    2.230E-07

                                         SCF ENERGY
| ------------------------------------------------------------------------------------------------------------------------
| NCYC       ENERGY         DELTA_E      SCF_TIME  DII_CYC   DII_TIME   O_TIME  DIAG_TIME    MAX_ERR    RMS_CHG    MAX_CHG
| ------------------------------------------------------------------------------------------------------------------------
|  1   -944.605432050      ------         1.291     1        0.02      1.27      0.01    0.2435E+01  0.2683E-01  0.2491E+01
|  2   -933.233601853  -.113718E+02       1.610     2        0.02      1.59      0.01    0.2334E+00  0.1249E-01  0.4123E+00
|  3   -933.753497972  0.519896E+00       1.565     3        0.02      1.54      0.01    0.1150E+00  0.4752E-02  0.1757E+00
|  4   -933.838822292  0.853243E-01       1.518     4        0.02      1.50      0.01    0.5263E-01  0.2494E-02  0.1986E+00
|  5   -933.854915850  0.160936E-01       1.482     5        0.02      1.46      0.01    0.9727E-02  0.5728E-03  0.2219E-01
|  6   -933.856067368  0.115152E-02       1.411     6        0.02      1.39      0.01    0.3180E-02  0.2226E-03  0.1324E-01
|  7   -933.856245698  0.178330E-03       1.359     7        0.02      1.34      0.01    0.1423E-02  0.1290E-03  0.8476E-02
|  8   -933.856276377  0.306793E-04       1.316     8        0.02      1.29      0.01    0.5724E-03  0.3917E-04  0.1663E-02
|  9   -933.856281259  0.488185E-05       1.255     9        0.02      1.23      0.01    0.2203E-03  0.1625E-04  0.1099E-02
| 10   -933.856281932  0.672330E-06       1.191    10        0.02      1.17      0.01    0.7455E-04  0.4696E-05  0.1614E-03
| 11   -933.856282057  0.125431E-06       1.118     1        0.03      1.09      0.01    0.2770E-04  0.2361E-05  0.8422E-04
| 12   -933.856282086  0.289251E-07       1.076     2        0.03      1.05      0.01    0.1422E-04  0.1254E-05  0.3641E-04
| 13   -933.856282096  0.953150E-08       1.043     3        0.03      1.02      0.01    0.1434E-04  0.5456E-06  0.1661E-04
| ------------------------------------------------------------------------------------------------------------------------
| REACH CONVERGENCE AFTER  13 CYCLES
| MAX ERROR = 0.143440E-04   RMS CHANGE = 0.545618E-06   MAX CHANGE = 0.166055E-04
| -----------------------------------------------
 ELECTRONIC ENERGY    =  -2763.163552576
 CORE_CORE REPULSION  =   1829.307270481
 TOTAL ENERGY         =   -933.856282096

 @ End Energy calculation


 DEBUG STEP 1 :  NUCLEAR REPULSION GRADIENT: 
    1              16.5837599762
    1               3.2794334784
    1             -14.1381316018
    2              17.4216119530
    2               9.5817318593
    2               4.6952930173
    3              19.0182136532
    3              -8.5789327064
    3              -3.1965902325
    4             -13.4075651339
    4               4.0409988234
    4              -3.0522269679
    5              -2.4764007564
    5               4.5804168493
    5              -5.3372804967
    6              -6.9234168358
    6               9.4405535420
    6               2.7723705453
    7              -9.0342529746
    7               2.1260008105
    7               8.1274449150
    8               1.8253988653
    8               9.4206731454
    8              -8.4823688548
    9              -2.9935097245
    9               2.1635081506
    9             -13.8110204481
   10              -0.0353685570
   10              -4.4072501799
   10              -0.4058830791
   11              -6.6968964570
   11              -7.1974810982
   11               9.8215920898
   12              -6.7133551641
   12              -5.2290967175
   12             -11.0694929140
   13              -2.7337659300
   13              -8.1456163648
   13               5.2748575912
   14               2.0125349212
   14              11.7328246812
   14              -0.0814853071
   15              -4.1525257455
   15               6.6344275630
   15              11.7244438720
   16               6.3461123918
   16              -4.7951256027
   16              -2.6430174795
   17               4.0179969550
   17               9.1214966996
   17              10.2422037323
   18             -13.4878763793
   18              -4.4635129785
   18               0.3699616225
   19              -0.8456086463
   19             -12.3566777164
   19               7.5108170904
   20               6.6142569688
   20              -6.7974985234
   20               0.0095257510
   21               5.7498199406
   21             -12.5452778518
   21               4.4334723938
   22              -1.9539880852
   22               3.0883613227
   22              -0.5796257323
   23              -2.4057912006
   23               1.1206630545
   23               2.4928780966
   24               0.1587744690
   24               2.1656694247
   24              -3.0958325151
   25              -1.1416532378
   25               2.2606804971
   25              -2.4601877641
   26               0.6247026104
   26              -0.9195541597
   26              -3.2273169408
   27              -0.5187073871
   27              -0.4578511072
   27               3.3824659516
   28              -1.9562682909
   28              -2.6411803581
   28               0.8715346061
   29              -0.4293604266
   29              -2.9040761433
   29              -1.1760104962
   30              -1.9729721245
   30              -0.3482419528
   30              -2.8468741718
   31              -0.2374422857
   31               3.5079464701
   31              -0.8311722341
   32              -1.0969152127
   32               0.8373122227
   32               3.1543779539
   33               1.2309912266
   33               1.6639304515
   33               2.7321302840
   34              -1.2777319949
   34              -2.5879450464
   34               0.3074202590
   35              -2.5470261159
   35               0.3498625554
   35               1.6059050327
   36              -2.6076223222
   36              -0.2577612993
   36              -1.5971905911
   37              -0.6990646972
   37              -2.6221469393
   37               1.9781353278
   38               1.5492559318
   38              -2.7876120050
   38               1.0167770795
   39               2.6306440539
   39               1.5309779801
   39              -2.4825159928
   40               2.5610117687
   40               1.3953691691
   40              -2.0093833921

 DEBUG STEP 2 :  KINETIC GRADIENT ADDED: 
    1              17.3415398228
    1               3.6421195309
    1             -14.7342959172
    2              17.7003046620
    2               9.4052218192
    2               5.6372146553
    3              19.6754216585
    3              -9.4979692018
    3              -2.8872357139
    4             -13.6489205026
    4               4.6969186168
    4              -3.2086924021
    5              -2.7560078461
    5               4.6222045702
    5              -5.5773649720
    6              -6.8913446250
    6               9.2900056197
    6               2.7731844075
    7              -8.9228111867
    7               1.9005841120
    7               8.1393547076
    8               1.8234332473
    8               9.4309511091
    8              -8.3012255752
    9              -2.9655279931
    9               2.0892109254
    9             -13.6056781884
   10              -0.4510647094
   10              -4.0289616453
   10              -0.6101425057
   11              -6.6548764681
   11              -7.0861027407
   11               9.6369763738
   12              -6.6530225946
   12              -5.1517180962
   12             -10.9569049591
   13              -3.1253177630
   13              -8.1879792355
   13               5.3744427391
   14               2.0454147794
   14              11.6663277915
   14              -0.1815759595
   15              -4.6487711326
   15               6.3785181119
   15              11.9236139124
   16               6.4728807315
   16              -4.8567312123
   16              -2.7315450381
   17               4.5277315349
   17               9.3183669317
   17              10.2453072783
   18             -13.3100543047
   18              -4.4184779255
   18               0.3774102994
   19              -1.0227893067
   19             -12.6522623275
   19               7.7425805195
   20               6.5668674675
   20              -6.7683244958
   20              -0.0163762820
   21               6.0988144569
   21             -12.9411947248
   21               4.4542094131
   22              -2.2607344997
   22               3.6125961983
   22              -0.8130401683
   23              -2.7959214199
   23               1.3560465665
   23               2.9646603821
   24               0.1014482148
   24               2.5099049665
   24              -3.7056551460
   25              -1.3322680738
   25               2.7650765554
   25              -2.6968527112
   26               0.9371836310
   26              -1.1920763664
   26              -3.6422671292
   27              -0.4337956146
   27              -0.3730142245
   27               4.0072141097
   28              -2.3340293751
   28              -3.1547689780
   28               0.8112400886
   29              -0.2440896848
   29              -3.4979583008
   29              -1.1146102353
   30              -2.3293256885
   30              -0.3353758610
   30              -3.3786660531
   31              -0.4034475273
   31               4.0868349085
   31              -1.0169559877
   32              -1.3860523055
   32               0.8260013382
   32               3.7659161593
   33               1.5351226432
   33               1.9100911016
   33               3.2906434190
   34              -1.1602898400
   34              -3.1980263944
   34               0.4263960266
   35              -2.8874857299
   35               0.5480836455
   35               2.1144080551
   36              -3.0282212596
   36              -0.2302835267
   36              -2.1084351631
   37              -0.9645747439
   37              -3.0642434733
   37               2.3952246775
   38               1.8933243120
   38              -3.3212747620
   38               1.2153541221
   39               3.0536577186
   39               1.7003058919
   39              -3.4117127053
   40               2.8375993149
   40               2.2013731820
   40              -2.5961185335

 DEBUG STEP 3 :  NUC-EN ATTRACTION GRADIENT ADDED:
    1             -17.3855377467
    1              -5.3033733809
    1              14.8400063378
    2             -15.0223813685
    2              -9.1177468545
    2              -9.1213667869
    3             -17.7626567583
    3              12.7898311729
    3               0.3141165571
    4              17.3475619990
    4              -6.5120583638
    4               4.6002902735
    5               4.7435608780
    5              -6.2707627151
    5               9.1187533543
    6               4.4278940091
    6              -2.4299716927
    6              -5.3933550667
    7               6.1915210315
    7               5.7592843821
    7              -4.1220276385
    8              -2.3372102705
    8              -5.9470552434
    8               3.1803117836
    9               2.3425467093
    9               1.0175331932
    9               6.4825919172
   10               5.8834555652
   10              -5.8479377917
   10               6.9857251455
   11               3.6082923021
   11               2.8087504179
   11              -4.0075946873
   12               8.4646518701
   12               0.2965308347
   12               3.3022518033
   13              11.3043590968
   13              11.5107821461
   13             -10.7613363518
   14              -5.4454667859
   14              -7.7454740336
   14              -0.5202817822
   15              10.4237107349
   15              -2.9484831481
   15             -10.0795934293
   16             -12.3152420495
   16               0.4866847682
   16               7.1957014736
   17             -10.4122151145
   17             -12.1441690443
   17              -6.6706755842
   18               5.5360653720
   18               0.4986613597
   18               0.8180917341
   19               0.2334517020
   19              13.6292060933
   19              -7.8881771634
   20              -9.2019241248
   20               8.1153971548
   20               1.4651795270
   21              -8.2471366814
   21              14.7437817748
   21              -3.7475063156
   22               3.9027217624
   22              -7.2162566240
   22               2.1723997520
   23               4.9857453019
   23              -2.9923433711
   23              -6.1414314627
   24               0.6604523360
   24              -4.9161185988
   24               7.6755355567
   25               2.4692540022
   25              -5.9140122741
   25               4.1681511750
   26              -3.0877534310
   26               3.1530460178
   26               6.5182767856
   27              -0.4141013315
   27              -0.2777697426
   27              -7.5212729434
   28               4.4040340946
   28               6.4659052412
   28              -0.2493196053
   29              -0.7788884560
   29               6.8706052365
   29               0.5476132015
   30               4.0769937317
   30               0.3481839032
   30               6.4526742174
   31               1.1674821900
   31              -7.4208057624
   31               1.7957092409
   32               3.1348548897
   32              -0.7420845387
   32              -7.8824790469
   33              -3.3575154402
   33              -3.4741016969
   33              -7.0668312438
   34               0.2885953178
   34               5.9115027161
   34              -0.8764314388
   35               4.6483289338
   35              -1.5592662545
   35              -4.5696436651
   36               4.9311910270
   36               0.1478466801
   36               4.4246312375
   37               2.5001270536
   37               5.7720628635
   37              -4.9698431651
   38              -3.9152881595
   38               6.4574647484
   38              -2.3497459474
   39              -4.3520672699
   39              -2.4256702065
   39               7.0344398556
   40              -3.6414669226
   40              -5.5775993667
   40               4.8464623948

 DEBUG STEP 4 :  ERI GRADIENT ADDED:
    1              -0.0492606683
    1               0.0279826606
    1              -0.0133614867
    2              -0.0735150498
    2              -0.0281197520
    2              -0.0648090302
    3               0.0377908841
    3              -0.0127988543
    3              -0.0122260029
    4               0.0540501817
    4               0.0175921391
    4               0.0097303307
    5              -0.1236749237
    5              -0.1175703361
    5              -0.0611809502
    6               0.0216909181
    6               0.0540901677
    6              -0.0493421843
    7              -0.0252020901
    7               0.0764977292
    7               0.0296969038
    8               0.0585103462
    8              -0.0086645669
    8               0.0070529548
    9              -0.0296635575
    9               0.0213517188
    9               0.0354302266
   10              -0.0432557477
   10              -0.0622939643
   10               0.0802709076
   11               0.0312282524
   11              -0.0444065797
   11               0.0088337164
   12               0.0984922662
   12               0.0375293291
   12              -0.0769386444
   13               0.1485227961
   13               0.0749672323
   13              -0.1552230241
   14               0.1432014868
   14               0.0477096261
   14              -0.0396352498
   15               0.0275168559
   15               0.0064712785
   15               0.0722798487
   16              -0.1314902895
   16              -0.0822681954
   16               0.0804109652
   17              -0.0361776755
   17              -0.0037513851
   17               0.0408019608
   18              -0.0323153864
   18               0.0112347296
   18               0.0092632616
   19              -0.0597075426
   19              -0.0061020204
   19               0.0240307116
   20              -0.0491021302
   20               0.0838029993
   20               0.0160015411
   21               0.0708954239
   21              -0.0290237045
   21              -0.0328598563
   22              -0.0054057407
   22              -0.0025648435
   22              -0.0045770276
   23               0.0032647710
   23              -0.0149601102
   23              -0.0187545599
   24               0.0149240942
   24              -0.0063885976
   24              -0.0055347745
   25               0.0076849136
   25              -0.0386472181
   25               0.0319693342
   26              -0.0326357207
   26               0.0254902673
   26               0.0430946306
   27              -0.0017354160
   27              -0.0009176653
   27              -0.0051661473
   28               0.0040193886
   28               0.0132710121
   28              -0.0011224205
   29               0.0187289613
   29               0.0059648730
   29              -0.0076292198
   30               0.0173223643
   30               0.0104588083
   30               0.0174402235
   31              -0.0115705387
   31              -0.0333545221
   31               0.0078340346
   32              -0.0155826721
   32              -0.0034164277
   32              -0.0119261446
   33              -0.0048402344
   33              -0.0057166273
   33              -0.0102250717
   34              -0.0065479909
   34              -0.0020878144
   34               0.0182470077
   35               0.0172719760
   35              -0.0209010693
   35              -0.0035687802
   36              -0.0011259342
   36               0.0025509292
   36               0.0016586146
   37              -0.0115843984
   37               0.0167745065
   37              -0.0064488137
   38              -0.0107221576
   38               0.0109372747
   38               0.0025492979
   39              -0.0067345443
   39               0.0016927997
   39               0.0269818766
   40              -0.0132654709
   40              -0.0224158268
   40               0.0169510401

 DEBUG STEP : TOTAL GRADIENT: 
    1              -0.0492606683
    2               0.0279826606
    3              -0.0133614867
    4              -0.0735150498
    5              -0.0281197520
    6              -0.0648090302
    7               0.0377908841
    8              -0.0127988543
    9              -0.0122260029
   10               0.0540501817
   11               0.0175921391
   12               0.0097303307
   13              -0.1236749237
   14              -0.1175703361
   15              -0.0611809502
   16               0.0216909181
   17               0.0540901677
   18              -0.0493421843
   19              -0.0252020901
   20               0.0764977292
   21               0.0296969038
   22               0.0585103462
   23              -0.0086645669
   24               0.0070529548
   25              -0.0296635575
   26               0.0213517188
   27               0.0354302266
   28              -0.0432557477
   29              -0.0622939643
   30               0.0802709076
   31               0.0312282524
   32              -0.0444065797
   33               0.0088337164
   34               0.0984922662
   35               0.0375293291
   36              -0.0769386444
   37               0.1485227961
   38               0.0749672323
   39              -0.1552230241
   40               0.1432014868
   41               0.0477096261
   42              -0.0396352498
   43               0.0275168559
   44               0.0064712785
   45               0.0722798487
   46              -0.1314902895
   47              -0.0822681954
   48               0.0804109652
   49              -0.0361776755
   50              -0.0037513851
   51               0.0408019608
   52              -0.0323153864
   53               0.0112347296
   54               0.0092632616
   55              -0.0597075426
   56              -0.0061020204
   57               0.0240307116
   58              -0.0491021302
   59               0.0838029993
   60               0.0160015411
   61               0.0708954239
   62              -0.0290237045
   63              -0.0328598563
   64              -0.0054057407
   65              -0.0025648435
   66              -0.0045770276
   67               0.0032647710
   68              -0.0149601102
   69              -0.0187545599
   70               0.0149240942
   71              -0.0063885976
   72              -0.0055347745
   73               0.0076849136
   74              -0.0386472181
   75               0.0319693342
   76              -0.0326357207
   77               0.0254902673
   78               0.0430946306
   79              -0.0017354160
   80              -0.0009176653
   81              -0.0051661473
   82               0.0040193886
   83               0.0132710121
   84              -0.0011224205
   85               0.0187289613
   86               0.0059648730
   87              -0.0076292198
   88               0.0173223643
   89               0.0104588083
   90               0.0174402235
   91              -0.0115705387
   92              -0.0333545221
   93               0.0078340346
   94              -0.0155826721
   95              -0.0034164277
   96              -0.0119261446
   97              -0.0048402344
   98              -0.0057166273
   99              -0.0102250717
  100              -0.0065479909
  101              -0.0020878144
  102               0.0182470077
  103               0.0172719760
  104              -0.0209010693
  105              -0.0035687802
  106              -0.0011259342
  107               0.0025509292
  108               0.0016586146
  109              -0.0115843984
  110               0.0167745065
  111              -0.0064488137
  112              -0.0107221576
  113               0.0109372747
  114               0.0025492979
  115              -0.0067345443
  116               0.0016927997
  117               0.0269818766
  118              -0.0132654709
  119              -0.0224158268
  120               0.0169510401

 @ Begin Gradient Calculation

 ANALYTICAL GRADIENT: 
----------------------------------------
 COORDINATE    XYZ            GRADIENT
----------------------------------------
    1X    -1.9930001522    -0.0492606683
    1Y    -0.4740000362     0.0279826606
    1Z     1.2005000917    -0.0133614867
    2X    -2.7826002125    -0.0735150498
    2Y    -2.5168001922    -0.0281197520
    2Z    -0.2218000169    -0.0648090302
    3X    -3.6220002766     0.0377908841
    3Y     1.8421001407    -0.0127988543
    3Z     0.5579000426    -0.0122260029
    4X     3.1777002427     0.0540501817
    4Y    -0.0101000008     0.0175921391
    4Z     0.4474000342     0.0097303307
    5X     0.3699000282    -0.1236749237
    5Y    -0.7149000546    -0.1175703361
    5Z     0.6616000505    -0.0611809502
    6X     1.2913000986     0.0216909181
    6Y    -1.3046000996     0.0540901677
    6Z    -0.4170000318    -0.0493421843
    7X     2.3441001790    -0.0252020901
    7Y    -0.2023000154     0.0764977292
    7Z    -0.7640000583     0.0296969038
    8X    -0.9377000716     0.0585103462
    8Y    -1.4750001126    -0.0086645669
    8Z     0.9848000752     0.0070529548
    9X     1.1988000915    -0.0296635575
    9Y    -0.3907000298     0.0213517188
    9Z     1.9201001466     0.0354302266
   10X    -0.2516000192    -0.0432557477
   10Y     0.5302000405    -0.0622939643
   10Z     0.1205000092     0.0802709076
   11X     1.6887001290     0.0312282524
   11Y     1.1052000844    -0.0444065797
   11Z    -1.3279001014     0.0088337164
   12X     2.4315001857     0.0984922662
   12Y     0.4754000363     0.0375293291
   12Z     1.6126001231    -0.0769386444
   13X     0.3384000258     0.1485227961
   13Y     1.4306001092     0.0749672323
   13Z    -0.7480000571    -0.1552230241
   14X    -1.3631001041     0.1432014868
   14Y    -2.5067001914     0.0477096261
   14Z    -0.0924000071    -0.0396352498
   15X     0.5066000387     0.0275168559
   15Y    -1.8183001389     0.0064712785
   15Z    -1.5971001220     0.0722798487
   16X    -1.5672001197    -0.1314902895
   16Y     0.6306000482    -0.0822681954
   16Z     0.5136000392     0.0804109652
   17X    -0.7155000546    -0.0361776755
   17Y    -2.3492001794    -0.0037513851
   17Z    -1.4425001102     0.0408019608
   18X     4.3733003340    -0.0323153864
   18Y     0.7916000604     0.0112347296
   18Z     0.2084000159     0.0092632616
   19X    -0.4184000320    -0.0597075426
   19Y     2.5415001941    -0.0061020204
   19Z    -1.1246000859     0.0240307116
   20X    -2.3310001780    -0.0491021302
   20Y     1.7217001315     0.0838029993
   20Z     0.1620000124     0.0160015411
   21X    -1.7382001327     0.0708954239
   21Y     2.6936002057    -0.0290237045
   21Z    -0.6541000499    -0.0328598563
   22X     1.8278001396    -0.0054057407
   22Y    -2.1759001662    -0.0025648435
   22Z    -0.0118000009    -0.0045770276
   23X     3.0029002293     0.0032647710
   23Y    -0.6035000461    -0.0149601102
   23Z    -1.5465001181    -0.0187545599
   24X    -0.8451000645     0.0149240942
   24Y    -2.0128001537    -0.0063885976
   24Z     1.9373001479    -0.0055347745
   25X     1.5366001173     0.0076849136
   25Y    -1.3335001018    -0.0386472181
   25Z     2.3712001811     0.0319693342
   26X     0.5899000450    -0.0326357207
   26Y     0.1174000090     0.0254902673
   26Z     2.6790002046     0.0430946306
   27X     1.5474001182    -0.0017354160
   27Y     0.9596000733    -0.0009176653
   27Z    -2.4075001838    -0.0051661473
   28X     2.3530001797     0.0040193886
   28Y     1.9680001503     0.0132710121
   28Z    -1.2194000931    -0.0011224205
   29X     2.1271001624     0.0187289613
   29Y     1.5205001161     0.0059648730
   29Z     1.4760001127    -0.0076292198
   30X     3.0801002352     0.0173223643
   30Y     0.4584000350     0.0104588083
   30Z     2.4975001907     0.0174402235
   31X    -1.0772000823    -0.0115705387
   31Y    -3.5067002678    -0.0333545221
   31Z     0.2593000198     0.0078340346
   32X     0.9601000733    -0.0155826721
   32Y    -1.7947001371    -0.0034164277
   32Z    -2.5831001973    -0.0119261446
   33X    -1.2300000939    -0.0048402344
   33Y    -2.7505002100    -0.0057166273
   33Z    -2.3109001765    -0.0102250717
   34X     4.1500003169    -0.0065479909
   34Y     1.8479001411    -0.0020878144
   34Z     0.0287000022     0.0182470077
   35X     4.9380003771     0.0172719760
   35Y     0.4055000310    -0.0209010693
   35Z    -0.6472000494    -0.0035687802
   36X     5.0444003852    -0.0011259342
   36Y     0.7352000561     0.0025509292
   36Z     1.0730000819     0.0016586146
   37X    -0.0062000005    -0.0115843984
   37Y     3.2824002507     0.0167745065
   37Z    -1.8043001378    -0.0064488137
   38X    -2.3121001766    -0.0107221576
   38Y     3.5638002721     0.0109372747
   38Z    -0.9645000737     0.0025492979
   39X    -3.1557002410    -0.0067345443
   39Y    -2.6446002020     0.0016927997
   39Z     0.6672000509     0.0269818766
   40X    -3.8483002939    -0.0132654709
   40Y     1.0686000816    -0.0224158268
   40Z     1.1031000842     0.0169510401
----------------------------------------

 @ End Gradient Calculation

  Skipping one-electron property calculation.

 @ Output Timing Information

------------- TIMING ---------------
| INITIALIZATION TIME =     0.203157000(  0.68%)
| INITIAL GUESS TIME  =     0.573904000(  1.93%)
| OVERLAP 1e INTEGRALS TIME      =     0.014328000( 0.05%)
| OVERLAP 1e DIAGONALIZATION TIME =     0.047905000( 0.16%)
| TOTAL SCF TIME      =    17.281308000( 58.14%)
|       TOTAL OP TIME      =    16.969631000( 57.09%)
|             TOTAL 1e TIME      =     0.044746000(  0.15%)
|                KINETIC 1e INTEGRALS TIME    =     0.040579000(  0.14%)
|                ATTRACTION 1e INTEGRALS TIME =     0.003962000(  0.01%)
|             TOTAL 2e TIME      =    16.862861000( 56.73%)
|             TOTAL ENERGY TIME  =     0.004538000(  0.02%)
|       TOTAL DII TIME      =     0.307478000(  1.03%)
|             TOTAL DIAG TIME    =     0.142380000(  0.48%)
| TOTAL GRADIENT TIME      =    11.578306000( 38.95%)
|       TOTAL NUCLEAR GRADIENT TIME =     0.000018000(  0.00%)
|       TOTAL 1e GRADIENT TIME      =     0.387673000(  1.34%)
|          KINETIC 1e GRADIENT TIME      =     0.387673000(  1.30%)
|          ATTRACTION 1e GRADIENT TIME   =     0.010455000(  0.04%)
|       TOTAL 2e GRADIENT TIME      =    11.179968000(37.61%)
| TOTAL TIME          =    29.723787000
------------------------------------
| Job cpu time:  0 days  0 hours  0 minutes 29.7 seconds.

 @ Finish Output Timing Information

| Normal Termination. Task Finished on: Sat Sep 12 15:05:41 2026
