| *********************************************************************************************************
| **                                                                                                     **
| **           888888888888                                                                              **
| **         8888888888888888                                                                            **
| **      888888888888888888                                                                             **
| **     888888888888888888                                                                              **
| **    888888888888888                                                                                  **
| **   88888888888888888888                               88888                       8888:              **
| **   8888888888888888888888Z                            88888                       8888:              **
| **   888888888888888888888888?                          88888                       8888:              **
| **   8888888888888      8888888                                        888888       8888:              **
| **    88888888888         888888     8888:     88888    88888        888888888I     8888:    888888    **
| **    8888888888           88888:    8888:     88888    88888      $888888888888    8888:   888888     **
| **    I8Z 88888             88888    8888:     88888    88888    .888888     8888   8888: 888888       **
| **    .8Z 88888             88888    8888:     88888    88888    $88888             8888:88888         **
| **     8I 88888      .=88. .88888    8888:     88888    88888    88888              8888888888         **
| **    :8  88888      888888$8888$    8888:     88888    88888    8888O              88888888888        **
| **   ,7   +88888.     8888888888.    8888:     88888    88888    888888             88888O888888       **
| **         $888888:.   .8888888      88888....888888    88888     888888     8888   8888:  888888      **
| **          I8888888888888888888     888888888888888    88888     O888888888888O    8888:   888888     **
| **            O888888888888888888     88888888888888    88888       88888888888$    8888:    888888    **
| **               8888888Z     888      .8888I  88888    88888         8888888       8888:     888888   **
| **                                                                                                     **
| **                                                                                                     **
| **                                         Copyright (c) 2026                                          **
| **                          Regents of the University of California San Diego                          **
| **                                    & Michigan State University                                      **
| **                                        All Rights Reserved.                                         **
| **                                                                                                     **
| **             This software is subject to the terms of the Mozilla Public License, v. 2.0.            **
| **                                                                                                     **
| *********************************************************************************************************
|                                                                                                          
| Cite this work as:                                                                                       
| Manathunga, M.; O'Hearn, K. A.; Shajan, A.; Smith, J.; Miao, Y.; He, X.; Ayers, K.;                      
| Brothers, E.; Palos, E.; Tripathy, V.; Goetz, A.W.; Merz, K.M. QUICK-26.03.                              
| University of California,San Diego, CA and                                                               
| Michigan State University, East Lansing, MI, 2026                                                        
|                                                                                                          
| If you have any comments or queries, please reach out to us on GitHub issues or discussion sections:     
| https://github.com/merzlab/QUICK.                                                                        
|                                                                                                          
| TASK STARTS ON: Mon Sep 28 18:08:44 2026
| INPUT FILE :    morphine_grad_b3lyp_6-31+gdp.in
| OUTPUT FILE:    morphine_grad_b3lyp_6-31+gdp.out
| BASIS SET PATH: /home/msun26/QUICK-install-ffun/basis

|------------ GPU INFORMATION ---------------
| CUDA ENABLED DEVICE         :        1
| CUDA DEVICE IN USE          :        0
| CUDA DEVICE NAME            : NVIDIA GeForce RTX 5080
| CUDA DEVICE PM              :       84
| CUDA DEVICE CORE FREQ(GHZ)  :     2.73
| CUDA DEVICE MEMORY SIZE (MB):    15808
| SUPPORTING CUDA VERSION     :     12.0
|--------------------------------------------

 @ Read Job And Atom

  KEYWORD=B3LYP BASIS=6-31+G** CUTOFF=1.0E-10 DENSERMS=1.0E-6 GRADIENT CUEST OVCUT=2.3E-7 CHK_READ_DEN SCF=1
 ============== JOB CARD =============
 METHOD = DENSITY FUNCTIONAL THEORY
 DENSITY FUNCTIONAL = B3LYP
 DIRECT SCF 
 SAD INITAL GUESS 
 USE DIIS SCF
 PRINT ENERGY EVERY CYCLE
 READ DENSITY MATRIX FROM DATA FILE
 READ SAD GUESS FROM FILE
 STANDARD GRID = SG1
 Level shifting allowed after cycle    3
 DIIS error must exceed 0.100 for level shifting
 Max HOMO-LUMO gap to allow level shifting = 0.200
 GRADIENT CALCULATION
 MAX SCF CYCLES =      1
 MAX DIIS CYCLES =   10
 DELTA DENSITY START CYCLE =    3
 COMPUTATIONAL CUTOFF: 
      TWO-e INTEGRAL         =  0.100E-09
      BASIS SET PRIME        =  0.100E-10
      MATRIX ELEMENTS        =  0.100E-09
      BASIS FUNCTION         =  0.100E-05
      NEAR-LINEAR DEPENDENCY =  0.230E-06
      GRADIENT CUTOFF  =  0.100E-06
 DENSITY MATRIX MAXIMUM RMS FOR CONVERGENCE  =  0.100E-05
 BASIS SET = 6-31+G**,  TYPE = CARTESIAN
| BASIS FILE = /home/msun26/QUICK-install-ffun/basis/6-31PLGDP.BAS
| DATA FILE  =    morphine_grad_b3lyp_6-31+gdp.dat

 @ Finish reading job


 @ Begin Reading Molecular Information


 =========== Molecule Input ==========
 TOTAL MOLECULAR CHARGE  =    0    MULTIPLICITY                =    1
 TOTAL ATOM NUMBER       =   40    NUMBER OF ATOM TYPES        =    4
 NUMBER OF HYDROGEN ATOM =   19    NUMBER OF NON-HYDROGEN ATOM =   21
 NUMBER OF ELECTRONS     =  152

 -- INPUT GEOMETRY -- :
    O          -1.9930      -0.4740       1.2005
    O          -2.7826      -2.5168      -0.2218
    O          -3.6220       1.8421       0.5579
    N           3.1777      -0.0101       0.4474
    C           0.3699      -0.7149       0.6616
    C           1.2913      -1.3046      -0.4170
    C           2.3441      -0.2023      -0.7640
    C          -0.9377      -1.4750       0.9848
    C           1.1988      -0.3907       1.9201
    C          -0.2516       0.5302       0.1205
    C           1.6887       1.1052      -1.3279
    C           2.4315       0.4754       1.6126
    C           0.3384       1.4306      -0.7480
    C          -1.3631      -2.5067      -0.0924
    C           0.5066      -1.8183      -1.5971
    C          -1.5672       0.6306       0.5136
    C          -0.7155      -2.3492      -1.4425
    C           4.3733       0.7916       0.2084
    C          -0.4184       2.5415      -1.1246
    C          -2.3310       1.7217       0.1620
    C          -1.7382       2.6936      -0.6541
    H           1.8278      -2.1759      -0.0118
    H           3.0029      -0.6035      -1.5465
    H          -0.8451      -2.0128       1.9373
    H           1.5366      -1.3335       2.3712
    H           0.5899       0.1174       2.6790
    H           1.5474       0.9596      -2.4075
    H           2.3530       1.9680      -1.2194
    H           2.1271       1.5205       1.4760
    H           3.0801       0.4584       2.4975
    H          -1.0772      -3.5067       0.2593
    H           0.9601      -1.7947      -2.5831
    H          -1.2300      -2.7505      -2.3109
    H           4.1500       1.8479       0.0287
    H           4.9380       0.4055      -0.6472
    H           5.0444       0.7352       1.0730
    H          -0.0062       3.2824      -1.8043
    H          -2.3121       3.5638      -0.9645
    H          -3.1557      -2.6446       0.6672
    H          -3.8483       1.0686       1.1031

============== BASIS INFOS ==============
 BASIS FUNCTIONS =  494
 NSHELL =  162 NPRIM  =  805
 JSHELL =  162 JBASIS =  347


 @ End Reading Molecular Information 


 @ Begin XC Quadrature Formation

 OCTAGO: OCTree Algorithm for Grid Operations 
   PRUNING CUTOFF       = 0.100E-07
   INITIAL GRID POINTS  =      151424
|   FINAL GRID POINTS    =       97388
|   SIGNIFICANT NUMBER OF BASIS FUNCTIONS     =      273487
|   SIGNIFICANT NUMBER OF PRIMITIVE FUNCTIONS =      291444

 @ End XC Quadrature Formation


 @ Begin Energy Calculation

| Number of total basis functions:    494
| Number of linearly independent basis functions:    493
| condition number of overlap matrix:    9.531E+07
| Smallest eigenvalue of overlap matrix:    2.230E-07

                                         SCF ENERGY
| ------------------------------------------------------------------------------------------------------------------------
| NCYC       ENERGY         DELTA_E      SCF_TIME  DII_CYC   DII_TIME   O_TIME  DIAG_TIME    MAX_ERR    RMS_CHG    MAX_CHG
| ------------------------------------------------------------------------------------------------------------------------
|  1   -939.676695262      ------         9.670     1        0.02      9.65      0.01    0.6540E-04  0.2393E+00  0.3458E+02
 RAN OUT OF CYCLES.  NO CONVERGENCE.
 PERFORM FINAL NO INTERPOLATION ITERATION
 ELECTRONIC ENERGY    =  -2768.983965743
 CORE_CORE REPULSION  =   1829.307270481
 TOTAL ENERGY         =   -939.676695262

 @ End Energy calculation


 @ Begin Gradient Calculation

 ANALYTICAL GRADIENT: 
----------------------------------------
 COORDINATE    XYZ            GRADIENT
----------------------------------------
    1X    -1.9930001522    -0.0063877889
    1Y    -0.4740000362     0.0063363728
    1Z     1.2005000917    -0.0033069780
    2X    -2.7826002125     0.0040204640
    2Y    -2.5168001922     0.0036043396
    2Z    -0.2218000169     0.0021032854
    3X    -3.6220002766     0.0138408216
    3Y     1.8421001407     0.0011549436
    3Z     0.5579000426    -0.0062155576
    4X     3.1777002427    -0.0071318870
    4Y    -0.0101000008     0.0043213774
    4Z     0.4474000342     0.0013850830
    5X     0.3699000282     0.0072994328
    5Y    -0.7149000546    -0.0069903867
    5Z     0.6616000505    -0.0159323718
    6X     1.2913000986    -0.0020729610
    6Y    -1.3046000996     0.0028652679
    6Z    -0.4170000318     0.0104317456
    7X     2.3441001790    -0.0051684110
    7Y    -0.2023000154     0.0016088480
    7Z    -0.7640000583    -0.0170046724
    8X    -0.9377000716    -0.0032728886
    8Y    -1.4750001126     0.0218187604
    8Z     0.9848000752    -0.0098022105
    9X     1.1988000915    -0.0041199301
    9Y    -0.3907000298     0.0031616166
    9Z     1.9201001466    -0.0025190360
   10X    -0.2516000192    -0.0228712341
   10Y     0.5302000405    -0.0128955341
   10Z     0.1205000092     0.0218310935
   11X     1.6887001290    -0.0090727980
   11Y     1.1052000844     0.0053523866
   11Z    -1.3279001014     0.0136596414
   12X     2.4315001857     0.0168753279
   12Y     0.4754000363    -0.0052576700
   12Z     1.6126001231     0.0096693314
   13X     0.3384000258     0.0034807241
   13Y     1.4306001092     0.0064987747
   13Z    -0.7480000571    -0.0164067660
   14X    -1.3631001041     0.0104931609
   14Y    -2.5067001914     0.0031621417
   14Z    -0.0924000071     0.0014253042
   15X     0.5066000387     0.0069745209
   15Y    -1.8183001389    -0.0015189572
   15Z    -1.5971001220    -0.0027640906
   16X    -1.5672001197    -0.0029110451
   16Y     0.6306000482     0.0002121352
   16Z     0.5136000392     0.0051794575
   17X    -0.7155000546    -0.0008811537
   17Y    -2.3492001794    -0.0029176354
   17Z    -1.4425001102     0.0067008215
   18X     4.3733003340    -0.0009708647
   18Y     0.7916000604    -0.0116135163
   18Z     0.2084000159    -0.0057811591
   19X    -0.4184000320     0.0217975232
   19Y     2.5415001941    -0.0050439634
   19Z    -1.1246000859    -0.0047843733
   20X    -2.3310001780     0.0008563758
   20Y     1.7217001315    -0.0049846100
   20Z     0.1620000124     0.0040916343
   21X    -1.7382001327    -0.0100485136
   21Y     2.6936002057    -0.0062274420
   21Z    -0.6541000499     0.0073813265
   22X     1.8278001396    -0.0045541162
   22Y    -2.1759001662    -0.0043890923
   22Z    -0.0118000009    -0.0021460465
   23X     3.0029002293    -0.0018767462
   23Y    -0.6035000461    -0.0000281340
   23Z    -1.5465001181    -0.0035838828
   24X    -0.8451000645     0.0028745103
   24Y    -2.0128001537    -0.0028766739
   24Z     1.9373001479    -0.0002574675
   25X     1.5366001173    -0.0019474599
   25Y    -1.3335001018    -0.0012310119
   25Z     2.3712001811     0.0007290185
   26X     0.5899000450     0.0011699481
   26Y     0.1174000090    -0.0004456750
   26Z     2.6790002046     0.0030630091
   27X     1.5474001182    -0.0051194537
   27Y     0.9596000733    -0.0026421161
   27Z    -2.4075001838    -0.0025095504
   28X     2.3530001797     0.0049731639
   28Y     1.9680001503    -0.0020757158
   28Z    -1.2194000931     0.0042387845
   29X     2.1271001624    -0.0015802525
   29Y     1.5205001161    -0.0031995044
   29Z     1.4760001127    -0.0058182738
   30X     3.0801002352    -0.0141539336
   30Y     0.4584000350     0.0065065295
   30Z     2.4975001907     0.0021664050
   31X    -1.0772000823    -0.0059007010
   31Y    -3.5067002678     0.0015655249
   31Z     0.2593000198    -0.0037913169
   32X     0.9601000733    -0.0013326234
   32Y    -1.7947001371     0.0025598567
   32Z    -2.5831001973     0.0000453823
   33X    -1.2300000939     0.0001984631
   33Y    -2.7505002100    -0.0009457652
   33Z    -2.3109001765    -0.0048132071
   34X     4.1500003169    -0.0102703832
   34Y     1.8479001411     0.0119292559
   34Z     0.0287000022     0.0024476042
   35X     4.9380003771     0.0064135104
   35Y     0.4055000310    -0.0034619603
   35Z    -0.6472000494    -0.0030477405
   36X     5.0444003852     0.0162150324
   36Y     0.7352000561     0.0004778597
   36Z     1.0730000819     0.0061774635
   37X    -0.0062000005     0.0021317483
   37Y     3.2824002507    -0.0008335194
   37Z    -1.8043001378    -0.0004051509
   38X    -2.3121001766     0.0017656752
   38Y     3.5638002721     0.0025455957
   38Z    -0.9645000737    -0.0021766961
   39X    -3.1557002410    -0.0004451390
   39Y    -2.6446002020    -0.0019342516
   39Z     0.6672000509     0.0069897796
   40X    -3.8483002939     0.0007098816
   40Y     1.0686000816    -0.0041684521
   40Z     1.1031000842     0.0033503765
----------------------------------------

 @ End Gradient Calculation

  Skipping one-electron property calculation.

 @ Output Timing Information

------------- TIMING ---------------
| INITIAL GUESS TIME  =     0.923029000(  2.85%)
| DFT GRID OPERATIONS =     0.161397000(  0.50%)
| TOTAL SCF TIME      =     9.714656000( 29.95%)
|       TOTAL OP TIME      =     9.692348000( 29.88%)
|             TOTAL 1e TIME      =     0.044939000(  0.14%)
|             TOTAL 2e TIME      =     1.591958000(  4.91%)
|             TOTAL EXC TIME     =     8.008937000( 24.69%)
|       TOTAL DII TIME      =     0.021958000(  0.07%)
|             TOTAL DIAG TIME    =     0.011144000(  0.03%)
| TOTAL GRADIENT TIME      =    21.350472000( 65.81%)
|       TOTAL 1e GRADIENT TIME      =     0.386803000( 1.22%)
|       TOTAL 2e GRADIENT TIME      =    11.516536000(35.50%)
|       TOTAL EXC GRADIENT TIME     =     9.436630000( 29.09%)
| TOTAL TIME          =    32.440926000
------------------------------------
| Job cpu time:  0 days  0 hours  0 minutes 32.4 seconds.

 @ Finish Output Timing Information

| Normal Termination. Task Finished on: Mon Sep 28 18:09:17 2026
