| *********************************************************************************************************
| **                                                                                                     **
| **           888888888888                                                                              **
| **         8888888888888888                                                                            **
| **      888888888888888888                                                                             **
| **     888888888888888888                                                                              **
| **    888888888888888                                                                                  **
| **   88888888888888888888                               88888                       8888:              **
| **   8888888888888888888888Z                            88888                       8888:              **
| **   888888888888888888888888?                          88888                       8888:              **
| **   8888888888888      8888888                                        888888       8888:              **
| **    88888888888         888888     8888:     88888    88888        888888888I     8888:    888888    **
| **    8888888888           88888:    8888:     88888    88888      $888888888888    8888:   888888     **
| **    I8Z 88888             88888    8888:     88888    88888    .888888     8888   8888: 888888       **
| **    .8Z 88888             88888    8888:     88888    88888    $88888             8888:88888         **
| **     8I 88888      .=88. .88888    8888:     88888    88888    88888              8888888888         **
| **    :8  88888      888888$8888$    8888:     88888    88888    8888O              88888888888        **
| **   ,7   +88888.     8888888888.    8888:     88888    88888    888888             88888O888888       **
| **         $888888:.   .8888888      88888....888888    88888     888888     8888   8888:  888888      **
| **          I8888888888888888888     888888888888888    88888     O888888888888O    8888:   888888     **
| **            O888888888888888888     88888888888888    88888       88888888888$    8888:    888888    **
| **               8888888Z     888      .8888I  88888    88888         8888888       8888:     888888   **
| **                                                                                                     **
| **                                                                                                     **
| **                                         Copyright (c) 2026                                          **
| **                          Regents of the University of California San Diego                          **
| **                                    & Michigan State University                                      **
| **                                        All Rights Reserved.                                         **
| **                                                                                                     **
| **             This software is subject to the terms of the Mozilla Public License, v. 2.0.            **
| **                                                                                                     **
| *********************************************************************************************************
|                                                                                                          
| Cite this work as:                                                                                       
| Manathunga, M.; O'Hearn, K. A.; Shajan, A.; Smith, J.; Miao, Y.; He, X.; Ayers, K.;                      
| Brothers, E.; Palos, E.; Tripathy, V.; Goetz, A.W.; Merz, K.M. QUICK-26.03.                              
| University of California,San Diego, CA and                                                               
| Michigan State University, East Lansing, MI, 2026                                                        
|                                                                                                          
| If you have any comments or queries, please reach out to us on GitHub issues or discussion sections:     
| https://github.com/merzlab/QUICK.                                                                        
|                                                                                                          
| TASK STARTS ON: Mon Sep 28 18:03:04 2026
| INPUT FILE :    taxol_grad_hf_6-31+gdp.in
| OUTPUT FILE:    taxol_grad_hf_6-31+gdp.out
| BASIS SET PATH: /home/msun26/QUICK-install-ffun/basis

|------------ GPU INFORMATION ---------------
| CUDA ENABLED DEVICE         :        1
| CUDA DEVICE IN USE          :        0
| CUDA DEVICE NAME            : NVIDIA GeForce RTX 5080
| CUDA DEVICE PM              :       84
| CUDA DEVICE CORE FREQ(GHZ)  :     2.73
| CUDA DEVICE MEMORY SIZE (MB):    15808
| SUPPORTING CUDA VERSION     :     12.0
|--------------------------------------------

 @ Read Job And Atom

  KEYWORD=HF BASIS=6-31+G** CUTOFF=1.0E-10 DENSERMS=1.0E-6 GRADIENT CUEST CHK_READ_DEN SCF=1 OVCUT=1.0E-7
 ============== JOB CARD =============
 METHOD = HARTREE FOCK
 DIRECT SCF 
 SAD INITAL GUESS 
 USE DIIS SCF
 PRINT ENERGY EVERY CYCLE
 READ DENSITY MATRIX FROM DATA FILE
 READ SAD GUESS FROM FILE
 Level shifting allowed after cycle    3
 DIIS error must exceed 0.100 for level shifting
 Max HOMO-LUMO gap to allow level shifting = 0.200
 GRADIENT CALCULATION
 MAX SCF CYCLES =      1
 MAX DIIS CYCLES =   10
 DELTA DENSITY START CYCLE =    3
 COMPUTATIONAL CUTOFF: 
      TWO-e INTEGRAL         =  0.100E-09
      BASIS SET PRIME        =  0.100E-10
      MATRIX ELEMENTS        =  0.100E-09
      BASIS FUNCTION         =  0.100E-05
      NEAR-LINEAR DEPENDENCY =  0.100E-06
      GRADIENT CUTOFF  =  0.100E-06
 DENSITY MATRIX MAXIMUM RMS FOR CONVERGENCE  =  0.100E-05
 BASIS SET = 6-31+G**,  TYPE = CARTESIAN
| BASIS FILE = /home/msun26/QUICK-install-ffun/basis/6-31PLGDP.BAS
| DATA FILE  =    taxol_grad_hf_6-31+gdp.dat

 @ Finish reading job


 @ Begin Reading Molecular Information


 =========== Molecule Input ==========
 TOTAL MOLECULAR CHARGE  =    0    MULTIPLICITY                =    1
 TOTAL ATOM NUMBER       =  110    NUMBER OF ATOM TYPES        =    4
 NUMBER OF HYDROGEN ATOM =   49    NUMBER OF NON-HYDROGEN ATOM =   61
 NUMBER OF ELECTRONS     =  446

 -- INPUT GEOMETRY -- :
    C          -6.3961       1.6376      -1.0167
    C          -5.5976       1.9480       0.3157
    C          -4.1358       1.3889       0.3062
    C          -4.0900      -0.2069       0.0760
    C          -5.3005      -0.5560      -0.7831
    C          -5.6408       0.5560      -1.7454
    C          -2.8203      -0.7723      -0.5951
    C          -3.4405       1.9810       1.5955
    C          -1.5723      -0.0770      -0.1719
    O          -2.6953      -2.1590      -0.1698
    O          -1.8693       1.2309      -0.7751
    C          -1.3334      -0.1176       1.4102
    C          -0.8881       1.2875       1.4845
    C           0.3196       1.5771       0.9641
    O          -4.0361       2.4498       2.5048
    O          -1.9505       2.1871       1.7492
    C          -0.2199      -0.3744      -0.8072
    C           0.8361       0.5393      -0.0882
    O          -6.3706      -0.7461       0.1815
    C          -7.5080      -1.5313       0.1764
    O          -7.7343      -2.1872       1.1532
    C          -8.4523      -1.4158      -0.9939
    C          -5.4161      -1.5091      -2.0070
    O          -6.2193      -0.4454      -2.6903
    O          -5.4268       3.3774       0.3776
    O          -1.6122       4.1801       0.0344
    C          -0.7941       5.2258       0.2991
    O          -0.3049       5.8646      -0.5895
    C          -0.5432       5.4737       1.7764
    C           1.2299       2.7853       1.0315
    O           1.9361      -0.3334       0.3600
    C           3.1924       0.0393       0.0732
    O           3.4565       1.0474      -0.5230
    C           4.1742      -1.0075       0.5409
    C           5.5923      -0.5508       0.2305
    C           6.6535      -1.6277       0.4268
    C           6.3531      -2.9590       0.6578
    C           7.3484      -3.9223       0.5946
    C           8.6553      -3.5578       0.3263
    C           8.9721      -2.2174       0.1751
    C           7.9781      -1.2615       0.2323
    O           4.0118      -1.2781       1.9326
    N           5.9708       0.6810       0.8873
    C           6.1083       1.9571       0.3956
    O           6.3193       2.8804       1.1683
    C           5.8856       2.2295      -1.0684
    C           6.1183       1.3531      -2.1154
    C           5.5666       1.5986      -3.3628
    C           4.8505       2.7661      -3.5881
    C           4.7601       3.7103      -2.5860
    C           5.2758       3.4420      -1.3327
    C          -2.1367      -3.0476      -1.0301
    O          -2.1452      -2.8534      -2.2329
    C          -1.5034      -4.2030      -0.3691
    C          -1.4396      -4.3267       1.0054
    C          -0.7639      -5.3990       1.5627
    C          -0.1729      -6.3469       0.7428
    C          -0.2556      -6.2275      -0.6353
    C          -0.9156      -5.1510      -1.1911
    C          -0.2097      -1.1547       1.8364
    C          -2.4301      -0.4562       2.4708
    H          -3.6492       1.8683      -0.5156
    H          -4.2442      -0.7298       0.9946
    H          -6.1319       1.5762       1.1739
    H          -6.4278       2.5627      -1.5682
    H          -7.3896       1.3053      -0.7745
    H          -4.7466       0.9454      -2.2120
    H          -2.8856      -0.7190      -1.6683
    H          -1.1756       1.8958      -0.6851
    H          -1.8482       3.6442       0.8092
    H          -0.3040      -0.0417      -1.8339
    H           0.0915      -1.3953      -0.8029
    H           1.2665       1.1760      -0.8368
    H          -7.9448      -1.4088      -1.9397
    H          -8.9861      -0.4737      -0.9254
    H          -9.1715      -2.2206      -0.9250
    H          -5.9697      -2.4207      -1.8715
    H          -4.4957      -1.6916      -2.5342
    H          -6.1859       3.7990       0.8058
    H          -0.4047       4.5303       2.2919
    H          -1.4092       5.9590       2.2202
    H           0.3171       6.0932       1.8872
    H           1.4833       3.0343       2.0569
    H           0.8689       3.6688       0.5366
    H           2.1685       2.5342       0.5368
    H           3.9670      -1.8925      -0.0573
    H           5.5542      -0.3517      -0.8218
    H           5.3545      -3.2557       0.9039
    H           7.0989      -4.9514       0.7469
    H           9.4172      -4.3037       0.2408
    H           9.9857      -1.9178       0.0023
    H           8.2255      -0.2253       0.1253
    H           3.1299      -1.6338       2.1084
    H           6.0936       0.6251       1.8860
    H           6.7084       0.4705      -1.9833
    H           5.6744       0.8728      -4.1413
    H           4.3798       2.9274      -4.5336
    H           4.2564       4.6442      -2.7661
    H           5.1747       4.1495      -0.5327
    H          -1.9016      -3.5962       1.6316
    H          -0.6960      -5.4955       2.6284
    H           0.3482      -7.1761       1.1766
    H           0.1935      -6.9648      -1.2689
    H          -0.9826      -5.0259      -2.2518
    H           0.6895      -0.6503       2.1318
    H           0.0409      -1.8507       1.0571
    H          -0.5497      -1.7388       2.6731
    H          -2.6865      -1.5071       2.3903
    H          -3.3390       0.1001       2.4689
    H          -1.9770      -0.2959       3.4410

============== BASIS INFOS ==============
 BASIS FUNCTIONS = 1404
 NSHELL =  452 NPRIM  = 2295
 JSHELL =  452 JBASIS =  977


 @ End Reading Molecular Information 


 @ Begin Energy Calculation

| Number of total basis functions:   1404
| Number of linearly independent basis functions:   1403
| condition number of overlap matrix:    4.851E+08
| Smallest eigenvalue of overlap matrix:    4.639E-08

                                         SCF ENERGY
| ------------------------------------------------------------------------------------------------------------------------
| NCYC       ENERGY         DELTA_E      SCF_TIME  DII_CYC   DII_TIME   O_TIME  DIAG_TIME    MAX_ERR    RMS_CHG    MAX_CHG
| ------------------------------------------------------------------------------------------------------------------------
|  1  -2909.897151243      ------        26.228     1        0.16     26.06      0.05    0.2211E-04  0.3860E+00  0.1981E+03
 RAN OUT OF CYCLES.  NO CONVERGENCE.
 PERFORM FINAL NO INTERPOLATION ITERATION
 ELECTRONIC ENERGY    = -12576.967026566
 CORE_CORE REPULSION  =   9667.069875324
 TOTAL ENERGY         =  -2909.897151243

 @ End Energy calculation


 @ Begin Gradient Calculation

 ANALYTICAL GRADIENT: 
----------------------------------------
 COORDINATE    XYZ            GRADIENT
----------------------------------------
    1X    -6.3960620484    -0.0068586800
    1Y     1.6375501950    -0.0019578606
    1Z    -1.0167391376    -0.0025944286
    2X    -5.5976016175    -0.0035579277
    2Y     1.9479657588    -0.0250764282
    2Z     0.3156763941     0.0082049668
    3X    -4.1358426958     0.0090341978
    3Y     1.3888886961    -0.0076929384
    3Z     0.3061559434    -0.0088371632
    4X    -4.0900119523    -0.0076243003
    4Y    -0.2069339958    -0.0108823715
    4Z     0.0759908158     0.0105486598
    5X    -5.3005248048    -0.0211296239
    5Y    -0.5559696325    -0.0076504997
    5Z    -0.7831189998     0.0071017497
    6X    -5.6408357108     0.0069399423
    6Y     0.5560152125     0.0584316835
    6Z    -1.7454175833     0.0189801731
    7X    -2.8203121254     0.0558076361
    7Y    -0.7723427990     0.0330702131
    7Z    -0.5951161554    -0.0190371938
    8X    -3.4405170127    -0.0118249082
    8Y     1.9809802613    -0.0113560461
    8Z     1.5954933618    -0.0357008245
    9X    -1.5722955801    -0.0528084646
    9Y    -0.0769638959    -0.0146732135
    9Z    -0.1719253231    -0.0242358228
   10X    -2.6953277358    -0.0020980670
   10Y    -2.1590275449     0.0041959179
   10Z    -0.1697708530     0.0212160664
   11X    -1.8693494728    -0.0236284961
   11Y     1.2308627640     0.0098277704
   11Z    -0.7751224092    -0.0044791154
   12X    -1.3334065318     0.0140212682
   12Y    -0.1176307990     0.0191554065
   12Z     1.4101577377     0.0037539082
   13X    -0.8881045478     0.0200617909
   13Y     1.2874585683    -0.0498556388
   13Z     1.4845317434    -0.0054638224
   14X     0.3196037144    -0.0153016661
   14Y     1.5770568504     0.0106822622
   14Z     0.9640606036    -0.0072721856
   15X    -4.0360630582    -0.0202369860
   15Y     2.4497905671     0.0174224540
   15Z     2.5047991213     0.0290814493
   16X    -1.9504981989     0.0038963554
   16Y     2.1870801370     0.0141084133
   16Z     1.7492358836    -0.0037146297
   17X    -0.2198636968    -0.0041212001
   17Y    -0.3744037186    -0.0171775075
   17Z    -0.8072270516     0.0026568645
   18X     0.8361322639    -0.0040192304
   18Y     0.5392960612     0.0191613394
   18Z    -0.0882305667     0.0182905919
   19X    -6.3705655165     0.0067779412
   19Y    -0.7461437470     0.0125851162
   19Z     0.1814962939     0.0007529445
   20X    -7.5079891033    -0.0118224319
   20Y    -1.5312545569     0.0030891733
   20Z     0.1764442435    -0.0211743886
   21X    -7.7343174206    -0.0059422799
   21Y    -2.1872431170    -0.0180640705
   21Z     1.1532460581     0.0262436299
   22X    -8.4523256355    -0.0002476144
   22Y    -1.4157501381     0.0045396073
   22Z    -0.9939260359    -0.0027552244
   23X    -5.4161060936     0.0328209512
   23Y    -1.5091024852    -0.0351285024
   23Z    -2.0070004333     0.0026343220
   24X    -6.2192576349    -0.0226311415
   24Y    -0.4454467640    -0.0037132063
   24Z    -2.6902952054    -0.0286212528
   25X    -5.4267630344     0.0230161883
   25Y     3.3774439679     0.0126289644
   25Z     0.3776243788    -0.0104770805
   26X    -1.6122442331    -0.0084637764
   26Y     4.1801173692    -0.0112224158
   26Z     0.0343779426    -0.0074727929
   27X    -0.7940924306     0.0043267498
   27Y     5.2257743591     0.0015843240
   27Z     0.2990567328     0.0088380950
   28X    -0.3048947533     0.0140226584
   28Y     5.8645770378     0.0147965725
   28Z    -0.5895333050    -0.0202952186
   29X    -0.5432142115     0.0166566781
   29Y     5.4736988580    -0.0058930794
   29Z     1.7763875257    -0.0052456433
   30X     1.2298581039    -0.0064483733
   30Y     2.7852910627     0.0026675690
   30Z     1.0315035488     0.0029175745
   31X     1.9361231978    -0.0113876986
   31Y    -0.3334212455    -0.0121575156
   31Z     0.3599506875     0.0066198592
   32X     3.1923973838     0.0200753579
   32Y     0.0392867930    -0.0176947023
   32Z     0.0732008056     0.0151009088
   33X     3.4564615139     0.0055410087
   33Y     1.0474090400     0.0319138577
   33Z    -0.5229789999    -0.0147903083
   34X     4.1741653088     0.0007563846
   34Y    -1.0074733869     0.0045237438
   34Z     0.5409361113    -0.0256953757
   35X     5.5923107171    -0.0017863987
   35Y    -0.5507792521    -0.0069339388
   35Z     0.2305424976     0.0008201787
   36X     6.6535037881     0.0033381425
   36Y    -1.6276655543     0.0092884830
   36Z     0.4267850326     0.0068242457
   37X     6.3531150051     0.0127739325
   37Y    -2.9590429360    -0.0136474059
   37Z     0.6578478902     0.0039070223
   38X     7.3484382612    -0.0026778947
   38Y    -3.9223477295     0.0137221937
   38Z     0.5946433254    -0.0021077101
   39X     8.6553271210     0.0034667310
   39Y    -3.5577624717     0.0018064327
   39Z     0.3262773549    -0.0010628474
   40X     8.9721243751    -0.0016128898
   40Y    -2.2174055893    -0.0002112591
   40Z     0.1751067634     0.0000727984
   41X     7.9780886392     0.0006764985
   41Y    -1.2615409463    -0.0056523777
   41Z     0.2323472177    -0.0014436633
   42X     4.0117557664     0.0208845715
   42Y    -1.2781154276     0.0053789900
   42Z     1.9325733176     0.0156141320
   43X     5.9708271360    -0.0059252552
   43Y     0.6810003920    -0.0003203520
   43Z     0.8873416378    -0.0328829602
   44X     6.1083015365    -0.0029565211
   44Y     1.9571430895    -0.0096637154
   44Z     0.3956142302    -0.0238066311
   45X     6.3193162726     0.0022044523
   45Y     2.8803622800     0.0257866389
   45Z     1.1682892292     0.0175059408
   46X     5.8856240794    -0.0072199015
   46Y     2.2294773203    -0.0073813543
   46Z    -1.0684369316    -0.0044513947
   47X     6.1182760772    -0.0000221631
   47Y     1.3530946933     0.0067227235
   47Z    -2.1154263515     0.0073781258
   48X     5.5666096951    -0.0011721508
   48Y     1.5985928121    -0.0037683313
   48Z    -3.3627524368    -0.0037435918
   49X     4.8504996604    -0.0039244872
   49Y     2.7660993212     0.0061099634
   49Z    -3.5880647940    -0.0008515985
   50X     4.7600527335     0.0024557338
   50Y     3.7102514633    -0.0070248547
   50Z    -2.5859740575     0.0005905686
   51X     5.2758312329     0.0032344828
   51Y     3.4419996328    -0.0033810404
   51Z    -1.3326645918     0.0004574838
   52X    -2.1366951232     0.0175442047
   52Y    -3.0476308227    -0.0428380068
   52Z    -1.0300506687     0.0395409387
   53X    -2.1451656838    -0.0028938264
   53Y    -2.8533799779     0.0090006549
   53Z    -2.2328872205    -0.0456000844
   54X    -1.5033715748     0.0059655648
   54Y    -4.2030090710     0.0050577223
   54Z    -0.3691075382     0.0080773075
   55X    -1.4395727999     0.0004906086
   55Y    -4.3266984404     0.0069615016
   55Z     1.0054186368    -0.0069111695
   56X    -0.7638830383     0.0004513038
   56Y    -5.3989755623     0.0006221954
   56Z     1.5627243193    -0.0004334279
   57X    -0.1728504332     0.0009715558
   57Y    -6.3468611347    -0.0011169358
   57Z     0.7427716867    -0.0010407253
   58X    -0.2555829795    -0.0010525720
   58Y    -6.2275391756     0.0010170292
   58Z    -0.6353203685     0.0017656273
   59X    -0.9155594699    -0.0024270682
   59Y    -5.1509647533     0.0005806121
   59Z    -1.1911104510     0.0020283904
   60X    -0.2097392960     0.0085414033
   60Y    -1.1547475382    -0.0052617944
   60Z     1.8364341802    -0.0007897762
   61X    -2.4300503956    -0.0005010178
   61Y    -0.4562313148     0.0035030410
   61Z     2.4707643087     0.0110576570
   62X    -3.6491745187     0.0029298440
   62Y     1.8683153927    -0.0008203288
   62Z    -0.5155830594    -0.0006264650
   63X    -4.2442042941    -0.0016686860
   63Y    -0.7298029557    -0.0006762976
   63Z     0.9946071660    -0.0011250968
   64X    -6.1319130983     0.0017795474
   64Y     1.5761652304    -0.0025673591
   64Z     1.1739417496    -0.0015334008
   65X    -6.4278100209     0.0031594343
   65Y     2.5627464257    -0.0008623329
   65Z    -1.5682089798     0.0033310549
   66X    -7.3896389443     0.0037737334
   66Y     1.3053382297    -0.0029032176
   66Z    -0.7744957191     0.0004036159
   67X    -4.7465709525     0.0028141307
   67Y     0.9454138022    -0.0038075073
   67Z    -2.2120482489     0.0028930247
   68X    -2.8855556304     0.0009798803
   68Y    -0.7190312849     0.0009972021
   68Z    -1.6682582674    -0.0004624333
   69X    -1.1756472598     0.0205255694
   69Y     1.8958447948     0.0164910183
   69Z    -0.6850815723    -0.0019063643
   70X    -1.8481633811    -0.0094098319
   70Y     3.6442038083    -0.0189032796
   70Z     0.8091516318     0.0145637568
   71X    -0.3040223032    -0.0025201503
   71Y    -0.0416779132     0.0041112314
   71Z    -1.8339006500     0.0045851732
   72X     0.0915191370    -0.0055053084
   72Y    -1.3952922665     0.0067867341
   72Z    -0.8028716213    -0.0026727221
   73X     1.2665208967    -0.0062147780
   73Y     1.1759764098    -0.0037802298
   73Z    -0.8367613039     0.0034769673
   74X    -7.9447757667     0.0009938127
   74Y    -1.4087837076    -0.0002001229
   74Z    -1.9396808281     0.0019527457
   75X    -8.9860731662     0.0004903165
   75Y    -0.4736978662     0.0009000660
   75Z    -0.9254125307    -0.0023306699
   76X    -9.1714810604     0.0018322623
   76Y    -2.2205725696    -0.0019628680
   76Z    -0.9250167206    -0.0011356974
   77X    -5.9696663559    -0.0014281340
   77Y    -2.4206610149     0.0037575373
   77Z    -1.8715271229    -0.0031398601
   78X    -4.4956991333    -0.0020676390
   78Y    -1.6916168492     0.0075802392
   78Z    -2.5341524535     0.0039757805
   79X    -6.1859311524    -0.0204512227
   79Y     3.7990295001     0.0095688083
   79Z     0.8057985915     0.0116876258
   80X    -0.4047348909    -0.0009094516
   80Y     4.5302822759    -0.0010217857
   80Z     2.2918681450    -0.0017721860
   81X    -1.4092254776    -0.0080862335
   81Y     5.9590269651     0.0048136357
   81Z     2.2201989695     0.0161924207
   82X     0.3171041142    -0.0046958529
   82Y     6.0931668053    -0.0008412279
   82Z     1.8871610341    -0.0005060963
   83X     1.4832825233     0.0052699966
   83Y     3.0343297417    -0.0027587635
   83Z     2.0569032671     0.0019538071
   84X     0.8689347864     0.0015664754
   84Y     3.6687759202     0.0014031246
   84Z     0.5365847410    -0.0011812713
   85X     2.1684890256     0.0065293378
   85Y     2.5341565935    -0.0036945749
   85Z     0.5367745110    -0.0066827596
   86X     3.9669616429     0.0029740826
   86Y    -1.8924970245    -0.0003122079
   86Z    -0.0572581044    -0.0042309275
   87X     5.5541776341     0.0060839462
   87Y    -0.3516751969    -0.0018811377
   87Z    -0.8217997928    -0.0015398954
   88X     5.3544978589    -0.0087083262
   88Y    -3.2557102186     0.0096697249
   88Z     0.9038848590     0.0013585871
   89X     7.0989144921    -0.0046921965
   89Y    -4.9513961981    -0.0072730938
   89Z     0.7469288470     0.0010797536
   90X     9.4171946391    -0.0039043016
   90Y    -4.3036937586     0.0028475522
   90Z     0.2407856384    -0.0009949304
   91X     9.9857451625    -0.0034911104
   91Y    -1.9177654664    -0.0000628526
   91Z     0.0023467702     0.0005256848
   92X     8.2254739781    -0.0022684591
   92Y    -0.2253064972    -0.0006244154
   92Z     0.1253413196     0.0016424002
   93X     3.1299497190    -0.0233608289
   93Y    -1.6337869448    -0.0104431406
   93Z     2.1083780410     0.0058102535
   94X     6.0936142953     0.0018518100
   94Y     0.6250744177    -0.0154416902
   94Z     1.8859549340     0.0349336342
   95X     6.7084385023    -0.0007735503
   95Y     0.4705180859     0.0000188261
   95Z    -1.9833353715     0.0008813077
   96X     5.6743955033    -0.0025582963
   96Y     0.8727860166     0.0018791485
   96Z    -4.1412753062     0.0041805473
   97X     4.3798459545     0.0009868739
   97Y     2.9274162635    -0.0024093790
   97Z    -4.5335959262     0.0054129204
   98X     4.2563846850     0.0001878827
   98Y     4.6442142246     0.0005983243
   98Z    -2.7660689312    -0.0001452815
   99X     5.1747309752     0.0017165623
   99Y     4.1495329469    -0.0011685933
   99Z    -0.5327311807    -0.0014305498
  100X    -1.9015966152     0.0014298034
  100Y    -3.5961884646    -0.0009734881
  100Z     1.6316251146    -0.0015301649
  101X    -0.6959961231     0.0005753997
  101Y    -5.4955301297     0.0002494548
  101Z     2.6284273507    -0.0022373528
  102X     0.3482320666    -0.0015239412
  102Y    -7.1761497180     0.0026845283
  102Z     1.1766068899    -0.0014266195
  103X     0.1934856248    -0.0004868492
  103Y    -6.9647955319     0.0003343529
  103Z    -1.2689412269     0.0013362345
  104X    -0.9826070850    -0.0003010565
  104Y    -5.0258756638     0.0005997955
  104Z    -2.2518210920     0.0026515487
  105X     0.6895305627     0.0007013993
  105Y    -0.6503325997    -0.0000230605
  105Z     2.1318040128    -0.0031301635
  106X     0.0408559131    -0.0001485017
  106Y    -1.8507204713     0.0003957482
  106Z     1.0570934807    -0.0019383864
  107X    -0.5497152620     0.0018419167
  107Y    -1.7387967528     0.0007327767
  107Z     2.6730564641    -0.0027439145
  108X    -2.6864695851     0.0005260776
  108Y    -1.5071205751    -0.0036435048
  108Z     2.3903168925    -0.0010831410
  109X    -3.3390145450     0.0016312870
  109Y     0.1000510676     0.0004553019
  109Z     2.4688671085    -0.0021600642
  110X    -1.9770021010    -0.0004059568
  110Y    -0.2959025626    -0.0003638781
  110Z     3.4410103628    -0.0007565582
----------------------------------------

 @ End Gradient Calculation

  Skipping one-electron property calculation.

 @ Output Timing Information

------------- TIMING ---------------
| INITIAL GUESS TIME  =     2.394035000(  1.27%)
| TOTAL SCF TIME      =    26.485037000( 14.08%)
|       TOTAL OP TIME      =    26.318247000( 13.99%)
|             TOTAL 1e TIME      =     0.257015000(  0.14%)
|             TOTAL 2e TIME      =    25.792869000( 13.71%)
|       TOTAL DII TIME      =     0.163863000(  0.09%)
|             TOTAL DIAG TIME    =     0.052183000(  0.03%)
| TOTAL GRADIENT TIME      =   158.954553000( 84.51%)
|       TOTAL 1e GRADIENT TIME      =     2.072267000( 1.18%)
|       TOTAL 2e GRADIENT TIME      =   156.730331000(83.33%)
| TOTAL TIME          =   188.078904000
------------------------------------
| Job cpu time:  0 days  0 hours  3 minutes  8.1 seconds.

 @ Finish Output Timing Information

| Normal Termination. Task Finished on: Mon Sep 28 18:06:12 2026
