| *********************************************************************************************************
| **                                                                                                     **
| **           888888888888                                                                              **
| **         8888888888888888                                                                            **
| **      888888888888888888                                                                             **
| **     888888888888888888                                                                              **
| **    888888888888888                                                                                  **
| **   88888888888888888888                               88888                       8888:              **
| **   8888888888888888888888Z                            88888                       8888:              **
| **   888888888888888888888888?                          88888                       8888:              **
| **   8888888888888      8888888                                        888888       8888:              **
| **    88888888888         888888     8888:     88888    88888        888888888I     8888:    888888    **
| **    8888888888           88888:    8888:     88888    88888      $888888888888    8888:   888888     **
| **    I8Z 88888             88888    8888:     88888    88888    .888888     8888   8888: 888888       **
| **    .8Z 88888             88888    8888:     88888    88888    $88888             8888:88888         **
| **     8I 88888      .=88. .88888    8888:     88888    88888    88888              8888888888         **
| **    :8  88888      888888$8888$    8888:     88888    88888    8888O              88888888888        **
| **   ,7   +88888.     8888888888.    8888:     88888    88888    888888             88888O888888       **
| **         $888888:.   .8888888      88888....888888    88888     888888     8888   8888:  888888      **
| **          I8888888888888888888     888888888888888    88888     O888888888888O    8888:   888888     **
| **            O888888888888888888     88888888888888    88888       88888888888$    8888:    888888    **
| **               8888888Z     888      .8888I  88888    88888         8888888       8888:     888888   **
| **                                                                                                     **
| **                                                                                                     **
| **                                         Copyright (c) 2026                                          **
| **                          Regents of the University of California San Diego                          **
| **                                    & Michigan State University                                      **
| **                                        All Rights Reserved.                                         **
| **                                                                                                     **
| **             This software is subject to the terms of the Mozilla Public License, v. 2.0.            **
| **                                                                                                     **
| *********************************************************************************************************
|                                                                                                          
| Cite this work as:                                                                                       
| Manathunga, M.; O'Hearn, K. A.; Shajan, A.; Smith, J.; Miao, Y.; He, X.; Ayers, K.;                      
| Brothers, E.; Palos, E.; Tripathy, V.; Goetz, A.W.; Merz, K.M. QUICK-26.03.                              
| University of California,San Diego, CA and                                                               
| Michigan State University, East Lansing, MI, 2026                                                        
|                                                                                                          
| If you have any comments or queries, please reach out to us on GitHub issues or discussion sections:     
| https://github.com/merzlab/QUICK.                                                                        
|                                                                                                          
| TASK STARTS ON: Mon Sep 28 18:19:24 2026
| INPUT FILE :    taxol_grad_blyp_6-31+gdp.in
| OUTPUT FILE:    taxol_grad_blyp_6-31+gdp.out
| BASIS SET PATH: /home/msun26/QUICK-install-ffun/basis

|------------ GPU INFORMATION ---------------
| CUDA ENABLED DEVICE         :        1
| CUDA DEVICE IN USE          :        0
| CUDA DEVICE NAME            : NVIDIA GeForce RTX 5080
| CUDA DEVICE PM              :       84
| CUDA DEVICE CORE FREQ(GHZ)  :     2.73
| CUDA DEVICE MEMORY SIZE (MB):    15808
| SUPPORTING CUDA VERSION     :     12.0
|--------------------------------------------

 @ Read Job And Atom

  KEYWORD=BLYP BASIS=6-31+G** CUTOFF=1.0E-10 DENSERMS=1.0E-6 GRADIENT CUEST OVCUT=5.0E-7 CHK_READ_DEN SCF=1
 ============== JOB CARD =============
 METHOD = DENSITY FUNCTIONAL THEORY
 USING LIBXC VERSION: 4.3.4
 FUNCTIONAL INFORMATION:
 NAME = Becke 88 FAMILY = GGA KIND = EXCHANGE
 NAME = Lee, Yang & Parr FAMILY = GGA KIND = CORRELATION
 DIRECT SCF 
 SAD INITAL GUESS 
 USE DIIS SCF
 PRINT ENERGY EVERY CYCLE
 READ DENSITY MATRIX FROM DATA FILE
 READ SAD GUESS FROM FILE
 STANDARD GRID = SG1
 Level shifting allowed after cycle    3
 DIIS error must exceed 0.100 for level shifting
 Max HOMO-LUMO gap to allow level shifting = 0.200
 GRADIENT CALCULATION
 MAX SCF CYCLES =      1
 MAX DIIS CYCLES =   10
 DELTA DENSITY START CYCLE =    3
 COMPUTATIONAL CUTOFF: 
      TWO-e INTEGRAL         =  0.100E-09
      BASIS SET PRIME        =  0.100E-10
      MATRIX ELEMENTS        =  0.100E-09
      BASIS FUNCTION         =  0.100E-05
      NEAR-LINEAR DEPENDENCY =  0.500E-06
      GRADIENT CUTOFF  =  0.100E-06
 DENSITY MATRIX MAXIMUM RMS FOR CONVERGENCE  =  0.100E-05
 BASIS SET = 6-31+G**,  TYPE = CARTESIAN
| BASIS FILE = /home/msun26/QUICK-install-ffun/basis/6-31PLGDP.BAS
| DATA FILE  =    taxol_grad_blyp_6-31+gdp.dat

 @ Finish reading job


 @ Begin Reading Molecular Information


 =========== Molecule Input ==========
 TOTAL MOLECULAR CHARGE  =    0    MULTIPLICITY                =    1
 TOTAL ATOM NUMBER       =  110    NUMBER OF ATOM TYPES        =    4
 NUMBER OF HYDROGEN ATOM =   49    NUMBER OF NON-HYDROGEN ATOM =   61
 NUMBER OF ELECTRONS     =  446

 -- INPUT GEOMETRY -- :
    C          -6.3961       1.6376      -1.0167
    C          -5.5976       1.9480       0.3157
    C          -4.1358       1.3889       0.3062
    C          -4.0900      -0.2069       0.0760
    C          -5.3005      -0.5560      -0.7831
    C          -5.6408       0.5560      -1.7454
    C          -2.8203      -0.7723      -0.5951
    C          -3.4405       1.9810       1.5955
    C          -1.5723      -0.0770      -0.1719
    O          -2.6953      -2.1590      -0.1698
    O          -1.8693       1.2309      -0.7751
    C          -1.3334      -0.1176       1.4102
    C          -0.8881       1.2875       1.4845
    C           0.3196       1.5771       0.9641
    O          -4.0361       2.4498       2.5048
    O          -1.9505       2.1871       1.7492
    C          -0.2199      -0.3744      -0.8072
    C           0.8361       0.5393      -0.0882
    O          -6.3706      -0.7461       0.1815
    C          -7.5080      -1.5313       0.1764
    O          -7.7343      -2.1872       1.1532
    C          -8.4523      -1.4158      -0.9939
    C          -5.4161      -1.5091      -2.0070
    O          -6.2193      -0.4454      -2.6903
    O          -5.4268       3.3774       0.3776
    O          -1.6122       4.1801       0.0344
    C          -0.7941       5.2258       0.2991
    O          -0.3049       5.8646      -0.5895
    C          -0.5432       5.4737       1.7764
    C           1.2299       2.7853       1.0315
    O           1.9361      -0.3334       0.3600
    C           3.1924       0.0393       0.0732
    O           3.4565       1.0474      -0.5230
    C           4.1742      -1.0075       0.5409
    C           5.5923      -0.5508       0.2305
    C           6.6535      -1.6277       0.4268
    C           6.3531      -2.9590       0.6578
    C           7.3484      -3.9223       0.5946
    C           8.6553      -3.5578       0.3263
    C           8.9721      -2.2174       0.1751
    C           7.9781      -1.2615       0.2323
    O           4.0118      -1.2781       1.9326
    N           5.9708       0.6810       0.8873
    C           6.1083       1.9571       0.3956
    O           6.3193       2.8804       1.1683
    C           5.8856       2.2295      -1.0684
    C           6.1183       1.3531      -2.1154
    C           5.5666       1.5986      -3.3628
    C           4.8505       2.7661      -3.5881
    C           4.7601       3.7103      -2.5860
    C           5.2758       3.4420      -1.3327
    C          -2.1367      -3.0476      -1.0301
    O          -2.1452      -2.8534      -2.2329
    C          -1.5034      -4.2030      -0.3691
    C          -1.4396      -4.3267       1.0054
    C          -0.7639      -5.3990       1.5627
    C          -0.1729      -6.3469       0.7428
    C          -0.2556      -6.2275      -0.6353
    C          -0.9156      -5.1510      -1.1911
    C          -0.2097      -1.1547       1.8364
    C          -2.4301      -0.4562       2.4708
    H          -3.6492       1.8683      -0.5156
    H          -4.2442      -0.7298       0.9946
    H          -6.1319       1.5762       1.1739
    H          -6.4278       2.5627      -1.5682
    H          -7.3896       1.3053      -0.7745
    H          -4.7466       0.9454      -2.2120
    H          -2.8856      -0.7190      -1.6683
    H          -1.1756       1.8958      -0.6851
    H          -1.8482       3.6442       0.8092
    H          -0.3040      -0.0417      -1.8339
    H           0.0915      -1.3953      -0.8029
    H           1.2665       1.1760      -0.8368
    H          -7.9448      -1.4088      -1.9397
    H          -8.9861      -0.4737      -0.9254
    H          -9.1715      -2.2206      -0.9250
    H          -5.9697      -2.4207      -1.8715
    H          -4.4957      -1.6916      -2.5342
    H          -6.1859       3.7990       0.8058
    H          -0.4047       4.5303       2.2919
    H          -1.4092       5.9590       2.2202
    H           0.3171       6.0932       1.8872
    H           1.4833       3.0343       2.0569
    H           0.8689       3.6688       0.5366
    H           2.1685       2.5342       0.5368
    H           3.9670      -1.8925      -0.0573
    H           5.5542      -0.3517      -0.8218
    H           5.3545      -3.2557       0.9039
    H           7.0989      -4.9514       0.7469
    H           9.4172      -4.3037       0.2408
    H           9.9857      -1.9178       0.0023
    H           8.2255      -0.2253       0.1253
    H           3.1299      -1.6338       2.1084
    H           6.0936       0.6251       1.8860
    H           6.7084       0.4705      -1.9833
    H           5.6744       0.8728      -4.1413
    H           4.3798       2.9274      -4.5336
    H           4.2564       4.6442      -2.7661
    H           5.1747       4.1495      -0.5327
    H          -1.9016      -3.5962       1.6316
    H          -0.6960      -5.4955       2.6284
    H           0.3482      -7.1761       1.1766
    H           0.1935      -6.9648      -1.2689
    H          -0.9826      -5.0259      -2.2518
    H           0.6895      -0.6503       2.1318
    H           0.0409      -1.8507       1.0571
    H          -0.5497      -1.7388       2.6731
    H          -2.6865      -1.5071       2.3903
    H          -3.3390       0.1001       2.4689
    H          -1.9770      -0.2959       3.4410

============== BASIS INFOS ==============
 BASIS FUNCTIONS = 1404
 NSHELL =  452 NPRIM  = 2295
 JSHELL =  452 JBASIS =  977


 @ End Reading Molecular Information 


 @ Begin XC Quadrature Formation

 OCTAGO: OCTree Algorithm for Grid Operations 
   PRUNING CUTOFF       = 0.100E-07
   INITIAL GRID POINTS  =      416624
|   FINAL GRID POINTS    =      265461
|   SIGNIFICANT NUMBER OF BASIS FUNCTIONS     =     1060646
|   SIGNIFICANT NUMBER OF PRIMITIVE FUNCTIONS =     1110561

 @ End XC Quadrature Formation


 @ Begin Energy Calculation

| Number of total basis functions:   1404
| Number of linearly independent basis functions:   1398
| condition number of overlap matrix:    4.851E+08
| Smallest eigenvalue of overlap matrix:    4.639E-08

                                         SCF ENERGY
| ------------------------------------------------------------------------------------------------------------------------
| NCYC       ENERGY         DELTA_E      SCF_TIME  DII_CYC   DII_TIME   O_TIME  DIAG_TIME    MAX_ERR    RMS_CHG    MAX_CHG
| ------------------------------------------------------------------------------------------------------------------------
|  1  -2926.312103324      ------        58.619     1        0.16     58.45      0.05    0.1735E-04  0.4221E+00  0.8942E+02
 RAN OUT OF CYCLES.  NO CONVERGENCE.
 PERFORM FINAL NO INTERPOLATION ITERATION
 ELECTRONIC ENERGY    = -12593.381978647
 CORE_CORE REPULSION  =   9667.069875324
 TOTAL ENERGY         =  -2926.312103324

 @ End Energy calculation


 @ Begin Gradient Calculation

 ANALYTICAL GRADIENT: 
----------------------------------------
 COORDINATE    XYZ            GRADIENT
----------------------------------------
    1X    -6.3960620484     0.0367403682
    1Y     1.6375501950    -0.0623277396
    1Z    -1.0167391376     0.0183961490
    2X    -5.5976016175     0.0166242997
    2Y     1.9479657588     0.1459388468
    2Z     0.3156763941     0.3125722205
    3X    -4.1358426958    -0.4564170787
    3Y     1.3888886961    -0.1246572945
    3Z     0.3061559434    -0.2462554938
    4X    -4.0900119523     0.2883658160
    4Y    -0.2069339958    -0.1428283292
    4Z     0.0759908158    -0.3528474106
    5X    -5.3005248048     0.0289518771
    5Y    -0.5559696325     0.1458529419
    5Z    -0.7831189998     0.2432046239
    6X    -5.6408357108     0.0194641994
    6Y     0.5560152125     0.0598218084
    6Z    -1.7454175833    -0.0758730880
    7X    -2.8203121254    -0.0190452888
    7Y    -0.7723427990    -0.2189409936
    7Z    -0.5951161554    -0.1578863205
    8X    -3.4405170127     0.0702999700
    8Y     1.9809802613     0.0805137907
    8Z     1.5954933618     0.2144400577
    9X    -1.5722955801     0.0623440505
    9Y    -0.0769638959     0.0178237775
    9Z    -0.1719253231    -0.1210101567
   10X    -2.6953277358    -0.0391970296
   10Y    -2.1590275449     0.0474564871
   10Z    -0.1697708530    -0.0315943670
   11X    -1.8693494728    -0.0267040398
   11Y     1.2308627640    -0.0027723899
   11Z    -0.7751224092     0.0748936882
   12X    -1.3334065318    -0.4127210243
   12Y    -0.1176307990     0.0914998487
   12Z     1.4101577377     0.1103446043
   13X    -0.8881045478     0.1554924526
   13Y     1.2874585683    -0.0638895275
   13Z     1.4845317434     0.1008110708
   14X     0.3196037144    -0.0852543521
   14Y     1.5770568504    -0.2337347044
   14Z     0.9640606036     0.0748572121
   15X    -4.0360630582     0.0225336863
   15Y     2.4497905671    -0.0197073431
   15Z     2.5047991213    -0.0283313218
   16X    -1.9504981989    -0.0115361254
   16Y     2.1870801370    -0.0201469789
   16Z     1.7492358836    -0.0209683191
   17X    -0.2198636968     0.1606563054
   17Y    -0.3744037186     0.2346918519
   17Z    -0.8072270516    -0.0042507694
   18X     0.8361322639     0.2010746470
   18Y     0.5392960612     0.1133440888
   18Z    -0.0882305667     0.1180493757
   19X    -6.3705655165    -0.0085057193
   19Y    -0.7461437470     0.0057310593
   19Z     0.1814962939    -0.0258431796
   20X    -7.5079891033    -0.0216718359
   20Y    -1.5312545569     0.0029774600
   20Z     0.1764442435     0.0171075503
   21X    -7.7343174206     0.0076553804
   21Y    -2.1872431170     0.0050370680
   21Z     1.1532460581    -0.0156689154
   22X    -8.4523256355     0.0299327922
   22Y    -1.4157501381     0.0223259050
   22Z    -0.9939260359     0.0195604150
   23X    -5.4161060936     0.0615112221
   23Y    -1.5091024852    -0.1314229983
   23Z    -2.0070004333    -0.0558979827
   24X    -6.2192576349    -0.0379390164
   24Y    -0.4454467640    -0.0386067629
   24Z    -2.6902952054     0.0108494488
   25X    -5.4267630344     0.0143858476
   25Y     3.3774439679    -0.0256065049
   25Z     0.3776243788    -0.0134240352
   26X    -1.6122442331    -0.0017884219
   26Y     4.1801173692    -0.0115567992
   26Z     0.0343779426     0.0197856743
   27X    -0.7940924306     0.0257165144
   27Y     5.2257743591     0.0458076780
   27Z     0.2990567328    -0.1458725659
   28X    -0.3048947533    -0.0327964727
   28Y     5.8645770378    -0.0489339477
   28Z    -0.5895333050     0.0787549523
   29X    -0.5432142115     0.0417778362
   29Y     5.4736988580     0.0251895396
   29Z     1.7763875257     0.0488360964
   30X     1.2298581039     0.0346288855
   30Y     2.7852910627    -0.0314889122
   30Z     1.0315035488     0.0034107335
   31X     1.9361231978    -0.0236136213
   31Y    -0.3334212455    -0.0194532516
   31Z     0.3599506875    -0.0164882607
   32X     3.1923973838    -0.1163035617
   32Y     0.0392867930     0.1634930335
   32Z     0.0732008056    -0.0031342576
   33X     3.4564615139    -0.0315970768
   33Y     1.0474090400    -0.0954373153
   33Z    -0.5229789999     0.0624550236
   34X     4.1741653088    -0.5656803984
   34Y    -1.0074733869     0.0938808704
   34Z     0.5409361113     0.0072878065
   35X     5.5923107171     0.2076310403
   35Y    -0.5507792521    -0.0782201232
   35Z     0.2305424976    -0.0248123767
   36X     6.6535037881     0.3320537945
   36Y    -1.6276655543    -0.0686829668
   36Z     0.4267850326    -0.0435214904
   37X     6.3531150051    -0.1262767569
   37Y    -2.9590429360    -0.0690998434
   37Z     0.6578478902     0.0193693449
   38X     7.3484382612     0.1671150929
   38Y    -3.9223477295    -0.0139161181
   38Z     0.5946433254    -0.0387746518
   39X     8.6553271210     0.0076955177
   39Y    -3.5577624717     0.0043399565
   39Z     0.3262773549    -0.0047046875
   40X     8.9721243751    -0.0951910453
   40Y    -2.2174055893     0.1062951432
   40Z     0.1751067634    -0.0021091542
   41X     7.9780886392     0.2187080401
   41Y    -1.2615409463    -0.0308924903
   41Z     0.2323472177     0.0013278269
   42X     4.0117557664    -0.0005532428
   42Y    -1.2781154276    -0.0085709971
   42Z     1.9325733176     0.0294441825
   43X     5.9708271360    -0.0553427426
   43Y     0.6810003920     0.0167890975
   43Z     0.8873416378     0.0081551766
   44X     6.1083015365     0.0056750991
   44Y     1.9571430895     0.0391499351
   44Z     0.3956142302     0.0769797099
   45X     6.3193162726    -0.0230780833
   45Y     2.8803622800    -0.0262122776
   45Z     1.1682892292    -0.0507091674
   46X     5.8856240794    -0.0160301098
   46Y     2.2294773203     0.0260379930
   46Z    -1.0684369316    -0.2075153589
   47X     6.1182760772    -0.0937044812
   47Y     1.3530946933    -0.1016345599
   47Z    -2.1154263515     0.1538285835
   48X     5.5666096951     0.0937056623
   48Y     1.5985928121    -0.1056204859
   48Z    -3.3627524368     0.0085704430
   49X     4.8504996604    -0.0819596816
   49Y     2.7660993212     0.0385757580
   49Z    -3.5880647940    -0.1916292705
   50X     4.7600527335    -0.0204459291
   50Y     3.7102514633     0.0546087350
   50Z    -2.5859740575     0.1017880038
   51X     5.2758312329     0.0889819855
   51Y     3.4419996328     0.0834854726
   51Z    -1.3326645918     0.0801839837
   52X    -2.1366951232    -0.1639433751
   52Y    -3.0476308227     0.0969500235
   52Z    -1.0300506687     0.1931691488
   53X    -2.1451656838     0.0242648679
   53Y    -2.8533799779    -0.0055204291
   53Z    -2.2328872205    -0.1800357133
   54X    -1.5033715748     0.0169553697
   54Y    -4.2030090710     0.1562110613
   54Z    -0.3691075382    -0.0565592823
   55X    -1.4395727999     0.0376999236
   55Y    -4.3266984404    -0.2084752161
   55Z     1.0054186368    -0.0232538581
   56X    -0.7638830383     0.0040583940
   56Y    -5.3989755623    -0.0002284820
   56Z     1.5627243193    -0.0099380621
   57X    -0.1728504332     0.0131858640
   57Y    -6.3468611347    -0.0305509492
   57Z     0.7427716867     0.0034736522
   58X    -0.2555829795     0.0391884789
   58Y    -6.2275391756    -0.0780774822
   58Z    -0.6353203685    -0.0054380685
   59X    -0.9155594699    -0.0801649031
   59Y    -5.1509647533     0.1658835293
   59Z    -1.1911104510     0.0214196472
   60X    -0.2097392960     0.0039112603
   60Y    -1.1547475382    -0.0197358649
   60Z     1.8364341802    -0.0589655227
   61X    -2.4300503956     0.0967738408
   61Y    -0.4562313148     0.0838884482
   61Z     2.4707643087     0.0432056124
   62X    -3.6491745187    -0.0051827523
   62Y     1.8683153927    -0.0079905225
   62Z    -0.5155830594     0.0027964706
   63X    -4.2442042941    -0.0057814253
   63Y    -0.7298029557     0.0073133810
   63Z     0.9946071660    -0.0176875446
   64X    -6.1319130983     0.0014261196
   64Y     1.5761652304    -0.0006611640
   64Z     1.1739417496    -0.0215686995
   65X    -6.4278100209     0.0051238084
   65Y     2.5627464257    -0.0157970822
   65Z    -1.5682089798     0.0096720006
   66X    -7.3896389443     0.0088711180
   66Y     1.3053382297     0.0003594297
   66Z    -0.7744957191    -0.0007075037
   67X    -4.7465709525     0.0151440478
   67Y     0.9454138022    -0.0051378616
   67Z    -2.2120482489    -0.0097361684
   68X    -2.8855556304    -0.0008293462
   68Y    -0.7190312849    -0.0031817195
   68Z    -1.6682582674     0.0147681092
   69X    -1.1756472598    -0.0142040569
   69Y     1.8958447948    -0.0084818843
   69Z    -0.6850815723    -0.0079057347
   70X    -1.8481633811    -0.0001525853
   70Y     3.6442038083     0.0021952843
   70Z     0.8091516318    -0.0198960910
   71X    -0.3040223032     0.0084386154
   71Y    -0.0416779132    -0.0021577765
   71Z    -1.8339006500    -0.0051507442
   72X     0.0915191370    -0.0109414174
   72Y    -1.3952922665     0.0265797809
   72Z    -0.8028716213     0.0029512670
   73X     1.2665208967    -0.0140997229
   73Y     1.1759764098    -0.0021220430
   73Z    -0.8367613039     0.0008134389
   74X    -7.9447757667     0.0015821907
   74Y    -1.4087837076    -0.0031766178
   74Z    -1.9396808281     0.0091457974
   75X    -8.9860731662    -0.0003146527
   75Y    -0.4736978662    -0.0140534281
   75Z    -0.9254125307     0.0028405285
   76X    -9.1714810604    -0.0020046665
   76Y    -2.2205725696    -0.0038807682
   76Z    -0.9250167206    -0.0030029221
   77X    -5.9696663559     0.0056574212
   77Y    -2.4206610149     0.0232072247
   77Z    -1.8715271229    -0.0000659925
   78X    -4.4956991333     0.0042433558
   78Y    -1.6916168492    -0.0100891421
   78Z    -2.5341524535     0.0017855242
   79X    -6.1859311524     0.0045780679
   79Y     3.7990295001    -0.0059543684
   79Z     0.8057985915    -0.0015081710
   80X    -0.4047348909    -0.0111369022
   80Y     4.5302822759     0.0018545039
   80Z     2.2918681450     0.0099713033
   81X    -1.4092254776     0.0008162331
   81Y     5.9590269651    -0.0071848104
   81Z     2.2201989695     0.0090639857
   82X     0.3171041142    -0.0190799661
   82Y     6.0931668053    -0.0059807407
   82Z     1.8871610341     0.0035194848
   83X     1.4832825233    -0.0071006304
   83Y     3.0343297417    -0.0061504327
   83Z     2.0569032671    -0.0143774116
   84X     0.8689347864     0.0002104162
   84Y     3.6687759202    -0.0228476393
   84Z     0.5365847410    -0.0003076331
   85X     2.1684890256     0.0097891488
   85Y     2.5341565935     0.0109476798
   85Z     0.5367745110     0.0099552424
   86X     3.9669616429     0.0039555076
   86Y    -1.8924970245     0.0167727642
   86Z    -0.0572581044     0.0090227945
   87X     5.5541776341     0.0470374230
   87Y    -0.3516751969    -0.0091188992
   87Z    -0.8217997928     0.0041177155
   88X     5.3544978589    -0.0064262939
   88Y    -3.2557102186     0.0141416577
   88Z     0.9038848590    -0.0016181139
   89X     7.0989144921     0.0046422953
   89Y    -4.9513961981     0.0199550694
   89Z     0.7469288470    -0.0034106202
   90X     9.4171946391     0.0130662307
   90Y    -4.3036937586    -0.0114410438
   90Z     0.2407856384    -0.0016344155
   91X     9.9857451625     0.0073998869
   91Y    -1.9177654664    -0.0041702893
   91Z     0.0023467702    -0.0004570347
   92X     8.2254739781     0.0048875581
   92Y    -0.2253064972    -0.0118585980
   92Z     0.1253413196     0.0027867323
   93X     3.1299497190     0.0208428879
   93Y    -1.6337869448     0.0028083755
   93Z     2.1083780410    -0.0082363419
   94X     6.0936142953    -0.0259855669
   94Y     0.6250744177    -0.0025263303
   94Z     1.8859549340    -0.0111390207
   95X     6.7084385023    -0.0261560048
   95Y     0.4705180859     0.0168288461
   95Z    -1.9833353715    -0.0071346289
   96X     5.6743955033    -0.0048504802
   96Y     0.8727860166     0.0057614865
   96Z    -4.1412753062     0.0129446238
   97X     4.3798459545    -0.0000171004
   97Y     2.9274162635    -0.0021668661
   97Z    -4.5335959262     0.0046318581
   98X     4.2563846850     0.0043783245
   98Y     4.6442142246    -0.0081087481
   98Z    -2.7660689312     0.0046305603
   99X     5.1747309752     0.0008481335
   99Y     4.1495329469    -0.0111251055
   99Z    -0.5327311807    -0.0074899017
  100X    -1.9015966152     0.0073791818
  100Y    -3.5961884646    -0.0122561932
  100Z     1.6316251146    -0.0091575793
  101X    -0.6959961231    -0.0003891007
  101Y    -5.4955301297     0.0008977818
  101Z     2.6284273507    -0.0142767711
  102X     0.3482320666    -0.0075516757
  102Y    -7.1761497180     0.0122506659
  102Z     1.1766068899    -0.0064033593
  103X     0.1934856248    -0.0067685648
  103Y    -6.9647955319     0.0106696255
  103Z    -1.2689412269     0.0090663164
  104X    -0.9826070850     0.0001295960
  104Y    -5.0258756638    -0.0010392272
  104Z    -2.2518210920     0.0154834897
  105X     0.6895305627    -0.0117857814
  105Y    -0.6503325997    -0.0032309566
  105Z     2.1318040128    -0.0088375631
  106X     0.0408559131     0.0052105996
  106Y    -1.8507204713    -0.0075464253
  106Z     1.0570934807     0.0010638749
  107X    -0.5497152620     0.0030468649
  107Y    -1.7387967528     0.0136241042
  107Z     2.6730564641    -0.0154817574
  108X    -2.6864695851    -0.0141295583
  108Y    -1.5071205751    -0.0002300646
  108Z     2.3903168925     0.0016706159
  109X    -3.3390145450     0.0215147327
  109Y     0.1000510676    -0.0077747964
  109Z     2.4688671085    -0.0039259397
  110X    -1.9770021010    -0.0036304812
  110Y    -0.2959025626    -0.0053772456
  110Z     3.4410103628    -0.0048029803
----------------------------------------

 @ End Gradient Calculation

  Skipping one-electron property calculation.

 @ Output Timing Information

------------- TIMING ---------------
| INITIAL GUESS TIME  =     2.440005000(  0.93%)
| DFT GRID OPERATIONS =     1.213748000(  0.46%)
| TOTAL SCF TIME      =    58.875435000( 22.46%)
|       TOTAL OP TIME      =    58.709493000( 22.40%)
|             TOTAL 1e TIME      =     0.256540000(  0.10%)
|             TOTAL 2e TIME      =    26.033400000(  9.93%)
|             TOTAL EXC TIME     =    32.151552000( 12.27%)
|       TOTAL DII TIME      =     0.163087000(  0.06%)
|             TOTAL DIAG TIME    =     0.051942000(  0.02%)
| TOTAL GRADIENT TIME      =   199.334766000( 76.05%)
|       TOTAL 1e GRADIENT TIME      =     2.093065000( 0.86%)
|       TOTAL 2e GRADIENT TIME      =   159.074235000(60.69%)
|       TOTAL EXC GRADIENT TIME     =    38.016905000( 14.50%)
| TOTAL TIME          =   262.116666000
------------------------------------
| Job cpu time:  0 days  0 hours  4 minutes 22.1 seconds.

 @ Finish Output Timing Information

| Normal Termination. Task Finished on: Mon Sep 28 18:23:46 2026
