| *********************************************************************************************************
| **                                                                                                     **
| **           888888888888                                                                              **
| **         8888888888888888                                                                            **
| **      888888888888888888                                                                             **
| **     888888888888888888                                                                              **
| **    888888888888888                                                                                  **
| **   88888888888888888888                               88888                       8888:              **
| **   8888888888888888888888Z                            88888                       8888:              **
| **   888888888888888888888888?                          88888                       8888:              **
| **   8888888888888      8888888                                        888888       8888:              **
| **    88888888888         888888     8888:     88888    88888        888888888I     8888:    888888    **
| **    8888888888           88888:    8888:     88888    88888      $888888888888    8888:   888888     **
| **    I8Z 88888             88888    8888:     88888    88888    .888888     8888   8888: 888888       **
| **    .8Z 88888             88888    8888:     88888    88888    $88888             8888:88888         **
| **     8I 88888      .=88. .88888    8888:     88888    88888    88888              8888888888         **
| **    :8  88888      888888$8888$    8888:     88888    88888    8888O              88888888888        **
| **   ,7   +88888.     8888888888.    8888:     88888    88888    888888             88888O888888       **
| **         $888888:.   .8888888      88888....888888    88888     888888     8888   8888:  888888      **
| **          I8888888888888888888     888888888888888    88888     O888888888888O    8888:   888888     **
| **            O888888888888888888     88888888888888    88888       88888888888$    8888:    888888    **
| **               8888888Z     888      .8888I  88888    88888         8888888       8888:     888888   **
| **                                                                                                     **
| **                                                                                                     **
| **                                         Copyright (c) 2026                                          **
| **                          Regents of the University of California San Diego                          **
| **                                    & Michigan State University                                      **
| **                                        All Rights Reserved.                                         **
| **                                                                                                     **
| **             This software is subject to the terms of the Mozilla Public License, v. 2.0.            **
| **                                                                                                     **
| *********************************************************************************************************
|                                                                                                          
| Cite this work as:                                                                                       
| Manathunga, M.; O'Hearn, K. A.; Shajan, A.; Smith, J.; Miao, Y.; He, X.; Ayers, K.;                      
| Brothers, E.; Palos, E.; Tripathy, V.; Goetz, A.W.; Merz, K.M. QUICK-26.03.                              
| University of California,San Diego, CA and                                                               
| Michigan State University, East Lansing, MI, 2026                                                        
|                                                                                                          
| If you have any comments or queries, please reach out to us on GitHub issues or discussion sections:     
| https://github.com/merzlab/QUICK.                                                                        
|                                                                                                          
| TASK STARTS ON: Fri Aug 28 18:50:40 2026
| INPUT FILE :    /work2/11707/msun12/stampede3/quickruns/3446277/mph1/morphine_def2-TZVPP.in
| OUTPUT FILE:    /work2/11707/msun12/stampede3/quickruns/3446277/mph1/morphine_def2-TZVPP.out
| BASIS SET PATH: /home1/11707/msun12/QUICK-cuEST-install/basis

|------------ GPU INFORMATION ---------------
| CUDA ENABLED DEVICE         :        1
| CUDA DEVICE IN USE          :        0
| CUDA DEVICE NAME            : NVIDIA H100
| CUDA DEVICE PM              :      132
| CUDA DEVICE CORE FREQ(GHZ)  :     1.98
| CUDA DEVICE MEMORY SIZE (MB):    95321
| SUPPORTING CUDA VERSION     :      9.0
|--------------------------------------------

 @ Read Job And Atom

  KEYWORD=B3LYP BASIS=DEF2-TZVPP CUTOFF=1.0E-10 DENSERMS=1.0E-6 GRADIENT CUEST
 ============== JOB CARD =============
 METHOD = DENSITY FUNCTIONAL THEORY
 DENSITY FUNCTIONAL = B3LYP
 DIRECT SCF 
 SAD INITAL GUESS 
 USE DIIS SCF
 PRINT ENERGY EVERY CYCLE
 READ SAD GUESS FROM FILE
 STANDARD GRID = SG1
 Level shifting allowed after cycle    3
 DIIS error must exceed 0.100 for level shifting
 Max HOMO-LUMO gap to allow level shifting = 0.200
 GRADIENT CALCULATION
 MAX SCF CYCLES =    200
 MAX DIIS CYCLES =   10
 DELTA DENSITY START CYCLE =    3
 COMPUTATIONAL CUTOFF: 
      TWO-e INTEGRAL         =  0.100E-09
      BASIS SET PRIME        =  0.100E-10
      MATRIX ELEMENTS        =  0.100E-09
      BASIS FUNCTION         =  0.100E-05
      NEAR-LINEAR DEPENDENCY =  0.100E-04
      GRADIENT CUTOFF  =  0.100E-06
 DENSITY MATRIX MAXIMUM RMS FOR CONVERGENCE  =  0.100E-05
 BASIS SET = DEF2-TZVPP,  TYPE = CARTESIAN
| BASIS FILE = /home1/11707/msun12/QUICK-cuEST-install/basis/DEF2-TZVPP.BAS
| DATA FILE  =    /work2/11707/msun12/stampede3/quickruns/3446277/mph1/morphine_def2-TZVPP.dat

 @ Finish reading job


 @ Begin SAD initial guess

 For Atom Kind =    1
 ELEMENT = O 
 BASIS FUNCTIONS =   36
 For Atom Kind =    2
 ELEMENT = N 
 BASIS FUNCTIONS =   36
 For Atom Kind =    3
 ELEMENT = C 
 BASIS FUNCTIONS =   36
 For Atom Kind =    4
 ELEMENT = H 
 BASIS FUNCTIONS =   15

 @ Finish SAD initial guess


 @ Begin Reading Molecular Information


 =========== Molecule Input ==========
 TOTAL MOLECULAR CHARGE  =    0    MULTIPLICITY                =    1
 TOTAL ATOM NUMBER       =   40    NUMBER OF ATOM TYPES        =    4
 NUMBER OF HYDROGEN ATOM =   19    NUMBER OF NON-HYDROGEN ATOM =   21
 NUMBER OF ELECTRONS     =  152

 -- INPUT GEOMETRY -- :
    O          -1.9930      -0.4740       1.2005
    O          -2.7826      -2.5168      -0.2218
    O          -3.6220       1.8421       0.5579
    N           3.1777      -0.0101       0.4474
    C           0.3699      -0.7149       0.6616
    C           1.2913      -1.3046      -0.4170
    C           2.3441      -0.2023      -0.7640
    C          -0.9377      -1.4750       0.9848
    C           1.1988      -0.3907       1.9201
    C          -0.2516       0.5302       0.1205
    C           1.6887       1.1052      -1.3279
    C           2.4315       0.4754       1.6126
    C           0.3384       1.4306      -0.7480
    C          -1.3631      -2.5067      -0.0924
    C           0.5066      -1.8183      -1.5971
    C          -1.5672       0.6306       0.5136
    C          -0.7155      -2.3492      -1.4425
    C           4.3733       0.7916       0.2084
    C          -0.4184       2.5415      -1.1246
    C          -2.3310       1.7217       0.1620
    C          -1.7382       2.6936      -0.6541
    H           1.8278      -2.1759      -0.0118
    H           3.0029      -0.6035      -1.5465
    H          -0.8451      -2.0128       1.9373
    H           1.5366      -1.3335       2.3712
    H           0.5899       0.1174       2.6790
    H           1.5474       0.9596      -2.4075
    H           2.3530       1.9680      -1.2194
    H           2.1271       1.5205       1.4760
    H           3.0801       0.4584       2.4975
    H          -1.0772      -3.5067       0.2593
    H           0.9601      -1.7947      -2.5831
    H          -1.2300      -2.7505      -2.3109
    H           4.1500       1.8479       0.0287
    H           4.9380       0.4055      -0.6472
    H           5.0444       0.7352       1.0730
    H          -0.0062       3.2824      -1.8043
    H          -2.3121       3.5638      -0.9645
    H          -3.1557      -2.6446       0.6672
    H          -3.8483       1.0686       1.1031

============== BASIS INFOS ==============
 BASIS FUNCTIONS = 1041
 NSHELL =  345 NPRIM  = 1394
 JSHELL =  345 JBASIS =  572


 @ End Reading Molecular Information 


 @ Begin XC Quadrature Formation

 OCTAGO: OCTree Algorithm for Grid Operations 
   PRUNING CUTOFF       = 0.100E-06
   INITIAL GRID POINTS  =      151424
|   FINAL GRID POINTS    =           0
|   SIGNIFICANT NUMBER OF BASIS FUNCTIONS     =           0
|   SIGNIFICANT NUMBER OF PRIMITIVE FUNCTIONS =           0

 @ End XC Quadrature Formation


 @ Begin Energy Calculation

| Number of total basis functions:   1041
| Number of linearly independent basis functions:   1038
| condition number of overlap matrix:    5.946E+06
| Smallest eigenvalue of overlap matrix:    3.306E-06

                                         SCF ENERGY
| ------------------------------------------------------------------------------------------------------------------------
| NCYC       ENERGY         DELTA_E      SCF_TIME  DII_CYC   DII_TIME   O_TIME  DIAG_TIME    MAX_ERR    RMS_CHG    MAX_CHG
| ------------------------------------------------------------------------------------------------------------------------
|  1   -930.424280228      ------         0.279     1        0.05      0.22      0.01    0.4732E+00  0.3143E-01  0.6257E+01
|  2   -873.345386201  -.570789E+02       0.176     2        0.06      0.12      0.01    0.1314E+01  0.3970E-01  0.5516E+01
|  3   -899.629954135  0.262846E+02       0.196     3        0.07      0.12      0.01    0.9761E+00  0.3189E-01  0.6798E+01
|   ***  Level shifting applied  ( HOMO-LUMO gap =  0.004 au ) ***
|  4   -939.406057265  0.397761E+02       0.196     4        0.07      0.12      0.01    0.2838E+00  0.8924E-02  0.9035E+00
|   ***  Level shifting applied  ( HOMO-LUMO gap =  0.180 au ) ***
|  5   -937.632112088  -.177395E+01       0.200     5        0.08      0.12      0.01    0.4409E+00  0.6006E-02  0.5877E+00
|   ***  Level shifting applied  ( HOMO-LUMO gap =  0.008 au ) ***
|  6   -939.868816819  0.223670E+01       0.191     6        0.07      0.12      0.01    0.9643E-01  0.2431E-02  0.2447E+00
|  7   -939.977418806  0.108602E+00       0.193     7        0.07      0.12      0.01    0.3328E-01  0.3348E-03  0.3981E-01
|  8   -939.987409175  0.999037E-02       0.197     8        0.07      0.12      0.01    0.1350E-01  0.1345E-03  0.1258E-01
|  9   -939.988271088  0.861913E-03       0.200     9        0.08      0.12      0.01    0.5368E-02  0.5640E-04  0.6370E-02
| 10   -939.988560672  0.289585E-03       0.200    10        0.08      0.12      0.01    0.1314E-02  0.1335E-04  0.7925E-03
| 11   -939.988583320  0.226477E-04       0.224     1        0.10      0.12      0.01    0.4798E-03  0.5154E-05  0.6233E-03
| 12   -939.988586836  0.351573E-05       0.229     2        0.10      0.12      0.01    0.1730E-03  0.2167E-05  0.2156E-03
| 13   -939.988587112  0.275929E-06       0.223     3        0.10      0.12      0.01    0.1215E-03  0.7573E-06  0.5943E-04
| ------------------------------------------------------------------------------------------------------------------------
| REACH CONVERGENCE AFTER  13 CYCLES
| MAX ERROR = 0.121524E-03   RMS CHANGE = 0.757343E-06   MAX CHANGE = 0.594252E-04
| -----------------------------------------------
 ALPHA ELECTRON DENSITY    =    75.9989880913
 BETA ELECTRON DENSITY     =    75.9989880913
 ELECTRONIC ENERGY    =  -2769.295857592
 CORE_CORE REPULSION  =   1829.307270481
 TOTAL ENERGY         =   -939.988587112

 @ End Energy calculation


 @ Begin Gradient Calculation

 ANALYTICAL GRADIENT: 
----------------------------------------
 COORDINATE    XYZ            GRADIENT
----------------------------------------
    1X    -1.9930001522     1.4352135785
    1Y    -0.4740000362     0.2290028720
    1Z     1.2005000917    -0.3328048478
    2X    -2.7826002125     0.2174003539
    2Y    -2.5168001922     0.1261032372
    2Z    -0.2218000169    -0.0299501355
    3X    -3.6220002766     0.5413731363
    3Y     1.8421001407    -0.2878538175
    3Z     0.5579000426    -0.1693673868
    4X     3.1777002427     0.0159147540
    4Y    -0.0101000008     0.5617687069
    4Z     0.4474000342     0.1938323696
    5X     0.3699000282    -0.3179013183
    5Y    -0.7149000546     0.3402015157
    5Z     0.6616000505    -0.9397452486
    6X     1.2913000986    -0.0301008643
    6Y    -1.3046000996     0.7558548048
    6Z    -0.4170000318     0.4296618021
    7X     2.3441001790    -0.6497106576
    7Y    -0.2023000154     0.2210670156
    7Z    -0.7640000583    -0.1021787499
    8X    -0.9377000716    -0.0993450400
    8Y    -1.4750001126     1.1186215148
    8Z     0.9848000752    -0.5485643701
    9X     1.1988000915     0.2124940298
    9Y    -0.3907000298     0.0927712605
    9Z     1.9201001466    -0.2612584289
   10X    -0.2516000192     0.1414146437
   10Y     0.5302000405    -0.4628837691
   10Z     0.1205000092     0.1529534437
   11X     1.6887001290    -0.4720343068
   11Y     1.1052000844    -0.4783924139
   11Z    -1.3279001014     0.5543784225
   12X     2.4315001857    -0.3224786107
   12Y     0.4754000363    -0.5505198625
   12Z     1.6126001231    -0.4706426318
   13X     0.3384000258    -0.3532549744
   13Y     1.4306001092    -0.2698262576
   13Z    -0.7480000571     0.2160437738
   14X    -1.3631001041     0.1833356912
   14Y    -2.5067001914     0.1942316534
   14Z    -0.0924000071    -0.0496723049
   15X     0.5066000387    -0.2906165373
   15Y    -1.8183001389    -0.0245987339
   15Z    -1.5971001220     0.1435458896
   16X    -1.5672001197     0.0704175433
   16Y     0.6306000482    -0.6790155539
   16Z     0.5136000392    -0.0653731461
   17X    -0.7155000546     0.2806349868
   17Y    -2.3492001794     0.2458667578
   17Z    -1.4425001102     0.3811090020
   18X     4.3733003340    -0.5970877144
   18Y     0.7916000604    -0.3112655228
   18Z     0.2084000159     0.0454777010
   19X    -0.4184000320    -0.1974605918
   19Y     2.5415001941    -0.4800956664
   19Z    -1.1246000859     0.5336650919
   20X    -2.3310001780     0.3574363919
   20Y     1.7217001315    -0.0019638706
   20Z     0.1620000124     0.1921589375
   21X    -1.7382001327    -0.0392978453
   21Y     2.6936002057    -0.5844896610
   21Z    -0.6541000499     0.1802303637
   22X     1.8278001396    -0.0436411620
   22Y    -2.1759001662     0.1290664130
   22Z    -0.0118000009    -0.0946225050
   23X     3.0029002293    -0.0734203067
   23Y    -0.6035000461     0.0847836892
   23Z    -1.5465001181     0.0483248516
   24X    -0.8451000645     0.0841971338
   24Y    -2.0128001537     0.0262475890
   24Z     1.9373001479    -0.1160279552
   25X     1.5366001173     0.0260149307
   25Y    -1.3335001018     0.1092182436
   25Z     2.3712001811    -0.0822532335
   26X     0.5899000450     0.0184896133
   26Y     0.1174000090    -0.0618113518
   26Z     2.6790002046    -0.0442596976
   27X     1.5474001182    -0.0096886154
   27Y     0.9596000733     0.0230750130
   27Z    -2.4075001838     0.0624490055
   28X     2.3530001797    -0.0869819180
   28Y     1.9680001503    -0.0210791769
   28Z    -1.2194000931    -0.0557683559
   29X     2.1271001624    -0.0293926906
   29Y     1.5205001161    -0.0923693269
   29Z     1.4760001127     0.0180115267
   30X     3.0801002352    -0.0130833227
   30Y     0.4584000350    -0.0041872520
   30Z     2.4975001907    -0.0119763025
   31X    -1.0772000823     0.0243044742
   31Y    -3.5067002678     0.1046884308
   31Z     0.2593000198    -0.0313449097
   32X     0.9601000733     0.0147222411
   32Y    -1.7947001371     0.0267017360
   32Z    -2.5831001973     0.1095235758
   33X    -1.2300000939    -0.0070527801
   33Y    -2.7505002100     0.0333132960
   33Z    -2.3109001765    -0.0070396328
   34X     4.1500003169    -0.0161154145
   34Y     1.8479001411    -0.0332985730
   34Z     0.0287000022    -0.0006129184
   35X     4.9380003771    -0.0165165168
   35Y     0.4055000310     0.0318297470
   35Z    -0.6472000494     0.0121305440
   36X     5.0444003852     0.0029000990
   36Y     0.7352000561     0.0139080354
   36Z     1.0730000819     0.0066269223
   37X    -0.0062000005    -0.0741164621
   37Y     3.2824002507    -0.0595390634
   37Z    -1.8043001378     0.1084176887
   38X    -2.3121001766     0.0378659234
   38Y     3.5638002721    -0.0984850011
   38Z    -0.9645000737     0.0476396413
   39X    -3.1557002410     0.0242909031
   39Y    -2.6446002020    -0.0091255736
   39Z     0.6672000509     0.0148867076
   40X    -3.8483002939     0.0508772220
   40Y     1.0686000816     0.0424789162
   40Z     1.1031000842    -0.0376045000
----------------------------------------

 @ End Gradient Calculation

  Skipping one-electron property calculation.

 @ Output cuEST Memory Footprint

------------- cuEST MEMORY USAGE ---------------
| Peak Host Footprint =    37.34 kB
| Host Allocations =    43
| Peak Device Footprint =    22.63 GB
| Device Allocations =    36
------------------------------------------------

 @ Finish Output cuEST Memory Footprint


 @ Output Timing Information

------------- TIMING ---------------
| CUEST INITIALIZATION TIME =     0.690387000(  3.02%)
| INITIAL GUESS TIME  =     8.948990000( 39.17%)
| DFT GRID OPERATIONS =     0.001239000(  0.01%)
| TOTAL SCF TIME      =     2.794981000( 12.23%)
|       TOTAL OP TIME      =     1.754045000(  7.68%)
|             TOTAL 1e TIME      =     0.090605000(  0.40%)
|             TOTAL 2e TIME      =     0.735273000(  3.22%)
|             TOTAL EXC TIME     =     0.658097000(  2.88%)
|       TOTAL DII TIME      =     0.995603000(  4.36%)
|             TOTAL DIAG TIME    =     0.181742000(  0.80%)
| TOTAL GRADIENT TIME      =     9.434596000( 41.29%)
|       TOTAL 1e GRADIENT TIME      =     4.372341000(34.93%)
|       TOTAL 2e GRADIENT TIME      =     1.310177000( 5.73%)
|       TOTAL EXC GRADIENT TIME     =     0.138151000(  0.60%)
| TOTAL TIME          =    22.847069000
------------------------------------
| Job cpu time:  0 days  0 hours  0 minutes 22.8 seconds.

 @ Finish Output Timing Information

| Normal Termination. Task Finished on: Fri Aug 28 18:51:03 2026
