| *********************************************************************************************************
| **                                                                                                     **
| **           888888888888                                                                              **
| **         8888888888888888                                                                            **
| **      888888888888888888                                                                             **
| **     888888888888888888                                                                              **
| **    888888888888888                                                                                  **
| **   88888888888888888888                               88888                       8888:              **
| **   8888888888888888888888Z                            88888                       8888:              **
| **   888888888888888888888888?                          88888                       8888:              **
| **   8888888888888      8888888                                        888888       8888:              **
| **    88888888888         888888     8888:     88888    88888        888888888I     8888:    888888    **
| **    8888888888           88888:    8888:     88888    88888      $888888888888    8888:   888888     **
| **    I8Z 88888             88888    8888:     88888    88888    .888888     8888   8888: 888888       **
| **    .8Z 88888             88888    8888:     88888    88888    $88888             8888:88888         **
| **     8I 88888      .=88. .88888    8888:     88888    88888    88888              8888888888         **
| **    :8  88888      888888$8888$    8888:     88888    88888    8888O              88888888888        **
| **   ,7   +88888.     8888888888.    8888:     88888    88888    888888             88888O888888       **
| **         $888888:.   .8888888      88888....888888    88888     888888     8888   8888:  888888      **
| **          I8888888888888888888     888888888888888    88888     O888888888888O    8888:   888888     **
| **            O888888888888888888     88888888888888    88888       88888888888$    8888:    888888    **
| **               8888888Z     888      .8888I  88888    88888         8888888       8888:     888888   **
| **                                                                                                     **
| **                                                                                                     **
| **                                         Copyright (c) 2026                                          **
| **                          Regents of the University of California San Diego                          **
| **                                    & Michigan State University                                      **
| **                                        All Rights Reserved.                                         **
| **                                                                                                     **
| **             This software is subject to the terms of the Mozilla Public License, v. 2.0.            **
| **                                                                                                     **
| *********************************************************************************************************
|                                                                                                          
| Cite this work as:                                                                                       
| Manathunga, M.; O'Hearn, K. A.; Shajan, A.; Smith, J.; Miao, Y.; He, X.; Ayers, K.;                      
| Brothers, E.; Palos, E.; Tripathy, V.; Goetz, A.W.; Merz, K.M. QUICK-26.03.                              
| University of California,San Diego, CA and                                                               
| Michigan State University, East Lansing, MI, 2026                                                        
|                                                                                                          
| If you have any comments or queries, please reach out to us on GitHub issues or discussion sections:     
| https://github.com/merzlab/QUICK.                                                                        
|                                                                                                          
| TASK STARTS ON: Fri Aug 28 18:49:45 2026
| INPUT FILE :    /work2/11707/msun12/stampede3/quickruns/3446277/mph1/morphine_6-31G.in
| OUTPUT FILE:    /work2/11707/msun12/stampede3/quickruns/3446277/mph1/morphine_6-31G.out
| BASIS SET PATH: /home1/11707/msun12/QUICK-cuEST-install/basis

|------------ GPU INFORMATION ---------------
| CUDA ENABLED DEVICE         :        1
| CUDA DEVICE IN USE          :        0
| CUDA DEVICE NAME            : NVIDIA H100
| CUDA DEVICE PM              :      132
| CUDA DEVICE CORE FREQ(GHZ)  :     1.98
| CUDA DEVICE MEMORY SIZE (MB):    95321
| SUPPORTING CUDA VERSION     :      9.0
|--------------------------------------------

 @ Read Job And Atom

  KEYWORD=B3LYP BASIS=6-31G CUTOFF=1.0E-10 DENSERMS=1.0E-6 GRADIENT CUEST
 ============== JOB CARD =============
 METHOD = DENSITY FUNCTIONAL THEORY
 DENSITY FUNCTIONAL = B3LYP
 DIRECT SCF 
 SAD INITAL GUESS 
 USE DIIS SCF
 PRINT ENERGY EVERY CYCLE
 READ SAD GUESS FROM FILE
 STANDARD GRID = SG1
 Level shifting allowed after cycle    3
 DIIS error must exceed 0.100 for level shifting
 Max HOMO-LUMO gap to allow level shifting = 0.200
 GRADIENT CALCULATION
 MAX SCF CYCLES =    200
 MAX DIIS CYCLES =   10
 DELTA DENSITY START CYCLE =    3
 COMPUTATIONAL CUTOFF: 
      TWO-e INTEGRAL         =  0.100E-09
      BASIS SET PRIME        =  0.100E-10
      MATRIX ELEMENTS        =  0.100E-09
      BASIS FUNCTION         =  0.100E-05
      NEAR-LINEAR DEPENDENCY =  0.100E-04
      GRADIENT CUTOFF  =  0.100E-06
 DENSITY MATRIX MAXIMUM RMS FOR CONVERGENCE  =  0.100E-05
 BASIS SET = 6-31G,  TYPE = CARTESIAN
| BASIS FILE = /home1/11707/msun12/QUICK-cuEST-install/basis/6-31G.BAS
| DATA FILE  =    /work2/11707/msun12/stampede3/quickruns/3446277/mph1/morphine_6-31G.dat

 @ Finish reading job


 @ Begin SAD initial guess

 For Atom Kind =    1
 ELEMENT = O 
 BASIS FUNCTIONS =    9
 For Atom Kind =    2
 ELEMENT = N 
 BASIS FUNCTIONS =    9
 For Atom Kind =    3
 ELEMENT = C 
 BASIS FUNCTIONS =    9
 For Atom Kind =    4
 ELEMENT = H 
 BASIS FUNCTIONS =    2

 @ Finish SAD initial guess


 @ Begin Reading Molecular Information


 =========== Molecule Input ==========
 TOTAL MOLECULAR CHARGE  =    0    MULTIPLICITY                =    1
 TOTAL ATOM NUMBER       =   40    NUMBER OF ATOM TYPES        =    4
 NUMBER OF HYDROGEN ATOM =   19    NUMBER OF NON-HYDROGEN ATOM =   21
 NUMBER OF ELECTRONS     =  152

 -- INPUT GEOMETRY -- :
    O          -1.9930      -0.4740       1.2005
    O          -2.7826      -2.5168      -0.2218
    O          -3.6220       1.8421       0.5579
    N           3.1777      -0.0101       0.4474
    C           0.3699      -0.7149       0.6616
    C           1.2913      -1.3046      -0.4170
    C           2.3441      -0.2023      -0.7640
    C          -0.9377      -1.4750       0.9848
    C           1.1988      -0.3907       1.9201
    C          -0.2516       0.5302       0.1205
    C           1.6887       1.1052      -1.3279
    C           2.4315       0.4754       1.6126
    C           0.3384       1.4306      -0.7480
    C          -1.3631      -2.5067      -0.0924
    C           0.5066      -1.8183      -1.5971
    C          -1.5672       0.6306       0.5136
    C          -0.7155      -2.3492      -1.4425
    C           4.3733       0.7916       0.2084
    C          -0.4184       2.5415      -1.1246
    C          -2.3310       1.7217       0.1620
    C          -1.7382       2.6936      -0.6541
    H           1.8278      -2.1759      -0.0118
    H           3.0029      -0.6035      -1.5465
    H          -0.8451      -2.0128       1.9373
    H           1.5366      -1.3335       2.3712
    H           0.5899       0.1174       2.6790
    H           1.5474       0.9596      -2.4075
    H           2.3530       1.9680      -1.2194
    H           2.1271       1.5205       1.4760
    H           3.0801       0.4584       2.4975
    H          -1.0772      -3.5067       0.2593
    H           0.9601      -1.7947      -2.5831
    H          -1.2300      -2.7505      -2.3109
    H           4.1500       1.8479       0.0287
    H           4.9380       0.4055      -0.6472
    H           5.0444       0.7352       1.0730
    H          -0.0062       3.2824      -1.8043
    H          -2.3121       3.5638      -0.9645
    H          -3.1557      -2.6446       0.6672
    H          -3.8483       1.0686       1.1031

============== BASIS INFOS ==============
 BASIS FUNCTIONS =  227
 NSHELL =  101 NPRIM  =  538
 JSHELL =  101 JBASIS =  286


 @ End Reading Molecular Information 


 @ Begin XC Quadrature Formation

 OCTAGO: OCTree Algorithm for Grid Operations 
   PRUNING CUTOFF       = 0.100E-06
   INITIAL GRID POINTS  =      151424
|   FINAL GRID POINTS    =           0
|   SIGNIFICANT NUMBER OF BASIS FUNCTIONS     =           0
|   SIGNIFICANT NUMBER OF PRIMITIVE FUNCTIONS =           0

 @ End XC Quadrature Formation


 @ Begin Energy Calculation

| condition number of overlap matrix:    1.492E+04
| Smallest eigenvalue of overlap matrix:    4.406E-04

                                         SCF ENERGY
| ------------------------------------------------------------------------------------------------------------------------
| NCYC       ENERGY         DELTA_E      SCF_TIME  DII_CYC   DII_TIME   O_TIME  DIAG_TIME    MAX_ERR    RMS_CHG    MAX_CHG
| ------------------------------------------------------------------------------------------------------------------------
|  1   -930.159900468      ------         0.047     1        0.01      0.04      0.00    0.4991E+00  0.1250E+00  0.6689E+01
|  2   -891.476028852  -.386839E+02       0.026     2        0.01      0.02      0.00    0.1456E+01  0.1400E+00  0.6217E+01
|  3   -911.085487484  0.196095E+02       0.027     3        0.01      0.02      0.00    0.7948E+00  0.6670E-01  0.3749E+01
|   ***  Level shifting applied  ( HOMO-LUMO gap =  0.011 au ) ***
|  4   -938.759496295  0.276740E+02       0.028     4        0.01      0.02      0.00    0.3134E+00  0.2369E-01  0.8178E+00
|   ***  Level shifting applied  ( HOMO-LUMO gap =  0.174 au ) ***
|  5   -937.230450121  -.152905E+01       0.027     5        0.01      0.02      0.00    0.4509E+00  0.1544E-01  0.5345E+00
|   ***  Level shifting applied  ( HOMO-LUMO gap =  0.004 au ) ***
|  6   -939.252854658  0.202240E+01       0.028     6        0.01      0.02      0.00    0.7080E-01  0.5810E-02  0.1267E+00
|  7   -939.326692681  0.738380E-01       0.028     7        0.01      0.02      0.00    0.4780E-01  0.1860E-02  0.5724E-01
|  8   -939.336949878  0.102572E-01       0.027     8        0.01      0.02      0.00    0.1560E-01  0.6897E-03  0.1730E-01
|  9   -939.338699675  0.174980E-02       0.028     9        0.01      0.02      0.00    0.5179E-02  0.2282E-03  0.7451E-02
| 10   -939.338846200  0.146525E-03       0.026    10        0.01      0.02      0.00    0.2091E-02  0.7821E-04  0.2109E-02
| 11   -939.338879821  0.336213E-04       0.031     1        0.01      0.02      0.00    0.7285E-03  0.2516E-04  0.5857E-03
| 12   -939.338882220  0.239834E-05       0.026     2        0.01      0.02      0.00    0.2528E-03  0.1667E-04  0.3200E-03
| 13   -939.338882901  0.680982E-06       0.027     3        0.01      0.02      0.00    0.1201E-03  0.5567E-05  0.1075E-03
| 14   -939.338883029  0.127999E-06       0.032     4        0.01      0.02      0.00    0.3294E-04  0.1612E-05  0.5150E-04
| 15   -939.338883040  0.109717E-07       0.029     5        0.01      0.02      0.00    0.8684E-05  0.6405E-06  0.1012E-04
| ------------------------------------------------------------------------------------------------------------------------
| REACH CONVERGENCE AFTER  15 CYCLES
| MAX ERROR = 0.868396E-05   RMS CHANGE = 0.640494E-06   MAX CHANGE = 0.101229E-04
| -----------------------------------------------
 ALPHA ELECTRON DENSITY    =    75.9993476502
 BETA ELECTRON DENSITY     =    75.9993476502
 ELECTRONIC ENERGY    =  -2768.646153520
 CORE_CORE REPULSION  =   1829.307270481
 TOTAL ENERGY         =   -939.338883040

 @ End Energy calculation


 @ Begin Gradient Calculation

 ANALYTICAL GRADIENT: 
----------------------------------------
 COORDINATE    XYZ            GRADIENT
----------------------------------------
    1X    -1.9930001522     0.0095717030
    1Y    -0.4740000362     0.0116121184
    1Z     1.2005000917    -0.0133435820
    2X    -2.7826002125     0.0145579086
    2Y    -2.5168001922     0.0018719838
    2Z    -0.2218000169     0.0109366152
    3X    -3.6220002766     0.0241893564
    3Y     1.8421001407    -0.0040897162
    3Z     0.5579000426    -0.0072008444
    4X     3.1777002427    -0.0036939813
    4Y    -0.0101000008     0.0008189257
    4Z     0.4474000342     0.0030974989
    5X     0.3699000282     0.0069635375
    5Y    -0.7149000546    -0.0054497210
    5Z     0.6616000505    -0.0031378417
    6X     1.2913000986    -0.0024001385
    6Y    -1.3046000996     0.0043796209
    6Z    -0.4170000318     0.0075010605
    7X     2.3441001790     0.0026079592
    7Y    -0.2023000154     0.0039569992
    7Z    -0.7640000583    -0.0023339810
    8X    -0.9377000716    -0.0166101162
    8Y    -1.4750001126     0.0335934702
    8Z     0.9848000752    -0.0170537892
    9X     1.1988000915    -0.0056738541
    9Y    -0.3907000298     0.0053225064
    9Z     1.9201001466    -0.0065430571
   10X    -0.2516000192    -0.0038754785
   10Y     0.5302000405    -0.0112640407
   10Z     0.1205000092     0.0113117531
   11X     1.6887001290     0.0008525362
   11Y     1.1052000844     0.0055030010
   11Z    -1.3279001014     0.0048117512
   12X     2.4315001857     0.0058025120
   12Y     0.4754000363     0.0030047450
   12Z     1.6126001231    -0.0067580401
   13X     0.3384000258    -0.0029498673
   13Y     1.4306001092     0.0001328531
   13Z    -0.7480000571    -0.0032275039
   14X    -1.3631001041    -0.0065310041
   14Y    -2.5067001914     0.0042612478
   14Z    -0.0924000071     0.0061709704
   15X     0.5066000387     0.0063479710
   15Y    -1.8183001389     0.0002032613
   15Z    -1.5971001220    -0.0014704236
   16X    -1.5672001197    -0.0137591957
   16Y     0.6306000482    -0.0198243268
   16Z     0.5136000392     0.0121758390
   17X    -0.7155000546    -0.0021276459
   17Y    -2.3492001794    -0.0070770471
   17Z    -1.4425001102     0.0048158516
   18X     4.3733003340    -0.0097334798
   18Y     0.7916000604     0.0051644860
   18Z     0.2084000159    -0.0014022758
   19X    -0.4184000320     0.0127920657
   19Y     2.5415001941    -0.0057962517
   19Z    -1.1246000859    -0.0011725655
   20X    -2.3310001780    -0.0148955060
   20Y     1.7217001315    -0.0077021265
   20Z     0.1620000124     0.0105318558
   21X    -1.7382001327    -0.0078633265
   21Y     2.6936002057    -0.0066868449
   21Z    -0.6541000499     0.0067744182
   22X     1.8278001396    -0.0057518292
   22Y    -2.1759001662    -0.0045102550
   22Z    -0.0118000009    -0.0034381489
   23X     3.0029002293    -0.0011293420
   23Y    -0.6035000461    -0.0006114643
   23Z    -1.5465001181    -0.0023657372
   24X    -0.8451000645     0.0025997290
   24Y    -2.0128001537    -0.0029425444
   24Z     1.9373001479    -0.0001180934
   25X     1.5366001173    -0.0003835632
   25Y    -1.3335001018     0.0016156804
   25Z     2.3712001811     0.0008236748
   26X     0.5899000450     0.0017423546
   26Y     0.1174000090    -0.0000648520
   26Z     2.6790002046     0.0023750515
   27X     1.5474001182    -0.0023075276
   27Y     0.9596000733    -0.0009862593
   27Z    -2.4075001838     0.0018030970
   28X     2.3530001797    -0.0049760310
   28Y     1.9680001503     0.0016701593
   28Z    -1.2194000931     0.0002506251
   29X     2.1271001624     0.0027262580
   29Y     1.5205001161    -0.0063782741
   29Z     1.4760001127    -0.0000557821
   30X     3.0801002352    -0.0028642400
   30Y     0.4584000350     0.0001641701
   30Z     2.4975001907     0.0024857023
   31X    -1.0772000823    -0.0073931993
   31Y    -3.5067002678     0.0022951113
   31Z     0.2593000198    -0.0059690981
   32X     0.9601000733    -0.0021221730
   32Y    -1.7947001371    -0.0009807852
   32Z    -2.5831001973     0.0007120685
   33X    -1.2300000939     0.0049492099
   33Y    -2.7505002100     0.0011335078
   33Z    -2.3109001765    -0.0037872939
   34X     4.1500003169    -0.0005952267
   34Y     1.8479001411    -0.0077061955
   34Z     0.0287000022     0.0015143970
   35X     4.9380003771     0.0026766152
   35Y     0.4055000310     0.0006181856
   35Z    -0.6472000494     0.0011902099
   36X     5.0444003852     0.0019827980
   36Y     0.7352000561    -0.0000278822
   36Z     1.0730000819    -0.0015419385
   37X    -0.0062000005     0.0006555259
   37Y     3.2824002507     0.0000493950
   37Z    -1.8043001378    -0.0004560517
   38X    -2.3121001766     0.0017394104
   38Y     3.5638002721     0.0036216113
   38Z    -0.9645000737    -0.0028504327
   39X    -3.1557002410     0.0072448046
   39Y    -2.6446002020    -0.0013464907
   39Z     0.6672000509    -0.0023065317
   40X    -3.8483002939     0.0076344708
   40Y     1.0686000816     0.0024520380
   40Z     1.1031000842    -0.0027494272
----------------------------------------

 @ End Gradient Calculation

  Skipping one-electron property calculation.

 @ Output cuEST Memory Footprint

------------- cuEST MEMORY USAGE ---------------
| Peak Host Footprint =    30.88 kB
| Host Allocations =    43
| Peak Device Footprint =     9.34 GB
| Device Allocations =    36
------------------------------------------------

 @ Finish Output cuEST Memory Footprint


 @ Output Timing Information

------------- TIMING ---------------
| CUEST INITIALIZATION TIME =     0.359903000(  7.07%)
| INITIAL GUESS TIME  =     2.743481000( 53.92%)
| DFT GRID OPERATIONS =     0.001209000(  0.02%)
| TOTAL SCF TIME      =     0.440655000(  8.66%)
|       TOTAL OP TIME      =     0.327352000(  6.43%)
|             TOTAL 1e TIME      =     0.002984000(  0.06%)
|             TOTAL 2e TIME      =     0.079373000(  1.56%)
|             TOTAL EXC TIME     =     0.232737000(  4.57%)
|       TOTAL DII TIME      =     0.111638000(  2.19%)
|             TOTAL DIAG TIME    =     0.042176000(  0.83%)
| TOTAL GRADIENT TIME      =     0.504788000(  9.92%)
|       TOTAL 1e GRADIENT TIME      =     0.288339000( 5.73%)
|       TOTAL 2e GRADIENT TIME      =     0.126421000( 2.48%)
|       TOTAL EXC GRADIENT TIME     =     0.086497000(  1.70%)
| TOTAL TIME          =     5.087866000
------------------------------------
| Job cpu time:  0 days  0 hours  0 minutes  5.1 seconds.

 @ Finish Output Timing Information

| Normal Termination. Task Finished on: Fri Aug 28 18:49:50 2026
