| *********************************************************************************************************
| **                                                                                                     **
| **           888888888888                                                                              **
| **         8888888888888888                                                                            **
| **      888888888888888888                                                                             **
| **     888888888888888888                                                                              **
| **    888888888888888                                                                                  **
| **   88888888888888888888                               88888                       8888:              **
| **   8888888888888888888888Z                            88888                       8888:              **
| **   888888888888888888888888?                          88888                       8888:              **
| **   8888888888888      8888888                                        888888       8888:              **
| **    88888888888         888888     8888:     88888    88888        888888888I     8888:    888888    **
| **    8888888888           88888:    8888:     88888    88888      $888888888888    8888:   888888     **
| **    I8Z 88888             88888    8888:     88888    88888    .888888     8888   8888: 888888       **
| **    .8Z 88888             88888    8888:     88888    88888    $88888             8888:88888         **
| **     8I 88888      .=88. .88888    8888:     88888    88888    88888              8888888888         **
| **    :8  88888      888888$8888$    8888:     88888    88888    8888O              88888888888        **
| **   ,7   +88888.     8888888888.    8888:     88888    88888    888888             88888O888888       **
| **         $888888:.   .8888888      88888....888888    88888     888888     8888   8888:  888888      **
| **          I8888888888888888888     888888888888888    88888     O888888888888O    8888:   888888     **
| **            O888888888888888888     88888888888888    88888       88888888888$    8888:    888888    **
| **               8888888Z     888      .8888I  88888    88888         8888888       8888:     888888   **
| **                                                                                                     **
| **                                                                                                     **
| **                                         Copyright (c) 2026                                          **
| **                          Regents of the University of California San Diego                          **
| **                                    & Michigan State University                                      **
| **                                        All Rights Reserved.                                         **
| **                                                                                                     **
| **             This software is subject to the terms of the Mozilla Public License, v. 2.0.            **
| **                                                                                                     **
| *********************************************************************************************************
|                                                                                                          
| Cite this work as:                                                                                       
| Manathunga, M.; O'Hearn, K. A.; Shajan, A.; Smith, J.; Miao, Y.; He, X.; Ayers, K.;                      
| Brothers, E.; Palos, E.; Tripathy, V.; Goetz, A.W.; Merz, K.M. QUICK-26.03.                              
| University of California,San Diego, CA and                                                               
| Michigan State University, East Lansing, MI, 2026                                                        
|                                                                                                          
| If you have any comments or queries, please reach out to us on GitHub issues or discussion sections:     
| https://github.com/merzlab/QUICK.                                                                        
|                                                                                                          
| TASK STARTS ON: Fri Aug 28 18:50:16 2026
| INPUT FILE :    /work2/11707/msun12/stampede3/quickruns/3446277/mph1/morphine_def2-SVP.in
| OUTPUT FILE:    /work2/11707/msun12/stampede3/quickruns/3446277/mph1/morphine_def2-SVP.out
| BASIS SET PATH: /home1/11707/msun12/QUICK-cuEST-install/basis

|------------ GPU INFORMATION ---------------
| CUDA ENABLED DEVICE         :        1
| CUDA DEVICE IN USE          :        0
| CUDA DEVICE NAME            : NVIDIA H100
| CUDA DEVICE PM              :      132
| CUDA DEVICE CORE FREQ(GHZ)  :     1.98
| CUDA DEVICE MEMORY SIZE (MB):    95321
| SUPPORTING CUDA VERSION     :      9.0
|--------------------------------------------

 @ Read Job And Atom

  KEYWORD=B3LYP BASIS=DEF2-SVP CUTOFF=1.0E-10 DENSERMS=1.0E-6 GRADIENT CUEST
 ============== JOB CARD =============
 METHOD = DENSITY FUNCTIONAL THEORY
 DENSITY FUNCTIONAL = B3LYP
 DIRECT SCF 
 SAD INITAL GUESS 
 USE DIIS SCF
 PRINT ENERGY EVERY CYCLE
 READ SAD GUESS FROM FILE
 STANDARD GRID = SG1
 Level shifting allowed after cycle    3
 DIIS error must exceed 0.100 for level shifting
 Max HOMO-LUMO gap to allow level shifting = 0.200
 GRADIENT CALCULATION
 MAX SCF CYCLES =    200
 MAX DIIS CYCLES =   10
 DELTA DENSITY START CYCLE =    3
 COMPUTATIONAL CUTOFF: 
      TWO-e INTEGRAL         =  0.100E-09
      BASIS SET PRIME        =  0.100E-10
      MATRIX ELEMENTS        =  0.100E-09
      BASIS FUNCTION         =  0.100E-05
      NEAR-LINEAR DEPENDENCY =  0.100E-04
      GRADIENT CUTOFF  =  0.100E-06
 DENSITY MATRIX MAXIMUM RMS FOR CONVERGENCE  =  0.100E-05
 BASIS SET = DEF2-SVP,  TYPE = CARTESIAN
| BASIS FILE = /home1/11707/msun12/QUICK-cuEST-install/basis/DEF2-SVP.BAS
| DATA FILE  =    /work2/11707/msun12/stampede3/quickruns/3446277/mph1/morphine_def2-SVP.dat

 @ Finish reading job


 @ Begin SAD initial guess

 For Atom Kind =    1
 ELEMENT = O 
 BASIS FUNCTIONS =   15
 For Atom Kind =    2
 ELEMENT = N 
 BASIS FUNCTIONS =   15
 For Atom Kind =    3
 ELEMENT = C 
 BASIS FUNCTIONS =   15
 For Atom Kind =    4
 ELEMENT = H 
 BASIS FUNCTIONS =    5

 @ Finish SAD initial guess


 @ Begin Reading Molecular Information


 =========== Molecule Input ==========
 TOTAL MOLECULAR CHARGE  =    0    MULTIPLICITY                =    1
 TOTAL ATOM NUMBER       =   40    NUMBER OF ATOM TYPES        =    4
 NUMBER OF HYDROGEN ATOM =   19    NUMBER OF NON-HYDROGEN ATOM =   21
 NUMBER OF ELECTRONS     =  152

 -- INPUT GEOMETRY -- :
    O          -1.9930      -0.4740       1.2005
    O          -2.7826      -2.5168      -0.2218
    O          -3.6220       1.8421       0.5579
    N           3.1777      -0.0101       0.4474
    C           0.3699      -0.7149       0.6616
    C           1.2913      -1.3046      -0.4170
    C           2.3441      -0.2023      -0.7640
    C          -0.9377      -1.4750       0.9848
    C           1.1988      -0.3907       1.9201
    C          -0.2516       0.5302       0.1205
    C           1.6887       1.1052      -1.3279
    C           2.4315       0.4754       1.6126
    C           0.3384       1.4306      -0.7480
    C          -1.3631      -2.5067      -0.0924
    C           0.5066      -1.8183      -1.5971
    C          -1.5672       0.6306       0.5136
    C          -0.7155      -2.3492      -1.4425
    C           4.3733       0.7916       0.2084
    C          -0.4184       2.5415      -1.1246
    C          -2.3310       1.7217       0.1620
    C          -1.7382       2.6936      -0.6541
    H           1.8278      -2.1759      -0.0118
    H           3.0029      -0.6035      -1.5465
    H          -0.8451      -2.0128       1.9373
    H           1.5366      -1.3335       2.3712
    H           0.5899       0.1174       2.6790
    H           1.5474       0.9596      -2.4075
    H           2.3530       1.9680      -1.2194
    H           2.1271       1.5205       1.4760
    H           3.0801       0.4584       2.4975
    H          -1.0772      -3.5067       0.2593
    H           0.9601      -1.7947      -2.5831
    H          -1.2300      -2.7505      -2.3109
    H           4.1500       1.8479       0.0287
    H           4.9380       0.4055      -0.6472
    H           5.0444       0.7352       1.0730
    H          -0.0062       3.2824      -1.8043
    H          -2.3121       3.5638      -0.9645
    H          -3.1557      -2.6446       0.6672
    H          -3.8483       1.0686       1.1031

============== BASIS INFOS ==============
 BASIS FUNCTIONS =  410
 NSHELL =  183 NPRIM  =  658
 JSHELL =  183 JBASIS =  347


 @ End Reading Molecular Information 


 @ Begin XC Quadrature Formation

 OCTAGO: OCTree Algorithm for Grid Operations 
   PRUNING CUTOFF       = 0.100E-06
   INITIAL GRID POINTS  =      151424
|   FINAL GRID POINTS    =           0
|   SIGNIFICANT NUMBER OF BASIS FUNCTIONS     =           0
|   SIGNIFICANT NUMBER OF PRIMITIVE FUNCTIONS =           0

 @ End XC Quadrature Formation


 @ Begin Energy Calculation

| condition number of overlap matrix:    7.216E+04
| Smallest eigenvalue of overlap matrix:    1.383E-04

                                         SCF ENERGY
| ------------------------------------------------------------------------------------------------------------------------
| NCYC       ENERGY         DELTA_E      SCF_TIME  DII_CYC   DII_TIME   O_TIME  DIAG_TIME    MAX_ERR    RMS_CHG    MAX_CHG
| ------------------------------------------------------------------------------------------------------------------------
|  1   -930.583400296      ------         0.080     1        0.01      0.06      0.00    0.5848E+00  0.7592E-01  0.7598E+01
|  2   -904.469513319  -.261139E+02       0.053     2        0.01      0.04      0.00    0.1485E+01  0.8401E-01  0.7074E+01
|  3   -898.897823923  -.557169E+01       0.055     3        0.02      0.04      0.00    0.9581E+00  0.4293E-01  0.3805E+01
|   ***  Level shifting applied  ( HOMO-LUMO gap =  0.004 au ) ***
|  4   -937.831772707  0.389339E+02       0.056     4        0.02      0.04      0.00    0.4084E+00  0.1136E-01  0.5944E+00
|   ***  Level shifting applied  ( HOMO-LUMO gap =  0.087 au ) ***
|  5   -938.367670210  0.535898E+00       0.055     5        0.02      0.04      0.00    0.2212E+00  0.5214E-02  0.4676E+00
|   ***  Level shifting applied  ( HOMO-LUMO gap =  0.014 au ) ***
|  6   -938.888316059  0.520646E+00       0.052     6        0.02      0.04      0.00    0.5883E-01  0.3432E-02  0.1501E+00
|  7   -938.957591172  0.692751E-01       0.052     7        0.02      0.04      0.00    0.5529E-01  0.1171E-02  0.3601E-01
|  8   -938.971494217  0.139030E-01       0.053     8        0.02      0.04      0.00    0.1659E-01  0.4632E-03  0.1523E-01
|  9   -938.974190071  0.269585E-02       0.053     9        0.02      0.04      0.00    0.4194E-02  0.1436E-03  0.4320E-02
| 10   -938.974437899  0.247829E-03       0.053    10        0.02      0.04      0.00    0.1621E-02  0.3630E-04  0.1068E-02
| 11   -938.974453818  0.159188E-04       0.055     1        0.02      0.04      0.00    0.5104E-03  0.1863E-04  0.9126E-03
| 12   -938.974456379  0.256075E-05       0.055     2        0.02      0.04      0.00    0.3018E-03  0.7587E-05  0.2568E-03
| 13   -938.974457163  0.783677E-06       0.055     3        0.02      0.04      0.00    0.4197E-04  0.1966E-05  0.6620E-04
| 14   -938.974457195  0.324403E-07       0.055     4        0.02      0.04      0.00    0.1759E-04  0.6213E-06  0.2093E-04
| ------------------------------------------------------------------------------------------------------------------------
| REACH CONVERGENCE AFTER  14 CYCLES
| MAX ERROR = 0.175892E-04   RMS CHANGE = 0.621344E-06   MAX CHANGE = 0.209273E-04
| -----------------------------------------------
 ALPHA ELECTRON DENSITY    =    75.9992284397
 BETA ELECTRON DENSITY     =    75.9992284397
 ELECTRONIC ENERGY    =  -2768.281727676
 CORE_CORE REPULSION  =   1829.307270481
 TOTAL ENERGY         =   -938.974457195

 @ End Energy calculation


 @ Begin Gradient Calculation

 ANALYTICAL GRADIENT: 
----------------------------------------
 COORDINATE    XYZ            GRADIENT
----------------------------------------
    1X    -1.9930001522    -0.0114139417
    1Y    -0.4740000362     0.0058660679
    1Z     1.2005000917     0.0008479319
    2X    -2.7826002125    -0.0016333830
    2Y    -2.5168001922     0.0015799664
    2Z    -0.2218000169     0.0024039766
    3X    -3.6220002766     0.0077814962
    3Y     1.8421001407     0.0012621289
    3Z     0.5579000426    -0.0042035686
    4X     3.1777002427    -0.0028890322
    4Y    -0.0101000008    -0.0019125981
    4Z     0.4474000342     0.0035237274
    5X     0.3699000282     0.0069908456
    5Y    -0.7149000546    -0.0038870803
    5Z     0.6616000505    -0.0043802475
    6X     1.2913000986    -0.0000855815
    6Y    -1.3046000996    -0.0027864357
    6Z    -0.4170000318     0.0084912170
    7X     2.3441001790     0.0023969411
    7Y    -0.2023000154    -0.0013876261
    7Z    -0.7640000583    -0.0134612322
    8X    -0.9377000716    -0.0018129354
    8Y    -1.4750001126     0.0098622243
    8Z     0.9848000752    -0.0121751167
    9X     1.1988000915    -0.0071459500
    9Y    -0.3907000298     0.0024065257
    9Z     1.9201001466     0.0006718627
   10X    -0.2516000192    -0.0054275700
   10Y     0.5302000405    -0.0082130495
   10Z     0.1205000092     0.0099032800
   11X     1.6887001290     0.0020340280
   11Y     1.1052000844     0.0110872879
   11Z    -1.3279001014     0.0003471468
   12X     2.4315001857     0.0041194257
   12Y     0.4754000363     0.0096874820
   12Z     1.6126001231     0.0054067219
   13X     0.3384000258    -0.0044336842
   13Y     1.4306001092    -0.0010497954
   13Z    -0.7480000571    -0.0007543897
   14X    -1.3631001041     0.0196728631
   14Y    -2.5067001914     0.0003468467
   14Z    -0.0924000071     0.0044155299
   15X     0.5066000387     0.0085574099
   15Y    -1.8183001389     0.0006293830
   15Z    -1.5971001220    -0.0080351801
   16X    -1.5672001197    -0.0081301876
   16Y     0.6306000482     0.0076083571
   16Z     0.5136000392    -0.0015724821
   17X    -0.7155000546    -0.0065464401
   17Y    -2.3492001794    -0.0088208333
   17Z    -1.4425001102    -0.0005659007
   18X     4.3733003340     0.0049273324
   18Y     0.7916000604     0.0120782181
   18Z     0.2084000159    -0.0037788637
   19X    -0.4184000320     0.0144813931
   19Y     2.5415001941    -0.0012850224
   19Z    -1.1246000859    -0.0050570860
   20X    -2.3310001780     0.0131245767
   20Y     1.7217001315    -0.0085067470
   20Z     0.1620000124     0.0005183011
   21X    -1.7382001327    -0.0125388116
   21Y     2.6936002057    -0.0020137253
   21Z    -0.6541000499     0.0055826262
   22X     1.8278001396    -0.0065268989
   22Y    -2.1759001662    -0.0015521347
   22Z    -0.0118000009    -0.0037744530
   23X     3.0029002293    -0.0029956233
   23Y    -0.6035000461     0.0006187578
   23Z    -1.5465001181     0.0000896794
   24X    -0.8451000645     0.0020257972
   24Y    -2.0128001537    -0.0003740428
   24Z     1.9373001479    -0.0031439271
   25X     1.5366001173    -0.0012015112
   25Y    -1.3335001018     0.0044038679
   25Z     2.3712001811    -0.0005640279
   26X     0.5899000450     0.0033806860
   26Y     0.1174000090    -0.0015157737
   26Z     2.6790002046    -0.0001862776
   27X     1.5474001182    -0.0013456254
   27Y     0.9596000733    -0.0010869217
   27Z    -2.4075001838     0.0046911204
   28X     2.3530001797    -0.0066936139
   28Y     1.9680001503    -0.0012425982
   28Z    -1.2194000931     0.0001569578
   29X     2.1271001624     0.0033951266
   29Y     1.5205001161    -0.0094950010
   29Z     1.4760001127    -0.0000314116
   30X     3.0801002352    -0.0049881123
   30Y     0.4584000350    -0.0001280216
   30Z     2.4975001907    -0.0010547733
   31X    -1.0772000823    -0.0086635454
   31Y    -3.5067002678     0.0053719963
   31Z     0.2593000198    -0.0059069300
   32X     0.9601000733    -0.0036774626
   32Y    -1.7947001371    -0.0005074871
   32Z    -2.5831001973     0.0058196591
   33X    -1.2300000939     0.0069002817
   33Y    -2.7505002100     0.0032922677
   33Z    -2.3109001765     0.0013947672
   34X     4.1500003169     0.0000368375
   34Y     1.8479001411    -0.0113225296
   34Z     0.0287000022     0.0021381780
   35X     4.9380003771    -0.0001539855
   35Y     0.4055000310     0.0019473091
   35Z    -0.6472000494     0.0047055241
   36X     5.0444003852    -0.0011174669
   36Y     0.7352000561    -0.0001795328
   36Z     1.0730000819    -0.0049074375
   37X    -0.0062000005    -0.0015247126
   37Y     3.2824002507    -0.0036627612
   37Z    -1.8043001378     0.0030064816
   38X    -2.3121001766     0.0046299575
   38Y     3.5638002721    -0.0012409153
   38Z    -0.9645000737    -0.0009944983
   39X    -3.1557002410    -0.0022608094
   39Y    -2.6446002020    -0.0020581381
   39Z     0.6672000509     0.0065076869
   40X    -3.8483002939    -0.0012481136
   40Y     1.0686000816    -0.0038199158
   40Z     1.1031000842     0.0039254279
----------------------------------------

 @ End Gradient Calculation

  Skipping one-electron property calculation.

 @ Output cuEST Memory Footprint

------------- cuEST MEMORY USAGE ---------------
| Peak Host Footprint =    32.16 kB
| Host Allocations =    43
| Peak Device Footprint =    12.27 GB
| Device Allocations =    36
------------------------------------------------

 @ Finish Output cuEST Memory Footprint


 @ Output Timing Information

------------- TIMING ---------------
| CUEST INITIALIZATION TIME =     0.391005000(  6.85%)
| INITIAL GUESS TIME  =     2.605451000( 45.64%)
| DFT GRID OPERATIONS =     0.001166000(  0.02%)
| TOTAL SCF TIME      =     0.793139000( 13.89%)
|       TOTAL OP TIME      =     0.547215000(  9.59%)
|             TOTAL 1e TIME      =     0.010797000(  0.19%)
|             TOTAL 2e TIME      =     0.173492000(  3.04%)
|             TOTAL EXC TIME     =     0.324305000(  5.68%)
|       TOTAL DII TIME      =     0.240311000(  4.21%)
|             TOTAL DIAG TIME    =     0.068556000(  1.20%)
| TOTAL GRADIENT TIME      =     0.982756000( 17.22%)
|       TOTAL 1e GRADIENT TIME      =     0.628610000(11.15%)
|       TOTAL 2e GRADIENT TIME      =     0.260261000( 4.56%)
|       TOTAL EXC GRADIENT TIME     =     0.085450000(  1.50%)
| TOTAL TIME          =     5.708644000
------------------------------------
| Job cpu time:  0 days  0 hours  0 minutes  5.7 seconds.

 @ Finish Output Timing Information

| Normal Termination. Task Finished on: Fri Aug 28 18:50:21 2026
