| *********************************************************************************************************
| **                                                                                                     **
| **           888888888888                                                                              **
| **         8888888888888888                                                                            **
| **      888888888888888888                                                                             **
| **     888888888888888888                                                                              **
| **    888888888888888                                                                                  **
| **   88888888888888888888                               88888                       8888:              **
| **   8888888888888888888888Z                            88888                       8888:              **
| **   888888888888888888888888?                          88888                       8888:              **
| **   8888888888888      8888888                                        888888       8888:              **
| **    88888888888         888888     8888:     88888    88888        888888888I     8888:    888888    **
| **    8888888888           88888:    8888:     88888    88888      $888888888888    8888:   888888     **
| **    I8Z 88888             88888    8888:     88888    88888    .888888     8888   8888: 888888       **
| **    .8Z 88888             88888    8888:     88888    88888    $88888             8888:88888         **
| **     8I 88888      .=88. .88888    8888:     88888    88888    88888              8888888888         **
| **    :8  88888      888888$8888$    8888:     88888    88888    8888O              88888888888        **
| **   ,7   +88888.     8888888888.    8888:     88888    88888    888888             88888O888888       **
| **         $888888:.   .8888888      88888....888888    88888     888888     8888   8888:  888888      **
| **          I8888888888888888888     888888888888888    88888     O888888888888O    8888:   888888     **
| **            O888888888888888888     88888888888888    88888       88888888888$    8888:    888888    **
| **               8888888Z     888      .8888I  88888    88888         8888888       8888:     888888   **
| **                                                                                                     **
| **                                                                                                     **
| **                                         Copyright (c) 2026                                          **
| **                          Regents of the University of California San Diego                          **
| **                                    & Michigan State University                                      **
| **                                        All Rights Reserved.                                         **
| **                                                                                                     **
| **             This software is subject to the terms of the Mozilla Public License, v. 2.0.            **
| **                                                                                                     **
| *********************************************************************************************************
|                                                                                                          
| Cite this work as:                                                                                       
| Manathunga, M.; O'Hearn, K. A.; Shajan, A.; Smith, J.; Miao, Y.; He, X.; Ayers, K.;                      
| Brothers, E.; Palos, E.; Tripathy, V.; Goetz, A.W.; Merz, K.M. QUICK-26.03.                              
| University of California,San Diego, CA and                                                               
| Michigan State University, East Lansing, MI, 2026                                                        
|                                                                                                          
| If you have any comments or queries, please reach out to us on GitHub issues or discussion sections:     
| https://github.com/merzlab/QUICK.                                                                        
|                                                                                                          
| TASK STARTS ON: Fri Aug 28 18:50:02 2026
| INPUT FILE :    /work2/11707/msun12/stampede3/quickruns/3446277/mph1/morphine_6-31+G**.in
| OUTPUT FILE:    /work2/11707/msun12/stampede3/quickruns/3446277/mph1/morphine_6-31+G**.out
| BASIS SET PATH: /home1/11707/msun12/QUICK-cuEST-install/basis

|------------ GPU INFORMATION ---------------
| CUDA ENABLED DEVICE         :        1
| CUDA DEVICE IN USE          :        0
| CUDA DEVICE NAME            : NVIDIA H100
| CUDA DEVICE PM              :      132
| CUDA DEVICE CORE FREQ(GHZ)  :     1.98
| CUDA DEVICE MEMORY SIZE (MB):    95321
| SUPPORTING CUDA VERSION     :      9.0
|--------------------------------------------

 @ Read Job And Atom

  KEYWORD=B3LYP BASIS=6-31+G** CUTOFF=1.0E-10 DENSERMS=1.0E-6 GRADIENT CUEST
 ============== JOB CARD =============
 METHOD = DENSITY FUNCTIONAL THEORY
 DENSITY FUNCTIONAL = B3LYP
 DIRECT SCF 
 SAD INITAL GUESS 
 USE DIIS SCF
 PRINT ENERGY EVERY CYCLE
 READ SAD GUESS FROM FILE
 STANDARD GRID = SG1
 Level shifting allowed after cycle    3
 DIIS error must exceed 0.100 for level shifting
 Max HOMO-LUMO gap to allow level shifting = 0.200
 GRADIENT CALCULATION
 MAX SCF CYCLES =    200
 MAX DIIS CYCLES =   10
 DELTA DENSITY START CYCLE =    3
 COMPUTATIONAL CUTOFF: 
      TWO-e INTEGRAL         =  0.100E-09
      BASIS SET PRIME        =  0.100E-10
      MATRIX ELEMENTS        =  0.100E-09
      BASIS FUNCTION         =  0.100E-05
      NEAR-LINEAR DEPENDENCY =  0.100E-04
      GRADIENT CUTOFF  =  0.100E-06
 DENSITY MATRIX MAXIMUM RMS FOR CONVERGENCE  =  0.100E-05
 BASIS SET = 6-31+G**,  TYPE = CARTESIAN
| BASIS FILE = /home1/11707/msun12/QUICK-cuEST-install/basis/6-31PLGDP.BAS
| DATA FILE  =    /work2/11707/msun12/stampede3/quickruns/3446277/mph1/morphine_6-31+G**.dat

 @ Finish reading job


 @ Begin SAD initial guess

 For Atom Kind =    1
 ELEMENT = O 
 BASIS FUNCTIONS =   19
 For Atom Kind =    2
 ELEMENT = N 
 BASIS FUNCTIONS =   19
 For Atom Kind =    3
 ELEMENT = C 
 BASIS FUNCTIONS =   19
 For Atom Kind =    4
 ELEMENT = H 
 BASIS FUNCTIONS =    5

 @ Finish SAD initial guess


 @ Begin Reading Molecular Information


 =========== Molecule Input ==========
 TOTAL MOLECULAR CHARGE  =    0    MULTIPLICITY                =    1
 TOTAL ATOM NUMBER       =   40    NUMBER OF ATOM TYPES        =    4
 NUMBER OF HYDROGEN ATOM =   19    NUMBER OF NON-HYDROGEN ATOM =   21
 NUMBER OF ELECTRONS     =  152

 -- INPUT GEOMETRY -- :
    O          -1.9930      -0.4740       1.2005
    O          -2.7826      -2.5168      -0.2218
    O          -3.6220       1.8421       0.5579
    N           3.1777      -0.0101       0.4474
    C           0.3699      -0.7149       0.6616
    C           1.2913      -1.3046      -0.4170
    C           2.3441      -0.2023      -0.7640
    C          -0.9377      -1.4750       0.9848
    C           1.1988      -0.3907       1.9201
    C          -0.2516       0.5302       0.1205
    C           1.6887       1.1052      -1.3279
    C           2.4315       0.4754       1.6126
    C           0.3384       1.4306      -0.7480
    C          -1.3631      -2.5067      -0.0924
    C           0.5066      -1.8183      -1.5971
    C          -1.5672       0.6306       0.5136
    C          -0.7155      -2.3492      -1.4425
    C           4.3733       0.7916       0.2084
    C          -0.4184       2.5415      -1.1246
    C          -2.3310       1.7217       0.1620
    C          -1.7382       2.6936      -0.6541
    H           1.8278      -2.1759      -0.0118
    H           3.0029      -0.6035      -1.5465
    H          -0.8451      -2.0128       1.9373
    H           1.5366      -1.3335       2.3712
    H           0.5899       0.1174       2.6790
    H           1.5474       0.9596      -2.4075
    H           2.3530       1.9680      -1.2194
    H           2.1271       1.5205       1.4760
    H           3.0801       0.4584       2.4975
    H          -1.0772      -3.5067       0.2593
    H           0.9601      -1.7947      -2.5831
    H          -1.2300      -2.7505      -2.3109
    H           4.1500       1.8479       0.0287
    H           4.9380       0.4055      -0.6472
    H           5.0444       0.7352       1.0730
    H          -0.0062       3.2824      -1.8043
    H          -2.3121       3.5638      -0.9645
    H          -3.1557      -2.6446       0.6672
    H          -3.8483       1.0686       1.1031

============== BASIS INFOS ==============
 BASIS FUNCTIONS =  494
 NSHELL =  162 NPRIM  =  805
 JSHELL =  162 JBASIS =  347


 @ End Reading Molecular Information 


 @ Begin XC Quadrature Formation

 OCTAGO: OCTree Algorithm for Grid Operations 
   PRUNING CUTOFF       = 0.100E-07
   INITIAL GRID POINTS  =      151424
|   FINAL GRID POINTS    =           0
|   SIGNIFICANT NUMBER OF BASIS FUNCTIONS     =           0
|   SIGNIFICANT NUMBER OF PRIMITIVE FUNCTIONS =           0

 @ End XC Quadrature Formation


 @ Begin Energy Calculation

| Number of total basis functions:    494
| Number of linearly independent basis functions:    484
| condition number of overlap matrix:    9.530E+07
| Smallest eigenvalue of overlap matrix:    2.230E-07

                                         SCF ENERGY
| ------------------------------------------------------------------------------------------------------------------------
| NCYC       ENERGY         DELTA_E      SCF_TIME  DII_CYC   DII_TIME   O_TIME  DIAG_TIME    MAX_ERR    RMS_CHG    MAX_CHG
| ------------------------------------------------------------------------------------------------------------------------
|  1   -928.991456648      ------         0.197     1        0.11      0.08      0.03    0.5317E+00  0.2734E+00  0.1840E+02
|  2   -835.987539241  -.930039E+02       0.136     2        0.09      0.04      0.01    0.2219E+01  0.2637E+00  0.1580E+02
|  3   -935.700784142  0.997132E+02       0.714     3        0.67      0.05      0.40    0.4045E+00  0.1606E+00  0.1100E+02
|   ***  Level shifting applied  ( HOMO-LUMO gap =  0.026 au ) ***
|  4   -924.073942205  -.116268E+02       0.096     4        0.05      0.05      0.01    0.8303E+00  0.1538E+00  0.1124E+02
|   ***  Level shifting applied  ( HOMO-LUMO gap =  0.004 au ) ***
|  5   -939.266467358  0.151925E+02       0.071     5        0.02      0.05      0.01    0.1630E+00  0.8661E-02  0.3874E+00
|   ***  Level shifting applied  ( HOMO-LUMO gap =  0.033 au ) ***
|  6   -939.584125892  0.317659E+00       0.067     6        0.02      0.05      0.01    0.7709E-01  0.7140E-02  0.4930E+00
|  7   -939.662326757  0.782009E-01       0.067     7        0.02      0.04      0.01    0.3254E-01  0.2649E-02  0.1569E+00
|  8   -939.671367170  0.904041E-02       0.068     8        0.02      0.04      0.01    0.2247E-01  0.1319E-02  0.6456E-01
|  9   -939.676645733  0.527856E-02       0.068     9        0.02      0.04      0.01    0.5110E-02  0.4237E-03  0.2605E-01
| 10   -939.676836934  0.191201E-03       0.072    10        0.03      0.04      0.01    0.2299E-02  0.1266E-03  0.4961E-02
| 11   -939.676920916  0.839820E-04       0.071     1        0.03      0.04      0.01    0.5870E-03  0.5098E-04  0.1854E-02
| 12   -939.676925224  0.430829E-05       0.070     2        0.02      0.04      0.01    0.3142E-03  0.1597E-04  0.6320E-03
| 13   -939.676926576  0.135194E-05       0.075     3        0.03      0.04      0.01    0.1036E-03  0.4095E-05  0.1358E-03
| 14   -939.676926626  0.495052E-07       0.069     4        0.02      0.04      0.01    0.4682E-04  0.1776E-05  0.1133E-03
| 15   -939.676926639  0.130135E-07       0.069     5        0.02      0.04      0.01    0.1610E-04  0.5345E-06  0.5826E-04
| ------------------------------------------------------------------------------------------------------------------------
| REACH CONVERGENCE AFTER  15 CYCLES
| MAX ERROR = 0.161010E-04   RMS CHANGE = 0.534528E-06   MAX CHANGE = 0.582644E-04
| -----------------------------------------------
 ALPHA ELECTRON DENSITY    =    75.9989724294
 BETA ELECTRON DENSITY     =    75.9989724294
 ELECTRONIC ENERGY    =  -2768.984197119
 CORE_CORE REPULSION  =   1829.307270481
 TOTAL ENERGY         =   -939.676926639

 @ End Energy calculation


 @ Begin Gradient Calculation

 ANALYTICAL GRADIENT: 
----------------------------------------
 COORDINATE    XYZ            GRADIENT
----------------------------------------
    1X    -1.9930001522    -0.0103734415
    1Y    -0.4740000362     0.0094110186
    1Z     1.2005000917     0.0124639666
    2X    -2.7826002125    -0.0077164409
    2Y    -2.5168001922     0.0048948884
    2Z    -0.2218000169     0.0028337147
    3X    -3.6220002766     0.0219077796
    3Y     1.8421001407    -0.0083887471
    3Z     0.5579000426    -0.0092833481
    4X     3.1777002427    -0.0386803970
    4Y    -0.0101000008     0.0179401192
    4Z     0.4474000342    -0.0105624918
    5X     0.3699000282     0.0550714044
    5Y    -0.7149000546     0.0189677232
    5Z     0.6616000505     0.0431554456
    6X     1.2913000986    -0.0140440009
    6Y    -1.3046000996    -0.0044226029
    6Z    -0.4170000318    -0.0067408601
    7X     2.3441001790     0.0085974605
    7Y    -0.2023000154    -0.0131598019
    7Z    -0.7640000583     0.0031488460
    8X    -0.9377000716    -0.0124771090
    8Y    -1.4750001126     0.0331473874
    8Z     0.9848000752    -0.0369316071
    9X     1.1988000915    -0.0261534543
    9Y    -0.3907000298    -0.0125370776
    9Z     1.9201001466    -0.0011032838
   10X    -0.2516000192     0.0251649314
   10Y     0.5302000405    -0.0695055616
   10Z     0.1205000092    -0.0683288472
   11X     1.6887001290     0.0363030519
   11Y     1.1052000844    -0.0340516459
   11Z    -1.3279001014    -0.0025986295
   12X     2.4315001857     0.0403006493
   12Y     0.4754000363     0.0019164777
   12Z     1.6126001231     0.0269721917
   13X     0.3384000258     0.0269131429
   13Y     1.4306001092     0.0602482823
   13Z    -0.7480000571     0.0253356289
   14X    -1.3631001041    -0.0039526889
   14Y    -2.5067001914    -0.0617465926
   14Z    -0.0924000071     0.0904164420
   15X     0.5066000387     0.0522553865
   15Y    -1.8183001389     0.0119961296
   15Z    -1.5971001220    -0.0718868464
   16X    -1.5672001197    -0.0988331573
   16Y     0.6306000482     0.0312170184
   16Z     0.5136000392     0.0228761879
   17X    -0.7155000546    -0.0399234163
   17Y    -2.3492001794    -0.0015700781
   17Z    -1.4425001102    -0.0241396297
   18X     4.3733003340     0.0014875519
   18Y     0.7916000604     0.0053214919
   18Z     0.2084000159    -0.0024324515
   19X    -0.4184000320     0.0131036829
   19Y     2.5415001941     0.0110584416
   19Z    -1.1246000859     0.0025974809
   20X    -2.3310001780    -0.0275276229
   20Y     1.7217001315    -0.0012835971
   20Z     0.1620000124     0.0132569981
   21X    -1.7382001327    -0.0504156088
   21Y     2.6936002057     0.0515349148
   21Z    -0.6541000499     0.0023604468
   22X     1.8278001396     0.0058737220
   22Y    -2.1759001662    -0.0090590268
   22Z    -0.0118000009     0.0001979410
   23X     3.0029002293     0.0085971986
   23Y    -0.6035000461    -0.0049058796
   23Z    -1.5465001181    -0.0105781979
   24X    -0.8451000645     0.0049465736
   24Y    -2.0128001537    -0.0039488591
   24Z     1.9373001479     0.0038039406
   25X     1.5366001173    -0.0093985548
   25Y    -1.3335001018     0.0205136631
   25Z     2.3712001811    -0.0100014364
   26X     0.5899000450     0.0067611435
   26Y     0.1174000090    -0.0097856987
   26Z     2.6790002046    -0.0072583525
   27X     1.5474001182    -0.0023720898
   27Y     0.9596000733     0.0054613399
   27Z    -2.4075001838    -0.0011277303
   28X     2.3530001797    -0.0126561324
   28Y     1.9680001503    -0.0141893757
   28Z    -1.2194000931     0.0008931138
   29X     2.1271001624     0.0072750234
   29Y     1.5205001161    -0.0099077776
   29Z     1.4760001127     0.0078669673
   30X     3.0801002352    -0.0004886550
   30Y     0.4584000350    -0.0024370041
   30Z     2.4975001907    -0.0065664534
   31X    -1.0772000823    -0.0168647109
   31Y    -3.5067002678     0.0191233358
   31Z     0.2593000198    -0.0059386608
   32X     0.9601000733    -0.0010632976
   32Y    -1.7947001371    -0.0052969910
   32Z    -2.5831001973     0.0066690731
   33X    -1.2300000939     0.0170798661
   33Y    -2.7505002100     0.0015870974
   33Z    -2.3109001765     0.0078565567
   34X     4.1500003169     0.0005772082
   34Y     1.8479001411    -0.0077713655
   34Z     0.0287000022    -0.0007786845
   35X     4.9380003771    -0.0039564458
   35Y     0.4055000310     0.0057840066
   35Z    -0.6472000494     0.0077101504
   36X     5.0444003852     0.0056815065
   36Y     0.7352000561    -0.0012467461
   36Z     1.0730000819    -0.0015467290
   37X    -0.0062000005     0.0098546216
   37Y     3.2824002507     0.0041953524
   37Z    -1.8043001378    -0.0075209994
   38X    -2.3121001766     0.0293870229
   38Y     3.5638002721    -0.0318579669
   38Z    -0.9645000737     0.0080102410
   39X    -3.1557002410     0.0028755825
   39Y    -2.6446002020    -0.0040204821
   39Z     0.6672000509    -0.0082229757
   40X    -3.8483002939    -0.0031172860
   40Y     1.0686000816    -0.0032258105
   40Z     1.1031000842     0.0051228822
----------------------------------------

 @ End Gradient Calculation

  Skipping one-electron property calculation.

 @ Output cuEST Memory Footprint

------------- cuEST MEMORY USAGE ---------------
| Peak Host Footprint =    33.50 kB
| Host Allocations =    43
| Peak Device Footprint =    13.51 GB
| Device Allocations =    36
------------------------------------------------

 @ Finish Output cuEST Memory Footprint


 @ Output Timing Information

------------- TIMING ---------------
| CUEST INITIALIZATION TIME =     0.427857000(  5.65%)
| INITIAL GUESS TIME  =     2.666129000( 35.18%)
| DFT GRID OPERATIONS =     0.001310000(  0.02%)
| TOTAL SCF TIME      =     1.924835000( 25.40%)
|       TOTAL OP TIME      =     0.726812000(  9.59%)
|             TOTAL 1e TIME      =     0.014597000(  0.19%)
|             TOTAL 2e TIME      =     0.256259000(  3.38%)
|             TOTAL EXC TIME     =     0.392447000(  5.18%)
|       TOTAL DII TIME      =     1.187265000( 15.67%)
|             TOTAL DIAG TIME    =     0.499535000(  6.59%)
| TOTAL GRADIENT TIME      =     1.424744000( 18.80%)
|       TOTAL 1e GRADIENT TIME      =     0.957496000(12.75%)
|       TOTAL 2e GRADIENT TIME      =     0.344355000( 4.54%)
|       TOTAL EXC GRADIENT TIME     =     0.113494000(  1.50%)
| TOTAL TIME          =     7.578005000
------------------------------------
| Job cpu time:  0 days  0 hours  0 minutes  7.6 seconds.

 @ Finish Output Timing Information

| Normal Termination. Task Finished on: Fri Aug 28 18:50:10 2026
