| *********************************************************************************************************
| **                                                                                                     **
| **           888888888888                                                                              **
| **         8888888888888888                                                                            **
| **      888888888888888888                                                                             **
| **     888888888888888888                                                                              **
| **    888888888888888                                                                                  **
| **   88888888888888888888                               88888                       8888:              **
| **   8888888888888888888888Z                            88888                       8888:              **
| **   888888888888888888888888?                          88888                       8888:              **
| **   8888888888888      8888888                                        888888       8888:              **
| **    88888888888         888888     8888:     88888    88888        888888888I     8888:    888888    **
| **    8888888888           88888:    8888:     88888    88888      $888888888888    8888:   888888     **
| **    I8Z 88888             88888    8888:     88888    88888    .888888     8888   8888: 888888       **
| **    .8Z 88888             88888    8888:     88888    88888    $88888             8888:88888         **
| **     8I 88888      .=88. .88888    8888:     88888    88888    88888              8888888888         **
| **    :8  88888      888888$8888$    8888:     88888    88888    8888O              88888888888        **
| **   ,7   +88888.     8888888888.    8888:     88888    88888    888888             88888O888888       **
| **         $888888:.   .8888888      88888....888888    88888     888888     8888   8888:  888888      **
| **          I8888888888888888888     888888888888888    88888     O888888888888O    8888:   888888     **
| **            O888888888888888888     88888888888888    88888       88888888888$    8888:    888888    **
| **               8888888Z     888      .8888I  88888    88888         8888888       8888:     888888   **
| **                                                                                                     **
| **                                                                                                     **
| **                                         Copyright (c) 2026                                          **
| **                          Regents of the University of California San Diego                          **
| **                                    & Michigan State University                                      **
| **                                        All Rights Reserved.                                         **
| **                                                                                                     **
| **             This software is subject to the terms of the Mozilla Public License, v. 2.0.            **
| **                                                                                                     **
| *********************************************************************************************************
|                                                                                                          
| Cite this work as:                                                                                       
| Manathunga, M.; O'Hearn, K. A.; Shajan, A.; Smith, J.; Miao, Y.; He, X.; Ayers, K.;                      
| Brothers, E.; Palos, E.; Tripathy, V.; Goetz, A.W.; Merz, K.M. QUICK-26.03.                              
| University of California,San Diego, CA and                                                               
| Michigan State University, East Lansing, MI, 2026                                                        
|                                                                                                          
| If you have any comments or queries, please reach out to us on GitHub issues or discussion sections:     
| https://github.com/merzlab/QUICK.                                                                        
|                                                                                                          
| TASK STARTS ON: Fri Aug 28 18:50:21 2026
| INPUT FILE :    /work2/11707/msun12/stampede3/quickruns/3446277/mph1/morphine_def2-TZVP.in
| OUTPUT FILE:    /work2/11707/msun12/stampede3/quickruns/3446277/mph1/morphine_def2-TZVP.out
| BASIS SET PATH: /home1/11707/msun12/QUICK-cuEST-install/basis

|------------ GPU INFORMATION ---------------
| CUDA ENABLED DEVICE         :        1
| CUDA DEVICE IN USE          :        0
| CUDA DEVICE NAME            : NVIDIA H100
| CUDA DEVICE PM              :      132
| CUDA DEVICE CORE FREQ(GHZ)  :     1.98
| CUDA DEVICE MEMORY SIZE (MB):    95321
| SUPPORTING CUDA VERSION     :      9.0
|--------------------------------------------

 @ Read Job And Atom

  KEYWORD=B3LYP BASIS=DEF2-TZVP CUTOFF=1.0E-10 DENSERMS=1.0E-6 GRADIENT CUEST
 ============== JOB CARD =============
 METHOD = DENSITY FUNCTIONAL THEORY
 DENSITY FUNCTIONAL = B3LYP
 DIRECT SCF 
 SAD INITAL GUESS 
 USE DIIS SCF
 PRINT ENERGY EVERY CYCLE
 READ SAD GUESS FROM FILE
 STANDARD GRID = SG1
 Level shifting allowed after cycle    3
 DIIS error must exceed 0.100 for level shifting
 Max HOMO-LUMO gap to allow level shifting = 0.200
 GRADIENT CALCULATION
 MAX SCF CYCLES =    200
 MAX DIIS CYCLES =   10
 DELTA DENSITY START CYCLE =    3
 COMPUTATIONAL CUTOFF: 
      TWO-e INTEGRAL         =  0.100E-09
      BASIS SET PRIME        =  0.100E-10
      MATRIX ELEMENTS        =  0.100E-09
      BASIS FUNCTION         =  0.100E-05
      NEAR-LINEAR DEPENDENCY =  0.100E-04
      GRADIENT CUTOFF  =  0.100E-06
 DENSITY MATRIX MAXIMUM RMS FOR CONVERGENCE  =  0.100E-05
 BASIS SET = DEF2-TZVP,  TYPE = CARTESIAN
| BASIS FILE = /home1/11707/msun12/QUICK-cuEST-install/basis/DEF2-TZVP.BAS
| DATA FILE  =    /work2/11707/msun12/stampede3/quickruns/3446277/mph1/morphine_def2-TZVP.dat

 @ Finish reading job


 @ Begin SAD initial guess

 For Atom Kind =    1
 ELEMENT = O 
 BASIS FUNCTIONS =   36
 For Atom Kind =    2
 ELEMENT = N 
 BASIS FUNCTIONS =   36
 For Atom Kind =    3
 ELEMENT = C 
 BASIS FUNCTIONS =   36
 For Atom Kind =    4
 ELEMENT = H 
 BASIS FUNCTIONS =    6

 @ Finish SAD initial guess


 @ Begin Reading Molecular Information


 =========== Molecule Input ==========
 TOTAL MOLECULAR CHARGE  =    0    MULTIPLICITY                =    1
 TOTAL ATOM NUMBER       =   40    NUMBER OF ATOM TYPES        =    4
 NUMBER OF HYDROGEN ATOM =   19    NUMBER OF NON-HYDROGEN ATOM =   21
 NUMBER OF ELECTRONS     =  152

 -- INPUT GEOMETRY -- :
    O          -1.9930      -0.4740       1.2005
    O          -2.7826      -2.5168      -0.2218
    O          -3.6220       1.8421       0.5579
    N           3.1777      -0.0101       0.4474
    C           0.3699      -0.7149       0.6616
    C           1.2913      -1.3046      -0.4170
    C           2.3441      -0.2023      -0.7640
    C          -0.9377      -1.4750       0.9848
    C           1.1988      -0.3907       1.9201
    C          -0.2516       0.5302       0.1205
    C           1.6887       1.1052      -1.3279
    C           2.4315       0.4754       1.6126
    C           0.3384       1.4306      -0.7480
    C          -1.3631      -2.5067      -0.0924
    C           0.5066      -1.8183      -1.5971
    C          -1.5672       0.6306       0.5136
    C          -0.7155      -2.3492      -1.4425
    C           4.3733       0.7916       0.2084
    C          -0.4184       2.5415      -1.1246
    C          -2.3310       1.7217       0.1620
    C          -1.7382       2.6936      -0.6541
    H           1.8278      -2.1759      -0.0118
    H           3.0029      -0.6035      -1.5465
    H          -0.8451      -2.0128       1.9373
    H           1.5366      -1.3335       2.3712
    H           0.5899       0.1174       2.6790
    H           1.5474       0.9596      -2.4075
    H           2.3530       1.9680      -1.2194
    H           2.1271       1.5205       1.4760
    H           3.0801       0.4584       2.4975
    H          -1.0772      -3.5067       0.2593
    H           0.9601      -1.7947      -2.5831
    H          -1.2300      -2.7505      -2.3109
    H           4.1500       1.8479       0.0287
    H           4.9380       0.4055      -0.6472
    H           5.0444       0.7352       1.0730
    H          -0.0062       3.2824      -1.8043
    H          -2.3121       3.5638      -0.9645
    H          -3.1557      -2.6446       0.6672
    H          -3.8483       1.0686       1.1031

============== BASIS INFOS ==============
 BASIS FUNCTIONS =  870
 NSHELL =  307 NPRIM  = 1223
 JSHELL =  307 JBASIS =  534


 @ End Reading Molecular Information 


 @ Begin XC Quadrature Formation

 OCTAGO: OCTree Algorithm for Grid Operations 
   PRUNING CUTOFF       = 0.100E-06
   INITIAL GRID POINTS  =      151424
|   FINAL GRID POINTS    =           0
|   SIGNIFICANT NUMBER OF BASIS FUNCTIONS     =           0
|   SIGNIFICANT NUMBER OF PRIMITIVE FUNCTIONS =           0

 @ End XC Quadrature Formation


 @ Begin Energy Calculation

| Number of total basis functions:    870
| Number of linearly independent basis functions:    868
| condition number of overlap matrix:    4.930E+06
| Smallest eigenvalue of overlap matrix:    3.927E-06

                                         SCF ENERGY
| ------------------------------------------------------------------------------------------------------------------------
| NCYC       ENERGY         DELTA_E      SCF_TIME  DII_CYC   DII_TIME   O_TIME  DIAG_TIME    MAX_ERR    RMS_CHG    MAX_CHG
| ------------------------------------------------------------------------------------------------------------------------
|  1   -930.424169446      ------         0.242     1        0.04      0.19      0.01    0.4732E+00  0.4511E-01  0.1143E+02
|  2   -873.378087856  -.570461E+02       0.137     2        0.04      0.09      0.01    0.1314E+01  0.5368E-01  0.1027E+02
|  3   -902.387625476  0.290095E+02       0.149     3        0.05      0.10      0.01    0.9023E+00  0.3950E-01  0.7038E+01
|   ***  Level shifting applied  ( HOMO-LUMO gap =  0.003 au ) ***
|  4   -939.402592835  0.370150E+02       0.150     4        0.05      0.10      0.01    0.3036E+00  0.1269E-01  0.1388E+01
|   ***  Level shifting applied  ( HOMO-LUMO gap =  0.173 au ) ***
|  5   -938.173336284  -.122926E+01       0.153     5        0.05      0.10      0.01    0.4124E+00  0.8512E-02  0.9385E+00
|   ***  Level shifting applied  ( HOMO-LUMO gap =  0.008 au ) ***
|  6   -939.873167061  0.169983E+01       0.146     6        0.05      0.10      0.01    0.8722E-01  0.3279E-02  0.3061E+00
|  7   -939.968414142  0.952471E-01       0.148     7        0.05      0.10      0.01    0.3806E-01  0.4283E-03  0.3782E-01
|  8   -939.979174186  0.107600E-01       0.149     8        0.05      0.10      0.01    0.9192E-02  0.1517E-03  0.8774E-02
|  9   -939.979701298  0.527113E-03       0.155     9        0.06      0.09      0.01    0.4341E-02  0.7043E-04  0.4195E-02
| 10   -939.979998774  0.297476E-03       0.153    10        0.06      0.10      0.01    0.1197E-02  0.1723E-04  0.1675E-02
| 11   -939.980018393  0.196188E-04       0.167     1        0.07      0.10      0.01    0.5735E-03  0.6711E-05  0.5224E-03
| 12   -939.980021402  0.300900E-05       0.167     2        0.07      0.10      0.01    0.1952E-03  0.2205E-05  0.1329E-03
| 13   -939.980021625  0.223517E-06       0.167     3        0.07      0.10      0.01    0.7673E-04  0.8314E-06  0.8233E-04
| ------------------------------------------------------------------------------------------------------------------------
| REACH CONVERGENCE AFTER  13 CYCLES
| MAX ERROR = 0.767303E-04   RMS CHANGE = 0.831385E-06   MAX CHANGE = 0.823256E-04
| -----------------------------------------------
 ALPHA ELECTRON DENSITY    =    75.9989817304
 BETA ELECTRON DENSITY     =    75.9989817304
 ELECTRONIC ENERGY    =  -2769.287292106
 CORE_CORE REPULSION  =   1829.307270481
 TOTAL ENERGY         =   -939.980021625

 @ End Energy calculation


 @ Begin Gradient Calculation

 ANALYTICAL GRADIENT: 
----------------------------------------
 COORDINATE    XYZ            GRADIENT
----------------------------------------
    1X    -1.9930001522     1.4423408856
    1Y    -0.4740000362     0.2213684355
    1Z     1.2005000917    -0.3761863658
    2X    -2.7826002125     0.2641403216
    2Y    -2.5168001922     0.1166445083
    2Z    -0.2218000169     0.0547592028
    3X    -3.6220002766     0.5656327235
    3Y     1.8421001407    -0.3365969477
    3Z     0.5579000426    -0.1434093722
    4X     3.1777002427     0.0148977194
    4Y    -0.0101000008     0.5360718057
    4Z     0.4474000342     0.2414242569
    5X     0.3699000282    -0.3232741021
    5Y    -0.7149000546     0.2840837963
    5Z     0.6616000505    -0.9199830358
    6X     1.2913000986    -0.0546379472
    6Y    -1.3046000996     0.7477055838
    6Z    -0.4170000318     0.4777613390
    7X     2.3441001790    -0.6628202813
    7Y    -0.2023000154     0.2007910301
    7Z    -0.7640000583    -0.1505529662
    8X    -0.9377000716    -0.1036648725
    8Y    -1.4750001126     1.1284733053
    8Z     0.9848000752    -0.5065139648
    9X     1.1988000915     0.1576586008
    9Y    -0.3907000298     0.1039252219
    9Z     1.9201001466    -0.2355578711
   10X    -0.2516000192     0.1690255247
   10Y     0.5302000405    -0.4180129858
   10Z     0.1205000092     0.1196365536
   11X     1.6887001290    -0.4285982534
   11Y     1.1052000844    -0.5141559707
   11Z    -1.3279001014     0.5857495087
   12X     2.4315001857    -0.2939880781
   12Y     0.4754000363    -0.4746677792
   12Z     1.6126001231    -0.4762906150
   13X     0.3384000258    -0.3521469293
   13Y     1.4306001092    -0.2780881820
   13Z    -0.7480000571     0.2126625402
   14X    -1.3631001041     0.1624475061
   14Y    -2.5067001914     0.2161066205
   14Z    -0.0924000071     0.0181384670
   15X     0.5066000387    -0.2807537464
   15Y    -1.8183001389    -0.0289529459
   15Z    -1.5971001220     0.0846411999
   16X    -1.5672001197     0.0300659888
   16Y     0.6306000482    -0.6861049053
   16Z     0.5136000392    -0.0384992883
   17X    -0.7155000546     0.3019545626
   17Y    -2.3492001794     0.2029076810
   17Z    -1.4425001102     0.4008893858
   18X     4.3733003340    -0.5861591963
   18Y     0.7916000604    -0.2878721847
   18Z     0.2084000159    -0.0044863541
   19X    -0.4184000320    -0.1957004348
   19Y     2.5415001941    -0.4843529953
   19Z    -1.1246000859     0.5258873594
   20X    -2.3310001780     0.3196314134
   20Y     1.7217001315    -0.0044958206
   20Z     0.1620000124     0.1850269687
   21X    -1.7382001327    -0.0498133420
   21Y     2.6936002057    -0.5836077753
   21Z    -0.6541000499     0.1863206555
   22X     1.8278001396    -0.0452759775
   22Y    -2.1759001662     0.1569448734
   22Z    -0.0118000009    -0.1249755195
   23X     3.0029002293    -0.0891138952
   23Y    -0.6035000461     0.1119254101
   23Z    -1.5465001181     0.0659349014
   24X    -0.8451000645     0.0935466454
   24Y    -2.0128001537     0.0328457632
   24Z     1.9373001479    -0.1442342043
   25X     1.5366001173     0.0336271818
   25Y    -1.3335001018     0.1368628827
   25Z     2.3712001811    -0.1136124115
   26X     0.5899000450     0.0357987848
   26Y     0.1174000090    -0.0768036737
   26Z     2.6790002046    -0.0571685828
   27X     1.5474001182    -0.0449148585
   27Y     0.9596000733     0.0485093966
   27Z    -2.4075001838     0.0754691653
   28X     2.3530001797    -0.0845832881
   28Y     1.9680001503    -0.0310976793
   28Z    -1.2194000931    -0.0639181981
   29X     2.1271001624    -0.0475120760
   29Y     1.5205001161    -0.1221290368
   29Z     1.4760001127     0.0045803633
   30X     3.0801002352    -0.0122418365
   30Y     0.4584000350    -0.0190345839
   30Z     2.4975001907    -0.0148733446
   31X    -1.0772000823     0.0298396992
   31Y    -3.5067002678     0.1312481752
   31Z     0.2593000198    -0.0626440833
   32X     0.9601000733     0.0187034976
   32Y    -1.7947001371     0.0217187267
   32Z    -2.5831001973     0.1304312489
   33X    -1.2300000939    -0.0084105726
   33Y    -2.7505002100     0.0317680664
   33Z    -2.3109001765    -0.0083526019
   34X     4.1500003169    -0.0360906840
   34Y     1.8479001411    -0.0464082010
   34Z     0.0287000022     0.0123250568
   35X     4.9380003771    -0.0266417412
   35Y     0.4055000310     0.0206101616
   35Z    -0.6472000494     0.0243638596
   36X     5.0444003852     0.0035704874
   36Y     0.7352000561     0.0171602682
   36Z     1.0730000819     0.0121348488
   37X    -0.0062000005    -0.0829303539
   37Y     3.2824002507    -0.0606496514
   37Z    -1.8043001378     0.1134188936
   38X    -2.3121001766     0.0350200469
   38Y     3.5638002721    -0.1059852437
   38Z    -0.9645000737     0.0618456705
   39X    -3.1557002410     0.0012340472
   39Y    -2.6446002020    -0.0006682881
   39Z     0.6672000509    -0.0550550106
   40X    -3.8483002939     0.1301368303
   40Y     1.0686000816     0.0920131377
   40Z     1.1031000842    -0.0970876555
----------------------------------------

 @ End Gradient Calculation

  Skipping one-electron property calculation.

 @ Output cuEST Memory Footprint

------------- cuEST MEMORY USAGE ---------------
| Peak Host Footprint =    36.13 kB
| Host Allocations =    43
| Peak Device Footprint =    19.58 GB
| Device Allocations =    36
------------------------------------------------

 @ Finish Output cuEST Memory Footprint


 @ Output Timing Information

------------- TIMING ---------------
| CUEST INITIALIZATION TIME =     0.610373000(  3.36%)
| INITIAL GUESS TIME  =     6.843713000( 37.67%)
| DFT GRID OPERATIONS =     0.001167000(  0.01%)
| TOTAL SCF TIME      =     2.166206000( 11.92%)
|       TOTAL OP TIME      =     1.419844000(  7.81%)
|             TOTAL 1e TIME      =     0.083268000(  0.46%)
|             TOTAL 2e TIME      =     0.541550000(  2.98%)
|             TOTAL EXC TIME     =     0.591800000(  3.26%)
|       TOTAL DII TIME      =     0.716745000(  3.94%)
|             TOTAL DIAG TIME    =     0.144183000(  0.79%)
| TOTAL GRADIENT TIME      =     7.602533000( 41.84%)
|       TOTAL 1e GRADIENT TIME      =     3.450234000(34.95%)
|       TOTAL 2e GRADIENT TIME      =     1.111259000( 6.12%)
|       TOTAL EXC GRADIENT TIME     =     0.137493000(  0.76%)
| TOTAL TIME          =    18.169741000
------------------------------------
| Job cpu time:  0 days  0 hours  0 minutes 18.2 seconds.

 @ Finish Output Timing Information

| Normal Termination. Task Finished on: Fri Aug 28 18:50:40 2026
