| *********************************************************************************************************
| **                                                                                                     **
| **           888888888888                                                                              **
| **         8888888888888888                                                                            **
| **      888888888888888888                                                                             **
| **     888888888888888888                                                                              **
| **    888888888888888                                                                                  **
| **   88888888888888888888                               88888                       8888:              **
| **   8888888888888888888888Z                            88888                       8888:              **
| **   888888888888888888888888?                          88888                       8888:              **
| **   8888888888888      8888888                                        888888       8888:              **
| **    88888888888         888888     8888:     88888    88888        888888888I     8888:    888888    **
| **    8888888888           88888:    8888:     88888    88888      $888888888888    8888:   888888     **
| **    I8Z 88888             88888    8888:     88888    88888    .888888     8888   8888: 888888       **
| **    .8Z 88888             88888    8888:     88888    88888    $88888             8888:88888         **
| **     8I 88888      .=88. .88888    8888:     88888    88888    88888              8888888888         **
| **    :8  88888      888888$8888$    8888:     88888    88888    8888O              88888888888        **
| **   ,7   +88888.     8888888888.    8888:     88888    88888    888888             88888O888888       **
| **         $888888:.   .8888888      88888....888888    88888     888888     8888   8888:  888888      **
| **          I8888888888888888888     888888888888888    88888     O888888888888O    8888:   888888     **
| **            O888888888888888888     88888888888888    88888       88888888888$    8888:    888888    **
| **               8888888Z     888      .8888I  88888    88888         8888888       8888:     888888   **
| **                                                                                                     **
| **                                                                                                     **
| **                                         Copyright (c) 2026                                          **
| **                          Regents of the University of California San Diego                          **
| **                                    & Michigan State University                                      **
| **                                        All Rights Reserved.                                         **
| **                                                                                                     **
| **             This software is subject to the terms of the Mozilla Public License, v. 2.0.            **
| **                                                                                                     **
| *********************************************************************************************************
|                                                                                                          
| Cite this work as:                                                                                       
| Manathunga, M.; O'Hearn, K. A.; Shajan, A.; Smith, J.; Miao, Y.; He, X.; Ayers, K.;                      
| Brothers, E.; Palos, E.; Tripathy, V.; Goetz, A.W.; Merz, K.M. QUICK-26.03.                              
| University of California,San Diego, CA and                                                               
| Michigan State University, East Lansing, MI, 2026                                                        
|                                                                                                          
| If you have any comments or queries, please reach out to us on GitHub issues or discussion sections:     
| https://github.com/merzlab/QUICK.                                                                        
|                                                                                                          
| TASK STARTS ON: Fri Aug 28 18:51:03 2026
| INPUT FILE :    /work2/11707/msun12/stampede3/quickruns/3446277/mph1/morphine_def2-TZVPD.in
| OUTPUT FILE:    /work2/11707/msun12/stampede3/quickruns/3446277/mph1/morphine_def2-TZVPD.out
| BASIS SET PATH: /home1/11707/msun12/QUICK-cuEST-install/basis

|------------ GPU INFORMATION ---------------
| CUDA ENABLED DEVICE         :        1
| CUDA DEVICE IN USE          :        0
| CUDA DEVICE NAME            : NVIDIA H100
| CUDA DEVICE PM              :      132
| CUDA DEVICE CORE FREQ(GHZ)  :     1.98
| CUDA DEVICE MEMORY SIZE (MB):    95321
| SUPPORTING CUDA VERSION     :      9.0
|--------------------------------------------

 @ Read Job And Atom

  KEYWORD=B3LYP BASIS=DEF2-TZVPD CUTOFF=1.0E-10 DENSERMS=1.0E-6 GRADIENT CUEST
 ============== JOB CARD =============
 METHOD = DENSITY FUNCTIONAL THEORY
 DENSITY FUNCTIONAL = B3LYP
 DIRECT SCF 
 SAD INITAL GUESS 
 USE DIIS SCF
 PRINT ENERGY EVERY CYCLE
 READ SAD GUESS FROM FILE
 STANDARD GRID = SG1
 Level shifting allowed after cycle    3
 DIIS error must exceed 0.100 for level shifting
 Max HOMO-LUMO gap to allow level shifting = 0.200
 GRADIENT CALCULATION
 MAX SCF CYCLES =    200
 MAX DIIS CYCLES =   10
 DELTA DENSITY START CYCLE =    3
 COMPUTATIONAL CUTOFF: 
      TWO-e INTEGRAL         =  0.100E-09
      BASIS SET PRIME        =  0.100E-10
      MATRIX ELEMENTS        =  0.100E-09
      BASIS FUNCTION         =  0.100E-05
      NEAR-LINEAR DEPENDENCY =  0.100E-04
      GRADIENT CUTOFF  =  0.100E-06
 DENSITY MATRIX MAXIMUM RMS FOR CONVERGENCE  =  0.100E-05
 BASIS SET = DEF2-TZVPD,  TYPE = CARTESIAN
| BASIS FILE = /home1/11707/msun12/QUICK-cuEST-install/basis/DEF2-TZVPD.BAS
| DATA FILE  =    /work2/11707/msun12/stampede3/quickruns/3446277/mph1/morphine_def2-TZVPD.dat

 @ Finish reading job


 @ Begin SAD initial guess

 For Atom Kind =    1
 ELEMENT = O 
 BASIS FUNCTIONS =   46
 For Atom Kind =    2
 ELEMENT = N 
 BASIS FUNCTIONS =   43
 For Atom Kind =    3
 ELEMENT = C 
 BASIS FUNCTIONS =   43
 For Atom Kind =    4
 ELEMENT = H 
 BASIS FUNCTIONS =    9

 @ Finish SAD initial guess


 @ Begin Reading Molecular Information


 =========== Molecule Input ==========
 TOTAL MOLECULAR CHARGE  =    0    MULTIPLICITY                =    1
 TOTAL ATOM NUMBER       =   40    NUMBER OF ATOM TYPES        =    4
 NUMBER OF HYDROGEN ATOM =   19    NUMBER OF NON-HYDROGEN ATOM =   21
 NUMBER OF ELECTRONS     =  152

 -- INPUT GEOMETRY -- :
    O          -1.9930      -0.4740       1.2005
    O          -2.7826      -2.5168      -0.2218
    O          -3.6220       1.8421       0.5579
    N           3.1777      -0.0101       0.4474
    C           0.3699      -0.7149       0.6616
    C           1.2913      -1.3046      -0.4170
    C           2.3441      -0.2023      -0.7640
    C          -0.9377      -1.4750       0.9848
    C           1.1988      -0.3907       1.9201
    C          -0.2516       0.5302       0.1205
    C           1.6887       1.1052      -1.3279
    C           2.4315       0.4754       1.6126
    C           0.3384       1.4306      -0.7480
    C          -1.3631      -2.5067      -0.0924
    C           0.5066      -1.8183      -1.5971
    C          -1.5672       0.6306       0.5136
    C          -0.7155      -2.3492      -1.4425
    C           4.3733       0.7916       0.2084
    C          -0.4184       2.5415      -1.1246
    C          -2.3310       1.7217       0.1620
    C          -1.7382       2.6936      -0.6541
    H           1.8278      -2.1759      -0.0118
    H           3.0029      -0.6035      -1.5465
    H          -0.8451      -2.0128       1.9373
    H           1.5366      -1.3335       2.3712
    H           0.5899       0.1174       2.6790
    H           1.5474       0.9596      -2.4075
    H           2.3530       1.9680      -1.2194
    H           2.1271       1.5205       1.4760
    H           3.0801       0.4584       2.4975
    H          -1.0772      -3.5067       0.2593
    H           0.9601      -1.7947      -2.5831
    H          -1.2300      -2.7505      -2.3109
    H           4.1500       1.8479       0.0287
    H           4.9380       0.4055      -0.6472
    H           5.0444       0.7352       1.0730
    H          -0.0062       3.2824      -1.8043
    H          -2.3121       3.5638      -0.9645
    H          -3.1557      -2.6446       0.6672
    H          -3.8483       1.0686       1.1031

============== BASIS INFOS ==============
 BASIS FUNCTIONS = 1083
 NSHELL =  371 NPRIM  = 1436
 JSHELL =  371 JBASIS =  598


 @ End Reading Molecular Information 


 @ Begin XC Quadrature Formation

 OCTAGO: OCTree Algorithm for Grid Operations 
   PRUNING CUTOFF       = 0.100E-07
   INITIAL GRID POINTS  =      151424
|   FINAL GRID POINTS    =           0
|   SIGNIFICANT NUMBER OF BASIS FUNCTIONS     =           0
|   SIGNIFICANT NUMBER OF PRIMITIVE FUNCTIONS =           0

 @ End XC Quadrature Formation


 @ Begin Energy Calculation

| Number of total basis functions:   1083
| Number of linearly independent basis functions:   1033
| condition number of overlap matrix:    8.626E+09
| Smallest eigenvalue of overlap matrix:    4.810E-09

                                         SCF ENERGY
| ------------------------------------------------------------------------------------------------------------------------
| NCYC       ENERGY         DELTA_E      SCF_TIME  DII_CYC   DII_TIME   O_TIME  DIAG_TIME    MAX_ERR    RMS_CHG    MAX_CHG
| ------------------------------------------------------------------------------------------------------------------------
|  1   -931.046602335      ------         0.300     1        0.06      0.24      0.01    0.4701E+00  0.8782E-02  0.5047E+00
|  2   -921.830053316  -.921655E+01       0.195     2        0.06      0.13      0.01    0.9995E+00  0.1972E-01  0.5477E+01
|  3   -926.065362842  0.423531E+01       0.211     3        0.07      0.14      0.01    0.9028E+00  0.1695E-01  0.4733E+01
|   ***  Level shifting applied  ( HOMO-LUMO gap =  0.009 au ) ***
|  4   -939.430606705  0.133652E+02       0.213     4        0.08      0.13      0.01    0.2999E+00  0.5553E-02  0.5438E+00
|   ***  Level shifting applied  ( HOMO-LUMO gap =  0.178 au ) ***
|  5   -939.481311612  0.507049E-01       0.217     5        0.08      0.14      0.01    0.2493E+00  0.2668E-02  0.3189E+00
|   ***  Level shifting applied  ( HOMO-LUMO gap =  0.035 au ) ***
|  6   -939.959310989  0.477999E+00       0.214     6        0.07      0.14      0.01    0.3012E-01  0.1343E-02  0.1149E+00
|  7   -939.980064190  0.207532E-01       0.213     7        0.07      0.14      0.01    0.1585E-01  0.2395E-03  0.1016E-01
|  8   -939.983449875  0.338568E-02       0.218     8        0.08      0.14      0.01    0.8706E-02  0.8514E-04  0.4790E-02
|  9   -939.984365155  0.915280E-03       0.216     9        0.08      0.13      0.01    0.3320E-02  0.2909E-04  0.1362E-02
| 10   -939.984464927  0.997727E-04       0.220    10        0.08      0.13      0.01    0.6506E-03  0.9264E-05  0.4099E-03
| 11   -939.984469615  0.468755E-05       0.240     1        0.10      0.14      0.01    0.4868E-03  0.3924E-05  0.3026E-03
| 12   -939.984471621  0.200665E-05       0.241     2        0.10      0.13      0.01    0.1308E-03  0.1582E-05  0.2349E-03
| 13   -939.984471766  0.144676E-06       0.248     3        0.11      0.14      0.02    0.5850E-04  0.4041E-06  0.2485E-04
| ------------------------------------------------------------------------------------------------------------------------
| REACH CONVERGENCE AFTER  13 CYCLES
| MAX ERROR = 0.585020E-04   RMS CHANGE = 0.404081E-06   MAX CHANGE = 0.248528E-04
| -----------------------------------------------
 ALPHA ELECTRON DENSITY    =    75.9989916268
 BETA ELECTRON DENSITY     =    75.9989916268
 ELECTRONIC ENERGY    =  -2769.291742247
 CORE_CORE REPULSION  =   1829.307270481
 TOTAL ENERGY         =   -939.984471766

 @ End Energy calculation


 @ Begin Gradient Calculation

 ANALYTICAL GRADIENT: 
----------------------------------------
 COORDINATE    XYZ            GRADIENT
----------------------------------------
    1X    -1.9930001522     1.4843524761
    1Y    -0.4740000362     0.1181158938
    1Z     1.2005000917    -0.2691507729
    2X    -2.7826002125     0.2160651067
    2Y    -2.5168001922     0.1636772189
    2Z    -0.2218000169     0.0509183259
    3X    -3.6220002766     0.5241870029
    3Y     1.8421001407    -0.3009717149
    3Z     0.5579000426    -0.1097465015
    4X     3.1777002427     0.0428657423
    4Y    -0.0101000008     0.5522247875
    4Z     0.4474000342     0.3817474759
    5X     0.3699000282    -0.3547735419
    5Y    -0.7149000546     0.3429919141
    5Z     0.6616000505    -1.0672204648
    6X     1.2913000986    -0.0265310069
    6Y    -1.3046000996     0.7082790072
    6Z    -0.4170000318     0.5176437783
    7X     2.3441001790    -0.7124770093
    7Y    -0.2023000154     0.2116509838
    7Z    -0.7640000583    -0.3307918451
    8X    -0.9377000716    -0.1688874635
    8Y    -1.4750001126     1.1965274478
    8Z     0.9848000752    -0.5096357646
    9X     1.1988000915     0.2326721304
    9Y    -0.3907000298    -0.0260608176
    9Z     1.9201001466    -0.0485271457
   10X    -0.2516000192     0.0181936563
   10Y     0.5302000405    -0.3886658064
   10Z     0.1205000092     0.0879016436
   11X     1.6887001290    -0.4671738208
   11Y     1.1052000844    -0.5345845186
   11Z    -1.3279001014     0.6097070930
   12X     2.4315001857    -0.4396666729
   12Y     0.4754000363    -0.3755541828
   12Z     1.6126001231    -0.5321264352
   13X     0.3384000258    -0.4039502716
   13Y     1.4306001092    -0.1392693792
   13Z    -0.7480000571     0.1624968130
   14X    -1.3631001041     0.3697970928
   14Y    -2.5067001914     0.0177876440
   14Z    -0.0924000071     0.0524422088
   15X     0.5066000387    -0.2857488393
   15Y    -1.8183001389    -0.0683443328
   15Z    -1.5971001220     0.0402792770
   16X    -1.5672001197     0.1322937986
   16Y     0.6306000482    -0.5909423592
   16Z     0.5136000392    -0.1045836220
   17X    -0.7155000546     0.3119889444
   17Y    -2.3492001794     0.2722444289
   17Z    -1.4425001102     0.4975536842
   18X     4.3733003340    -0.5773618324
   18Y     0.7916000604    -0.2511385971
   18Z     0.2084000159    -0.1421951413
   19X    -0.4184000320    -0.1274899379
   19Y     2.5415001941    -0.5174105097
   19Z    -1.1246000859     0.4636803807
   20X    -2.3310001780     0.5107022138
   20Y     1.7217001315    -0.0557301870
   20Z     0.1620000124     0.1870921814
   21X    -1.7382001327    -0.0945950265
   21Y     2.6936002057    -0.5876859848
   21Z    -0.6541000499     0.2696554212
   22X     1.8278001396    -0.0887941960
   22Y    -2.1759001662     0.1892420907
   22Z    -0.0118000009    -0.1506234501
   23X     3.0029002293    -0.1294947696
   23Y    -0.6035000461     0.1230705767
   23Z    -1.5465001181     0.1073606426
   24X    -0.8451000645     0.1176550684
   24Y    -2.0128001537     0.0274720296
   24Z     1.9373001479    -0.2038565246
   25X     1.5366001173     0.0049529596
   25Y    -1.3335001018     0.2048080264
   25Z     2.3712001811    -0.1654750970
   26X     0.5899000450     0.0715559860
   26Y     0.1174000090    -0.0963863507
   26Z     2.6790002046    -0.1190127389
   27X     1.5474001182    -0.0135154552
   27Y     0.9596000733     0.0028155135
   27Z    -2.4075001838     0.1552259327
   28X     2.3530001797    -0.1311099866
   28Y     1.9680001503    -0.0071179323
   28Z    -1.2194000931    -0.0896296701
   29X     2.1271001624    -0.0201465514
   29Y     1.5205001161    -0.2166042285
   29Z     1.4760001127    -0.0039009472
   30X     3.0801002352    -0.0297484658
   30Y     0.4584000350    -0.0369650522
   30Z     2.4975001907    -0.0524820961
   31X    -1.0772000823    -0.0044848023
   31Y    -3.5067002678     0.2421624939
   31Z     0.2593000198    -0.1070688056
   32X     0.9601000733     0.0189151079
   32Y    -1.7947001371     0.0224039219
   32Z    -2.5831001973     0.1890304228
   33X    -1.2300000939    -0.0064213648
   33Y    -2.7505002100     0.0452174693
   33Z    -2.3109001765     0.0165821299
   34X     4.1500003169    -0.0302011333
   34Y     1.8479001411    -0.1407517699
   34Z     0.0287000022     0.0421484704
   35X     4.9380003771    -0.0774847917
   35Y     0.4055000310     0.0546827258
   35Z    -0.6472000494     0.1051399360
   36X     5.0444003852     0.0046388004
   36Y     0.7352000561     0.0118273516
   36Z     1.0730000819    -0.0124006348
   37X    -0.0062000005    -0.1238531197
   37Y     3.2824002507    -0.0761252383
   37Z    -1.8043001378     0.1540173142
   38X    -2.3121001766     0.0798459061
   38Y     3.5638002721    -0.1513994226
   38Z    -0.9645000737     0.0898032038
   39X    -3.1557002410     0.0239017719
   39Y    -2.6446002020    -0.0052214545
   39Z     0.6672000509    -0.0596797308
   40X    -3.8483002939     0.1493262950
   40Y     1.0686000816     0.0597283137
   40Z     1.1031000842    -0.1023189468
----------------------------------------

 @ End Gradient Calculation

  Skipping one-electron property calculation.

 @ Output cuEST Memory Footprint

------------- cuEST MEMORY USAGE ---------------
| Peak Host Footprint =    38.18 kB
| Host Allocations =    43
| Peak Device Footprint =    26.49 GB
| Device Allocations =    36
------------------------------------------------

 @ Finish Output cuEST Memory Footprint


 @ Output Timing Information

------------- TIMING ---------------
| CUEST INITIALIZATION TIME =     0.757653000(  2.65%)
| INITIAL GUESS TIME  =    11.930337000( 41.69%)
| DFT GRID OPERATIONS =     0.001188000(  0.00%)
| TOTAL SCF TIME      =     3.039547000( 10.62%)
|       TOTAL OP TIME      =     1.956187000(  6.84%)
|             TOTAL 1e TIME      =     0.093307000(  0.33%)
|             TOTAL 2e TIME      =     0.836461000(  2.92%)
|             TOTAL EXC TIME     =     0.736315000(  2.57%)
|       TOTAL DII TIME      =     1.035594000(  3.62%)
|             TOTAL DIAG TIME    =     0.183597000(  0.64%)
| TOTAL GRADIENT TIME      =    11.925540000( 41.67%)
|       TOTAL 1e GRADIENT TIME      =     5.490472000(35.38%)
|       TOTAL 2e GRADIENT TIME      =     1.598827000( 5.59%)
|       TOTAL EXC GRADIENT TIME     =     0.194229000(  0.68%)
| TOTAL TIME          =    28.619511000
------------------------------------
| Job cpu time:  0 days  0 hours  0 minutes 28.6 seconds.

 @ Finish Output Timing Information

| Normal Termination. Task Finished on: Fri Aug 28 18:51:31 2026
