| *********************************************************************************************************
| **                                                                                                     **
| **           888888888888                                                                              **
| **         8888888888888888                                                                            **
| **      888888888888888888                                                                             **
| **     888888888888888888                                                                              **
| **    888888888888888                                                                                  **
| **   88888888888888888888                               88888                       8888:              **
| **   8888888888888888888888Z                            88888                       8888:              **
| **   888888888888888888888888?                          88888                       8888:              **
| **   8888888888888      8888888                                        888888       8888:              **
| **    88888888888         888888     8888:     88888    88888        888888888I     8888:    888888    **
| **    8888888888           88888:    8888:     88888    88888      $888888888888    8888:   888888     **
| **    I8Z 88888             88888    8888:     88888    88888    .888888     8888   8888: 888888       **
| **    .8Z 88888             88888    8888:     88888    88888    $88888             8888:88888         **
| **     8I 88888      .=88. .88888    8888:     88888    88888    88888              8888888888         **
| **    :8  88888      888888$8888$    8888:     88888    88888    8888O              88888888888        **
| **   ,7   +88888.     8888888888.    8888:     88888    88888    888888             88888O888888       **
| **         $888888:.   .8888888      88888....888888    88888     888888     8888   8888:  888888      **
| **          I8888888888888888888     888888888888888    88888     O888888888888O    8888:   888888     **
| **            O888888888888888888     88888888888888    88888       88888888888$    8888:    888888    **
| **               8888888Z     888      .8888I  88888    88888         8888888       8888:     888888   **
| **                                                                                                     **
| **                                                                                                     **
| **                                         Copyright (c) 2026                                          **
| **                          Regents of the University of California San Diego                          **
| **                                    & Michigan State University                                      **
| **                                        All Rights Reserved.                                         **
| **                                                                                                     **
| **             This software is subject to the terms of the Mozilla Public License, v. 2.0.            **
| **                                                                                                     **
| *********************************************************************************************************
|                                                                                                          
| Cite this work as:                                                                                       
| Manathunga, M.; O'Hearn, K. A.; Shajan, A.; Smith, J.; Miao, Y.; He, X.; Ayers, K.;                      
| Brothers, E.; Palos, E.; Tripathy, V.; Goetz, A.W.; Merz, K.M. QUICK-26.03.                              
| University of California,San Diego, CA and                                                               
| Michigan State University, East Lansing, MI, 2026                                                        
|                                                                                                          
| If you have any comments or queries, please reach out to us on GitHub issues or discussion sections:     
| https://github.com/merzlab/QUICK.                                                                        
|                                                                                                          
| TASK STARTS ON: Fri Aug 28 18:49:40 2026
| INPUT FILE :    /work2/11707/msun12/stampede3/quickruns/3446277/mph1/morphine_3-21G.in
| OUTPUT FILE:    /work2/11707/msun12/stampede3/quickruns/3446277/mph1/morphine_3-21G.out
| BASIS SET PATH: /home1/11707/msun12/QUICK-cuEST-install/basis

|------------ GPU INFORMATION ---------------
| CUDA ENABLED DEVICE         :        1
| CUDA DEVICE IN USE          :        0
| CUDA DEVICE NAME            : NVIDIA H100
| CUDA DEVICE PM              :      132
| CUDA DEVICE CORE FREQ(GHZ)  :     1.98
| CUDA DEVICE MEMORY SIZE (MB):    95321
| SUPPORTING CUDA VERSION     :      9.0
|--------------------------------------------

 @ Read Job And Atom

  KEYWORD=B3LYP BASIS=3-21G CUTOFF=1.0E-10 DENSERMS=1.0E-6 GRADIENT CUEST
 ============== JOB CARD =============
 METHOD = DENSITY FUNCTIONAL THEORY
 DENSITY FUNCTIONAL = B3LYP
 DIRECT SCF 
 SAD INITAL GUESS 
 USE DIIS SCF
 PRINT ENERGY EVERY CYCLE
 READ SAD GUESS FROM FILE
 STANDARD GRID = SG1
 Level shifting allowed after cycle    3
 DIIS error must exceed 0.100 for level shifting
 Max HOMO-LUMO gap to allow level shifting = 0.200
 GRADIENT CALCULATION
 MAX SCF CYCLES =    200
 MAX DIIS CYCLES =   10
 DELTA DENSITY START CYCLE =    3
 COMPUTATIONAL CUTOFF: 
      TWO-e INTEGRAL         =  0.100E-09
      BASIS SET PRIME        =  0.100E-10
      MATRIX ELEMENTS        =  0.100E-09
      BASIS FUNCTION         =  0.100E-05
      NEAR-LINEAR DEPENDENCY =  0.100E-04
      GRADIENT CUTOFF  =  0.100E-06
 DENSITY MATRIX MAXIMUM RMS FOR CONVERGENCE  =  0.100E-05
 BASIS SET = 3-21G,  TYPE = CARTESIAN
| BASIS FILE = /home1/11707/msun12/QUICK-cuEST-install/basis/3-21G.BAS
| DATA FILE  =    /work2/11707/msun12/stampede3/quickruns/3446277/mph1/morphine_3-21G.dat

 @ Finish reading job


 @ Begin SAD initial guess

 For Atom Kind =    1
 ELEMENT = O 
 BASIS FUNCTIONS =    9
 For Atom Kind =    2
 ELEMENT = N 
 BASIS FUNCTIONS =    9
 For Atom Kind =    3
 ELEMENT = C 
 BASIS FUNCTIONS =    9
 For Atom Kind =    4
 ELEMENT = H 
 BASIS FUNCTIONS =    2

 @ Finish SAD initial guess


 @ Begin Reading Molecular Information


 =========== Molecule Input ==========
 TOTAL MOLECULAR CHARGE  =    0    MULTIPLICITY                =    1
 TOTAL ATOM NUMBER       =   40    NUMBER OF ATOM TYPES        =    4
 NUMBER OF HYDROGEN ATOM =   19    NUMBER OF NON-HYDROGEN ATOM =   21
 NUMBER OF ELECTRONS     =  152

 -- INPUT GEOMETRY -- :
    O          -1.9930      -0.4740       1.2005
    O          -2.7826      -2.5168      -0.2218
    O          -3.6220       1.8421       0.5579
    N           3.1777      -0.0101       0.4474
    C           0.3699      -0.7149       0.6616
    C           1.2913      -1.3046      -0.4170
    C           2.3441      -0.2023      -0.7640
    C          -0.9377      -1.4750       0.9848
    C           1.1988      -0.3907       1.9201
    C          -0.2516       0.5302       0.1205
    C           1.6887       1.1052      -1.3279
    C           2.4315       0.4754       1.6126
    C           0.3384       1.4306      -0.7480
    C          -1.3631      -2.5067      -0.0924
    C           0.5066      -1.8183      -1.5971
    C          -1.5672       0.6306       0.5136
    C          -0.7155      -2.3492      -1.4425
    C           4.3733       0.7916       0.2084
    C          -0.4184       2.5415      -1.1246
    C          -2.3310       1.7217       0.1620
    C          -1.7382       2.6936      -0.6541
    H           1.8278      -2.1759      -0.0118
    H           3.0029      -0.6035      -1.5465
    H          -0.8451      -2.0128       1.9373
    H           1.5366      -1.3335       2.3712
    H           0.5899       0.1174       2.6790
    H           1.5474       0.9596      -2.4075
    H           2.3530       1.9680      -1.2194
    H           2.1271       1.5205       1.4760
    H           3.0801       0.4584       2.4975
    H          -1.0772      -3.5067       0.2593
    H           0.9601      -1.7947      -2.5831
    H          -1.2300      -2.7505      -2.3109
    H           4.1500       1.8479       0.0287
    H           4.9380       0.4055      -0.6472
    H           5.0444       0.7352       1.0730
    H          -0.0062       3.2824      -1.8043
    H          -2.3121       3.5638      -0.9645
    H          -3.1557      -2.6446       0.6672
    H          -3.8483       1.0686       1.1031

============== BASIS INFOS ==============
 BASIS FUNCTIONS =  227
 NSHELL =  101 NPRIM  =  372
 JSHELL =  101 JBASIS =  183


 @ End Reading Molecular Information 


 @ Begin XC Quadrature Formation

 OCTAGO: OCTree Algorithm for Grid Operations 
   PRUNING CUTOFF       = 0.100E-06
   INITIAL GRID POINTS  =      151424
|   FINAL GRID POINTS    =           0
|   SIGNIFICANT NUMBER OF BASIS FUNCTIONS     =           0
|   SIGNIFICANT NUMBER OF PRIMITIVE FUNCTIONS =           0

 @ End XC Quadrature Formation


 @ Begin Energy Calculation

| condition number of overlap matrix:    4.290E+03
| Smallest eigenvalue of overlap matrix:    1.256E-03

                                         SCF ENERGY
| ------------------------------------------------------------------------------------------------------------------------
| NCYC       ENERGY         DELTA_E      SCF_TIME  DII_CYC   DII_TIME   O_TIME  DIAG_TIME    MAX_ERR    RMS_CHG    MAX_CHG
| ------------------------------------------------------------------------------------------------------------------------
|  1   -925.797218010      ------         0.465     1        0.04      0.42      0.04    0.5980E+00  0.8661E-01  0.4577E+01
|  2   -917.356317378  -.844090E+01       0.053     2        0.03      0.02      0.01    0.1385E+01  0.9076E-01  0.4574E+01
|  3   -920.717108304  0.336079E+01       0.033     3        0.01      0.02      0.00    0.8579E+00  0.4491E-01  0.2793E+01
|   ***  Level shifting applied  ( HOMO-LUMO gap =  0.018 au ) ***
|  4   -933.968399020  0.132513E+02       0.030     4        0.01      0.02      0.00    0.3406E+00  0.1632E-01  0.4214E+00
|   ***  Level shifting applied  ( HOMO-LUMO gap =  0.190 au ) ***
|  5   -934.146673312  0.178274E+00       0.029     5        0.01      0.02      0.00    0.2709E+00  0.6108E-02  0.1671E+00
|   ***  Level shifting applied  ( HOMO-LUMO gap =  0.044 au ) ***
|  6   -934.445644952  0.298972E+00       0.027     6        0.01      0.02      0.00    0.3712E-01  0.2057E-02  0.6795E-01
|  7   -934.455998170  0.103532E-01       0.028     7        0.01      0.02      0.00    0.1178E-01  0.6722E-03  0.2026E-01
|  8   -934.457426616  0.142845E-02       0.028     8        0.01      0.02      0.00    0.5489E-02  0.2288E-03  0.5822E-02
|  9   -934.457719188  0.292572E-03       0.031     9        0.01      0.02      0.00    0.1497E-02  0.6461E-04  0.2545E-02
| 10   -934.457739758  0.205698E-04       0.028    10        0.01      0.02      0.00    0.4355E-03  0.1879E-04  0.8165E-03
| 11   -934.457741317  0.155955E-05       0.030     1        0.01      0.02      0.00    0.1476E-03  0.6504E-05  0.2540E-03
| 12   -934.457741472  0.154583E-06       0.030     2        0.01      0.02      0.00    0.6328E-04  0.2038E-05  0.6452E-04
| 13   -934.457741501  0.288233E-07       0.029     3        0.01      0.02      0.00    0.1743E-04  0.8199E-06  0.2007E-04
| ------------------------------------------------------------------------------------------------------------------------
| REACH CONVERGENCE AFTER  13 CYCLES
| MAX ERROR = 0.174273E-04   RMS CHANGE = 0.819871E-06   MAX CHANGE = 0.200701E-04
| -----------------------------------------------
 ALPHA ELECTRON DENSITY    =    75.9994379992
 BETA ELECTRON DENSITY     =    75.9994379992
 ELECTRONIC ENERGY    =  -2763.765011982
 CORE_CORE REPULSION  =   1829.307270481
 TOTAL ENERGY         =   -934.457741501

 @ End Energy calculation


 @ Begin Gradient Calculation

 ANALYTICAL GRADIENT: 
----------------------------------------
 COORDINATE    XYZ            GRADIENT
----------------------------------------
    1X    -1.9930001522     0.0151482416
    1Y    -0.4740000362     0.0109741803
    1Z     1.2005000917    -0.0128519858
    2X    -2.7826002125     0.0145382319
    2Y    -2.5168001922    -0.0044536385
    2Z    -0.2218000169     0.0282190809
    3X    -3.6220002766     0.0200102855
    3Y     1.8421001407    -0.0172369063
    3Z     0.5579000426     0.0019144030
    4X     3.1777002427    -0.0035238517
    4Y    -0.0101000008     0.0093710114
    4Z     0.4474000342     0.0020967975
    5X     0.3699000282     0.0033269965
    5Y    -0.7149000546    -0.0052195829
    5Z     0.6616000505    -0.0013968591
    6X     1.2913000986    -0.0021396720
    6Y    -1.3046000996     0.0060624012
    6Z    -0.4170000318     0.0046507627
    7X     2.3441001790     0.0024680199
    7Y    -0.2023000154     0.0018638519
    7Z    -0.7640000583    -0.0013259976
    8X    -0.9377000716    -0.0189808901
    8Y    -1.4750001126     0.0335309194
    8Z     0.9848000752    -0.0187787719
    9X     1.1988000915    -0.0015811786
    9Y    -0.3907000298     0.0064530428
    9Z     1.9201001466    -0.0078009402
   10X    -0.2516000192    -0.0037152466
   10Y     0.5302000405    -0.0145877003
   10Z     0.1205000092     0.0145331571
   11X     1.6887001290    -0.0005260385
   11Y     1.1052000844     0.0038110734
   11Z    -1.3279001014     0.0078548599
   12X     2.4315001857     0.0055982908
   12Y     0.4754000363    -0.0037132392
   12Z     1.6126001231    -0.0064063052
   13X     0.3384000258     0.0005740416
   13Y     1.4306001092     0.0005645788
   13Z    -0.7480000571    -0.0073527887
   14X    -1.3631001041    -0.0033354166
   14Y    -2.5067001914     0.0082324072
   14Z    -0.0924000071     0.0011373353
   15X     0.5066000387     0.0130844568
   15Y    -1.8183001389     0.0015976644
   15Z    -1.5971001220    -0.0010705947
   16X    -1.5672001197    -0.0178422889
   16Y     0.6306000482    -0.0181259295
   16Z     0.5136000392     0.0140251690
   17X    -0.7155000546    -0.0087314629
   17Y    -2.3492001794    -0.0114750411
   17Z    -1.4425001102     0.0072533478
   18X     4.3733003340    -0.0112452681
   18Y     0.7916000604     0.0010213252
   18Z     0.2084000159    -0.0003613609
   19X    -0.4184000320     0.0129073473
   19Y     2.5415001941    -0.0048149445
   19Z    -1.1246000859    -0.0014797924
   20X    -2.3310001780    -0.0104137851
   20Y     1.7217001315    -0.0064160341
   20Z     0.1620000124     0.0088450086
   21X    -1.7382001327    -0.0111715466
   21Y     2.6936002057    -0.0042956043
   21Z    -0.6541000499     0.0059284120
   22X     1.8278001396    -0.0056080870
   22Y    -2.1759001662    -0.0053835670
   22Z    -0.0118000009    -0.0038260406
   23X     3.0029002293    -0.0007738187
   23Y    -0.6035000461    -0.0005262359
   23Z    -1.5465001181    -0.0023139364
   24X    -0.8451000645     0.0012790352
   24Y    -2.0128001537    -0.0026742083
   24Z     1.9373001479     0.0000257468
   25X     1.5366001173    -0.0009444424
   25Y    -1.3335001018     0.0017334943
   25Z     2.3712001811     0.0022322952
   26X     0.5899000450     0.0023174550
   26Y     0.1174000090    -0.0007415585
   26Z     2.6790002046     0.0037808974
   27X     1.5474001182    -0.0010004574
   27Y     0.9596000733     0.0000777131
   27Z    -2.4075001838     0.0012922575
   28X     2.3530001797    -0.0047955133
   28Y     1.9680001503     0.0023072229
   28Z    -1.2194000931    -0.0015594564
   29X     2.1271001624     0.0037893844
   29Y     1.5205001161    -0.0050022477
   29Z     1.4760001127     0.0003835659
   30X     3.0801002352    -0.0029969433
   30Y     0.4584000350     0.0010420385
   30Z     2.4975001907     0.0021747591
   31X    -1.0772000823    -0.0110500155
   31Y    -3.5067002678     0.0014584607
   31Z     0.2593000198    -0.0058455116
   32X     0.9601000733    -0.0019516385
   32Y    -1.7947001371    -0.0011295653
   32Z    -2.5831001973    -0.0001963230
   33X    -1.2300000939     0.0049608270
   33Y    -2.7505002100     0.0008694193
   33Z    -2.3109001765    -0.0048193328
   34X     4.1500003169    -0.0004809405
   34Y     1.8479001411    -0.0074637533
   34Z     0.0287000022     0.0016951041
   35X     4.9380003771     0.0029921818
   35Y     0.4055000310     0.0012570032
   35Z    -0.6472000494     0.0016679454
   36X     5.0444003852     0.0022343324
   36Y     0.7352000561     0.0002768268
   36Z     1.0730000819    -0.0022797936
   37X    -0.0062000005     0.0008589867
   37Y     3.2824002507     0.0009221951
   37Z    -1.8043001378    -0.0010472078
   38X    -2.3121001766     0.0012283747
   38Y     3.5638002721     0.0049474199
   38Z    -0.9645000737    -0.0033476644
   39X    -3.1557002410     0.0080298970
   39Y    -2.6446002020     0.0003534513
   39Z     0.6672000509    -0.0158924134
   40X    -3.8483002939     0.0074621159
   40Y     1.0686000816     0.0145320555
   40Z     1.1031000842    -0.0097578288
----------------------------------------

 @ End Gradient Calculation

  Skipping one-electron property calculation.

 @ Output cuEST Memory Footprint

------------- cuEST MEMORY USAGE ---------------
| Peak Host Footprint =    30.88 kB
| Host Allocations =    43
| Peak Device Footprint =     9.29 GB
| Device Allocations =    36
------------------------------------------------

 @ Finish Output cuEST Memory Footprint


 @ Output Timing Information

------------- TIMING ---------------
| CUEST INITIALIZATION TIME =     0.384389000(  7.06%)
| INITIAL GUESS TIME  =     2.645609000( 48.57%)
| DFT GRID OPERATIONS =     0.001218000(  0.02%)
| TOTAL SCF TIME      =     0.845236000( 15.52%)
|       TOTAL OP TIME      =     0.674675000( 12.39%)
|             TOTAL 1e TIME      =     0.004915000(  0.09%)
|             TOTAL 2e TIME      =     0.070230000(  1.29%)
|             TOTAL EXC TIME     =     0.581932000( 10.68%)
|       TOTAL DII TIME      =     0.168924000(  3.10%)
|             TOTAL DIAG TIME    =     0.082629000(  1.52%)
| TOTAL GRADIENT TIME      =     0.350936000(  6.44%)
|       TOTAL 1e GRADIENT TIME      =     0.170267000( 3.18%)
|       TOTAL 2e GRADIENT TIME      =     0.094698000( 1.74%)
|       TOTAL EXC GRADIENT TIME     =     0.082770000(  1.52%)
| TOTAL TIME          =     5.447094000
------------------------------------
| Job cpu time:  0 days  0 hours  0 minutes  5.4 seconds.

 @ Finish Output Timing Information

| Normal Termination. Task Finished on: Fri Aug 28 18:49:45 2026
