| *********************************************************************************************************
| **                                                                                                     **
| **           888888888888                                                                              **
| **         8888888888888888                                                                            **
| **      888888888888888888                                                                             **
| **     888888888888888888                                                                              **
| **    888888888888888                                                                                  **
| **   88888888888888888888                               88888                       8888:              **
| **   8888888888888888888888Z                            88888                       8888:              **
| **   888888888888888888888888?                          88888                       8888:              **
| **   8888888888888      8888888                                        888888       8888:              **
| **    88888888888         888888     8888:     88888    88888        888888888I     8888:    888888    **
| **    8888888888           88888:    8888:     88888    88888      $888888888888    8888:   888888     **
| **    I8Z 88888             88888    8888:     88888    88888    .888888     8888   8888: 888888       **
| **    .8Z 88888             88888    8888:     88888    88888    $88888             8888:88888         **
| **     8I 88888      .=88. .88888    8888:     88888    88888    88888              8888888888         **
| **    :8  88888      888888$8888$    8888:     88888    88888    8888O              88888888888        **
| **   ,7   +88888.     8888888888.    8888:     88888    88888    888888             88888O888888       **
| **         $888888:.   .8888888      88888....888888    88888     888888     8888   8888:  888888      **
| **          I8888888888888888888     888888888888888    88888     O888888888888O    8888:   888888     **
| **            O888888888888888888     88888888888888    88888       88888888888$    8888:    888888    **
| **               8888888Z     888      .8888I  88888    88888         8888888       8888:     888888   **
| **                                                                                                     **
| **                                                                                                     **
| **                                         Copyright (c) 2026                                          **
| **                          Regents of the University of California San Diego                          **
| **                                    & Michigan State University                                      **
| **                                        All Rights Reserved.                                         **
| **                                                                                                     **
| **             This software is subject to the terms of the Mozilla Public License, v. 2.0.            **
| **                                                                                                     **
| *********************************************************************************************************
|                                                                                                          
| Cite this work as:                                                                                       
| Manathunga, M.; O'Hearn, K. A.; Shajan, A.; Smith, J.; Miao, Y.; He, X.; Ayers, K.;                      
| Brothers, E.; Palos, E.; Tripathy, V.; Goetz, A.W.; Merz, K.M. QUICK-26.03.                              
| University of California,San Diego, CA and                                                               
| Michigan State University, East Lansing, MI, 2026                                                        
|                                                                                                          
| If you have any comments or queries, please reach out to us on GitHub issues or discussion sections:     
| https://github.com/merzlab/QUICK.                                                                        
|                                                                                                          
| TASK STARTS ON: Fri Jul  3 18:08:47 2026
| INPUT FILE :    gen/taxol_def2-SVP.in
| OUTPUT FILE:    gen/taxol_def2-SVP.out
| BASIS SET PATH: /home/msun26/QUICK-install-release/basis

|------------ GPU INFORMATION ---------------
| CUDA ENABLED DEVICE         :        1
| CUDA DEVICE IN USE          :        0
| CUDA DEVICE NAME            : NVIDIA GeForce RTX 5080
| CUDA DEVICE PM              :       84
| CUDA DEVICE CORE FREQ(GHZ)  :     2.73
| CUDA DEVICE MEMORY SIZE (MB):    15808
| SUPPORTING CUDA VERSION     :     12.0
|--------------------------------------------

 @ Read Job And Atom

  KEYWORD=DFT BLYP BASIS=DEF2-SVP CUTOFF=1.0E-7 DENSERMS=1.0E-6 ENERGY
 ============== JOB CARD =============
 METHOD = DENSITY FUNCTIONAL THEORY
 USING LIBXC VERSION: 4.3.4
 FUNCTIONAL INFORMATION:
 NAME = Becke 88 FAMILY = GGA KIND = EXCHANGE
 NAME = Lee, Yang & Parr FAMILY = GGA KIND = CORRELATION
 DIRECT SCF 
 SAD INITAL GUESS 
 USE DIIS SCF
 PRINT ENERGY EVERY CYCLE
 READ SAD GUESS FROM FILE
 STANDARD GRID = SG1
 Level shifting allowed after cycle    3
 DIIS error must exceed 0.100 for level shifting
 Max HOMO-LUMO gap to allow level shifting = 0.200
 MAX SCF CYCLES =    200
 MAX DIIS CYCLES =   10
 DELTA DENSITY START CYCLE =    3
 COMPUTATIONAL CUTOFF: 
      TWO-e INTEGRAL         =  0.100E-06
      BASIS SET PRIME        =  0.100E-07
      MATRIX ELEMENTS        =  0.100E-09
      BASIS FUNCTION         =  0.100E-05
      NEAR-LINEAR DEPENDENCY =  0.100E-04
 DENSITY MATRIX MAXIMUM RMS FOR CONVERGENCE  =  0.100E-05
 BASIS SET = DEF2-SVP,  TYPE = CARTESIAN
| BASIS FILE = /home/msun26/QUICK-install-release/basis/DEF2-SVP.BAS
| DATA FILE  =    gen/taxol_def2-SVP.dat

 @ Finish reading job


 @ Begin SAD initial guess

 For Atom Kind =    1
 ELEMENT = C 
 BASIS FUNCTIONS =   15
 For Atom Kind =    2
 ELEMENT = O 
 BASIS FUNCTIONS =   15
 For Atom Kind =    3
 ELEMENT = N 
 BASIS FUNCTIONS =   15
 For Atom Kind =    4
 ELEMENT = H 
 BASIS FUNCTIONS =    5

 @ Finish SAD initial guess


 @ Begin Reading Molecular Information


 =========== Molecule Input ==========
 TOTAL MOLECULAR CHARGE  =    0    MULTIPLICITY                =    1
 TOTAL ATOM NUMBER       =  110    NUMBER OF ATOM TYPES        =    4
 NUMBER OF HYDROGEN ATOM =   49    NUMBER OF NON-HYDROGEN ATOM =   61
 NUMBER OF ELECTRONS     =  446

 -- INPUT GEOMETRY -- :
    C          -6.3961       1.6376      -1.0167
    C          -5.5976       1.9480       0.3157
    C          -4.1358       1.3889       0.3062
    C          -4.0900      -0.2069       0.0760
    C          -5.3005      -0.5560      -0.7831
    C          -5.6408       0.5560      -1.7454
    C          -2.8203      -0.7723      -0.5951
    C          -3.4405       1.9810       1.5955
    C          -1.5723      -0.0770      -0.1719
    O          -2.6953      -2.1590      -0.1698
    O          -1.8693       1.2309      -0.7751
    C          -1.3334      -0.1176       1.4102
    C          -0.8881       1.2875       1.4845
    C           0.3196       1.5771       0.9641
    O          -4.0361       2.4498       2.5048
    O          -1.9505       2.1871       1.7492
    C          -0.2199      -0.3744      -0.8072
    C           0.8361       0.5393      -0.0882
    O          -6.3706      -0.7461       0.1815
    C          -7.5080      -1.5313       0.1764
    O          -7.7343      -2.1872       1.1532
    C          -8.4523      -1.4158      -0.9939
    C          -5.4161      -1.5091      -2.0070
    O          -6.2193      -0.4454      -2.6903
    O          -5.4268       3.3774       0.3776
    O          -1.6122       4.1801       0.0344
    C          -0.7941       5.2258       0.2991
    O          -0.3049       5.8646      -0.5895
    C          -0.5432       5.4737       1.7764
    C           1.2299       2.7853       1.0315
    O           1.9361      -0.3334       0.3600
    C           3.1924       0.0393       0.0732
    O           3.4565       1.0474      -0.5230
    C           4.1742      -1.0075       0.5409
    C           5.5923      -0.5508       0.2305
    C           6.6535      -1.6277       0.4268
    C           6.3531      -2.9590       0.6578
    C           7.3484      -3.9223       0.5946
    C           8.6553      -3.5578       0.3263
    C           8.9721      -2.2174       0.1751
    C           7.9781      -1.2615       0.2323
    O           4.0118      -1.2781       1.9326
    N           5.9708       0.6810       0.8873
    C           6.1083       1.9571       0.3956
    O           6.3193       2.8804       1.1683
    C           5.8856       2.2295      -1.0684
    C           6.1183       1.3531      -2.1154
    C           5.5666       1.5986      -3.3628
    C           4.8505       2.7661      -3.5881
    C           4.7601       3.7103      -2.5860
    C           5.2758       3.4420      -1.3327
    C          -2.1367      -3.0476      -1.0301
    O          -2.1452      -2.8534      -2.2329
    C          -1.5034      -4.2030      -0.3691
    C          -1.4396      -4.3267       1.0054
    C          -0.7639      -5.3990       1.5627
    C          -0.1729      -6.3469       0.7428
    C          -0.2556      -6.2275      -0.6353
    C          -0.9156      -5.1510      -1.1911
    C          -0.2097      -1.1547       1.8364
    C          -2.4301      -0.4562       2.4708
    H          -3.6492       1.8683      -0.5156
    H          -4.2442      -0.7298       0.9946
    H          -6.1319       1.5762       1.1739
    H          -6.4278       2.5627      -1.5682
    H          -7.3896       1.3053      -0.7745
    H          -4.7466       0.9454      -2.2120
    H          -2.8856      -0.7190      -1.6683
    H          -1.1756       1.8958      -0.6851
    H          -1.8482       3.6442       0.8092
    H          -0.3040      -0.0417      -1.8339
    H           0.0915      -1.3953      -0.8029
    H           1.2665       1.1760      -0.8368
    H          -7.9448      -1.4088      -1.9397
    H          -8.9861      -0.4737      -0.9254
    H          -9.1715      -2.2206      -0.9250
    H          -5.9697      -2.4207      -1.8715
    H          -4.4957      -1.6916      -2.5342
    H          -6.1859       3.7990       0.8058
    H          -0.4047       4.5303       2.2919
    H          -1.4092       5.9590       2.2202
    H           0.3171       6.0932       1.8872
    H           1.4833       3.0343       2.0569
    H           0.8689       3.6688       0.5366
    H           2.1685       2.5342       0.5368
    H           3.9670      -1.8925      -0.0573
    H           5.5542      -0.3517      -0.8218
    H           5.3545      -3.2557       0.9039
    H           7.0989      -4.9514       0.7469
    H           9.4172      -4.3037       0.2408
    H           9.9857      -1.9178       0.0023
    H           8.2255      -0.2253       0.1253
    H           3.1299      -1.6338       2.1084
    H           6.0936       0.6251       1.8860
    H           6.7084       0.4705      -1.9833
    H           5.6744       0.8728      -4.1413
    H           4.3798       2.9274      -4.5336
    H           4.2564       4.6442      -2.7661
    H           5.1747       4.1495      -0.5327
    H          -1.9016      -3.5962       1.6316
    H          -0.6960      -5.4955       2.6284
    H           0.3482      -7.1761       1.1766
    H           0.1935      -6.9648      -1.2689
    H          -0.9826      -5.0259      -2.2518
    H           0.6895      -0.6503       2.1318
    H           0.0409      -1.8507       1.0571
    H          -0.5497      -1.7388       2.6731
    H          -2.6865      -1.5071       2.3903
    H          -3.3390       0.1001       2.4689
    H          -1.9770      -0.2959       3.4410

============== BASIS INFOS ==============
 BASIS FUNCTIONS = 1160
 NSHELL =  513 NPRIM  = 1868
 JSHELL =  513 JBASIS =  977


 @ End Reading Molecular Information 


 @ Begin XC Quadrature Formation

 OCTAGO: OCTree Algorithm for Grid Operations 
   PRUNING CUTOFF       = 0.100E-06
   INITIAL GRID POINTS  =      416624
|   FINAL GRID POINTS    =      262254
|   SIGNIFICANT NUMBER OF BASIS FUNCTIONS     =      519907
|   SIGNIFICANT NUMBER OF PRIMITIVE FUNCTIONS =      554981

 @ End XC Quadrature Formation


 @ Begin Energy Calculation

| condition number of overlap matrix:    3.862E+04
| Smallest eigenvalue of overlap matrix:    2.575E-04

                                         SCF ENERGY
| ------------------------------------------------------------------------------------------------------------------------
| NCYC       ENERGY         DELTA_E      SCF_TIME  DII_CYC   DII_TIME   O_TIME  DIAG_TIME    MAX_ERR    RMS_CHG    MAX_CHG
| ------------------------------------------------------------------------------------------------------------------------
|  1  -2936.213490205      ------        10.116     1        0.11     10.00      0.04    0.2434E+01  0.1356E-01  0.8252E+00
|  2  -2922.316879450  -.138966E+02      11.415     2        0.11     11.30      0.04    0.2309E+00  0.8308E-02  0.8000E+00
|  3  -2917.764217646  -.455266E+01      11.305     3        0.13     11.17      0.04    0.8812E+00  0.5039E-02  0.7662E+00
|   ***  Level shifting applied  ( HOMO-LUMO gap =  0.003 au ) ***
|  4  -2923.293632969  0.552942E+01      11.162     4        0.14     11.02      0.04    0.4030E+00  0.1816E-02  0.1993E+00
|   ***  Level shifting applied  ( HOMO-LUMO gap =  0.006 au ) ***
|  5  -2923.983890157  0.690257E+00      10.931     5        0.11     10.81      0.04    0.8711E-01  0.1217E-02  0.1068E+00
|  6  -2924.050359141  0.664690E-01      10.857     6        0.12     10.74      0.04    0.9155E-01  0.5223E-03  0.8846E-01
|  7  -2924.072877498  0.225184E-01      10.665     7        0.12     10.54      0.04    0.3526E-01  0.2465E-03  0.3043E-01
|  8  -2924.079087315  0.620982E-02      10.553     8        0.12     10.43      0.04    0.1008E-01  0.9673E-04  0.7360E-02
|  9  -2924.080288103  0.120079E-02      10.397     9        0.12     10.28      0.04    0.3964E-02  0.3553E-04  0.4196E-02
| 10  -2924.080335067  0.469639E-04      10.216    10        0.12     10.09      0.04    0.2471E-02  0.2169E-04  0.2110E-02
| 11  -2924.080224111  -.110956E-03      10.089     1        0.13      9.96      0.04    0.7934E-03  0.2238E-04  0.3505E-02
| 12  -2924.079998904  -.225207E-03      10.016     2        0.13      9.88      0.04    0.1423E-03  0.1067E-04  0.1241E-02
| 13  -2924.080602021  0.603118E-03       9.834     3        0.13      9.70      0.04    0.1576E-03  0.1158E-04  0.1919E-02
| 14  -2924.080551635  -.503858E-04       9.858     4        0.13      9.72      0.04    0.1073E-03  0.1247E-04  0.1099E-02
| 15  -2924.079933488  -.618147E-03       9.864     5        0.13      9.73      0.04    0.6706E-04  0.1409E-04  0.2466E-02
| 16  -2924.080147477  0.213988E-03       9.861     6        0.13      9.73      0.04    0.1922E-03  0.8810E-05  0.1434E-02
| -------------- 2E-INT CUTOFF CHANGE TO 0.1000E-08 ------------
| 17  -2924.080149033  0.155622E-05      10.506     7        0.13     10.37      0.04    0.2492E-03  0.1646E-04  0.2628E-02
| 18  -2924.080148372  -.660924E-06      10.677     8        0.13     10.54      0.04    0.5769E-03  0.1585E-04  0.2099E-02
| 19  -2924.080150655  0.228263E-05      10.701     9        0.13     10.57      0.04    0.1518E-03  0.1861E-04  0.2777E-02
| 20  -2924.080151431  0.775957E-06      10.693    10        0.13     10.56      0.04    0.2529E-03  0.1909E-04  0.2747E-02
| 21  -2924.080151733  0.302272E-06      10.705     1        0.13     10.57      0.04    0.3143E-03  0.1839E-04  0.2306E-02
| 22  -2924.080152011  0.278245E-06      10.705     2        0.13     10.57      0.04    0.3371E-03  0.8257E-04  0.1254E-01
| 23  -2924.080151955  -.559303E-07      11.032     3        0.13     10.90      0.04    0.2389E-03  0.1576E-04  0.1484E-02
| 24  -2924.080152084  0.128844E-06      10.717     4        0.13     10.58      0.04    0.4098E-03  0.1767E-04  0.2547E-02
| 25  -2924.080152841  0.756339E-06      10.687     5        0.13     10.55      0.04    0.9437E-04  0.1916E-04  0.1364E-02
| 26  -2924.080151257  -.158382E-05      10.717     6        0.13     10.58      0.04    0.4983E-04  0.9539E-06  0.5177E-04
| ------------------------------------------------------------------------------------------------------------------------
| REACH CONVERGENCE AFTER  26 CYCLES
| MAX ERROR = 0.498331E-04   RMS CHANGE = 0.953925E-06   MAX CHANGE = 0.517692E-04
| -----------------------------------------------
 ALPHA ELECTRON DENSITY    =   223.0008092139
 BETA ELECTRON DENSITY     =   223.0008092139
 ELECTRONIC ENERGY    = -12591.150026580
 CORE_CORE REPULSION  =   9667.069875324
 TOTAL ENERGY         =  -2924.080151257

 @ End Energy calculation

  Skipping one-electron property calculation.

 @ Output Timing Information

------------- TIMING ---------------
| INITIAL GUESS TIME  =     1.049853000(  0.38%)
| DFT GRID OPERATIONS =     1.104026000(  0.40%)
| TOTAL SCF TIME      =   274.416952000( 99.15%)
|       TOTAL OP TIME      =   271.062819000( 97.93%)
|             TOTAL 1e TIME      =     0.137230000(  0.05%)
|             TOTAL 2e TIME      =    47.780135000( 17.26%)
|             TOTAL EXC TIME     =   222.772770000( 80.49%)
|       TOTAL DII TIME      =     3.307535000(  1.19%)
|             TOTAL DIAG TIME    =     0.971815000(  0.35%)
| TOTAL TIME          =   276.782531000
------------------------------------
| Job cpu time:  0 days  0 hours  4 minutes 36.8 seconds.

 @ Finish Output Timing Information

| Normal Termination. Task Finished on: Fri Jul  3 18:13:23 2026
