| *********************************************************************************************************
| **                                                                                                     **
| **           888888888888                                                                              **
| **         8888888888888888                                                                            **
| **      888888888888888888                                                                             **
| **     888888888888888888                                                                              **
| **    888888888888888                                                                                  **
| **   88888888888888888888                               88888                       8888:              **
| **   8888888888888888888888Z                            88888                       8888:              **
| **   888888888888888888888888?                          88888                       8888:              **
| **   8888888888888      8888888                                        888888       8888:              **
| **    88888888888         888888     8888:     88888    88888        888888888I     8888:    888888    **
| **    8888888888           88888:    8888:     88888    88888      $888888888888    8888:   888888     **
| **    I8Z 88888             88888    8888:     88888    88888    .888888     8888   8888: 888888       **
| **    .8Z 88888             88888    8888:     88888    88888    $88888             8888:88888         **
| **     8I 88888      .=88. .88888    8888:     88888    88888    88888              8888888888         **
| **    :8  88888      888888$8888$    8888:     88888    88888    8888O              88888888888        **
| **   ,7   +88888.     8888888888.    8888:     88888    88888    888888             88888O888888       **
| **         $888888:.   .8888888      88888....888888    88888     888888     8888   8888:  888888      **
| **          I8888888888888888888     888888888888888    88888     O888888888888O    8888:   888888     **
| **            O888888888888888888     88888888888888    88888       88888888888$    8888:    888888    **
| **               8888888Z     888      .8888I  88888    88888         8888888       8888:     888888   **
| **                                                                                                     **
| **                                                                                                     **
| **                                         Copyright (c) 2026                                          **
| **                          Regents of the University of California San Diego                          **
| **                                    & Michigan State University                                      **
| **                                        All Rights Reserved.                                         **
| **                                                                                                     **
| **             This software is subject to the terms of the Mozilla Public License, v. 2.0.            **
| **                                                                                                     **
| *********************************************************************************************************
|                                                                                                          
| Cite this work as:                                                                                       
| Manathunga, M.; O'Hearn, K. A.; Shajan, A.; Smith, J.; Miao, Y.; He, X.; Ayers, K.;                      
| Brothers, E.; Palos, E.; Tripathy, V.; Goetz, A.W.; Merz, K.M. QUICK-26.03.                              
| University of California,San Diego, CA and                                                               
| Michigan State University, East Lansing, MI, 2026                                                        
|                                                                                                          
| If you have any comments or queries, please reach out to us on GitHub issues or discussion sections:     
| https://github.com/merzlab/QUICK.                                                                        
|                                                                                                          
| TASK STARTS ON: Fri Jul  3 17:43:08 2026
| INPUT FILE :    gen/morphine_6-31G*.in
| OUTPUT FILE:    gen/morphine_6-31G*.out
| BASIS SET PATH: /home/msun26/QUICK-install-release/basis

|------------ GPU INFORMATION ---------------
| CUDA ENABLED DEVICE         :        1
| CUDA DEVICE IN USE          :        0
| CUDA DEVICE NAME            : NVIDIA GeForce RTX 5080
| CUDA DEVICE PM              :       84
| CUDA DEVICE CORE FREQ(GHZ)  :     2.73
| CUDA DEVICE MEMORY SIZE (MB):    15808
| SUPPORTING CUDA VERSION     :     12.0
|--------------------------------------------

 @ Read Job And Atom

  KEYWORD=DFT BLYP BASIS=6-31G* CUTOFF=1.0E-7 DENSERMS=1.0E-6 ENERGY
 ============== JOB CARD =============
 METHOD = DENSITY FUNCTIONAL THEORY
 USING LIBXC VERSION: 4.3.4
 FUNCTIONAL INFORMATION:
 NAME = Becke 88 FAMILY = GGA KIND = EXCHANGE
 NAME = Lee, Yang & Parr FAMILY = GGA KIND = CORRELATION
 DIRECT SCF 
 SAD INITAL GUESS 
 USE DIIS SCF
 PRINT ENERGY EVERY CYCLE
 READ SAD GUESS FROM FILE
 STANDARD GRID = SG1
 Level shifting allowed after cycle    3
 DIIS error must exceed 0.100 for level shifting
 Max HOMO-LUMO gap to allow level shifting = 0.200
 MAX SCF CYCLES =    200
 MAX DIIS CYCLES =   10
 DELTA DENSITY START CYCLE =    3
 COMPUTATIONAL CUTOFF: 
      TWO-e INTEGRAL         =  0.100E-06
      BASIS SET PRIME        =  0.100E-07
      MATRIX ELEMENTS        =  0.100E-09
      BASIS FUNCTION         =  0.100E-05
      NEAR-LINEAR DEPENDENCY =  0.100E-04
 DENSITY MATRIX MAXIMUM RMS FOR CONVERGENCE  =  0.100E-05
 BASIS SET = 6-31G*,  TYPE = CARTESIAN
| BASIS FILE = /home/msun26/QUICK-install-release/basis/6-31GD.BAS
| DATA FILE  =    gen/morphine_6-31G*.dat

 @ Finish reading job


 @ Begin SAD initial guess

 For Atom Kind =    1
 ELEMENT = O 
 BASIS FUNCTIONS =   15
 For Atom Kind =    2
 ELEMENT = N 
 BASIS FUNCTIONS =   15
 For Atom Kind =    3
 ELEMENT = C 
 BASIS FUNCTIONS =   15
 For Atom Kind =    4
 ELEMENT = H 
 BASIS FUNCTIONS =    2

 @ Finish SAD initial guess


 @ Begin Reading Molecular Information


 =========== Molecule Input ==========
 TOTAL MOLECULAR CHARGE  =    0    MULTIPLICITY                =    1
 TOTAL ATOM NUMBER       =   40    NUMBER OF ATOM TYPES        =    4
 NUMBER OF HYDROGEN ATOM =   19    NUMBER OF NON-HYDROGEN ATOM =   21
 NUMBER OF ELECTRONS     =  152

 -- INPUT GEOMETRY -- :
    O          -1.9930      -0.4740       1.2005
    O          -2.7826      -2.5168      -0.2218
    O          -3.6220       1.8421       0.5579
    N           3.1777      -0.0101       0.4474
    C           0.3699      -0.7149       0.6616
    C           1.2913      -1.3046      -0.4170
    C           2.3441      -0.2023      -0.7640
    C          -0.9377      -1.4750       0.9848
    C           1.1988      -0.3907       1.9201
    C          -0.2516       0.5302       0.1205
    C           1.6887       1.1052      -1.3279
    C           2.4315       0.4754       1.6126
    C           0.3384       1.4306      -0.7480
    C          -1.3631      -2.5067      -0.0924
    C           0.5066      -1.8183      -1.5971
    C          -1.5672       0.6306       0.5136
    C          -0.7155      -2.3492      -1.4425
    C           4.3733       0.7916       0.2084
    C          -0.4184       2.5415      -1.1246
    C          -2.3310       1.7217       0.1620
    C          -1.7382       2.6936      -0.6541
    H           1.8278      -2.1759      -0.0118
    H           3.0029      -0.6035      -1.5465
    H          -0.8451      -2.0128       1.9373
    H           1.5366      -1.3335       2.3712
    H           0.5899       0.1174       2.6790
    H           1.5474       0.9596      -2.4075
    H           2.3530       1.9680      -1.2194
    H           2.1271       1.5205       1.4760
    H           3.0801       0.4584       2.4975
    H          -1.0772      -3.5067       0.2593
    H           0.9601      -1.7947      -2.5831
    H          -1.2300      -2.7505      -2.3109
    H           4.1500       1.8479       0.0287
    H           4.9380       0.4055      -0.6472
    H           5.0444       0.7352       1.0730
    H          -0.0062       3.2824      -1.8043
    H          -2.3121       3.5638      -0.9645
    H          -3.1557      -2.6446       0.6672
    H          -3.8483       1.0686       1.1031

============== BASIS INFOS ==============
 BASIS FUNCTIONS =  353
 NSHELL =  122 NPRIM  =  664
 JSHELL =  122 JBASIS =  307


 @ End Reading Molecular Information 


 @ Begin XC Quadrature Formation

 OCTAGO: OCTree Algorithm for Grid Operations 
   PRUNING CUTOFF       = 0.100E-06
   INITIAL GRID POINTS  =      151424
|   FINAL GRID POINTS    =       95460
|   SIGNIFICANT NUMBER OF BASIS FUNCTIONS     =      152192
|   SIGNIFICANT NUMBER OF PRIMITIVE FUNCTIONS =      168445

 @ End XC Quadrature Formation


 @ Begin Energy Calculation

| condition number of overlap matrix:    2.830E+04
| Smallest eigenvalue of overlap matrix:    3.054E-04

                                         SCF ENERGY
| ------------------------------------------------------------------------------------------------------------------------
| NCYC       ENERGY         DELTA_E      SCF_TIME  DII_CYC   DII_TIME   O_TIME  DIAG_TIME    MAX_ERR    RMS_CHG    MAX_CHG
| ------------------------------------------------------------------------------------------------------------------------
|  1   -942.178111206      ------         4.105     1        0.01      4.09      0.01    0.2046E+01  0.2113E-01  0.5387E+00
|  2   -938.482941696  -.369517E+01       4.138     2        0.01      4.12      0.01    0.2778E+00  0.1624E-01  0.5434E+00
|  3   -937.728896136  -.754046E+00       4.123     3        0.02      4.11      0.01    0.4796E+00  0.9623E-02  0.3418E+00
|   ***  Level shifting applied  ( HOMO-LUMO gap =  0.062 au ) ***
|  4   -939.160796620  0.143190E+01       4.108     4        0.02      4.09      0.01    0.5261E-01  0.2742E-02  0.9846E-01
|  5   -939.202309669  0.415130E-01       4.081     5        0.02      4.07      0.01    0.2749E-01  0.7159E-03  0.2921E-01
|  6   -939.207987269  0.567760E-02       4.050     6        0.02      4.03      0.01    0.1323E-01  0.2904E-03  0.1556E-01
|  7   -939.208717253  0.729984E-03       4.026     7        0.02      4.01      0.01    0.9703E-02  0.1364E-03  0.8365E-02
|  8   -939.209055312  0.338060E-03       4.010     8        0.02      3.99      0.01    0.2108E-02  0.3754E-04  0.1735E-02
|  9   -939.209071700  0.163873E-04       3.982     9        0.02      3.97      0.01    0.6871E-03  0.1546E-04  0.5369E-03
| 10   -939.209071159  -.541108E-06       3.960    10        0.02      3.94      0.01    0.2348E-03  0.5856E-05  0.1993E-03
| -------------- 2E-INT CUTOFF CHANGE TO 0.1000E-08 ------------
| 11   -939.209071464  0.305644E-06       4.017     1        0.02      4.00      0.01    0.7463E-04  0.3080E-05  0.1287E-03
| 12   -939.209071543  0.791665E-07       4.000     2        0.02      3.98      0.01    0.2330E-04  0.1395E-05  0.4677E-04
| 13   -939.209071556  0.129066E-07       3.980     3        0.02      3.96      0.01    0.1168E-04  0.6999E-06  0.2085E-04
| ------------------------------------------------------------------------------------------------------------------------
| REACH CONVERGENCE AFTER  13 CYCLES
| MAX ERROR = 0.116763E-04   RMS CHANGE = 0.699912E-06   MAX CHANGE = 0.208528E-04
| -----------------------------------------------
 ALPHA ELECTRON DENSITY    =    75.9993458991
 BETA ELECTRON DENSITY     =    75.9993458991
 ELECTRONIC ENERGY    =  -2768.516342037
 CORE_CORE REPULSION  =   1829.307270481
 TOTAL ENERGY         =   -939.209071556

 @ End Energy calculation

  Skipping one-electron property calculation.

 @ Output Timing Information

------------- TIMING ---------------
| INITIAL GUESS TIME  =     0.317461000(  0.60%)
| DFT GRID OPERATIONS =     0.157379000(  0.30%)
| TOTAL SCF TIME      =    52.608760000( 98.75%)
|       TOTAL OP TIME      =    52.398802000( 98.36%)
|             TOTAL 1e TIME      =     0.028038000(  0.05%)
|             TOTAL 2e TIME      =     3.820698000(  7.17%)
|             TOTAL EXC TIME     =    48.512463000( 91.07%)
|       TOTAL DII TIME      =     0.208431000(  0.39%)
|             TOTAL DIAG TIME    =     0.104208000(  0.20%)
| TOTAL TIME          =    53.272143000
------------------------------------
| Job cpu time:  0 days  0 hours  0 minutes 53.3 seconds.

 @ Finish Output Timing Information

| Normal Termination. Task Finished on: Fri Jul  3 17:44:01 2026
