| *********************************************************************************************************
| **                                                                                                     **
| **           888888888888                                                                              **
| **         8888888888888888                                                                            **
| **      888888888888888888                                                                             **
| **     888888888888888888                                                                              **
| **    888888888888888                                                                                  **
| **   88888888888888888888                               88888                       8888:              **
| **   8888888888888888888888Z                            88888                       8888:              **
| **   888888888888888888888888?                          88888                       8888:              **
| **   8888888888888      8888888                                        888888       8888:              **
| **    88888888888         888888     8888:     88888    88888        888888888I     8888:    888888    **
| **    8888888888           88888:    8888:     88888    88888      $888888888888    8888:   888888     **
| **    I8Z 88888             88888    8888:     88888    88888    .888888     8888   8888: 888888       **
| **    .8Z 88888             88888    8888:     88888    88888    $88888             8888:88888         **
| **     8I 88888      .=88. .88888    8888:     88888    88888    88888              8888888888         **
| **    :8  88888      888888$8888$    8888:     88888    88888    8888O              88888888888        **
| **   ,7   +88888.     8888888888.    8888:     88888    88888    888888             88888O888888       **
| **         $888888:.   .8888888      88888....888888    88888     888888     8888   8888:  888888      **
| **          I8888888888888888888     888888888888888    88888     O888888888888O    8888:   888888     **
| **            O888888888888888888     88888888888888    88888       88888888888$    8888:    888888    **
| **               8888888Z     888      .8888I  88888    88888         8888888       8888:     888888   **
| **                                                                                                     **
| **                                                                                                     **
| **                                         Copyright (c) 2026                                          **
| **                          Regents of the University of California San Diego                          **
| **                                    & Michigan State University                                      **
| **                                        All Rights Reserved.                                         **
| **                                                                                                     **
| **             This software is subject to the terms of the Mozilla Public License, v. 2.0.            **
| **                                                                                                     **
| *********************************************************************************************************
|                                                                                                          
| Cite this work as:                                                                                       
| Manathunga, M.; O'Hearn, K. A.; Shajan, A.; Smith, J.; Miao, Y.; He, X.; Ayers, K.;                      
| Brothers, E.; Palos, E.; Tripathy, V.; Goetz, A.W.; Merz, K.M. QUICK-26.03.                              
| University of California,San Diego, CA and                                                               
| Michigan State University, East Lansing, MI, 2026                                                        
|                                                                                                          
| If you have any comments or queries, please reach out to us on GitHub issues or discussion sections:     
| https://github.com/merzlab/QUICK.                                                                        
|                                                                                                          
| TASK STARTS ON: Fri Aug 28 18:51:47 2026
| INPUT FILE :    /work2/11707/msun12/stampede3/quickruns/3446277/mph1/morphine_6-31G**.in
| OUTPUT FILE:    /work2/11707/msun12/stampede3/quickruns/3446277/mph1/morphine_6-31G**.out
| BASIS SET PATH: /home1/11707/msun12/QUICK-cuEST-install/basis

|------------ GPU INFORMATION ---------------
| CUDA ENABLED DEVICE         :        1
| CUDA DEVICE IN USE          :        0
| CUDA DEVICE NAME            : NVIDIA H100
| CUDA DEVICE PM              :      132
| CUDA DEVICE CORE FREQ(GHZ)  :     1.98
| CUDA DEVICE MEMORY SIZE (MB):    95321
| SUPPORTING CUDA VERSION     :      9.0
|--------------------------------------------

 @ Read Job And Atom

  KEYWORD=B3LYP BASIS=6-31G** CUTOFF=1.0E-10 DENSERMS=1.0E-6 GRADIENT CUEST
 ============== JOB CARD =============
 METHOD = DENSITY FUNCTIONAL THEORY
 DENSITY FUNCTIONAL = B3LYP
 DIRECT SCF 
 SAD INITAL GUESS 
 USE DIIS SCF
 PRINT ENERGY EVERY CYCLE
 READ SAD GUESS FROM FILE
 STANDARD GRID = SG1
 Level shifting allowed after cycle    3
 DIIS error must exceed 0.100 for level shifting
 Max HOMO-LUMO gap to allow level shifting = 0.200
 GRADIENT CALCULATION
 MAX SCF CYCLES =    200
 MAX DIIS CYCLES =   10
 DELTA DENSITY START CYCLE =    3
 COMPUTATIONAL CUTOFF: 
      TWO-e INTEGRAL         =  0.100E-09
      BASIS SET PRIME        =  0.100E-10
      MATRIX ELEMENTS        =  0.100E-09
      BASIS FUNCTION         =  0.100E-05
      NEAR-LINEAR DEPENDENCY =  0.100E-04
      GRADIENT CUTOFF  =  0.100E-06
 DENSITY MATRIX MAXIMUM RMS FOR CONVERGENCE  =  0.100E-05
 BASIS SET = 6-31G**,  TYPE = CARTESIAN
| BASIS FILE = /home1/11707/msun12/QUICK-cuEST-install/basis/6-31GDP.BAS
| DATA FILE  =    /work2/11707/msun12/stampede3/quickruns/3446277/mph1/morphine_6-31G**.dat

 @ Finish reading job


 @ Begin SAD initial guess

 For Atom Kind =    1
 ELEMENT = O 
 BASIS FUNCTIONS =   15
 For Atom Kind =    2
 ELEMENT = N 
 BASIS FUNCTIONS =   15
 For Atom Kind =    3
 ELEMENT = C 
 BASIS FUNCTIONS =   15
 For Atom Kind =    4
 ELEMENT = H 
 BASIS FUNCTIONS =    5

 @ Finish SAD initial guess


 @ Begin Reading Molecular Information


 =========== Molecule Input ==========
 TOTAL MOLECULAR CHARGE  =    0    MULTIPLICITY                =    1
 TOTAL ATOM NUMBER       =   40    NUMBER OF ATOM TYPES        =    4
 NUMBER OF HYDROGEN ATOM =   19    NUMBER OF NON-HYDROGEN ATOM =   21
 NUMBER OF ELECTRONS     =  152

 -- INPUT GEOMETRY -- :
    O          -1.9930      -0.4740       1.2005
    O          -2.7826      -2.5168      -0.2218
    O          -3.6220       1.8421       0.5579
    N           3.1777      -0.0101       0.4474
    C           0.3699      -0.7149       0.6616
    C           1.2913      -1.3046      -0.4170
    C           2.3441      -0.2023      -0.7640
    C          -0.9377      -1.4750       0.9848
    C           1.1988      -0.3907       1.9201
    C          -0.2516       0.5302       0.1205
    C           1.6887       1.1052      -1.3279
    C           2.4315       0.4754       1.6126
    C           0.3384       1.4306      -0.7480
    C          -1.3631      -2.5067      -0.0924
    C           0.5066      -1.8183      -1.5971
    C          -1.5672       0.6306       0.5136
    C          -0.7155      -2.3492      -1.4425
    C           4.3733       0.7916       0.2084
    C          -0.4184       2.5415      -1.1246
    C          -2.3310       1.7217       0.1620
    C          -1.7382       2.6936      -0.6541
    H           1.8278      -2.1759      -0.0118
    H           3.0029      -0.6035      -1.5465
    H          -0.8451      -2.0128       1.9373
    H           1.5366      -1.3335       2.3712
    H           0.5899       0.1174       2.6790
    H           1.5474       0.9596      -2.4075
    H           2.3530       1.9680      -1.2194
    H           2.1271       1.5205       1.4760
    H           3.0801       0.4584       2.4975
    H          -1.0772      -3.5067       0.2593
    H           0.9601      -1.7947      -2.5831
    H          -1.2300      -2.7505      -2.3109
    H           4.1500       1.8479       0.0287
    H           4.9380       0.4055      -0.6472
    H           5.0444       0.7352       1.0730
    H          -0.0062       3.2824      -1.8043
    H          -2.3121       3.5638      -0.9645
    H          -3.1557      -2.6446       0.6672
    H          -3.8483       1.0686       1.1031

============== BASIS INFOS ==============
 BASIS FUNCTIONS =  410
 NSHELL =  141 NPRIM  =  721
 JSHELL =  141 JBASIS =  326


 @ End Reading Molecular Information 


 @ Begin XC Quadrature Formation

 OCTAGO: OCTree Algorithm for Grid Operations 
   PRUNING CUTOFF       = 0.100E-06
   INITIAL GRID POINTS  =      151424
|   FINAL GRID POINTS    =           0
|   SIGNIFICANT NUMBER OF BASIS FUNCTIONS     =           0
|   SIGNIFICANT NUMBER OF PRIMITIVE FUNCTIONS =           0

 @ End XC Quadrature Formation


 @ Begin Energy Calculation

| condition number of overlap matrix:    2.875E+04
| Smallest eigenvalue of overlap matrix:    3.009E-04

                                         SCF ENERGY
| ------------------------------------------------------------------------------------------------------------------------
| NCYC       ENERGY         DELTA_E      SCF_TIME  DII_CYC   DII_TIME   O_TIME  DIAG_TIME    MAX_ERR    RMS_CHG    MAX_CHG
| ------------------------------------------------------------------------------------------------------------------------
|  1   -929.889820546      ------         0.087     1        0.02      0.07      0.01    0.5021E+00  0.5656E-01  0.5215E+01
|  2   -895.172410175  -.347174E+02       0.052     2        0.02      0.04      0.00    0.1330E+01  0.6758E-01  0.5366E+01
|  3   -904.405548244  0.923314E+01       0.056     3        0.02      0.04      0.00    0.8339E+00  0.3978E-01  0.3462E+01
|   ***  Level shifting applied  ( HOMO-LUMO gap =  0.018 au ) ***
|  4   -939.121390269  0.347158E+02       0.057     4        0.02      0.04      0.00    0.2483E+00  0.9760E-02  0.3919E+00
|   ***  Level shifting applied  ( HOMO-LUMO gap =  0.187 au ) ***
|  5   -939.109847878  -.115424E-01       0.057     5        0.02      0.04      0.00    0.2810E+00  0.4173E-02  0.1602E+00
|   ***  Level shifting applied  ( HOMO-LUMO gap =  0.046 au ) ***
|  6   -939.624245512  0.514398E+00       0.054     6        0.02      0.04      0.00    0.4856E-01  0.1361E-02  0.6333E-01
|  7   -939.639224923  0.149794E-01       0.054     7        0.02      0.04      0.00    0.2259E-01  0.3680E-03  0.1828E-01
|  8   -939.641390479  0.216556E-02       0.055     8        0.02      0.04      0.00    0.1032E-01  0.1443E-03  0.8032E-02
|  9   -939.641657078  0.266598E-03       0.055     9        0.02      0.04      0.00    0.2034E-02  0.5159E-04  0.1690E-02
| 10   -939.641707812  0.507346E-04       0.055    10        0.02      0.04      0.00    0.5024E-03  0.1494E-04  0.5461E-03
| 11   -939.641712154  0.434212E-05       0.059     1        0.02      0.04      0.00    0.2019E-03  0.5539E-05  0.2598E-03
| 12   -939.641712632  0.477868E-06       0.058     2        0.02      0.04      0.00    0.6938E-04  0.1770E-05  0.8414E-04
| 13   -939.641712693  0.605964E-07       0.056     3        0.02      0.04      0.00    0.2965E-04  0.4557E-06  0.2136E-04
| ------------------------------------------------------------------------------------------------------------------------
| REACH CONVERGENCE AFTER  13 CYCLES
| MAX ERROR = 0.296484E-04   RMS CHANGE = 0.455663E-06   MAX CHANGE = 0.213649E-04
| -----------------------------------------------
 ALPHA ELECTRON DENSITY    =    75.9993485305
 BETA ELECTRON DENSITY     =    75.9993485305
 ELECTRONIC ENERGY    =  -2768.948983173
 CORE_CORE REPULSION  =   1829.307270481
 TOTAL ENERGY         =   -939.641712693

 @ End Energy calculation


 @ Begin Gradient Calculation

 ANALYTICAL GRADIENT: 
----------------------------------------
 COORDINATE    XYZ            GRADIENT
----------------------------------------
    1X    -1.9930001522    -0.0059835388
    1Y    -0.4740000362     0.0072210026
    1Z     1.2005000917    -0.0028558709
    2X    -2.7826002125     0.0029169415
    2Y    -2.5168001922     0.0018670007
    2Z    -0.2218000169     0.0035787673
    3X    -3.6220002766     0.0130420710
    3Y     1.8421001407     0.0002120726
    3Z     0.5579000426    -0.0056058315
    4X     3.1777002427    -0.0043709320
    4Y    -0.0101000008     0.0036501052
    4Z     0.4474000342     0.0023927595
    5X     0.3699000282     0.0072826660
    5Y    -0.7149000546    -0.0049015870
    5Z     0.6616000505    -0.0030835501
    6X     1.2913000986    -0.0018693516
    6Y    -1.3046000996     0.0016956030
    6Z    -0.4170000318     0.0065089139
    7X     2.3441001790     0.0007470635
    7Y    -0.2023000154    -0.0010783514
    7Z    -0.7640000583    -0.0088579116
    8X    -0.9377000716    -0.0057372773
    8Y    -1.4750001126     0.0142477839
    8Z     0.9848000752    -0.0145619519
    9X     1.1988000915    -0.0056228764
    9Y    -0.3907000298     0.0045328398
    9Z     1.9201001466    -0.0037139685
   10X    -0.2516000192    -0.0040448906
   10Y     0.5302000405    -0.0105230811
   10Z     0.1205000092     0.0101207645
   11X     1.6887001290     0.0007664063
   11Y     1.1052000844     0.0071554518
   11Z    -1.3279001014     0.0041365261
   12X     2.4315001857     0.0033238445
   12Y     0.4754000363     0.0030874238
   12Z     1.6126001231     0.0012906594
   13X     0.3384000258    -0.0015257636
   13Y     1.4306001092    -0.0013183433
   13Z    -0.7480000571    -0.0018460994
   14X    -1.3631001041     0.0135468881
   14Y    -2.5067001914     0.0043300284
   14Z    -0.0924000071     0.0026126107
   15X     0.5066000387     0.0099296251
   15Y    -1.8183001389     0.0016573333
   15Z    -1.5971001220    -0.0040844967
   16X    -1.5672001197    -0.0118352789
   16Y     0.6306000482     0.0013607707
   16Z     0.5136000392     0.0031925552
   17X    -0.7155000546    -0.0064116861
   17Y    -2.3492001794    -0.0088189113
   17Z    -1.4425001102     0.0042710501
   18X     4.3733003340    -0.0002941315
   18Y     0.7916000604     0.0064095869
   18Z     0.2084000159    -0.0022920480
   19X    -0.4184000320     0.0134229514
   19Y     2.5415001941    -0.0023466585
   19Z    -1.1246000859    -0.0036729918
   20X    -2.3310001780     0.0040481775
   20Y     1.7217001315    -0.0058520425
   20Z     0.1620000124     0.0025149224
   21X    -1.7382001327    -0.0103444715
   21Y     2.6936002057    -0.0040178228
   21Z    -0.6541000499     0.0059933970
   22X     1.8278001396    -0.0048478926
   22Y    -2.1759001662    -0.0046387830
   22Z    -0.0118000009    -0.0025123835
   23X     3.0029002293    -0.0008702402
   23Y    -0.6035000461    -0.0008609987
   23Z    -1.5465001181    -0.0027765356
   24X    -0.8451000645     0.0027576799
   24Y    -2.0128001537    -0.0025743466
   24Z     1.9373001479    -0.0000238643
   25X     1.5366001173    -0.0000327172
   25Y    -1.3335001018     0.0008391986
   25Z     2.3712001811     0.0009848376
   26X     0.5899000450     0.0009624610
   26Y     0.1174000090     0.0003824664
   26Z     2.6790002046     0.0026957076
   27X     1.5474001182    -0.0020325473
   27Y     0.9596000733    -0.0014434778
   27Z    -2.4075001838     0.0007636996
   28X     2.3530001797    -0.0042431205
   28Y     1.9680001503     0.0022856112
   28Z    -1.2194000931     0.0005212964
   29X     2.1271001624     0.0025330557
   29Y     1.5205001161    -0.0053449980
   29Z     1.4760001127    -0.0006010992
   30X     3.0801002352    -0.0026429512
   30Y     0.4584000350     0.0000487626
   30Z     2.4975001907     0.0026943170
   31X    -1.0772000823    -0.0072336480
   31Y    -3.5067002678     0.0017051574
   31Z     0.2593000198    -0.0050067847
   32X     0.9601000733    -0.0017377642
   32Y    -1.7947001371    -0.0004632658
   32Z    -2.5831001973     0.0010209638
   33X    -1.2300000939     0.0043128884
   33Y    -2.7505002100     0.0013394899
   33Z    -2.3109001765    -0.0029083730
   34X     4.1500003169    -0.0011894511
   34Y     1.8479001411    -0.0068185012
   34Z     0.0287000022     0.0014028198
   35X     4.9380003771     0.0028032754
   35Y     0.4055000310     0.0005477828
   35Z    -0.6472000494     0.0010075209
   36X     5.0444003852     0.0022285915
   36Y     0.7352000561    -0.0000307864
   36Z     1.0730000819    -0.0013771534
   37X    -0.0062000005     0.0004734022
   37Y     3.2824002507    -0.0002751973
   37Z    -1.8043001378    -0.0002019818
   38X    -2.3121001766     0.0018164954
   38Y     3.5638002721     0.0027988650
   38Z    -0.9645000737    -0.0023694272
   39X    -3.1557002410    -0.0026510861
   39Y    -2.6446002020    -0.0019931564
   39Z     0.6672000509     0.0064233031
   40X    -3.8483002939    -0.0013928678
   40Y     1.0686000816    -0.0040740274
   40Z     1.1031000842     0.0042249311
----------------------------------------

 @ End Gradient Calculation

  Skipping one-electron property calculation.

 @ Output cuEST Memory Footprint

------------- cuEST MEMORY USAGE ---------------
| Peak Host Footprint =    32.16 kB
| Host Allocations =    43
| Peak Device Footprint =    12.21 GB
| Device Allocations =    36
------------------------------------------------

 @ Finish Output cuEST Memory Footprint


 @ Output Timing Information

------------- TIMING ---------------
| CUEST INITIALIZATION TIME =     0.409587000(  6.92%)
| INITIAL GUESS TIME  =     2.640807000( 44.60%)
| DFT GRID OPERATIONS =     0.001209000(  0.02%)
| TOTAL SCF TIME      =     0.766509000( 12.94%)
|       TOTAL OP TIME      =     0.513864000(  8.68%)
|             TOTAL 1e TIME      =     0.011372000(  0.19%)
|             TOTAL 2e TIME      =     0.163707000(  2.76%)
|             TOTAL EXC TIME     =     0.298314000(  5.04%)
|       TOTAL DII TIME      =     0.247050000(  4.17%)
|             TOTAL DIAG TIME    =     0.064635000(  1.09%)
| TOTAL GRADIENT TIME      =     1.051601000( 17.76%)
|       TOTAL 1e GRADIENT TIME      =     0.684009000(11.68%)
|       TOTAL 2e GRADIENT TIME      =     0.271849000( 4.59%)
|       TOTAL EXC GRADIENT TIME     =     0.087692000(  1.48%)
| TOTAL TIME          =     5.921444000
------------------------------------
| Job cpu time:  0 days  0 hours  0 minutes  5.9 seconds.

 @ Finish Output Timing Information

| Normal Termination. Task Finished on: Fri Aug 28 18:51:53 2026
