| *********************************************************************************************************
| **                                                                                                     **
| **           888888888888                                                                              **
| **         8888888888888888                                                                            **
| **      888888888888888888                                                                             **
| **     888888888888888888                                                                              **
| **    888888888888888                                                                                  **
| **   88888888888888888888                               88888                       8888:              **
| **   8888888888888888888888Z                            88888                       8888:              **
| **   888888888888888888888888?                          88888                       8888:              **
| **   8888888888888      8888888                                        888888       8888:              **
| **    88888888888         888888     8888:     88888    88888        888888888I     8888:    888888    **
| **    8888888888           88888:    8888:     88888    88888      $888888888888    8888:   888888     **
| **    I8Z 88888             88888    8888:     88888    88888    .888888     8888   8888: 888888       **
| **    .8Z 88888             88888    8888:     88888    88888    $88888             8888:88888         **
| **     8I 88888      .=88. .88888    8888:     88888    88888    88888              8888888888         **
| **    :8  88888      888888$8888$    8888:     88888    88888    8888O              88888888888        **
| **   ,7   +88888.     8888888888.    8888:     88888    88888    888888             88888O888888       **
| **         $888888:.   .8888888      88888....888888    88888     888888     8888   8888:  888888      **
| **          I8888888888888888888     888888888888888    88888     O888888888888O    8888:   888888     **
| **            O888888888888888888     88888888888888    88888       88888888888$    8888:    888888    **
| **               8888888Z     888      .8888I  88888    88888         8888888       8888:     888888   **
| **                                                                                                     **
| **                                                                                                     **
| **                                         Copyright (c) 2026                                          **
| **                          Regents of the University of California San Diego                          **
| **                                    & Michigan State University                                      **
| **                                        All Rights Reserved.                                         **
| **                                                                                                     **
| **             This software is subject to the terms of the Mozilla Public License, v. 2.0.            **
| **                                                                                                     **
| *********************************************************************************************************
|                                                                                                          
| Cite this work as:                                                                                       
| Manathunga, M.; O'Hearn, K. A.; Shajan, A.; Smith, J.; Miao, Y.; He, X.; Ayers, K.;                      
| Brothers, E.; Palos, E.; Tripathy, V.; Goetz, A.W.; Merz, K.M. QUICK-26.03.                              
| University of California,San Diego, CA and                                                               
| Michigan State University, East Lansing, MI, 2026                                                        
|                                                                                                          
| If you have any comments or queries, please reach out to us on GitHub issues or discussion sections:     
| https://github.com/merzlab/QUICK.                                                                        
|                                                                                                          
| TASK STARTS ON: Fri Aug 28 18:51:53 2026
| INPUT FILE :    /work2/11707/msun12/stampede3/quickruns/3446277/mph1/morphine_6-31+G**.in
| OUTPUT FILE:    /work2/11707/msun12/stampede3/quickruns/3446277/mph1/morphine_6-31+G**.out
| BASIS SET PATH: /home1/11707/msun12/QUICK-cuEST-install/basis

|------------ GPU INFORMATION ---------------
| CUDA ENABLED DEVICE         :        1
| CUDA DEVICE IN USE          :        0
| CUDA DEVICE NAME            : NVIDIA H100
| CUDA DEVICE PM              :      132
| CUDA DEVICE CORE FREQ(GHZ)  :     1.98
| CUDA DEVICE MEMORY SIZE (MB):    95321
| SUPPORTING CUDA VERSION     :      9.0
|--------------------------------------------

 @ Read Job And Atom

  KEYWORD=B3LYP BASIS=6-31+G** CUTOFF=1.0E-10 DENSERMS=1.0E-6 GRADIENT CUEST
 ============== JOB CARD =============
 METHOD = DENSITY FUNCTIONAL THEORY
 DENSITY FUNCTIONAL = B3LYP
 DIRECT SCF 
 SAD INITAL GUESS 
 USE DIIS SCF
 PRINT ENERGY EVERY CYCLE
 READ SAD GUESS FROM FILE
 STANDARD GRID = SG1
 Level shifting allowed after cycle    3
 DIIS error must exceed 0.100 for level shifting
 Max HOMO-LUMO gap to allow level shifting = 0.200
 GRADIENT CALCULATION
 MAX SCF CYCLES =    200
 MAX DIIS CYCLES =   10
 DELTA DENSITY START CYCLE =    3
 COMPUTATIONAL CUTOFF: 
      TWO-e INTEGRAL         =  0.100E-09
      BASIS SET PRIME        =  0.100E-10
      MATRIX ELEMENTS        =  0.100E-09
      BASIS FUNCTION         =  0.100E-05
      NEAR-LINEAR DEPENDENCY =  0.100E-04
      GRADIENT CUTOFF  =  0.100E-06
 DENSITY MATRIX MAXIMUM RMS FOR CONVERGENCE  =  0.100E-05
 BASIS SET = 6-31+G**,  TYPE = CARTESIAN
| BASIS FILE = /home1/11707/msun12/QUICK-cuEST-install/basis/6-31PLGDP.BAS
| DATA FILE  =    /work2/11707/msun12/stampede3/quickruns/3446277/mph1/morphine_6-31+G**.dat

 @ Finish reading job


 @ Begin SAD initial guess

 For Atom Kind =    1
 ELEMENT = O 
 BASIS FUNCTIONS =   19
 For Atom Kind =    2
 ELEMENT = N 
 BASIS FUNCTIONS =   19
 For Atom Kind =    3
 ELEMENT = C 
 BASIS FUNCTIONS =   19
 For Atom Kind =    4
 ELEMENT = H 
 BASIS FUNCTIONS =    5

 @ Finish SAD initial guess


 @ Begin Reading Molecular Information


 =========== Molecule Input ==========
 TOTAL MOLECULAR CHARGE  =    0    MULTIPLICITY                =    1
 TOTAL ATOM NUMBER       =   40    NUMBER OF ATOM TYPES        =    4
 NUMBER OF HYDROGEN ATOM =   19    NUMBER OF NON-HYDROGEN ATOM =   21
 NUMBER OF ELECTRONS     =  152

 -- INPUT GEOMETRY -- :
    O          -1.9930      -0.4740       1.2005
    O          -2.7826      -2.5168      -0.2218
    O          -3.6220       1.8421       0.5579
    N           3.1777      -0.0101       0.4474
    C           0.3699      -0.7149       0.6616
    C           1.2913      -1.3046      -0.4170
    C           2.3441      -0.2023      -0.7640
    C          -0.9377      -1.4750       0.9848
    C           1.1988      -0.3907       1.9201
    C          -0.2516       0.5302       0.1205
    C           1.6887       1.1052      -1.3279
    C           2.4315       0.4754       1.6126
    C           0.3384       1.4306      -0.7480
    C          -1.3631      -2.5067      -0.0924
    C           0.5066      -1.8183      -1.5971
    C          -1.5672       0.6306       0.5136
    C          -0.7155      -2.3492      -1.4425
    C           4.3733       0.7916       0.2084
    C          -0.4184       2.5415      -1.1246
    C          -2.3310       1.7217       0.1620
    C          -1.7382       2.6936      -0.6541
    H           1.8278      -2.1759      -0.0118
    H           3.0029      -0.6035      -1.5465
    H          -0.8451      -2.0128       1.9373
    H           1.5366      -1.3335       2.3712
    H           0.5899       0.1174       2.6790
    H           1.5474       0.9596      -2.4075
    H           2.3530       1.9680      -1.2194
    H           2.1271       1.5205       1.4760
    H           3.0801       0.4584       2.4975
    H          -1.0772      -3.5067       0.2593
    H           0.9601      -1.7947      -2.5831
    H          -1.2300      -2.7505      -2.3109
    H           4.1500       1.8479       0.0287
    H           4.9380       0.4055      -0.6472
    H           5.0444       0.7352       1.0730
    H          -0.0062       3.2824      -1.8043
    H          -2.3121       3.5638      -0.9645
    H          -3.1557      -2.6446       0.6672
    H          -3.8483       1.0686       1.1031

============== BASIS INFOS ==============
 BASIS FUNCTIONS =  494
 NSHELL =  162 NPRIM  =  805
 JSHELL =  162 JBASIS =  347


 @ End Reading Molecular Information 


 @ Begin XC Quadrature Formation

 OCTAGO: OCTree Algorithm for Grid Operations 
   PRUNING CUTOFF       = 0.100E-07
   INITIAL GRID POINTS  =      151424
|   FINAL GRID POINTS    =           0
|   SIGNIFICANT NUMBER OF BASIS FUNCTIONS     =           0
|   SIGNIFICANT NUMBER OF PRIMITIVE FUNCTIONS =           0

 @ End XC Quadrature Formation


 @ Begin Energy Calculation

| Number of total basis functions:    494
| Number of linearly independent basis functions:    484
| condition number of overlap matrix:    9.530E+07
| Smallest eigenvalue of overlap matrix:    2.230E-07

                                         SCF ENERGY
| ------------------------------------------------------------------------------------------------------------------------
| NCYC       ENERGY         DELTA_E      SCF_TIME  DII_CYC   DII_TIME   O_TIME  DIAG_TIME    MAX_ERR    RMS_CHG    MAX_CHG
| ------------------------------------------------------------------------------------------------------------------------
|  1   -928.991456648      ------         0.097     1        0.02      0.08      0.01    0.5317E+00  0.2734E+00  0.1840E+02
|  2   -835.987539244  -.930039E+02       0.064     2        0.02      0.04      0.01    0.2219E+01  0.2637E+00  0.1580E+02
|  3   -935.700784141  0.997132E+02       0.070     3        0.02      0.05      0.01    0.4045E+00  0.1606E+00  0.1100E+02
|   ***  Level shifting applied  ( HOMO-LUMO gap =  0.026 au ) ***
|  4   -924.073942202  -.116268E+02       0.069     4        0.02      0.05      0.01    0.8303E+00  0.1538E+00  0.1124E+02
|   ***  Level shifting applied  ( HOMO-LUMO gap =  0.004 au ) ***
|  5   -939.266467359  0.151925E+02       0.071     5        0.02      0.05      0.01    0.1630E+00  0.8661E-02  0.3874E+00
|   ***  Level shifting applied  ( HOMO-LUMO gap =  0.033 au ) ***
|  6   -939.584125893  0.317659E+00       0.067     6        0.02      0.04      0.01    0.7709E-01  0.7140E-02  0.4930E+00
|  7   -939.662326759  0.782009E-01       0.068     7        0.02      0.05      0.01    0.3254E-01  0.2649E-02  0.1569E+00
|  8   -939.671367171  0.904041E-02       0.068     8        0.02      0.04      0.01    0.2247E-01  0.1319E-02  0.6456E-01
|  9   -939.676645736  0.527856E-02       0.068     9        0.02      0.04      0.01    0.5110E-02  0.4237E-03  0.2605E-01
| 10   -939.676836934  0.191198E-03       0.067    10        0.02      0.04      0.01    0.2299E-02  0.1266E-03  0.4962E-02
| 11   -939.676920918  0.839834E-04       0.070     1        0.02      0.04      0.01    0.5870E-03  0.5098E-04  0.1854E-02
| 12   -939.676925226  0.430797E-05       0.069     2        0.02      0.04      0.01    0.3142E-03  0.1597E-04  0.6325E-03
| 13   -939.676926578  0.135170E-05       0.080     3        0.03      0.05      0.01    0.1036E-03  0.4096E-05  0.1333E-03
| 14   -939.676926628  0.502846E-07       0.069     4        0.02      0.04      0.01    0.4682E-04  0.1777E-05  0.1132E-03
| 15   -939.676926638  0.103578E-07       0.069     5        0.02      0.04      0.01    0.1610E-04  0.5533E-06  0.6323E-04
| ------------------------------------------------------------------------------------------------------------------------
| REACH CONVERGENCE AFTER  15 CYCLES
| MAX ERROR = 0.161010E-04   RMS CHANGE = 0.553295E-06   MAX CHANGE = 0.632313E-04
| -----------------------------------------------
 ALPHA ELECTRON DENSITY    =    75.9989724294
 BETA ELECTRON DENSITY     =    75.9989724294
 ELECTRONIC ENERGY    =  -2768.984197119
 CORE_CORE REPULSION  =   1829.307270481
 TOTAL ENERGY         =   -939.676926638

 @ End Energy calculation


 @ Begin Gradient Calculation

 ANALYTICAL GRADIENT: 
----------------------------------------
 COORDINATE    XYZ            GRADIENT
----------------------------------------
    1X    -1.9930001522    -0.0103733718
    1Y    -0.4740000362     0.0094110206
    1Z     1.2005000917     0.0124639415
    2X    -2.7826002125    -0.0077164851
    2Y    -2.5168001922     0.0048948816
    2Z    -0.2218000169     0.0028336736
    3X    -3.6220002766     0.0219077975
    3Y     1.8421001407    -0.0083887514
    3Z     0.5579000426    -0.0092833552
    4X     3.1777002427    -0.0386803561
    4Y    -0.0101000008     0.0179400994
    4Z     0.4474000342    -0.0105624718
    5X     0.3699000282     0.0550713390
    5Y    -0.7149000546     0.0189677657
    5Z     0.6616000505     0.0431555205
    6X     1.2913000986    -0.0140440082
    6Y    -1.3046000996    -0.0044226409
    6Z    -0.4170000318    -0.0067408883
    7X     2.3441001790     0.0085974821
    7Y    -0.2023000154    -0.0131598254
    7Z    -0.7640000583     0.0031488286
    8X    -0.9377000716    -0.0124770463
    8Y    -1.4750001126     0.0331473938
    8Z     0.9848000752    -0.0369315131
    9X     1.1988000915    -0.0261535275
    9Y    -0.3907000298    -0.0125371073
    9Z     1.9201001466    -0.0011033771
   10X    -0.2516000192     0.0251648697
   10Y     0.5302000405    -0.0695055599
   10Z     0.1205000092    -0.0683288995
   11X     1.6887001290     0.0363029972
   11Y     1.1052000844    -0.0340516394
   11Z    -1.3279001014    -0.0025985794
   12X     2.4315001857     0.0403006812
   12Y     0.4754000363     0.0019165089
   12Z     1.6126001231     0.0269722172
   13X     0.3384000258     0.0269132649
   13Y     1.4306001092     0.0602481532
   13Z    -0.7480000571     0.0253355803
   14X    -1.3631001041    -0.0039526353
   14Y    -2.5067001914    -0.0617465569
   14Z    -0.0924000071     0.0904163956
   15X     0.5066000387     0.0522554168
   15Y    -1.8183001389     0.0119961026
   15Z    -1.5971001220    -0.0718867706
   16X    -1.5672001197    -0.0988332260
   16Y     0.6306000482     0.0312170822
   16Z     0.5136000392     0.0228761817
   17X    -0.7155000546    -0.0399233978
   17Y    -2.3492001794    -0.0015701041
   17Z    -1.4425001102    -0.0241395743
   18X     4.3733003340     0.0014875604
   18Y     0.7916000604     0.0053214926
   18Z     0.2084000159    -0.0024324434
   19X    -0.4184000320     0.0131037083
   19Y     2.5415001941     0.0110584410
   19Z    -1.1246000859     0.0025974534
   20X    -2.3310001780    -0.0275276932
   20Y     1.7217001315    -0.0012834767
   20Z     0.1620000124     0.0132569374
   21X    -1.7382001327    -0.0504155983
   21Y     2.6936002057     0.0515348214
   21Z    -0.6541000499     0.0023605206
   22X     1.8278001396     0.0058737094
   22Y    -2.1759001662    -0.0090590373
   22Z    -0.0118000009     0.0001979323
   23X     3.0029002293     0.0085971781
   23Y    -0.6035000461    -0.0049058691
   23Z    -1.5465001181    -0.0105781880
   24X    -0.8451000645     0.0049465727
   24Y    -2.0128001537    -0.0039488738
   24Z     1.9373001479     0.0038039281
   25X     1.5366001173    -0.0093985408
   25Y    -1.3335001018     0.0205136458
   25Z     2.3712001811    -0.0100014249
   26X     0.5899000450     0.0067611386
   26Y     0.1174000090    -0.0097856978
   26Z     2.6790002046    -0.0072583623
   27X     1.5474001182    -0.0023720940
   27Y     0.9596000733     0.0054613428
   27Z    -2.4075001838    -0.0011277312
   28X     2.3530001797    -0.0126561350
   28Y     1.9680001503    -0.0141893761
   28Z    -1.2194000931     0.0008931146
   29X     2.1271001624     0.0072750244
   29Y     1.5205001161    -0.0099077732
   29Z     1.4760001127     0.0078669680
   30X     3.0801002352    -0.0004886563
   30Y     0.4584000350    -0.0024370032
   30Z     2.4975001907    -0.0065664584
   31X    -1.0772000823    -0.0168647137
   31Y    -3.5067002678     0.0191233787
   31Z     0.2593000198    -0.0059386735
   32X     0.9601000733    -0.0010633111
   32Y    -1.7947001371    -0.0052969846
   32Z    -2.5831001973     0.0066690827
   33X    -1.2300000939     0.0170798552
   33Y    -2.7505002100     0.0015871192
   33Z    -2.3109001765     0.0078565625
   34X     4.1500003169     0.0005772066
   34Y     1.8479001411    -0.0077713627
   34Z     0.0287000022    -0.0007786847
   35X     4.9380003771    -0.0039564455
   35Y     0.4055000310     0.0057840078
   35Z    -0.6472000494     0.0077101517
   36X     5.0444003852     0.0056815058
   36Y     0.7352000561    -0.0012467462
   36Z     1.0730000819    -0.0015467288
   37X    -0.0062000005     0.0098546044
   37Y     3.2824002507     0.0041953410
   37Z    -1.8043001378    -0.0075209917
   38X    -2.3121001766     0.0293870000
   38Y     3.5638002721    -0.0318579315
   38Z    -0.9645000737     0.0080102217
   39X    -3.1557002410     0.0028756060
   39Y    -2.6446002020    -0.0040204721
   39Z     0.6672000509    -0.0082229731
   40X    -3.8483002939    -0.0031172762
   40Y     1.0686000816    -0.0032258084
   40Z     1.1031000842     0.0051228771
----------------------------------------

 @ End Gradient Calculation

  Skipping one-electron property calculation.

 @ Output cuEST Memory Footprint

------------- cuEST MEMORY USAGE ---------------
| Peak Host Footprint =    33.50 kB
| Host Allocations =    43
| Peak Device Footprint =    13.51 GB
| Device Allocations =    36
------------------------------------------------

 @ Finish Output cuEST Memory Footprint


 @ Output Timing Information

------------- TIMING ---------------
| CUEST INITIALIZATION TIME =     0.426381000(  6.49%)
| INITIAL GUESS TIME  =     2.645813000( 40.26%)
| DFT GRID OPERATIONS =     0.001174000(  0.02%)
| TOTAL SCF TIME      =     1.079691000( 16.43%)
|       TOTAL OP TIME      =     0.723927000( 11.02%)
|             TOTAL 1e TIME      =     0.014527000(  0.22%)
|             TOTAL 2e TIME      =     0.258034000(  3.93%)
|             TOTAL EXC TIME     =     0.388372000(  5.91%)
|       TOTAL DII TIME      =     0.345327000(  5.25%)
|             TOTAL DIAG TIME    =     0.088384000(  1.34%)
| TOTAL GRADIENT TIME      =     1.451081000( 22.08%)
|       TOTAL 1e GRADIENT TIME      =     0.979060000(15.04%)
|       TOTAL 2e GRADIENT TIME      =     0.345607000( 5.26%)
|       TOTAL EXC GRADIENT TIME     =     0.115993000(  1.77%)
| TOTAL TIME          =     6.571767000
------------------------------------
| Job cpu time:  0 days  0 hours  0 minutes  6.6 seconds.

 @ Finish Output Timing Information

| Normal Termination. Task Finished on: Fri Aug 28 18:52:00 2026
