| *********************************************************************************************************
| **                                                                                                     **
| **           888888888888                                                                              **
| **         8888888888888888                                                                            **
| **      888888888888888888                                                                             **
| **     888888888888888888                                                                              **
| **    888888888888888                                                                                  **
| **   88888888888888888888                               88888                       8888:              **
| **   8888888888888888888888Z                            88888                       8888:              **
| **   888888888888888888888888?                          88888                       8888:              **
| **   8888888888888      8888888                                        888888       8888:              **
| **    88888888888         888888     8888:     88888    88888        888888888I     8888:    888888    **
| **    8888888888           88888:    8888:     88888    88888      $888888888888    8888:   888888     **
| **    I8Z 88888             88888    8888:     88888    88888    .888888     8888   8888: 888888       **
| **    .8Z 88888             88888    8888:     88888    88888    $88888             8888:88888         **
| **     8I 88888      .=88. .88888    8888:     88888    88888    88888              8888888888         **
| **    :8  88888      888888$8888$    8888:     88888    88888    8888O              88888888888        **
| **   ,7   +88888.     8888888888.    8888:     88888    88888    888888             88888O888888       **
| **         $888888:.   .8888888      88888....888888    88888     888888     8888   8888:  888888      **
| **          I8888888888888888888     888888888888888    88888     O888888888888O    8888:   888888     **
| **            O888888888888888888     88888888888888    88888       88888888888$    8888:    888888    **
| **               8888888Z     888      .8888I  88888    88888         8888888       8888:     888888   **
| **                                                                                                     **
| **                                                                                                     **
| **                                         Copyright (c) 2026                                          **
| **                          Regents of the University of California San Diego                          **
| **                                    & Michigan State University                                      **
| **                                        All Rights Reserved.                                         **
| **                                                                                                     **
| **             This software is subject to the terms of the Mozilla Public License, v. 2.0.            **
| **                                                                                                     **
| *********************************************************************************************************
|                                                                                                          
| Cite this work as:                                                                                       
| Manathunga, M.; O'Hearn, K. A.; Shajan, A.; Smith, J.; Miao, Y.; He, X.; Ayers, K.;                      
| Brothers, E.; Palos, E.; Tripathy, V.; Goetz, A.W.; Merz, K.M. QUICK-26.03.                              
| University of California,San Diego, CA and                                                               
| Michigan State University, East Lansing, MI, 2026                                                        
|                                                                                                          
| If you have any comments or queries, please reach out to us on GitHub issues or discussion sections:     
| https://github.com/merzlab/QUICK.                                                                        
|                                                                                                          
| TASK STARTS ON: Fri Aug 28 18:51:41 2026
| INPUT FILE :    /work2/11707/msun12/stampede3/quickruns/3446277/mph1/morphine_6-31G*.in
| OUTPUT FILE:    /work2/11707/msun12/stampede3/quickruns/3446277/mph1/morphine_6-31G*.out
| BASIS SET PATH: /home1/11707/msun12/QUICK-cuEST-install/basis

|------------ GPU INFORMATION ---------------
| CUDA ENABLED DEVICE         :        1
| CUDA DEVICE IN USE          :        0
| CUDA DEVICE NAME            : NVIDIA H100
| CUDA DEVICE PM              :      132
| CUDA DEVICE CORE FREQ(GHZ)  :     1.98
| CUDA DEVICE MEMORY SIZE (MB):    95321
| SUPPORTING CUDA VERSION     :      9.0
|--------------------------------------------

 @ Read Job And Atom

  KEYWORD=B3LYP BASIS=6-31G* CUTOFF=1.0E-10 DENSERMS=1.0E-6 GRADIENT CUEST
 ============== JOB CARD =============
 METHOD = DENSITY FUNCTIONAL THEORY
 DENSITY FUNCTIONAL = B3LYP
 DIRECT SCF 
 SAD INITAL GUESS 
 USE DIIS SCF
 PRINT ENERGY EVERY CYCLE
 READ SAD GUESS FROM FILE
 STANDARD GRID = SG1
 Level shifting allowed after cycle    3
 DIIS error must exceed 0.100 for level shifting
 Max HOMO-LUMO gap to allow level shifting = 0.200
 GRADIENT CALCULATION
 MAX SCF CYCLES =    200
 MAX DIIS CYCLES =   10
 DELTA DENSITY START CYCLE =    3
 COMPUTATIONAL CUTOFF: 
      TWO-e INTEGRAL         =  0.100E-09
      BASIS SET PRIME        =  0.100E-10
      MATRIX ELEMENTS        =  0.100E-09
      BASIS FUNCTION         =  0.100E-05
      NEAR-LINEAR DEPENDENCY =  0.100E-04
      GRADIENT CUTOFF  =  0.100E-06
 DENSITY MATRIX MAXIMUM RMS FOR CONVERGENCE  =  0.100E-05
 BASIS SET = 6-31G*,  TYPE = CARTESIAN
| BASIS FILE = /home1/11707/msun12/QUICK-cuEST-install/basis/6-31GD.BAS
| DATA FILE  =    /work2/11707/msun12/stampede3/quickruns/3446277/mph1/morphine_6-31G*.dat

 @ Finish reading job


 @ Begin SAD initial guess

 For Atom Kind =    1
 ELEMENT = O 
 BASIS FUNCTIONS =   15
 For Atom Kind =    2
 ELEMENT = N 
 BASIS FUNCTIONS =   15
 For Atom Kind =    3
 ELEMENT = C 
 BASIS FUNCTIONS =   15
 For Atom Kind =    4
 ELEMENT = H 
 BASIS FUNCTIONS =    2

 @ Finish SAD initial guess


 @ Begin Reading Molecular Information


 =========== Molecule Input ==========
 TOTAL MOLECULAR CHARGE  =    0    MULTIPLICITY                =    1
 TOTAL ATOM NUMBER       =   40    NUMBER OF ATOM TYPES        =    4
 NUMBER OF HYDROGEN ATOM =   19    NUMBER OF NON-HYDROGEN ATOM =   21
 NUMBER OF ELECTRONS     =  152

 -- INPUT GEOMETRY -- :
    O          -1.9930      -0.4740       1.2005
    O          -2.7826      -2.5168      -0.2218
    O          -3.6220       1.8421       0.5579
    N           3.1777      -0.0101       0.4474
    C           0.3699      -0.7149       0.6616
    C           1.2913      -1.3046      -0.4170
    C           2.3441      -0.2023      -0.7640
    C          -0.9377      -1.4750       0.9848
    C           1.1988      -0.3907       1.9201
    C          -0.2516       0.5302       0.1205
    C           1.6887       1.1052      -1.3279
    C           2.4315       0.4754       1.6126
    C           0.3384       1.4306      -0.7480
    C          -1.3631      -2.5067      -0.0924
    C           0.5066      -1.8183      -1.5971
    C          -1.5672       0.6306       0.5136
    C          -0.7155      -2.3492      -1.4425
    C           4.3733       0.7916       0.2084
    C          -0.4184       2.5415      -1.1246
    C          -2.3310       1.7217       0.1620
    C          -1.7382       2.6936      -0.6541
    H           1.8278      -2.1759      -0.0118
    H           3.0029      -0.6035      -1.5465
    H          -0.8451      -2.0128       1.9373
    H           1.5366      -1.3335       2.3712
    H           0.5899       0.1174       2.6790
    H           1.5474       0.9596      -2.4075
    H           2.3530       1.9680      -1.2194
    H           2.1271       1.5205       1.4760
    H           3.0801       0.4584       2.4975
    H          -1.0772      -3.5067       0.2593
    H           0.9601      -1.7947      -2.5831
    H          -1.2300      -2.7505      -2.3109
    H           4.1500       1.8479       0.0287
    H           4.9380       0.4055      -0.6472
    H           5.0444       0.7352       1.0730
    H          -0.0062       3.2824      -1.8043
    H          -2.3121       3.5638      -0.9645
    H          -3.1557      -2.6446       0.6672
    H          -3.8483       1.0686       1.1031

============== BASIS INFOS ==============
 BASIS FUNCTIONS =  353
 NSHELL =  122 NPRIM  =  664
 JSHELL =  122 JBASIS =  307


 @ End Reading Molecular Information 


 @ Begin XC Quadrature Formation

 OCTAGO: OCTree Algorithm for Grid Operations 
   PRUNING CUTOFF       = 0.100E-06
   INITIAL GRID POINTS  =      151424
|   FINAL GRID POINTS    =           0
|   SIGNIFICANT NUMBER OF BASIS FUNCTIONS     =           0
|   SIGNIFICANT NUMBER OF PRIMITIVE FUNCTIONS =           0

 @ End XC Quadrature Formation


 @ Begin Energy Calculation

| condition number of overlap matrix:    2.827E+04
| Smallest eigenvalue of overlap matrix:    3.053E-04

                                         SCF ENERGY
| ------------------------------------------------------------------------------------------------------------------------
| NCYC       ENERGY         DELTA_E      SCF_TIME  DII_CYC   DII_TIME   O_TIME  DIAG_TIME    MAX_ERR    RMS_CHG    MAX_CHG
| ------------------------------------------------------------------------------------------------------------------------
|  1   -929.889820548      ------         0.071     1        0.01      0.06      0.00    0.5021E+00  0.6705E-01  0.5399E+01
|  2   -895.182289541  -.347075E+02       0.044     2        0.01      0.03      0.00    0.1330E+01  0.7996E-01  0.5538E+01
|  3   -904.942940885  0.976065E+01       0.051     3        0.02      0.03      0.00    0.8319E+00  0.4662E-01  0.3634E+01
|   ***  Level shifting applied  ( HOMO-LUMO gap =  0.012 au ) ***
|  4   -939.111479240  0.341685E+02       0.048     4        0.01      0.03      0.00    0.2408E+00  0.1170E-01  0.3967E+00
|   ***  Level shifting applied  ( HOMO-LUMO gap =  0.195 au ) ***
|  5   -939.038840758  -.726385E-01       0.049     5        0.02      0.03      0.00    0.2829E+00  0.5074E-02  0.1608E+00
|   ***  Level shifting applied  ( HOMO-LUMO gap =  0.035 au ) ***
|  6   -939.585650556  0.546810E+00       0.047     6        0.01      0.03      0.00    0.5104E-01  0.1767E-02  0.6961E-01
|  7   -939.604162164  0.185116E-01       0.046     7        0.01      0.03      0.00    0.2014E-01  0.4191E-03  0.1700E-01
|  8   -939.606181744  0.201958E-02       0.047     8        0.01      0.03      0.00    0.1033E-01  0.1575E-03  0.7454E-02
|  9   -939.606437346  0.255603E-03       0.046     9        0.01      0.03      0.00    0.1983E-02  0.5328E-04  0.1409E-02
| 10   -939.606478174  0.408281E-04       0.046    10        0.01      0.03      0.00    0.4180E-03  0.1510E-04  0.4411E-03
| 11   -939.606480982  0.280704E-05       0.046     1        0.01      0.03      0.00    0.2091E-03  0.6259E-05  0.2273E-03
| 12   -939.606481407  0.425356E-06       0.046     2        0.01      0.03      0.00    0.7329E-04  0.2510E-05  0.1014E-03
| 13   -939.606481468  0.606319E-07       0.046     3        0.01      0.03      0.00    0.4583E-04  0.7433E-06  0.3005E-04
| ------------------------------------------------------------------------------------------------------------------------
| REACH CONVERGENCE AFTER  13 CYCLES
| MAX ERROR = 0.458292E-04   RMS CHANGE = 0.743340E-06   MAX CHANGE = 0.300511E-04
| -----------------------------------------------
 ALPHA ELECTRON DENSITY    =    75.9993458930
 BETA ELECTRON DENSITY     =    75.9993458930
 ELECTRONIC ENERGY    =  -2768.913751948
 CORE_CORE REPULSION  =   1829.307270481
 TOTAL ENERGY         =   -939.606481468

 @ End Energy calculation


 @ Begin Gradient Calculation

 ANALYTICAL GRADIENT: 
----------------------------------------
 COORDINATE    XYZ            GRADIENT
----------------------------------------
    1X    -1.9930001522    -0.0061200094
    1Y    -0.4740000362     0.0075467122
    1Z     1.2005000917    -0.0030856941
    2X    -2.7826002125     0.0019418613
    2Y    -2.5168001922     0.0015486172
    2Z    -0.2218000169     0.0070157986
    3X    -3.6220002766     0.0129801230
    3Y     1.8421001407    -0.0026705609
    3Z     0.5579000426    -0.0038931076
    4X     3.1777002427    -0.0045374260
    4Y    -0.0101000008     0.0035159230
    4Z     0.4474000342     0.0023936170
    5X     0.3699000282     0.0073916308
    5Y    -0.7149000546    -0.0050060716
    5Z     0.6616000505    -0.0028881283
    6X     1.2913000986    -0.0018422098
    6Y    -1.3046000996     0.0015936233
    6Z    -0.4170000318     0.0064650761
    7X     2.3441001790     0.0008758435
    7Y    -0.2023000154    -0.0011715514
    7Z    -0.7640000583    -0.0090638993
    8X    -0.9377000716    -0.0057876383
    8Y    -1.4750001126     0.0141364832
    8Z     0.9848000752    -0.0143893857
    9X     1.1988000915    -0.0055616647
    9Y    -0.3907000298     0.0045850875
    9Z     1.9201001466    -0.0032193214
   10X    -0.2516000192    -0.0039913760
   10Y     0.5302000405    -0.0106108060
   10Z     0.1205000092     0.0101047526
   11X     1.6887001290     0.0010971747
   11Y     1.1052000844     0.0072662816
   11Z    -1.3279001014     0.0039071614
   12X     2.4315001857     0.0033535011
   12Y     0.4754000363     0.0032261144
   12Z     1.6126001231     0.0015646089
   13X     0.3384000258    -0.0013210211
   13Y     1.4306001092    -0.0011996673
   13Z    -0.7480000571    -0.0021210204
   14X    -1.3631001041     0.0130185876
   14Y    -2.5067001914     0.0043580844
   14Z    -0.0924000071     0.0026795251
   15X     0.5066000387     0.0100821696
   15Y    -1.8183001389     0.0015303850
   15Z    -1.5971001220    -0.0042445891
   16X    -1.5672001197    -0.0118016307
   16Y     0.6306000482     0.0013857150
   16Z     0.5136000392     0.0031268067
   17X    -0.7155000546    -0.0062448729
   17Y    -2.3492001794    -0.0090103403
   17Z    -1.4425001102     0.0041197155
   18X     4.3733003340    -0.0000391638
   18Y     0.7916000604     0.0064917460
   18Z     0.2084000159    -0.0024057374
   19X    -0.4184000320     0.0135042073
   19Y     2.5415001941    -0.0020634833
   19Z    -1.1246000859    -0.0039196698
   20X    -2.3310001780     0.0032727388
   20Y     1.7217001315    -0.0057269575
   20Z     0.1620000124     0.0027674004
   21X    -1.7382001327    -0.0103674310
   21Y     2.6936002057    -0.0038563065
   21Z    -0.6541000499     0.0058868575
   22X     1.8278001396    -0.0051384964
   22Y    -2.1759001662    -0.0044184829
   22Z    -0.0118000009    -0.0027773039
   23X     3.0029002293    -0.0011492357
   23Y    -0.6035000461    -0.0007930095
   23Z    -1.5465001181    -0.0027001124
   24X    -0.8451000645     0.0029818129
   24Y    -2.0128001537    -0.0027408209
   24Z     1.9373001479    -0.0002388328
   25X     1.5366001173    -0.0002209928
   25Y    -1.3335001018     0.0012799846
   25Z     2.3712001811     0.0007749428
   26X     0.5899000450     0.0012307032
   26Y     0.1174000090     0.0000878220
   26Z     2.6790002046     0.0023126884
   27X     1.5474001182    -0.0021511051
   27Y     0.9596000733    -0.0013358780
   27Z    -2.4075001838     0.0013666085
   28X     2.3530001797    -0.0046917917
   28Y     1.9680001503     0.0019423335
   28Z    -1.2194000931     0.0005142620
   29X     2.1271001624     0.0025795415
   29Y     1.5205001161    -0.0056996346
   29Z     1.4760001127    -0.0004526786
   30X     3.0801002352    -0.0030044296
   30Y     0.4584000350     0.0001514370
   30Z     2.4975001907     0.0024725757
   31X    -1.0772000823    -0.0069043388
   31Y    -3.5067002678     0.0018631781
   31Z     0.2593000198    -0.0052205748
   32X     0.9601000733    -0.0020136332
   32Y    -1.7947001371    -0.0005059200
   32Z    -2.5831001973     0.0014102022
   33X    -1.2300000939     0.0045838126
   33Y    -2.7505002100     0.0015216021
   33Z    -2.3109001765    -0.0026228532
   34X     4.1500003169    -0.0009298185
   34Y     1.8479001411    -0.0073175128
   34Z     0.0287000022     0.0014818433
   35X     4.9380003771     0.0026899623
   35Y     0.4055000310     0.0009058078
   35Z    -0.6472000494     0.0015597030
   36X     5.0444003852     0.0020346799
   36Y     0.7352000561     0.0001141116
   36Z     1.0730000819    -0.0019746589
   37X    -0.0062000005     0.0003122973
   37Y     3.2824002507    -0.0005838180
   37Z    -1.8043001378     0.0000745047
   38X    -2.3121001766     0.0020466518
   38Y     3.5638002721     0.0024784767
   38Z    -0.9645000737    -0.0022527877
   39X    -3.1557002410    -0.0014605180
   39Y    -2.6446002020    -0.0015440501
   39Z     0.6672000509     0.0031434667
   40X    -3.8483002939    -0.0006984958
   40Y     1.0686000816    -0.0012746548
   40Z     1.1031000842     0.0023282382
----------------------------------------

 @ End Gradient Calculation

  Skipping one-electron property calculation.

 @ Output cuEST Memory Footprint

------------- cuEST MEMORY USAGE ---------------
| Peak Host Footprint =    31.55 kB
| Host Allocations =    43
| Peak Device Footprint =    11.87 GB
| Device Allocations =    36
------------------------------------------------

 @ Finish Output cuEST Memory Footprint


 @ Output Timing Information

------------- TIMING ---------------
| CUEST INITIALIZATION TIME =     0.382960000(  6.89%)
| INITIAL GUESS TIME  =     2.612700000( 47.03%)
| DFT GRID OPERATIONS =     0.001134000(  0.02%)
| TOTAL SCF TIME      =     0.644060000( 11.59%)
|       TOTAL OP TIME      =     0.463169000(  8.34%)
|             TOTAL 1e TIME      =     0.009689000(  0.17%)
|             TOTAL 2e TIME      =     0.137292000(  2.47%)
|             TOTAL EXC TIME     =     0.287068000(  5.17%)
|       TOTAL DII TIME      =     0.176969000(  3.19%)
|             TOTAL DIAG TIME    =     0.056542000(  1.02%)
| TOTAL GRADIENT TIME      =     0.934425000( 16.82%)
|       TOTAL 1e GRADIENT TIME      =     0.581204000(10.57%)
|       TOTAL 2e GRADIENT TIME      =     0.246754000( 4.44%)
|       TOTAL EXC GRADIENT TIME     =     0.100052000(  1.80%)
| TOTAL TIME          =     5.555856000
------------------------------------
| Job cpu time:  0 days  0 hours  0 minutes  5.6 seconds.

 @ Finish Output Timing Information

| Normal Termination. Task Finished on: Fri Aug 28 18:51:47 2026
