| *********************************************************************************************************
| **                                                                                                     **
| **           888888888888                                                                              **
| **         8888888888888888                                                                            **
| **      888888888888888888                                                                             **
| **     888888888888888888                                                                              **
| **    888888888888888                                                                                  **
| **   88888888888888888888                               88888                       8888:              **
| **   8888888888888888888888Z                            88888                       8888:              **
| **   888888888888888888888888?                          88888                       8888:              **
| **   8888888888888      8888888                                        888888       8888:              **
| **    88888888888         888888     8888:     88888    88888        888888888I     8888:    888888    **
| **    8888888888           88888:    8888:     88888    88888      $888888888888    8888:   888888     **
| **    I8Z 88888             88888    8888:     88888    88888    .888888     8888   8888: 888888       **
| **    .8Z 88888             88888    8888:     88888    88888    $88888             8888:88888         **
| **     8I 88888      .=88. .88888    8888:     88888    88888    88888              8888888888         **
| **    :8  88888      888888$8888$    8888:     88888    88888    8888O              88888888888        **
| **   ,7   +88888.     8888888888.    8888:     88888    88888    888888             88888O888888       **
| **         $888888:.   .8888888      88888....888888    88888     888888     8888   8888:  888888      **
| **          I8888888888888888888     888888888888888    88888     O888888888888O    8888:   888888     **
| **            O888888888888888888     88888888888888    88888       88888888888$    8888:    888888    **
| **               8888888Z     888      .8888I  88888    88888         8888888       8888:     888888   **
| **                                                                                                     **
| **                                                                                                     **
| **                                         Copyright (c) 2026                                          **
| **                          Regents of the University of California San Diego                          **
| **                                    & Michigan State University                                      **
| **                                        All Rights Reserved.                                         **
| **                                                                                                     **
| **             This software is subject to the terms of the Mozilla Public License, v. 2.0.            **
| **                                                                                                     **
| *********************************************************************************************************
|                                                                                                          
| Cite this work as:                                                                                       
| Manathunga, M.; O'Hearn, K. A.; Shajan, A.; Smith, J.; Miao, Y.; He, X.; Ayers, K.;                      
| Brothers, E.; Palos, E.; Tripathy, V.; Goetz, A.W.; Merz, K.M. QUICK-26.03.                              
| University of California,San Diego, CA and                                                               
| Michigan State University, East Lansing, MI, 2026                                                        
|                                                                                                          
| If you have any comments or queries, please reach out to us on GitHub issues or discussion sections:     
| https://github.com/merzlab/QUICK.                                                                        
|                                                                                                          
| TASK STARTS ON: Fri Aug 28 18:52:12 2026
| INPUT FILE :    /work2/11707/msun12/stampede3/quickruns/3446277/mph1/morphine_def2-TZVP.in
| OUTPUT FILE:    /work2/11707/msun12/stampede3/quickruns/3446277/mph1/morphine_def2-TZVP.out
| BASIS SET PATH: /home1/11707/msun12/QUICK-cuEST-install/basis

|------------ GPU INFORMATION ---------------
| CUDA ENABLED DEVICE         :        1
| CUDA DEVICE IN USE          :        0
| CUDA DEVICE NAME            : NVIDIA H100
| CUDA DEVICE PM              :      132
| CUDA DEVICE CORE FREQ(GHZ)  :     1.98
| CUDA DEVICE MEMORY SIZE (MB):    95321
| SUPPORTING CUDA VERSION     :      9.0
|--------------------------------------------

 @ Read Job And Atom

  KEYWORD=B3LYP BASIS=DEF2-TZVP CUTOFF=1.0E-10 DENSERMS=1.0E-6 GRADIENT CUEST
 ============== JOB CARD =============
 METHOD = DENSITY FUNCTIONAL THEORY
 DENSITY FUNCTIONAL = B3LYP
 DIRECT SCF 
 SAD INITAL GUESS 
 USE DIIS SCF
 PRINT ENERGY EVERY CYCLE
 READ SAD GUESS FROM FILE
 STANDARD GRID = SG1
 Level shifting allowed after cycle    3
 DIIS error must exceed 0.100 for level shifting
 Max HOMO-LUMO gap to allow level shifting = 0.200
 GRADIENT CALCULATION
 MAX SCF CYCLES =    200
 MAX DIIS CYCLES =   10
 DELTA DENSITY START CYCLE =    3
 COMPUTATIONAL CUTOFF: 
      TWO-e INTEGRAL         =  0.100E-09
      BASIS SET PRIME        =  0.100E-10
      MATRIX ELEMENTS        =  0.100E-09
      BASIS FUNCTION         =  0.100E-05
      NEAR-LINEAR DEPENDENCY =  0.100E-04
      GRADIENT CUTOFF  =  0.100E-06
 DENSITY MATRIX MAXIMUM RMS FOR CONVERGENCE  =  0.100E-05
 BASIS SET = DEF2-TZVP,  TYPE = CARTESIAN
| BASIS FILE = /home1/11707/msun12/QUICK-cuEST-install/basis/DEF2-TZVP.BAS
| DATA FILE  =    /work2/11707/msun12/stampede3/quickruns/3446277/mph1/morphine_def2-TZVP.dat

 @ Finish reading job


 @ Begin SAD initial guess

 For Atom Kind =    1
 ELEMENT = O 
 BASIS FUNCTIONS =   36
 For Atom Kind =    2
 ELEMENT = N 
 BASIS FUNCTIONS =   36
 For Atom Kind =    3
 ELEMENT = C 
 BASIS FUNCTIONS =   36
 For Atom Kind =    4
 ELEMENT = H 
 BASIS FUNCTIONS =    6

 @ Finish SAD initial guess


 @ Begin Reading Molecular Information


 =========== Molecule Input ==========
 TOTAL MOLECULAR CHARGE  =    0    MULTIPLICITY                =    1
 TOTAL ATOM NUMBER       =   40    NUMBER OF ATOM TYPES        =    4
 NUMBER OF HYDROGEN ATOM =   19    NUMBER OF NON-HYDROGEN ATOM =   21
 NUMBER OF ELECTRONS     =  152

 -- INPUT GEOMETRY -- :
    O          -1.9930      -0.4740       1.2005
    O          -2.7826      -2.5168      -0.2218
    O          -3.6220       1.8421       0.5579
    N           3.1777      -0.0101       0.4474
    C           0.3699      -0.7149       0.6616
    C           1.2913      -1.3046      -0.4170
    C           2.3441      -0.2023      -0.7640
    C          -0.9377      -1.4750       0.9848
    C           1.1988      -0.3907       1.9201
    C          -0.2516       0.5302       0.1205
    C           1.6887       1.1052      -1.3279
    C           2.4315       0.4754       1.6126
    C           0.3384       1.4306      -0.7480
    C          -1.3631      -2.5067      -0.0924
    C           0.5066      -1.8183      -1.5971
    C          -1.5672       0.6306       0.5136
    C          -0.7155      -2.3492      -1.4425
    C           4.3733       0.7916       0.2084
    C          -0.4184       2.5415      -1.1246
    C          -2.3310       1.7217       0.1620
    C          -1.7382       2.6936      -0.6541
    H           1.8278      -2.1759      -0.0118
    H           3.0029      -0.6035      -1.5465
    H          -0.8451      -2.0128       1.9373
    H           1.5366      -1.3335       2.3712
    H           0.5899       0.1174       2.6790
    H           1.5474       0.9596      -2.4075
    H           2.3530       1.9680      -1.2194
    H           2.1271       1.5205       1.4760
    H           3.0801       0.4584       2.4975
    H          -1.0772      -3.5067       0.2593
    H           0.9601      -1.7947      -2.5831
    H          -1.2300      -2.7505      -2.3109
    H           4.1500       1.8479       0.0287
    H           4.9380       0.4055      -0.6472
    H           5.0444       0.7352       1.0730
    H          -0.0062       3.2824      -1.8043
    H          -2.3121       3.5638      -0.9645
    H          -3.1557      -2.6446       0.6672
    H          -3.8483       1.0686       1.1031

============== BASIS INFOS ==============
 BASIS FUNCTIONS =  870
 NSHELL =  307 NPRIM  = 1223
 JSHELL =  307 JBASIS =  534


 @ End Reading Molecular Information 


 @ Begin XC Quadrature Formation

 OCTAGO: OCTree Algorithm for Grid Operations 
   PRUNING CUTOFF       = 0.100E-06
   INITIAL GRID POINTS  =      151424
|   FINAL GRID POINTS    =           0
|   SIGNIFICANT NUMBER OF BASIS FUNCTIONS     =           0
|   SIGNIFICANT NUMBER OF PRIMITIVE FUNCTIONS =           0

 @ End XC Quadrature Formation


 @ Begin Energy Calculation

| Number of total basis functions:    870
| Number of linearly independent basis functions:    868
| condition number of overlap matrix:    4.930E+06
| Smallest eigenvalue of overlap matrix:    3.927E-06

                                         SCF ENERGY
| ------------------------------------------------------------------------------------------------------------------------
| NCYC       ENERGY         DELTA_E      SCF_TIME  DII_CYC   DII_TIME   O_TIME  DIAG_TIME    MAX_ERR    RMS_CHG    MAX_CHG
| ------------------------------------------------------------------------------------------------------------------------
|  1   -930.424169445      ------         0.238     1        0.04      0.19      0.01    0.4732E+00  0.4511E-01  0.1143E+02
|  2   -873.378087856  -.570461E+02       0.140     2        0.04      0.10      0.01    0.1314E+01  0.5368E-01  0.1027E+02
|  3   -902.387625460  0.290095E+02       0.154     3        0.05      0.10      0.01    0.9023E+00  0.3950E-01  0.7038E+01
|   ***  Level shifting applied  ( HOMO-LUMO gap =  0.003 au ) ***
|  4   -939.402592833  0.370150E+02       0.155     4        0.05      0.10      0.01    0.3036E+00  0.1269E-01  0.1388E+01
|   ***  Level shifting applied  ( HOMO-LUMO gap =  0.173 au ) ***
|  5   -938.173336280  -.122926E+01       0.157     5        0.06      0.10      0.01    0.4124E+00  0.8512E-02  0.9385E+00
|   ***  Level shifting applied  ( HOMO-LUMO gap =  0.008 au ) ***
|  6   -939.873167061  0.169983E+01       0.151     6        0.05      0.10      0.01    0.8722E-01  0.3279E-02  0.3061E+00
|  7   -939.968414141  0.952471E-01       0.152     7        0.05      0.10      0.01    0.3806E-01  0.4283E-03  0.3782E-01
|  8   -939.979174184  0.107600E-01       0.154     8        0.05      0.10      0.01    0.9192E-02  0.1517E-03  0.8774E-02
|  9   -939.979701298  0.527114E-03       0.153     9        0.05      0.10      0.01    0.4341E-02  0.7043E-04  0.4196E-02
| 10   -939.979998773  0.297474E-03       0.156    10        0.06      0.10      0.01    0.1197E-02  0.1723E-04  0.1675E-02
| 11   -939.980018391  0.196181E-04       0.174     1        0.07      0.10      0.01    0.5735E-03  0.6712E-05  0.5224E-03
| 12   -939.980021401  0.301002E-05       0.167     2        0.07      0.10      0.01    0.1952E-03  0.2205E-05  0.1333E-03
| 13   -939.980021625  0.223657E-06       0.167     3        0.07      0.10      0.01    0.7673E-04  0.8309E-06  0.8194E-04
| ------------------------------------------------------------------------------------------------------------------------
| REACH CONVERGENCE AFTER  13 CYCLES
| MAX ERROR = 0.767304E-04   RMS CHANGE = 0.830868E-06   MAX CHANGE = 0.819355E-04
| -----------------------------------------------
 ALPHA ELECTRON DENSITY    =    75.9989817304
 BETA ELECTRON DENSITY     =    75.9989817304
 ELECTRONIC ENERGY    =  -2769.287292105
 CORE_CORE REPULSION  =   1829.307270481
 TOTAL ENERGY         =   -939.980021625

 @ End Energy calculation


 @ Begin Gradient Calculation

 ANALYTICAL GRADIENT: 
----------------------------------------
 COORDINATE    XYZ            GRADIENT
----------------------------------------
    1X    -1.9930001522     1.4423408701
    1Y    -0.4740000362     0.2213684435
    1Z     1.2005000917    -0.3761863292
    2X    -2.7826002125     0.2641403264
    2Y    -2.5168001922     0.1166444996
    2Z    -0.2218000169     0.0547592162
    3X    -3.6220002766     0.5656326872
    3Y     1.8421001407    -0.3365969161
    3Z     0.5579000426    -0.1434093525
    4X     3.1777002427     0.0148977136
    4Y    -0.0101000008     0.5360717820
    4Z     0.4474000342     0.2414243107
    5X     0.3699000282    -0.3232739845
    5Y    -0.7149000546     0.2840837842
    5Z     0.6616000505    -0.9199830654
    6X     1.2913000986    -0.0546380189
    6Y    -1.3046000996     0.7477056508
    6Z    -0.4170000318     0.4777613713
    7X     2.3441001790    -0.6628203155
    7Y    -0.2023000154     0.2007910032
    7Z    -0.7640000583    -0.1505529932
    8X    -0.9377000716    -0.1036649154
    8Y    -1.4750001126     1.1284733250
    8Z     0.9848000752    -0.5065139374
    9X     1.1988000915     0.1576586475
    9Y    -0.3907000298     0.1039251968
    9Z     1.9201001466    -0.2355579255
   10X    -0.2516000192     0.1690252908
   10Y     0.5302000405    -0.4180129498
   10Z     0.1205000092     0.1196366175
   11X     1.6887001290    -0.4285982806
   11Y     1.1052000844    -0.5141559282
   11Z    -1.3279001014     0.5857494567
   12X     2.4315001857    -0.2939880733
   12Y     0.4754000363    -0.4746677794
   12Z     1.6126001231    -0.4762906402
   13X     0.3384000258    -0.3521469072
   13Y     1.4306001092    -0.2780882752
   13Z    -0.7480000571     0.2126626014
   14X    -1.3631001041     0.1624475695
   14Y    -2.5067001914     0.2161066043
   14Z    -0.0924000071     0.0181383754
   15X     0.5066000387    -0.2807537960
   15Y    -1.8183001389    -0.0289530229
   15Z    -1.5971001220     0.0846412176
   16X    -1.5672001197     0.0300662997
   16Y     0.6306000482    -0.6861050937
   16Z     0.5136000392    -0.0384993134
   17X    -0.7155000546     0.3019546006
   17Y    -2.3492001794     0.2029077878
   17Z    -1.4425001102     0.4008894522
   18X     4.3733003340    -0.5861592245
   18Y     0.7916000604    -0.2878721599
   18Z     0.2084000159    -0.0044863403
   19X    -0.4184000320    -0.1957004258
   19Y     2.5415001941    -0.4843529382
   19Z    -1.1246000859     0.5258873453
   20X    -2.3310001780     0.3196313982
   20Y     1.7217001315    -0.0044958544
   20Z     0.1620000124     0.1850268991
   21X    -1.7382001327    -0.0498133975
   21Y     2.6936002057    -0.5836077163
   21Z    -0.6541000499     0.1863206203
   22X     1.8278001396    -0.0452759917
   22Y    -2.1759001662     0.1569448952
   22Z    -0.0118000009    -0.1249755328
   23X     3.0029002293    -0.0891138953
   23Y    -0.6035000461     0.1119254146
   23Z    -1.5465001181     0.0659349029
   24X    -0.8451000645     0.0935466440
   24Y    -2.0128001537     0.0328457700
   24Z     1.9373001479    -0.1442342123
   25X     1.5366001173     0.0336271900
   25Y    -1.3335001018     0.1368628877
   25Z     2.3712001811    -0.1136124147
   26X     0.5899000450     0.0357987856
   26Y     0.1174000090    -0.0768036703
   26Z     2.6790002046    -0.0571685871
   27X     1.5474001182    -0.0449148626
   27Y     0.9596000733     0.0485093931
   27Z    -2.4075001838     0.0754691665
   28X     2.3530001797    -0.0845832889
   28Y     1.9680001503    -0.0310976713
   28Z    -1.2194000931    -0.0639181841
   29X     2.1271001624    -0.0475120868
   29Y     1.5205001161    -0.1221290208
   29Z     1.4760001127     0.0045803818
   30X     3.0801002352    -0.0122418398
   30Y     0.4584000350    -0.0190345784
   30Z     2.4975001907    -0.0148733380
   31X    -1.0772000823     0.0298397107
   31Y    -3.5067002678     0.1312481748
   31Z     0.2593000198    -0.0626440688
   32X     0.9601000733     0.0187034990
   32Y    -1.7947001371     0.0217187208
   32Z    -2.5831001973     0.1304312623
   33X    -1.2300000939    -0.0084105759
   33Y    -2.7505002100     0.0317680659
   33Z    -2.3109001765    -0.0083526071
   34X     4.1500003169    -0.0360906634
   34Y     1.8479001411    -0.0464082054
   34Z     0.0287000022     0.0123250391
   35X     4.9380003771    -0.0266417419
   35Y     0.4055000310     0.0206101564
   35Z    -0.6472000494     0.0243638542
   36X     5.0444003852     0.0035704849
   36Y     0.7352000561     0.0171602702
   36Z     1.0730000819     0.0121348514
   37X    -0.0062000005    -0.0829303387
   37Y     3.2824002507    -0.0606496527
   37Z    -1.8043001378     0.1134188682
   38X    -2.3121001766     0.0350200315
   38Y     3.5638002721    -0.1059852444
   38Z    -0.9645000737     0.0618456943
   39X    -3.1557002410     0.0012340520
   39Y    -2.6446002020    -0.0006682896
   39Z     0.6672000509    -0.0550550116
   40X    -3.8483002939     0.1301368230
   40Y     1.0686000816     0.0920131409
   40Z     1.1031000842    -0.0970876507
----------------------------------------

 @ End Gradient Calculation

  Skipping one-electron property calculation.

 @ Output cuEST Memory Footprint

------------- cuEST MEMORY USAGE ---------------
| Peak Host Footprint =    36.13 kB
| Host Allocations =    43
| Peak Device Footprint =    19.58 GB
| Device Allocations =    36
------------------------------------------------

 @ Finish Output cuEST Memory Footprint


 @ Output Timing Information

------------- TIMING ---------------
| CUEST INITIALIZATION TIME =     0.614262000(  3.36%)
| INITIAL GUESS TIME  =     6.889206000( 37.70%)
| DFT GRID OPERATIONS =     0.001216000(  0.01%)
| TOTAL SCF TIME      =     2.202305000( 12.05%)
|       TOTAL OP TIME      =     1.443669000(  7.90%)
|             TOTAL 1e TIME      =     0.084011000(  0.46%)
|             TOTAL 2e TIME      =     0.543619000(  2.97%)
|             TOTAL EXC TIME     =     0.604263000(  3.31%)
|       TOTAL DII TIME      =     0.724446000(  3.96%)
|             TOTAL DIAG TIME    =     0.144608000(  0.79%)
| TOTAL GRADIENT TIME      =     7.594540000( 41.56%)
|       TOTAL 1e GRADIENT TIME      =     3.441264000(34.71%)
|       TOTAL 2e GRADIENT TIME      =     1.109442000( 6.07%)
|       TOTAL EXC GRADIENT TIME     =     0.137341000(  0.75%)
| TOTAL TIME          =    18.275386000
------------------------------------
| Job cpu time:  0 days  0 hours  0 minutes 18.3 seconds.

 @ Finish Output Timing Information

| Normal Termination. Task Finished on: Fri Aug 28 18:52:30 2026
